DIRAC pam run in /home/bast/dirac/master/test/visual_div_rot
DIRAC serial starts by allocating 64000000 words (488 MB) of memory
DIRAC serial has no limitations in place for the amount of dynamically allocated memory
 
Note: maximum allocatable memory for serial run can be set by pam --aw
 
 ******************************************************************************
 *                                                                            *
 *                                O U T P U T                                 *
 *                                   from                                     *
 *                                                                            *
 *                   @@@@@    @@   @@@@@     @@@@     @@@@@                   *
 *                   @@  @@        @@  @@   @@  @@   @@                       *
 *                   @@  @@   @@   @@@@@    @@@@@@   @@                       *
 *                   @@  @@   @@   @@ @@    @@  @@   @@                       *
 *                   @@@@@    @@   @@  @@   @@  @@    @@@@@                   *
 *                                                                            *
 *                                                                            *
 %}ZS)S?$=$)]S?$%%>SS$%S$ZZ6cHHMHHHHHHHHMHHM&MHbHH6$L/:<S///</:|/:|:/::!:.::--:
 $?S$$%$$$$?%?$(SSS$SSSHMMMMMMMMMMMMMMMMMM6H&6S&SH&&k?6$r~::://///::::::.:::-::
 (%?)Z??$$$(S%$>$)S6HMMMMMMMMMMMMMMMMMMMMMMR6M]&&$6HR$&6(i::::::|i|:::::::-:-::
 $S?$$)$?$%?))?S/]#MMMMMMMMMMMMMMMMMMMMMMMMMMHM1HRH9R&$$$|):?:/://|:/::/:/.::.:
 SS$%%?$%((S)?Z[6MMMMMMMMMMMMMMMMMMMMMMMMMMMMMMMMM&HF$$&/)S?<~::!!:::::::/:-:|.
 SS%%%%S$%%%$$MMMMMMMMMMMMMMMMMMMMMMMMMMMMMMMMMMMHHHHHHM>?/S/:/:::`:/://:/::-::
 ?$SSSS?%SS$)MMMMMMMMMMMMMMMMMMMMMMMMMMMMMMMMMMMMMMMMMMM/4?:S:/:::/:::/:/:::.::
 S$(S?S$%(?$HMMMMMMMMMMMMMMMMM#&7RH99MMMMMMMMMMMMMMMMMMHHHd$/:::::/::::::-//.:.
 (?SS(%)S&HMMMMMMMMMMMMMMMMM#S|///???$9HHMMMMMMMMMDSZ&1S/?</>?~:///::|/!:/-:-:.
 $S?%?<H(MMMMMMMMMMMMMMMMR?`. :.:`::<>:``?/*?##*)$:/>       `((%://::/:::::/::/
 S$($$)HdMMMMMMMMMMMMMMMP: . `   `  `    `      `-            `Z<:>?::/:::::|:i
 c%%%&HMMMMMMMMMMMMMMMM6:                                      `$%)>%%</>!:::::
 S?%/MMMMMMMMMMMMMMMMMMH-                                        /ZSS>?:?~:;/::
 $SZ?MMMMMMMMMMMMMMMMMH?.                                        \"&((/?//?|:::
 $%$%&MMMMMMMMMMMMMMMMM:.                                          ?%/S:</::/::
 ($?}&HMMMMMMMMMMMMMMMM>:                                          $%%<?/i:|i::
 Z$($&MMMMMMMMMMMMMMMMHk(:.  . -                                   .S/\?\?/!:/:
 (??$<HMMMMMMMMMMMMMMMFk|:   -.-.                                  :%/%/(:/:ii|
 SZ(S?]MMMMMMMMMMMMMMHS?:- -  ::.:                                  |/S:</::?||
 $%)$$(MMMMMMMMMMMMMMR):`:. :.:::`,,/bcokb/_                       :S?%?|~:/:/:
 %$$%$)[[?$?MMMMMMMMMM: :.:-.::::$7?<&7&MMMMMMM#/           _ .. ..:</?:(:/::::
 $$$?Z?HHH~|/MMMMMMMMM/`.-.:.:/:%%%%?dHMMMMMMMMMMH?,-   .,bMMMM6//./i~/~:<:::/:
 $($S$M//::S?ZHMMMMMH/:.`:::.:/%S/&MMHMMMMMMMMRM&><   ,HMMMMMMMF  :::?:///:|:::
 )[$S$S($|_i:#>::*H&?/::.::/:\"://:?>>`:&HMHSMMMM$:`-   MMHMMMMHHT .)i/?////::/
 $$[$$>$}:dHH&$$--?S::-:.:::--/-:``./::>%Zi?)&/?`:.`   `H?$T*\" `  /%?>%:)://ii|
 $&=&/ZS}$RF<:?/-.|%r/:::/:/:`.-.-..|::S//!`\"``          >??:    `SS<S:)!/////|
 Z&]>b[Z(Z?&%:::../S$$:>:::i`.`. `-.`  `                         ,>%%%:>/>/!|:/
 $$&/F&1$c$?>:>?/,>?$$ZS/::/:-: ...                              |S?S)S?<~:::::
 &$&$&$k&>>|?<:<?((/$[/?)i~/:/. - -                              S?:%%%?/:::/::
 =[/Z[[Fp[MMH$>?Z&S$$$/$S///||..-           -.-                  /((S$:%<:///:/
 $&>1MHHMMMM6M9MMMM$Z$}$S%/:::.`.            .:/,,,dcb>/:.       ((SSSS%:)!//i|
 MMMMMMMMMMMR&&RRRHR&&($(?:|i::-             .:%&S&$[&H&``     ../>%;/?>??:<::>
 MMMMMMMMMMMMS/}S$&&H&[$SS//:::.:.   . . .v</Jq1&&D]&M&<,      :/::/?%%)S>?://:
 MMMMMMMMMMMM?}$/$$kMM&&$(%/?//:..`.  .|//1d/`://?*/*/\"` `     .:/(SS$%(S%)):%
 MMMMMMMMMMMM(}$$>&&MMHR#$S%%:?::.:|-.`:;&&b/D/$p=qpv//b/~`   :/~~%%??$=$)Z$S+;
 MMMMMMMMMMMM[|S$$Z1]MMMMD[$?$:>)/::: :/?:``???bD&{b<<-`     .,:/)|SS(}Z/$$?/<S
 MMMMMMMMMMMM||$)&7k&MMMMH9]$$??Z%|!/:i::`  `` .             SS?SS?Z/]1$/&$c/$S
 MMMMMMMMMMMM| -?>[&]HMMMMMMMH1[/7SS(?:/..-` ::/Sc,/_,     _<$?SS%$S/&c&&$&>//<
 MMMMMMMMMMMMR  `$&&&HMM9MMMMMMM&&c$%%:/:/:.:.:/\?\?/\    _MMHk/7S/]dq&1S<&&></
 MMMMMMMMMMMMM?  :&96MHMMMMMMMMMMMHHk[S%(<<:// `         ,MMMMMMM&/Z6H]DkH]1$&&
 MMMMMMMMMMMMMD    99H9HMMMMMMMMMMMMMMMb&%$<:i.:....    .MMMMMMMMM6HHHRH&H&H1SF
 MMMMMMMMMMMMMM|   `?HMMMMMMMMMMMMMMMMMMMHk6k&>$&Z$/?_.bHMMMMMMMMMMM&6HRM9H6]Zk
 MMMMMMMMMMMMMMM/    `TMMMMMMMMMMMMMMMMMMMMMMMMMMMMMMMMMMMMMMMMMMMMMMHMH6RH&R6&
 MMMMMMMMMMMMMMMM    -|?HMMMMMMMMMMMMMMMMMMMMMMMMMMMMMMMMMMMMMMMMMMMMMFHH6HMD&&
 MMMMMMMMMMMMMMMMk  ..:~?9MMMMMMMMMMMMM#`:MMMMMMMMMMMMMMMMMMMMMMMMMMMMM9MHkR6&F
 MMMMMMMMMMMMMMMMM/  .-!:%$ZHMMMMMMMMMR` dMMMMMMMMMMMMMMMMMMMMMMMMMMMMM9MRMHH9&
 MMMMMMMMMMMMMMMMMML,:.-|::/?&&MMMMMM` .MMMMMMMMMMMMMMMMMMMMMMMMMMMMMMMMHRMH&&6
 MMMMMMMMMMMMMMMMMMMc%>/:::i<:SMMMMMMHdMMMMMMMMMMMMMMMMMMMMMMMMMMMMMMMMHHM&969k
 MMMMMMMMMMMMMMMMMMMMSS/$$/(|HMMMMMMMMMMMMMMMMMMMMMMMMMMMMMMMMMMMMMMMMMMMHH&HH&
 MMMMMMMMMMMMMMMMMMMM6S/?/MMMMMMMMMMMMMMMMMMMMMMMMMMMMMMMMMMMMMMMMMMMMMR96H1DR1
 MMMMMMMMMMMMMMMMMMMMM&$MHMMMMMMMMMMMMMMMMMMMMMMMMMMMMMMMMMMMMMMMMMMMMMHMH691&&
 MMMMMMMMMMMMMMMMMMMMMMMMMMMMMMMMMMMMMMMMMMMMMMMMMMMMMMMMMMMMMMMMMMMMMMMMH&R&9Z
 MMMMMMMMMMMMMMMMMMMMMMMMMRHMMMMMMMMMMMMMMMMMMMMMMMMMMMMMMMMMMMMMMMMMMMMH&96][6
 MMMMMMMMMMMMMMMMMMMMMMMMp?:MMMMMMMMMMMMMMMMMMMMMMMMMMMMMMMMMMMMMMMMMMM96HH1][F
 MMMMMMMMMMMMMMMMMMMMMMMM> -HMMMMMMMMMMMMMMMMMMMMMMMMMMMMMMMMMMMMMMMMMMMH&1k&$&
 ******************************************************************************
 *                                                                            *
 *         =========================================================          *
 *                     Program for Atomic and Molecular                       *
 *          Direct Iterative Relativistic All-electron Calculations           *
 *         =========================================================          *
 *                                                                            *
 *                                                                            *
 *    Written by:                                                             *
 *                                                                            *
 *    Radovan Bast             Universite P. Sabatier, Toulouse  France       *
 *    Hans Joergen Aa. Jensen  University of Southern Denmark    Denmark      *
 *    Trond Saue               Universite P. Sabatier, Toulouse  France       *
 *    Lucas Visscher           VU University Amsterdam           Netherlands  *
 *                                                                            *
 *    with contributions from:                                                *
 *                                                                            *
 *    Vebjoern Bakken          University of Oslo                Norway       *
 *    Kenneth G. Dyall         Schrodinger, Inc., Portland       USA          *
 *    Sebastien Dubillard      University of Strasbourg          France       *
 *    Ulf Ekstroem             University of Oslo                Norway       *
 *    Ephraim Eliav            University of Tel Aviv            Israel       *
 *    Thomas Enevoldsen        University of Southern Denmark    Denmark      *
 *    Timo Fleig               Universite P. Sabatier, Toulouse  France       *
 *    Olav Fossgaard           University of Tromsoe             Norway       *
 *    Andre S. P. Gomes        CNRS/Universite Lille 1           France       *
 *    Trygve Helgaker          University of Oslo                Norway       *
 *    Jon K. Laerdahl          University of Oslo                Norway       *
 *    Johan Henriksson         Linkoeping University             Sweden       *
 *    Miroslav Ilias           Matej Bel University              Slovakia     *
 *    Christoph R. Jacob       Karlsruhe Institute of Technology Germany      *
 *    Stefan Knecht            University of Southern Denmark    Denmark      *
 *    Christoffer V. Larsen    University of Southern Denmark    Denmark      *
 *    Huliyar S. Nataraj       BME/Budapest Univ. Tech. & Econ.  Hungary      *
 *    Patrick Norman           Linkoeping University             Sweden       *
 *    Gosia Olejniczak         University of Warsaw              Poland       *
 *    Jeppe Olsen              Aarhus University                 Denmark      *
 *    Jesper K. Pedersen       University of Southern Denmark    Denmark      *
 *    Markus Pernpointner      University of Heidelberg          Germany      *
 *    Kenneth Ruud             University of Tromsoe             Norway       *
 *    Pawel Salek              Stockholm Inst. of Technology     Sweden       *
 *    Bernd Schimmelpfennig    Forschungszentrum Karlsruhe       Germany      *
 *    Jetze Sikkema            VU University Amsterdam           Netherlands  *
 *    Andreas J. Thorvaldsen   University of Tromsoe             Norway       *
 *    Joern Thyssen            University of Southern Denmark    Denmark      *
 *    Joost van Stralen        VU University Amsterdam           Netherlands  *
 *    Sebastien Villaume       Linkoeping University             Sweden       *
 *    Olivier Visser           University of Groningen           Netherlands  *
 *    Toke Winther             University of Southern Denmark    Denmark      *
 *    Shigeyoshi Yamamoto      Chukyo University                 Japan        *
 *                                                                            *
 *    For the complete list of contributors to the DIRAC code see our         *
 *    website http://dirac.chem.vu.nl                                         *
 *                                                                            *
 *    This is an experimental code. The authors accept no responsibility      *
 *    for the performance of the code or for the correctness of the results.  *
 *                                                                            *
 *    The code (in whole or part) is not to be reproduced for further         *
 *    distribution without the written permission of the authors or           *
 *    their representatives.                                                  *
 *                                                                            *
 *    If results obtained with this code are published, an                    *
 *    appropriate citation would be:                                          *
 *                                                                            *
 *    DIRAC, a relativistic ab initio electronic structure program,           *
 *    Release DIRAC11 (2011),                                                 *
 *    written by R. Bast, H. J. Aa. Jensen, T. Saue, and L. Visscher,         *
 *    with contributions from V. Bakken, K. G. Dyall, S. Dubillard,           *
 *    U. Ekstroem, E. Eliav, T. Enevoldsen, T. Fleig, O. Fossgaard,           *
 *    A. S. P. Gomes, T. Helgaker, J. K. Laerdahl, J. Henriksson,             *
 *    M. Ilias, Ch. R. Jacob, S. Knecht, C. V. Larsen, H. S. Nataraj,         *
 *    P. Norman, G. Olejniczak, J. Olsen, J. K. Pedersen, M. Pernpointner,    *
 *    K. Ruud, P. Salek, B. Schimmelpfennig, J. Sikkema, A. J. Thorvaldsen,   *
 *    J. Thyssen, J. van Stralen, S. Villaume, O. Visser, T. Winther,         *
 *    and S. Yamamoto (see http://dirac.chem.vu.nl).                          *
 *                                                                            *
 ******************************************************************************


Compilation info
----------------

 User (who compiled)      | bast@lpqlx131
 System                   | Linux-2.6.32-5-amd64
 Processor                | x86_64
 Internal math            | OFF
 64-bit integers          | ON
 MPI                      | OFF
 Fortran compiler         | /usr/bin/gfortran
 Fortran compiler version | GNU Fortran (Debian 4.4.5-8) 4.4.5
 Fortran flags            | -g -fcray-pointer -fbacktrace -DVAR_GFORTRAN -DVAR
                          | _MFDS -fno-range-check -fdefault-integer-8 -O3 -fu
                          | nroll-all-loops
 C compiler               | /usr/bin/gcc
 C compiler version       | gcc (Debian 4.4.5-8) 4.4.5
 C flags                  | -g -O2 -Wno-unused
 BLAS                     | -Wl,--start-group;/opt/intel/mkl/lib/intel64/libmk
                          | l_core.so;/opt/intel/mkl/lib/intel64/libmkl_intel_
                          | ilp64.so;/opt/intel/mkl/lib/intel64/libmkl_sequent
                          | ial.so;-Wl,--end-group
 LAPACK                   | -Wl,--start-group;/opt/intel/mkl/lib/intel64/libmk
                          | l_lapack95_ilp64.a;-Wl,--end-group
 static libraries linking | OFF
 Configuration time       | 2012-01-17 09:41:44.185270
 Git revision             | 65449f064f739231ca1efec825642f8589187f1e


Execution time and host
-----------------------

 
     Date and time (Linux)  : Tue Jan 17 10:02:36 2012 
     Host name              : not found                               


Contents of the input file
--------------------------

**DIRAC                                                                                             
#.WAVE FUNCTION                                                                                     
**HAMILTONIAN                                                                                       
.LVCORR                                                                                             
.INTFLG                                                                                             
 1 0 0                                                                                              
**INTEGRALS                                                                                         
*READIN                                                                                             
.UNCONTRACT                                                                                         
**WAVE FUNCTION                                                                                     
.SCF                                                                                                
**VISUAL                                                                                            
.LIST                                                                                               
 5                                                                                                  
 0.0 0.1 0.0                                                                                        
 0.0 0.2 0.0                                                                                        
 0.0 0.5 0.0                                                                                        
 0.0 1.0 0.0                                                                                        
 0.0 2.0 0.0                                                                                        
.ROTJ                                                                                               
 PAMXVC 1                                                                                           
.ROTJ                                                                                               
 PAMXVC 2                                                                                           
*END OF                                                                                             


Contents of the molecule file
-----------------------------

INTGRL                                                                                              
.                                                                                                   
.                                                                                                   
C   2    0         A                                                                                
       6.     1                                                                                     
C       .0000000000         .0000000000         .0000000000                                         
LARGE BASIS cc-pVDZ                                                                                 
       8.     1                                                                                     
O       .0000000000         .0000000000        1.1280000000                                         
LARGE BASIS cc-pVDZ                                                                                 
FINISH                                                                                              


    *************************************************************************
    ********************* DIRAC: No title specified !!! *********************
    *************************************************************************



    **************************************************************************
    ************************** General DIRAC set-up **************************
    **************************************************************************

   CODATA Recommended Values of the Fundamental Physical Constants: 1998  
                Peter J. Mohr and Barry N. Taylor                         
   Journal of Physical and Chemical Reference Data, Vol. 28, No. 6, 1999  
 * The speed of light :        137.0359998
 * Running in four-component mode
 * Direct evaluation of the following two-electron integrals:
   - LL-integrals
   - SL-integrals
   - SS-integrals
   - GT-integrals
 * Spherical transformation embedded in MO-transformation
   for large components
 * Transformation to scalar RKB basis embedded in
   MO-transformation for small components
 * Thresholds for linear dependence:
   Large components:   1.00D-06
   Small components:   1.00D-08
 DFPCMO: IBEIG read in I2 format.
 * General print level   :   0


    *************************************************************************
    ****************** Output from HERMIT input processing ******************
    *************************************************************************

 Default print level:        1
 Nuclear model: Gaussian charge distribution.

 Two-electron integrals not calculated.


 Ordinary (field-free non-relativistic) Hamiltonian integrals not calculated.



 Changes of defaults for READIN:
 -------------------------------


 Uncontracted basis forced, irrespective of basis input file.



    *************************************************************************
    ****************** Output from READIN input processing ******************
    *************************************************************************



  Title Cards
  -----------

  .                                                                       
  .                                                                       

  Coordinates are entered in Angstroms and converted to atomic units.
          - Conversion factor : 1 bohr = 0.52917721 A

  Nuclear Gaussian exponent for atom of charge   6.000 :    6.8077502929D+08

  Nuclear Gaussian exponent for atom of charge   8.000 :    5.8631436655D+08


                          SYMGRP:Point group information
                          ------------------------------

Point group: C1 

   * Character table

        |  E 
   -----+-----
    A   |   1

   * Direct product table

        | A  
   -----+-----
    A   | A  


                            **************************
                            *** Output from DBLGRP ***
                            **************************

   * One fermion irrep:   E1 
   * Quaternionic group. NZ = 4
   * Direct product decomposition:
          E1  x E1  : A   + A   + A   + A  


                                 Spinor structure
                                 ----------------


   * Fermion irrep no.: 1
      La  |  A  (1)  A  (1)  |
      Sa  |  A  (1)  A  (1)  |
      Lb  |  A  (1)  A  (1)  |
      Sb  |  A  (1)  A  (1)  |


                              Quaternion symmetries
                              ---------------------

    Rep  T(+)
    -----------------------------
    A    1  i  j  k

  QM-QM nuclear repulsion energy :     22.518179076596



  Atoms and basis sets
  --------------------

  Number of atom types:     2
  Total number of atoms:    2

  label    atoms   charge   prim    cont     basis   
  ----------------------------------------------------------------------
  C           1       6      27      27      L  - [9s4p1d|9s4p1d]                                                
                             68      68      S  - [4s10p4d1f|4s10p4d1f]                                          
  O           1       8      27      27      L  - [9s4p1d|9s4p1d]                                                
                             68      68      S  - [4s10p4d1f|4s10p4d1f]                                          
  ----------------------------------------------------------------------
                             54      54      L  - large components
                            136     136      S  - small components
  ----------------------------------------------------------------------
  total:      2      14     190     190

  Cartesian basis used.
  Threshold for integrals (to be written to file):  1.00D-15


  References for the basis sets
  -----------------------------

  Atom type   1   2
   Elements                             References                                
   --------                             ----------                                
   H      : T.H. Dunning, Jr. J. Chem. Phys. 90, 1007 (1989).                     
   He     : D.E. Woon and T.H. Dunning, Jr. J. Chem. Phys. 100, 2975 (1994).      
   Li - Ne: T.H. Dunning, Jr. J. Chem. Phys. 90, 1007 (1989).                     
   Na - Mg: D.E. Woon and T.H. Dunning, Jr.  (to be published)                    
   Al - Ar: D.E. Woon and T.H. Dunning, Jr.  J. Chem. Phys. 98, 1358 (1993).      
   Ca     : J. Koput and K.A. Peterson, J. Phys. Chem. A, 106, 9595 (2002).       
   Ga - Kr: A.K. Wilson, D.E. Woon, K.A. Peterson, T.H. Dunning, Jr.,             
            J. Chem. Phys., 110, 7667 (1999)                                      


  Cartesian Coordinates
  ---------------------

  Total number of coordinates:  6


   1   C        x      0.0000000000
   2            y      0.0000000000
   3            z      0.0000000000

   4   O        x      0.0000000000
   5            y      0.0000000000
   6            z      2.1316110791



  Cartesian coordinates xyz format (angstrom)
  -------------------------------------------

    2

C      0.0000000000   0.0000000000   0.0000000000
O      0.0000000000   0.0000000000   1.1280000000


   Interatomic separations (in Angstroms):
   ---------------------------------------

            C           O   

   C       0.000000
   O       1.128000    0.000000




  Bond distances (angstroms):
  ---------------------------

                  atom 1     atom 2                           distance
                  ------     ------                           --------
  bond distance:    O          C                              1.128000


  Nuclear repulsion energy :   22.518179076596


                                GETLAB: AO-labels
                                -----------------

   * Large components:   20
     1  L C   1 s        2  L C   1 px       3  L C   1 py       4  L C   1 pz       5  L C   1 dxx      6  L C   1 dxy 
     7  L C   1 dxz      8  L C   1 dyy      9  L C   1 dyz     10  L C   1 dzz     11  L O   1 s       12  L O   1 px  
    13  L O   1 py      14  L O   1 pz      15  L O   1 dxx     16  L O   1 dxy     17  L O   1 dxz     18  L O   1 dyy 
    19  L O   1 dyz     20  L O   1 dzz 
   * Small components:   40
    21  S C   1 s       22  S C   1 px      23  S C   1 py      24  S C   1 pz      25  S C   1 dxx     26  S C   1 dxy 
    27  S C   1 dxz     28  S C   1 dyy     29  S C   1 dyz     30  S C   1 dzz     31  S C   1 fxxx    32  S C   1 fxxy
    33  S C   1 fxxz    34  S C   1 fxyy    35  S C   1 fxyz    36  S C   1 fxzz    37  S C   1 fyyy    38  S C   1 fyyz
    39  S C   1 fyzz    40  S C   1 fzzz    41  S O   1 s       42  S O   1 px      43  S O   1 py      44  S O   1 pz  
    45  S O   1 dxx     46  S O   1 dxy     47  S O   1 dxz     48  S O   1 dyy     49  S O   1 dyz     50  S O   1 dzz 
    51  S O   1 fxxx    52  S O   1 fxxy    53  S O   1 fxxz    54  S O   1 fxyy    55  S O   1 fxyz    56  S O   1 fxzz
    57  S O   1 fyyy    58  S O   1 fyyz    59  S O   1 fyzz    60  S O   1 fzzz


  Symmetry Orbitals
  -----------------

  Number of orbitals in each symmetry:          190
  Number of large orbitals in each symmetry:     54
  Number of small orbitals in each symmetry:    136

* Large component functions

  Symmetry  A  ( 1)

        9 functions:    C  s   
        4 functions:    C  px  
        4 functions:    C  py  
        4 functions:    C  pz  
        1 functions:    C  dxx 
        1 functions:    C  dxy 
        1 functions:    C  dxz 
        1 functions:    C  dyy 
        1 functions:    C  dyz 
        1 functions:    C  dzz 
        9 functions:    O  s   
        4 functions:    O  px  
        4 functions:    O  py  
        4 functions:    O  pz  
        1 functions:    O  dxx 
        1 functions:    O  dxy 
        1 functions:    O  dxz 
        1 functions:    O  dyy 
        1 functions:    O  dyz 
        1 functions:    O  dzz 

* Small component functions

  Symmetry  A  ( 1)

        4 functions:    C  s   
       10 functions:    C  px  
       10 functions:    C  py  
       10 functions:    C  pz  
        4 functions:    C  dxx 
        4 functions:    C  dxy 
        4 functions:    C  dxz 
        4 functions:    C  dyy 
        4 functions:    C  dyz 
        4 functions:    C  dzz 
        1 functions:    C  fxxx
        1 functions:    C  fxxy
        1 functions:    C  fxxz
        1 functions:    C  fxyy
        1 functions:    C  fxyz
        1 functions:    C  fxzz
        1 functions:    C  fyyy
        1 functions:    C  fyyz
        1 functions:    C  fyzz
        1 functions:    C  fzzz
        4 functions:    O  s   
       10 functions:    O  px  
       10 functions:    O  py  
       10 functions:    O  pz  
        4 functions:    O  dxx 
        4 functions:    O  dxy 
        4 functions:    O  dxz 
        4 functions:    O  dyy 
        4 functions:    O  dyz 
        4 functions:    O  dzz 
        1 functions:    O  fxxx
        1 functions:    O  fxxy
        1 functions:    O  fxxz
        1 functions:    O  fxyy
        1 functions:    O  fxyz
        1 functions:    O  fxzz
        1 functions:    O  fyyy
        1 functions:    O  fyyz
        1 functions:    O  fyzz
        1 functions:    O  fzzz


   ***************************************************************************
   *************************** Hamiltonian defined ***************************
   ***************************************************************************

 * Print level:    0
 * Dirac-Coulomb Hamiltonian
 * SS integrals neglected:
   Interatomic Coulombic SS-contributions modelled by
   classical repulsion of small component atomic charges
   using tabulated charges.
 * Default integral flags passed to all modules
   - LL-integrals:     1
   - LS-integrals:     0
   - SS-integrals:     0
   - GT-integrals:     0
 * Basis set:
   - uncontracted large component basis set
   - uncontracted small component basis set


 Information about the restricted kinetic balance scheme:
 * Default RKB projection:
   1: Pre-projection in scalar basis
   2: Removal of unphysical solutions (via diagonalization of free particle Hamiltonian)


    **************************************************************************
    ************************** Wave function module **************************
    **************************************************************************

 Jobs in this run (in execution order):
 * Hartree-Fock calculation

 * Initial Automatic occupation based on:
   Total charge of atoms =  14
   Charge of molecule    =   0
   i.e. no. of electrons =  14
===========================================================================
 SCFINP: Set-up for Hartree-Fock calculation:
===========================================================================
 * Number of fermion irreps: 1
 * Closed shell SCF calculation with   14 electrons in
       7 orbitals in Fermion irrep 1
 * Bare nucleus screening correction used for start guess
 * General print level   :   0
 ***** TRIAL FUNCTION *****
 * Trial vectors read from file DFCOEF
 ***** CONVERGENCE CRITERIA *****
 * Convergence on norm of error vector (gradient).
   Desired convergence:1.000D-07
   Allowed convergence:1.000D-06

 ***** CONVERGENCE CONTROL *****
 * Fock matrix constructed using differential density matrix
    with optimal parameter.
 * DIIS (in MO basis)
 * DIIS will be activated when convergence reaches : 1.00D+20
   - Maximum size of B-matrix:   10
 * Damping of Fock matrix when DIIS is not activated. 
   Weight of old matrix    : 0.250
 * Maximum number of SCF iterations  :   50
 * No quadratic convergent Hartree-Fock
 * Contributions from 2-electron integrals to Fock matrix:
   LL-integrals.
 ***** OUTPUT CONTROL *****
 * Only electron eigenvalues written out.


 ********************************************************************************
 *************************** Input consistency checks ***************************
 ********************************************************************************



    *************************************************************************
    ************************ End of input processing ************************
    *************************************************************************



                      Nuclear contribution to dipole moments
                      --------------------------------------

                               au             Debye

                    x      0.00000000      0.00000000
                    y      0.00000000      0.00000000
                    z     17.05288863     43.34452074

                        1 Debye =   2.54177000 a.u. 


                       Generating Lowdin canonical matrix:
                       -----------------------------------

   L   A     * Deleted:          2(Proj:          2, Lindep:          0)
   S   A     * Deleted:         14(Proj:         14, Lindep:          0)


                                Output from MODHAM
                                ------------------

* Applied strict kinetic balance !


      **********************************************************************
      ************************* Orbital dimensions *************************
      **********************************************************************

No. of positive energy orbitals (NESH):    52
No. of negative energy orbitals (NPSH):    52
Total no. of orbitals           (NORB):   104

  *** Visualisation module ***
  Visualisation : DFCOEF file read


                         +-------------------------------+
                         ! Requested density at point(s) !
                         +-------------------------------+


     r_x           r_y           r_z            scalar          x-component       y-component       z-component

  0.000000E+00  0.100000E+00  0.000000E+00         0.0000000        -0.0000000        -0.0198500        10.4757721
  0.000000E+00  0.200000E+00  0.000000E+00         0.0000000        -0.0000000        -0.0343681        -1.1670796
  0.000000E+00  0.500000E+00  0.000000E+00         0.0000000        -0.0000000         0.0234658        -0.3135008
  0.000000E+00  0.100000E+01  0.000000E+00         0.0000000         0.0000000         0.0043443         0.0538262
  0.000000E+00  0.200000E+01  0.000000E+00         0.0000000         0.0000000        -0.0042425        -0.0277628

----------------------------------------------------------------------------------------------------


 >>>> time used in plot:   0.00 seconds
 >>>> time used in integration:   0.00 seconds

 
     Date and time (Linux)  : Tue Jan 17 10:02:36 2012 
     Host name              : not found                               
>>>> Node 0, utime: 0, stime: 0, minflt: 5594, majflt: 0, nvcsw: 0, nivcsw: 19, maxrss: 20584
>>>> Total WALL time used in DIRAC: 0s
********** E N D   of   D I R A C  output  **********
*****************************************************

  
  Dynamical Memory Usage Summary
  
  Mean allocation size (Mb) :        37.62
  
  Largest                   10  allocations
  
      488.28 Mb at subroutine __allocator_track_if_MOD_allocator_registe for work array at main                        
        0.28 Mb at subroutine __allocator_track_if_MOD_allocator_registe for buf in butobs                             
        0.28 Mb at subroutine __allocator_track_if_MOD_allocator_registe for unnamed variable                          
        0.14 Mb at subroutine __allocator_track_if_MOD_allocator_registe for unnamed variable                          
        0.14 Mb at subroutine __allocator_track_if_MOD_allocator_registe for unnamed variable                          
        0.01 Mb at subroutine __allocator_track_if_MOD_allocator_registe for unnamed variable                          
        0.01 Mb at subroutine __allocator_track_if_MOD_allocator_registe for unnamed variable                          
        0.01 Mb at subroutine __allocator_track_if_MOD_allocator_registe for unnamed variable                          
        0.01 Mb at subroutine __allocator_track_if_MOD_allocator_registe for unnamed variable                          
        0.01 Mb at subroutine __allocator_track_if_MOD_allocator_registe for unnamed variable                          
  
  Peak memory usage    (Mb) :       489.00
       reached at subroutine : __allocator_track_if_MOD_allocator_registe
              for variable   : unnamed variable                          
  
 MEMGET high-water mark:     5.10 MB

*****************************************************
