
 =========================================================================
 Version           : Dirac 8.0 (patchlevel 0) 
 Hostname          : larry
 Operating system  : Linux 2.6.28-15-generic
 Machine           : i686
 Run               : Sequential
 Last compilation  : 15:34:30 Sep 13 2009 (by bast@larry:/home/bast/dirac/rHEAD_gfortran_gcc_a)
 FORTRAN compiler  : /usr/bin/gfortran -g -fno-range-check -O3 -ffast-math -funroll-loops -Iinclude -Jmodules -DARCH32BIT -DGFORTRAN 433 -DPRG_DIRAC -DSYS_LINUX -DINSTALL_WRKMEM 64000000 -DVAR_MFDS -DMOD_ERI -DMOD_DNF -DMOD_DFT -DMOD_KRMC -DMOD_ESR -DMOD_XPP -DMOD_STEX -DMOD_EMB -DMOD_ADC -DMOD_VISUAL -DMOD_AORESPONSE -DMOD_MATRIX_OPERATIONS -DMOD_IHFSCC -DMOD_AMFI -DMOD_LONDON 

 =========================================================================
$ERROR 1.E-5
$SIGNCHECK
      scalar              x-component         y-component         z-component

    0.4786588697E+02    0.0000000000E+00    0.0000000000E+00    0.0000000000E+00
