DIRAC serial starts by allocating 64000000 words (    488.28 MB -      0.477 GB)
 of memory    out of the allowed maximum of 2147483648 words (  16384.00 MB -     16.000 GB)

Note: maximum allocatable memory for serial run can be set by pam --aw/--ag

 *******************************************************************************
 *                                                                             *
 *                                O U T P U T                                  *
 *                                   from                                      *
 *                                                                             *
 *                   @@@@@    @@   @@@@@     @@@@     @@@@@                    *
 *                   @@  @@        @@  @@   @@  @@   @@                        *
 *                   @@  @@   @@   @@@@@    @@@@@@   @@                        *
 *                   @@  @@   @@   @@ @@    @@  @@   @@                        *
 *                   @@@@@    @@   @@  @@   @@  @@    @@@@@                    *
 *                                                                             *
 *                                                                             *
 %}ZS)S?$=$)]S?$%%>SS$%S$ZZ6cHHMHHHHHHHHMHHM&MHbHH6$L/:<S///</:|/:|:/::!:.::--:%
 $?S$$%$$$$?%?$(SSS$SSSHMMMMMMMMMMMMMMMMMM6H&6S&SH&&k?6$r~::://///::::::.:::-::$
 (%?)Z??$$$(S%$>$)S6HMMMMMMMMMMMMMMMMMMMMMMR6M]&&$6HR$&6(i::::::|i|:::::::-:-::(
 $S?$$)$?$%?))?S/]#MMMMMMMMMMMMMMMMMMMMMMMMMMHM1HRH9R&$$$|):?:/://|:/::/:/.::.:$
 SS$%%?$%((S)?Z[6MMMMMMMMMMMMMMMMMMMMMMMMMMMMMMMMM&HF$$&/)S?<~::!!:::::::/:-:|.S
 SS%%%%S$%%%$$MMMMMMMMMMMMMMMMMMMMMMMMMMMMMMMMMMMHHHHHHM>?/S/:/:::`:/://:/::-::S
 ?$SSSS?%SS$)MMMMMMMMMMMMMMMMMMMMMMMMMMMMMMMMMMMMMMMMMMM/4?:S:/:::/:::/:/:::.::?
 S$(S?S$%(?$HMMMMMMMMMMMMMMMMM#&7RH99MMMMMMMMMMMMMMMMMMHHHd$/:::::/::::::-//.:.S
 (?SS(%)S&HMMMMMMMMMMMMMMMMM#S|///???$9HHMMMMMMMMMDSZ&1S/?</>?~:///::|/!:/-:-:.(
 $S?%?<H(MMMMMMMMMMMMMMMMR?`. :.:`::<>:``?/*?##*)$:/>       `((%://::/:::::/::/$
 S$($$)HdMMMMMMMMMMMMMMMP: . `   `  `    `      `-            `Z<:>?::/:::::|:iS
 c%%%&HMMMMMMMMMMMMMMMM6:                                      `$%)>%%</>!:::::c
 S?%/MMMMMMMMMMMMMMMMMMH-                                        /ZSS>?:?~:;/::S
 $SZ?MMMMMMMMMMMMMMMMMH?.                                        \"&((/?//?|:::$
 $%$%&MMMMMMMMMMMMMMMMM:.                                          ?%/S:</::/::$
 ($?}&HMMMMMMMMMMMMMMMM>:                                          $%%<?/i:|i::(
 Z$($&MMMMMMMMMMMMMMMMHk(:.  . -                                   .S/\?\?/!:/:Z
 (??$<HMMMMMMMMMMMMMMMFk|:   -.-.                                  :%/%/(:/:ii|(
 SZ(S?]MMMMMMMMMMMMMMHS?:- -  ::.:                                  |/S:</::?||S
 $%)$$(MMMMMMMMMMMMMMR):`:. :.:::`,,/bcokb/_                       :S?%?|~:/:/:$
 %$$%$)[[?$?MMMMMMMMMM: :.:-.::::$7?<&7&MMMMMMM#/           _ .. ..:</?:(:/::::%
 $$$?Z?HHH~|/MMMMMMMMM/`.-.:.:/:%%%%?dHMMMMMMMMMMH?,-   .,bMMMM6//./i~/~:<:::/:$
 $($S$M//::S?ZHMMMMMH/:.`:::.:/%S/&MMHMMMMMMMMRM&><   ,HMMMMMMMF  :::?:///:|:::$
 )[$S$S($|_i:#>::*H&?/::.::/:\"://:?>>`:&HMHSMMMM$:`-   MMHMMMMHHT .)i/?////::/)
 $$[$$>$}:dHH&$$--?S::-:.:::--/-:``./::>%Zi?)&/?`:.`   `H?$T*\" `  /%?>%:)://ii$
 $&=&/ZS}$RF<:?/-.|%r/:::/:/:`.-.-..|::S//!`\"``          >??:    `SS<S:)!/////$
 Z&]>b[Z(Z?&%:::../S$$:>:::i`.`. `-.`  `                         ,>%%%:>/>/!|:/Z
 $$&/F&1$c$?>:>?/,>?$$ZS/::/:-: ...                              |S?S)S?<~:::::$
 &$&$&$k&>>|?<:<?((/$[/?)i~/:/. - -                              S?:%%%?/:::/::&
 =[/Z[[Fp[MMH$>?Z&S$$$/$S///||..-           -.-                  /((S$:%<:///:/=
 $&>1MHHMMMM6M9MMMM$Z$}$S%/:::.`.            .:/,,,dcb>/:.       ((SSSS%:)!//i|$
 MMMMMMMMMMMR&&RRRHR&&($(?:|i::-             .:%&S&$[&H&``     ../>%;/?>??:<::>M
 MMMMMMMMMMMMS/}S$&&H&[$SS//:::.:.   . . .v</Jq1&&D]&M&<,      :/::/?%%)S>?://:M
 MMMMMMMMMMMM?}$/$$kMM&&$(%/?//:..`.  .|//1d/`://?*/*/\"` `     .:/(SS$%(S%)):%M
 MMMMMMMMMMMM(}$$>&&MMHR#$S%%:?::.:|-.`:;&&b/D/$p=qpv//b/~`   :/~~%%??$=$)Z$S+;M
 MMMMMMMMMMMM[|S$$Z1]MMMMD[$?$:>)/::: :/?:``???bD&{b<<-`     .,:/)|SS(}Z/$$?/<SM
 MMMMMMMMMMMM||$)&7k&MMMMH9]$$??Z%|!/:i::`  `` .             SS?SS?Z/]1$/&$c/$SM
 MMMMMMMMMMMM| -?>[&]HMMMMMMMH1[/7SS(?:/..-` ::/Sc,/_,     _<$?SS%$S/&c&&$&>//<M
 MMMMMMMMMMMMR  `$&&&HMM9MMMMMMM&&c$%%:/:/:.:.:/\?\?/\    _MMHk/7S/]dq&1S<&&></M
 MMMMMMMMMMMMM?  :&96MHMMMMMMMMMMMHHk[S%(<<:// `         ,MMMMMMM&/Z6H]DkH]1$&&M
 MMMMMMMMMMMMMD    99H9HMMMMMMMMMMMMMMMb&%$<:i.:....    .MMMMMMMMM6HHHRH&H&H1SFM
 MMMMMMMMMMMMMM|   `?HMMMMMMMMMMMMMMMMMMMHk6k&>$&Z$/?_.bHMMMMMMMMMMM&6HRM9H6]ZkM
 MMMMMMMMMMMMMMM/    `TMMMMMMMMMMMMMMMMMMMMMMMMMMMMMMMMMMMMMMMMMMMMMMHMH6RH&R6&M
 MMMMMMMMMMMMMMMM    -|?HMMMMMMMMMMMMMMMMMMMMMMMMMMMMMMMMMMMMMMMMMMMMMFHH6HMD&&M
 MMMMMMMMMMMMMMMMk  ..:~?9MMMMMMMMMMMMM#`:MMMMMMMMMMMMMMMMMMMMMMMMMMMMM9MHkR6&FM
 MMMMMMMMMMMMMMMMM/  .-!:%$ZHMMMMMMMMMR` dMMMMMMMMMMMMMMMMMMMMMMMMMMMMM9MRMHH9&M
 MMMMMMMMMMMMMMMMMML,:.-|::/?&&MMMMMM` .MMMMMMMMMMMMMMMMMMMMMMMMMMMMMMMMHRMH&&6M
 MMMMMMMMMMMMMMMMMMMc%>/:::i<:SMMMMMMHdMMMMMMMMMMMMMMMMMMMMMMMMMMMMMMMMHHM&969kM
 MMMMMMMMMMMMMMMMMMMMSS/$$/(|HMMMMMMMMMMMMMMMMMMMMMMMMMMMMMMMMMMMMMMMMMMMHH&HH&M
 MMMMMMMMMMMMMMMMMMMM6S/?/MMMMMMMMMMMMMMMMMMMMMMMMMMMMMMMMMMMMMMMMMMMMMR96H1DR1M
 MMMMMMMMMMMMMMMMMMMMM&$MHMMMMMMMMMMMMMMMMMMMMMMMMMMMMMMMMMMMMMMMMMMMMMHMH691&&M
 MMMMMMMMMMMMMMMMMMMMMMMMMMMMMMMMMMMMMMMMMMMMMMMMMMMMMMMMMMMMMMMMMMMMMMMMH&R&9ZM
 MMMMMMMMMMMMMMMMMMMMMMMMMRHMMMMMMMMMMMMMMMMMMMMMMMMMMMMMMMMMMMMMMMMMMMMH&96][6M
 MMMMMMMMMMMMMMMMMMMMMMMMp?:MMMMMMMMMMMMMMMMMMMMMMMMMMMMMMMMMMMMMMMMMMM96HH1][FM
 MMMMMMMMMMMMMMMMMMMMMMMM> -HMMMMMMMMMMMMMMMMMMMMMMMMMMMMMMMMMMMMMMMMMMMH&1k&$&M
 *******************************************************************************
 *                                                                             *
 *         =========================================================           *
 *                     Program for Atomic and Molecular                        *
 *          Direct Iterative Relativistic All-electron Calculations            *
 *         =========================================================           *
 *                                                                             *
 *                                                                             *
 *    Written by:                                                              *
 *                                                                             *
 *    Trond Saue               Universite Toulouse III           France        *
 *    Lucas Visscher           Vrije Universiteit Amsterdam      Netherlands   *
 *    Hans Joergen Aa. Jensen  University of Southern Denmark    Denmark       *
 *    Radovan Bast             UiT The Arctic University of      Norway        *
 *                                                                             *
 *    with contributions from:                                                 *
 *                                                                             *
 *    Vebjoern Bakken          University of Oslo                Norway        *
 *    Kenneth G. Dyall         Schrodinger, Inc., Portland       USA           *
 *    Sebastien Dubillard      University of Strasbourg          France        *
 *    Ulf Ekstroem             University of Oslo                Norway        *
 *    Ephraim Eliav            University of Tel Aviv            Israel        *
 *    Thomas Enevoldsen        University of Southern Denmark    Denmark       *
 *    Elke Fasshauer           University of Aarhus              Denmark       *
 *    Timo Fleig               Universite Toulouse III           France        *
 *    Olav Fossgaard           UiT The Arctic University of      Norway        *
 *    Andre S. P. Gomes        CNRS/Universite de Lille          France        *
 *    Erik D. Hedegaard        Lund University                   Sweden        *
 *    Trygve Helgaker          University of Oslo                Norway        *
 *    Benjamin Helmich-Paris   Max Planck Institute f. Coal Res. Germany       *
 *    Johan Henriksson         Linkoeping University             Sweden        *
 *    Miroslav Ilias           Matej Bel University              Slovakia      *
 *    Christoph R. Jacob       TU Braunschweig                   Germany       *
 *    Stefan Knecht            ETH Zuerich                       Switzerland   *
 *    Stanislav Komorovsky     UiT The Arctic University of      Norway        *
 *    Ossama Kullie            University of Kassel              Germany       *
 *    Jon K. Laerdahl          University of Oslo                Norway        *
 *    Christoffer V. Larsen    University of Southern Denmark    Denmark       *
 *    Yoon Sup Lee             KAIST, Daejeon                    South Korea   *
 *    Huliyar S. Nataraj       BME/Budapest Univ. Tech. & Econ.  Hungary       *
 *    Malaya Kumar Nayak       Bhabha Atomic Research Centre     India         *
 *    Patrick Norman           Linkoeping University             Sweden        *
 *    Malgorzata Olejniczak    CNRS/Universite de Lille          France        *
 *    Jeppe Olsen              Aarhus University                 Denmark       *
 *    Jogvan Magnus H. Olsen   University of Southern Denmark    Denmark       *
 *    Young Choon Park         KAIST, Daejeon                    South Korea   *
 *    Jesper K. Pedersen       University of Southern Denmark    Denmark       *
 *    Markus Pernpointner      University of Heidelberg          Germany       *
 *    Roberto Di Remigio       UiT The Arctic University of      Norway        *
 *    Kenneth Ruud             UiT The Arctic University of      Norway        *
 *    Pawel Salek              Stockholm Inst. of Technology     Sweden        *
 *    Bernd Schimmelpfennig    Karlsruhe Institute of Technology Germany       *
 *    Avijit Shee              University of Michigan            USA           *
 *    Jetze Sikkema            Vrije Universiteit Amsterdam      Netherlands   *
 *    Andreas J. Thorvaldsen   UiT The Arctic University of      Norway        *
 *    Joern Thyssen            University of Southern Denmark    Denmark       *
 *    Joost van Stralen        Vrije Universiteit Amsterdam      Netherlands   *
 *    Sebastien Villaume       Linkoeping University             Sweden        *
 *    Olivier Visser           University of Groningen           Netherlands   *
 *    Toke Winther             University of Southern Denmark    Denmark       *
 *    Shigeyoshi Yamamoto      Chukyo University                 Japan         *
 *                                                                             *
 *    For more information about the DIRAC code see http://diracprogram.org    *
 *                                                                             *
 *    This is an experimental code. The authors accept no responsibility       *
 *    for the performance of the code or for the correctness of the results.   *
 *                                                                             *
 *    The code (in whole or part) is not to be reproduced for further          *
 *    distribution without the written permission of the authors or            *
 *    their representatives.                                                   *
 *                                                                             *
 *    If results obtained with this code are published, an                     *
 *    appropriate citation would be:                                           *
 *                                                                             *
 *    DIRAC, a relativistic ab initio electronic structure program,            *
 *    Release DIRAC18 (2018),                                                  *
 *    written by T. Saue, L. Visscher, H. J. Aa. Jensen, and R. Bast,          *
 *    with contributions from V. Bakken, K. G. Dyall, S. Dubillard,            *
 *    U. Ekstroem, E. Eliav, T. Enevoldsen, E. Fasshauer, T. Fleig,            *
 *    O. Fossgaard, A. S. P. Gomes, E. D. Hedegaard, T. Helgaker,              *
 *    J. Henriksson, M. Ilias, Ch. R. Jacob, S. Knecht, S. Komorovsky,         *
 *    O. Kullie, J. K. Laerdahl, C. V. Larsen, Y. S. Lee, H. S. Nataraj,       *
 *    M. K. Nayak, P. Norman, G. Olejniczak, J. Olsen, J. M. H. Olsen,         *
 *    Y. C. Park, J. K. Pedersen, M. Pernpointner, R. Di Remigio, K. Ruud,     *
 *    P. Salek, B. Schimmelpfennig, A. Shee, J. Sikkema, A. J. Thorvaldsen,    *
 *    J. Thyssen, J. van Stralen, S. Villaume, O. Visser,T. Winther,           *
 *    and S. Yamamoto (see http://diracprogram.org).                           *
 *                                                                             *
 *******************************************************************************


Version information
-------------------

Branch        | saue_vdens
Commit hash   | f8bc53325
Commit author | Trond Saue
Commit date   | Wed May 15 11:16:45 2019 +0200


Configuration and build information
-----------------------------------

Who compiled             | saue
Compiled on server       | dirac
Operating system         | Linux-4.15.0-47-generic
CMake version            | 3.10.2
CMake generator          | Unix Makefiles
CMake build type         | release
Configuration time       | 2019-05-16 18:20:33.942923
Python version           | 2.7.1
Fortran compiler         | /usr/bin/gfortran
Fortran compiler version | 7.4.0
Fortran compiler flags   |  -g -fcray-pointer -fbacktrace -fno-range-check -DVAR_GFORTRAN -DVAR_MFDS -g -fcray-pointer -fbacktrace -fno-range-check -DVAR_GFORTRAN -DVAR_MFDS
C compiler               | /usr/bin/gcc
C compiler version       | 7.4.0
C compiler flags         |  -g -g
C++ compiler             | /usr/bin/g++
C++ compiler version     | 7.4.0
C++ compiler flags       |  -g -Wall -Wno-unknown-pragmas -Wno-sign-compare -Woverloaded-virtual -Wwrite-strings -Wno-unused -g -Wall -Wno-unknown-pragmas -Wno-sign-compare -Woverloaded-virtual -Wwrite-strings -Wno-unused
Static linking           | False
64-bit integers          | False
MPI parallelization      | False
MPI launcher             | unknown
Math libraries           | /usr/lib/x86_64-linux-gnu/libatlas.so;/usr/lib/x86_64-linux-gnu/atlas/liblapack.so;/usr/lib/x86_64-linux-gnu/libf77blas.so;/usr/lib/x86_64-linux-gnu/libcblas.so;/usr/lib/x86_64-linux-gnu/libatlas.so
Builtin BLAS library     | OFF
Builtin LAPACK library   | OFF
Explicit libraries       | unknown
Compile definitions      | MOD_UNRELEASED;SYS_LINUX;PRG_DIRAC;INSTALL_WRKMEM=64000000;HAS_PCMSOLVER;BUILD_GEN1INT;HAS_PELIB;MOD_QCORR;HAS_STIELTJES;MOD_INTEREST;MOD_LAO_REARRANGED;MOD_MCSCF_spinfree;MOD_AOOSOC;MOD_ESR;MOD_KRCC;MOD_SRDFT


 LAPACK integer*4/8 selftest passed
 Selftest of ISO_C_BINDING Fortran - C/C++ interoperability PASSED

Execution time and host
-----------------------

 
     Date and time (Linux)  : Thu May 23 14:31:50 2019
     Host name              : dirac                                   


Contents of the input file
--------------------------

**DIRAC                                                                                             
**HAMILTONIAN                                                                                       
.LVCORR                                                                                             
.INTFLG                                                                                             
 1 0 0                                                                                              
**INTEGRALS                                                                                         
*READIN                                                                                             
.UNCONTRACT                                                                                         
**WAVE FUNCTION                                                                                     
.SCF                                                                                                
**VISUAL                                                                                            
.LIST                                                                                               
 5                                                                                                  
 0.0 0.1 0.0                                                                                        
 0.0 0.2 0.0                                                                                        
 0.0 0.5 0.0                                                                                        
 0.0 1.0 0.0                                                                                        
 0.0 2.0 0.0                                                                                        
.NDIPZ                                                                                              
 1 PAMXVC 1                                                                                         
*END OF                                                                                             


Contents of the molecule file
-----------------------------

INTGRL                                                                                              
.                                                                                                   
.                                                                                                   
C   2    0         A                                                                                
       6.     1                                                                                     
C       .0000000000         .0000000000         .0000000000                                         
LARGE BASIS cc-pVDZ                                                                                 
       8.     1                                                                                     
O       .0000000000         .0000000000        1.1280000000                                         
LARGE BASIS cc-pVDZ                                                                                 
FINISH                                                                                              


    *************************************************************************
    ********************* DIRAC: No title specified !!! *********************
    *************************************************************************



    **************************************************************************
    ************************** General DIRAC set-up **************************
    **************************************************************************

   CODATA Recommended Values of the Fundamental Physical Constants: 1998  
                Peter J. Mohr and Barry N. Taylor                         
   Journal of Physical and Chemical Reference Data, Vol. 28, No. 6, 1999  
 * The speed of light :        137.0359998
 * Running in four-component mode
 * Direct evaluation of the following two-electron integrals:
   - LL-integrals
   - SL-integrals
   - SS-integrals
   - GT-integrals
 * Spherical transformation embedded in MO-transformation
   for large components
 * Transformation to scalar RKB basis embedded in
   MO-transformation for small components
 * Thresholds for linear dependence:
   Large components:   1.00D-06
   Small components:   1.00D-08
 * General print level   :   0


    *************************************************************************
    ****************** Output from HERMIT input processing ******************
    *************************************************************************

 Default print level:        1
 Nuclear model: Gaussian charge distribution.

 Two-electron integrals not calculated.


 Ordinary (field-free non-relativistic) Hamiltonian integrals not calculated.



 Changes of defaults for *READIN
 -------------------------------


 Uncontracted basis forced, irrespective of basis input file.



   ***************************************************************************
   ****************** Output from MOLECULE input processing ******************
   ***************************************************************************



  Title Cards
  -----------

  .                                                                       
  .                                                                       

  Coordinates are entered in Angstroms and converted to atomic units.
          - Conversion factor : 1 bohr = 0.52917721 A

  Nuclear Gaussian exponent for atom of charge   6.000 :    6.8077492457D+08
  Nuclear Gaussian exponent for atom of charge   8.000 :    5.8631427636D+08


                          SYMGRP:Point group information
                          ------------------------------

Point group: C1 

   * Character table

        |  E 
   -----+-----
    A   |   1

   * Direct product table

        | A  
   -----+-----
    A   | A  


                            **************************
                            *** Output from DBLGRP ***
                            **************************

   * One fermion irrep:   E1 
   * Quaternionic group. NZ = 4
   * Direct product decomposition:
          E1  x E1  : A   + A   + A   + A  


                                 Spinor structure
                                 ----------------


   * Fermion irrep no.: 1
      La  |  A  (1)  A  (1)  |
      Sa  |  A  (1)  A  (1)  |
      Lb  |  A  (1)  A  (1)  |
      Sb  |  A  (1)  A  (1)  |


                              Quaternion symmetries
                              ---------------------

    Rep  T(+)
    -----------------------------
    A    1  i  j  k

  QM-QM nuclear repulsion energy :     22.518179076596



                                 Isotopic Masses
                                 ---------------

                           C          12.000000
                           O          15.994915

                       Total mass:    27.994915 amu
                       Natural abundance:  98.663 %

 Center-of-mass coordinates (a.u.):    0.000000    0.000000    1.217898


  Atoms and basis sets
  --------------------

  Number of atom types :    2
  Total number of atoms:    2

  label    atoms   charge   prim    cont     basis   
  ----------------------------------------------------------------------
  C           1       6      27      27      L  - [9s4p1d|9s4p1d]                                                
                             68      68      S  - [4s10p4d1f|4s10p4d1f]                                          
  O           1       8      27      27      L  - [9s4p1d|9s4p1d]                                                
                             68      68      S  - [4s10p4d1f|4s10p4d1f]                                          
  ----------------------------------------------------------------------
                             54      54      L  - large components
                            136     136      S  - small components
  ----------------------------------------------------------------------
  total:      2      14     190     190

  Cartesian basis used.
  Threshold for integrals (to be written to file):  1.00D-15


  References for the basis sets
  -----------------------------

  Atom type   1   2
   Elements                             References                                
   --------                             ----------                                
   H      : T.H. Dunning, Jr. J. Chem. Phys. 90, 1007 (1989).                     
   He     : D.E. Woon and T.H. Dunning, Jr. J. Chem. Phys. 100, 2975 (1994).      
   Li - Ne: T.H. Dunning, Jr. J. Chem. Phys. 90, 1007 (1989).                     
   Na - Mg: D.E. Woon and T.H. Dunning, Jr.  (to be published)                    
   Al - Ar: D.E. Woon and T.H. Dunning, Jr.  J. Chem. Phys. 98, 1358 (1993).      
   Ca     : J. Koput and K.A. Peterson, J. Phys. Chem. A, 106, 9595 (2002).       
   Ga - Kr: A.K. Wilson, D.E. Woon, K.A. Peterson, T.H. Dunning, Jr.,             
            J. Chem. Phys., 110, 7667 (1999)                                      


  Cartesian Coordinates (bohr)
  ----------------------------

  Total number of coordinates:  6


   1   C        x      0.0000000000
   2            y      0.0000000000
   3            z      0.0000000000

   4   O        x      0.0000000000
   5            y      0.0000000000
   6            z      2.1316110791



  Cartesian coordinates in XYZ format (Angstrom)
  ----------------------------------------------

    2

C      0.0000000000   0.0000000000   0.0000000000
O      0.0000000000   0.0000000000   1.1280000000


   Interatomic separations (in Angstroms):
   ---------------------------------------

            C           O   

   C       0.000000
   O       1.128000    0.000000




  Bond distances (angstroms):
  ---------------------------

                  atom 1     atom 2                           distance
                  ------     ------                           --------
  bond distance:    O          C                              1.128000



   Nuclear repulsion energy :   22.518179076596 Hartree


                                GETLAB: AO-labels
                                -----------------

   * Large components:   20
     1  L C   1 s        2  L C   1 px       3  L C   1 py       4  L C   1 pz       5  L C   1 dxx      6  L C   1 dxy 
     7  L C   1 dxz      8  L C   1 dyy      9  L C   1 dyz     10  L C   1 dzz     11  L O   1 s       12  L O   1 px  
    13  L O   1 py      14  L O   1 pz      15  L O   1 dxx     16  L O   1 dxy     17  L O   1 dxz     18  L O   1 dyy 
    19  L O   1 dyz     20  L O   1 dzz 
   * Small components:   40
    21  S C   1 s       22  S C   1 px      23  S C   1 py      24  S C   1 pz      25  S C   1 dxx     26  S C   1 dxy 
    27  S C   1 dxz     28  S C   1 dyy     29  S C   1 dyz     30  S C   1 dzz     31  S C   1 fxxx    32  S C   1 fxxy
    33  S C   1 fxxz    34  S C   1 fxyy    35  S C   1 fxyz    36  S C   1 fxzz    37  S C   1 fyyy    38  S C   1 fyyz
    39  S C   1 fyzz    40  S C   1 fzzz    41  S O   1 s       42  S O   1 px      43  S O   1 py      44  S O   1 pz  
    45  S O   1 dxx     46  S O   1 dxy     47  S O   1 dxz     48  S O   1 dyy     49  S O   1 dyz     50  S O   1 dzz 
    51  S O   1 fxxx    52  S O   1 fxxy    53  S O   1 fxxz    54  S O   1 fxyy    55  S O   1 fxyz    56  S O   1 fxzz
    57  S O   1 fyyy    58  S O   1 fyyz    59  S O   1 fyzz    60  S O   1 fzzz


  Symmetry Orbitals
  -----------------

  Number of orbitals in each symmetry:          190
  Number of large orbitals in each symmetry:     54
  Number of small orbitals in each symmetry:    136

* Large component functions

  Symmetry  A  ( 1)

        9 functions:    C  s   
        4 functions:    C  px  
        4 functions:    C  py  
        4 functions:    C  pz  
        1 functions:    C  dxx 
        1 functions:    C  dxy 
        1 functions:    C  dxz 
        1 functions:    C  dyy 
        1 functions:    C  dyz 
        1 functions:    C  dzz 
        9 functions:    O  s   
        4 functions:    O  px  
        4 functions:    O  py  
        4 functions:    O  pz  
        1 functions:    O  dxx 
        1 functions:    O  dxy 
        1 functions:    O  dxz 
        1 functions:    O  dyy 
        1 functions:    O  dyz 
        1 functions:    O  dzz 

* Small component functions

  Symmetry  A  ( 1)

        4 functions:    C  s   
       10 functions:    C  px  
       10 functions:    C  py  
       10 functions:    C  pz  
        4 functions:    C  dxx 
        4 functions:    C  dxy 
        4 functions:    C  dxz 
        4 functions:    C  dyy 
        4 functions:    C  dyz 
        4 functions:    C  dzz 
        1 functions:    C  fxxx
        1 functions:    C  fxxy
        1 functions:    C  fxxz
        1 functions:    C  fxyy
        1 functions:    C  fxyz
        1 functions:    C  fxzz
        1 functions:    C  fyyy
        1 functions:    C  fyyz
        1 functions:    C  fyzz
        1 functions:    C  fzzz
        4 functions:    O  s   
       10 functions:    O  px  
       10 functions:    O  py  
       10 functions:    O  pz  
        4 functions:    O  dxx 
        4 functions:    O  dxy 
        4 functions:    O  dxz 
        4 functions:    O  dyy 
        4 functions:    O  dyz 
        4 functions:    O  dzz 
        1 functions:    O  fxxx
        1 functions:    O  fxxy
        1 functions:    O  fxxz
        1 functions:    O  fxyy
        1 functions:    O  fxyz
        1 functions:    O  fxzz
        1 functions:    O  fyyy
        1 functions:    O  fyyz
        1 functions:    O  fyzz
        1 functions:    O  fzzz


   ***************************************************************************
   *************************** Hamiltonian defined ***************************
   ***************************************************************************

 * Print level:    0
 * Dirac-Coulomb Hamiltonian
 * SS integrals neglected:
   Interatomic Coulombic SS-contributions modelled by
   classical repulsion of small component atomic charges
   using tabulated charges.
 * Default integral flags passed to all modules
   - LL-integrals:     1
   - LS-integrals:     0
   - SS-integrals:     0
   - GT-integrals:     0
 * Basis set:
   - uncontracted large component basis set
   - uncontracted small component basis set


 Information about the restricted kinetic balance scheme:
 * Default RKB projection:
   1: Pre-projection in scalar basis
   2: Removal of unphysical solutions (via diagonalization of free particle Hamiltonian)


    **************************************************************************
    ************************** Wave function module **************************
    **************************************************************************

 Wave function types requested (in input order):
     HF        

 Wave function jobs in execution order (expanded):
 * Hartree-Fock calculation

 * Initial Automatic occupation based on:
   Total charge of atoms =  14
   Charge of molecule    =   0
   i.e. no. of electrons =  14
===========================================================================
 *SCF: Set-up for Hartree-Fock calculation:
===========================================================================
 * Number of fermion irreps: 1
 * Closed shell SCF calculation with    14 electrons in    7 orbitals.
 * Sum of atomic potentials used for start guess
 * General print level   :   0

 ***** INITIAL TRIAL SCF FUNCTION *****
 * Trial vectors read from file DFCOEF
 * Scaling of active-active block correction to open shell Fock operator    0.500000
   to improve convergence (default value).
   The final open-shell orbital energies are recalculated with 1.0 scaling,
   such that all occupied orbital energies correspond to Koopmans' theorem ionization energies.

 ***** SCF CONVERGENCE CRITERIA *****
 * Convergence on norm of error vector (gradient).
   Desired convergence:1.000D-07
   Allowed convergence:1.000D-06

 ***** CONVERGENCE CONTROL *****
 * Fock matrix constructed using differential density matrix
    with optimal parameter.
 * DIIS (in MO basis)
 * DIIS will be activated when convergence reaches : 1.00D+20
   - Maximum size of B-matrix:   10
 * Damping of Fock matrix when DIIS is not activated. 
   Weight of old matrix    : 0.250
 * Maximum number of SCF iterations  :   50
 * No quadratic convergent Hartree-Fock
 * Contributions from 2-electron integrals to Fock matrix:
   LL-integrals.
    ---> this is default setting from Hamiltonian input
 ***** OUTPUT CONTROL *****
 * Only electron eigenvalues written out.


 ********************************************************************************
 *************************** Input consistency checks ***************************
 ********************************************************************************



    *************************************************************************
    ************************ End of input processing ************************
    *************************************************************************



                      Nuclear contribution to dipole moments
                      --------------------------------------

                               au             Debye

                    x      0.00000000      0.00000000
                    y      0.00000000      0.00000000
                    z     17.05288863     43.34452074

                        1 Debye =   2.54177000 a.u. 

Total time used in ONEGEN (CPU)  0.01069900s and (WALL)  0.01100000s


                       Generating Lowdin canonical matrix:
                       -----------------------------------

   L   A     * Deleted:          2(Proj:          2, Lindep:          0) Smin: 0.12E-01
   S   A     * Deleted:         14(Proj:         14, Lindep:          0) Smin: 0.32E-02


                                Output from MODHAM
                                ------------------

 * Applied strict kinetic balance !
 * Applied SL-regrouping on AO2MO tranf.matrix in SLSORT.


      **********************************************************************
      ************************* Orbital dimensions *************************
      **********************************************************************

No. of positive energy orbitals (NESH):    52
No. of negative energy orbitals (NPSH):    52
Total no. of orbitals           (NORB):   104

  *** Visualisation module ***
 --------------------------------------------------------------------------------------
 --------------------------------------------------------------------------------------
  Visualisation : DFCOEF file read


                         +-------------------------------+
                         ! Requested density at point(s) !
                         +-------------------------------+


     r_x           r_y           r_z            scalar                     x-component               y-component               z-component

  0.000000E+00  0.100000E+00  0.000000E+00   2.5467570373128741E+000   0.0000000000000000E+000   0.0000000000000000E+000   0.0000000000000000E+000
  0.000000E+00  0.200000E+00  0.000000E+00   1.5214989095923229E-001   0.0000000000000000E+000   0.0000000000000000E+000   0.0000000000000000E+000
  0.000000E+00  0.500000E+00  0.000000E+00   5.4746470790576892E-003   0.0000000000000000E+000   0.0000000000000000E+000   0.0000000000000000E+000
  0.000000E+00  0.100000E+01  0.000000E+00   5.1097720903338134E-004   0.0000000000000000E+000   0.0000000000000000E+000   0.0000000000000000E+000
  0.000000E+00  0.200000E+01  0.000000E+00   9.8615314095364152E-006   0.0000000000000000E+000   0.0000000000000000E+000   0.0000000000000000E+000

----------------------------------------------------------------------------------------------------


 >>>> time used in plot:   0.00 seconds
 >>>> time used in integration:   0.00 seconds

*****************************************************
********** E N D   of   D I R A C  output  **********
*****************************************************


 
     Date and time (Linux)  : Thu May 23 14:31:50 2019
     Host name              : dirac                                   

>>>> Node 0, utime: 0, stime: 0, minflt: 3688, majflt: 0, nvcsw: 0, nivcsw: 1, maxrss: 24436
>>>> Total WALL time used in DIRAC: 0s
  
  Dynamical Memory Usage Summary for Master
  
  Mean allocation size (Mb) :        93.14
  
  Largest          10  allocations
  
      488.28 Mb at subroutine __allocator_track_if_MOD_allocator_registe for WORK in PAMSET - 2                        
      488.28 Mb at subroutine __allocator_track_if_MOD_allocator_registe for WORK in GMOTRA                            
      488.28 Mb at subroutine __allocator_track_if_MOD_allocator_registe for WORK in PAMSET - 1                        
      488.28 Mb at subroutine __allocator_track_if_MOD_allocator_registe for test allocation of work array in DIRAC mai
        0.76 Mb at subroutine __allocator_track_if_MOD_allocator_registe for PAMINP WORK array                         
        0.72 Mb at subroutine __allocator_track_if_MOD_allocator_registe for unnamed variable                          
        0.72 Mb at subroutine __allocator_track_if_MOD_allocator_registe for unnamed variable                          
        0.28 Mb at subroutine __allocator_track_if_MOD_allocator_registe for buf in butobs                             
        0.14 Mb at subroutine __allocator_track_if_MOD_allocator_registe for unnamed variable                          
        0.02 Mb at subroutine __allocator_track_if_MOD_allocator_registe for INTADR in XPLDEF                          
  
  Peak memory usage:       488.56 MB
  Peak memory usage:        0.477 GB
       reached at subroutine : __allocator_track_if_MOD_allocator_registe
              for variable   : buf in butobs                             
  
 MEMGET high-water mark:     0.00 MB

*****************************************************
DIRAC pam run in /home/saue/Dirac/build/test/visual_div_rot
