 **********************************************************************
                          MRCC program system
 **********************************************************************
 
                              Written by
 Mihaly Kallay, Peter R. Nagy, David Mester, Zoltan Rolik, Gyula Samu,
   Jozsef Csontos, Jozsef Csoka, P. Bernat Szabo, Laszlo Gyevi-Nagy,
    Bence Hegely, Istvan Ladjanszki, Lorant Szegedy, Bence Ladoczki,
       Klara Petrov, Mate Farkas, Pal D. Mezei, and Adam Ganyecz
 
        Department of Physical Chemistry and Materials Science
            Budapest University of Technology and Economics
                  Budapest P.O.Box 91, H-1521 Hungary
 
                              www.mrcc.hu
 
                    Release date: February 22, 2020

 ************************ 2020-03-12 14:11:00 *************************
 Executing minp...

 Reading input from MINP...
 
 Input file:
 
# CC2 calculation for water
basis=cc-pVDZ
ccprog=mrcc
calc=ccsd
mem=500MB
core=corr
symm=off
uncontract=on
nstate=5

unit=bohr
geom=xyz
3
  
   O     0.00000000    0.00000000    0.11749920
   H     0.00000000   -1.51526299   -0.93239879
   H     0.00000000    1.51526299   -0.93239879

 
 
 Checking keyword combinations...
 
 Keywords:
 
 active=none
 agrid=ld0006-ld0590
 basis=cc-pvdz
 basis_sm=none
 basopt=off
 bfbasis=none
 bfgsmem=10
 bfgstol=1.0d-3
 bpcompo=0.95
 bpcompv=0.98
 bpdfo=0.95
 bpocc=0.95
 bppdo=0.95
 bppdv=0.98
 bpedo=0.95
 bpedv=0.98
 calc=ccsd
 ccmaxit=50
 ccprog=mrcc
 ccsdalg=disk
 ccsdmkl=seq
 ccsdrest=off
 ccsdthreads=2
 cctol=6
 charge=0
 cialg=disk
 ciguess=off
 cmpgrp=auto
 core=corr
 corembed=off
 csapprox=off
 dboc=off
 dendec=cholesky
 dens=0
 dfalg=lineq
 dfbasis_cor=none
 dfbasis_scf=none
 dfintran=ovirt
 dft=off
 dhexc=adc(2)
 diag=david
 docc=
 domrad=10.d0
 drpaalg=fit
 dual=off
 ecp=auto
 edisp=off
 edisp_embed=off
 embed=off
 epert=none
 eps=0.975
 excrad=0.d0
 excrad_fin=0.000000000D+00
 fmm=off
 fmmord=8
 freq=off
 gauss=spher
 geom=xyz
 gopt=off
 ghost=none
 gtol=7
 grdens=off
 grtol=10
 hamilton=dc
 iface=none
 intalg=auto
 itol=10
 laptol=1.d-2
 lccoporder=trffirst
 lcorthr=normal
 lccrest=off
 lmp2dens=on
 lnoepso=0.d0
 lnoepsv=1e-6
 localcc=off
 localcorrsymm=off
 locintrf=disk
 mact=
 maxact=off
 maxdim=100
 maxex=0
 maxmicroit=100
 mcscfiguess=hf
 mem=500mb
 molden=on
 mpitasks=1
 mulmet=0
 mult=
 nacto=0
 nactv=0
 naf_cor=off
 naf_scf=off
 nafalg=albe
 naftyp=
 nchol=auto
 ndeps=1e-3
 nstate=5
 nsing=0
 ntrip=0
 occ=
 oniom=off
 oniom_eechg=off
 oniom_pcm=off
 optalg=
 optmaxit=50
 optetol=1e-6
 optex=   4
 optgtol=1e-4
 optstol=1e-3
 orblocc=off
 orbloce=off
 orbloco=off
 orblocv=off
 orblocguess=cholesky
 osveps=1e-3
 ovirt=off
 ovltol=1e-7
 ovosnorb=80.0
 pcm=off
 popul=off
 pressure=100000
 pssp=off
 ptfreq=0.0
 ptthreads=2
 qscf=off
 qmmm=off
 redcost_exc=off
 redcost_tddft=off
 refdet=none
 rest=0
 rgrid=log3
 rohfcore=semicanonical
 rohftype=standard
 scfalg=auto
 scfdamp=off
 scfdiis=on
 scfdiis_end=50
 scfdiis_start=1
 scfdiis_step=1
 scfdtol=7
 scfext=10
 scfguessdens=
 scfiguess=sad
 scflshift=off
 scfmaxit=50
 scftype=
 scftol=6
 scspe=1.d0
 scsph=1.d0
 scsps=1.2d0
 scspt=0.33333333333333
 scspv=1.d0
 spairtol=1e-4
 subminp=top
 symm=0
 talg=occ
 temp=298.15
 test=off
 theodore=off
 tlmo=0.999
 tpao=0.94
 tprint=off
 uncontract=on
 unit=bohr
 usedisk=2
 verbosity=2
 wpairtol=0.100000000E-05

 ************************ 2020-03-12 14:11:00 *************************
 Executing integ...

 Allocation of 500.0 Mbytes of memory...
 
 
 Number of atoms:                  3
 Charge:                           0
 Number of electrons:             10
 Number of core electrons:         2
 Spin multiplicity:                1
 
                 Cartesian coordinates [bohr]      Atomic mass [AMU]  Z
   1  O     0.00000000    0.00000000    0.11749920    15.994915       8
   2  H     0.00000000   -1.51526299   -0.93239879     1.007825       1
   3  H     0.00000000    1.51526299   -0.93239879     1.007825       1
 
 This molecule is an asymmetric top.
 This molecule is planar.
 
 Rotational constants [cm-1]: 
     30.509162686912     13.007776382418      9.119583645668
 
 Point group: C2v 
 Computational point group: C1  
 
 Cartesian coordinates in standard orientation [bohr]
   1  O     0.00000000    0.00000000    0.11749920
   2  H     0.00000000   -1.51526299   -0.93239879
   3  H     0.00000000    1.51526299   -0.93239879
 
 Nuclear repulsion energy [au]:          9.009354297355
 
 
 Basis set information:
 
 Maximum angular momentum: d
 Maximum number of contracted Gaussians:    9
 Maximum number of primitive Gaussians:     9
 Spherical harmonic GTOs are used.
 
    1  O  cc-pvdz [ 9s 4p 1d | 9s 4p 1d ]
    2  H  cc-pvdz [ 4s 1p | 4s 1p ]
    3  H  cc-pvdz [ 4s 1p | 4s 1p ]
 
 Total number of basis functions:     40
 
 
 Generating atomic densities for the SCF calculation...
 CPU time [min]:     0.003                   Wall time [min]:     0.021
 
 Character table for point group C1:
 
          E  
    A     1
 
 Number of basis functions per irrep:
    A      40
 
 
 Calculation of overlap integrals...
 CPU time [min]:     0.003                   Wall time [min]:     0.022
 
 Calculation of the square root of the overlap matrix...
 Minimum eigenvalue of the overlap matrix: 0.147214E-01
 CPU time [min]:     0.003                   Wall time [min]:     0.022
 
 Calculation of kinetic energy integrals...
 CPU time [min]:     0.003                   Wall time [min]:     0.022
 Calculation of dipole moment integrals...
 CPU time [min]:     0.003                   Wall time [min]:     0.022
 Calculation of second moment integrals...
 CPU time [min]:     0.003                   Wall time [min]:     0.022
 Calculation of third moment integrals...
 CPU time [min]:     0.003                   Wall time [min]:     0.022
 Calculation of linear momentum integrals...
 CPU time [min]:     0.003                   Wall time [min]:     0.022
 Calculation of angular momentum integrals...
 CPU time [min]:     0.003                   Wall time [min]:     0.022
 Calculation of nuclear attraction integrals...
 CPU time [min]:     0.003                   Wall time [min]:     0.022
 
 Calculation of prescreening integrals...
 CPU time [min]:     0.004                   Wall time [min]:     0.022
 
 Calculation of two-electron integrals...
   8% done.
  32% done.
  47% done.
  74% done.
 100% done.
 CPU time [min]:     0.005                   Wall time [min]:     0.023

 ************************ 2020-03-12 14:11:02 *************************
 Executing scf...

 Allocation of 500.0 Mbytes of memory...
 ======================================================================
 ITERATION STEP   1
 CPU time [min]:     0.002                   Wall time [min]:     0.002
 
 RMS of difference density:                            0.24608234745115
 Gap [au]:  0.25431017
 ALPHA OCC:   5
 BETA  OCC:   5
 
 ***HARTREE-FOCK ENERGY IN STEP   1 IS   43376.6562331338427612 [AU]
 ======================================================================
 ITERATION STEP   2
 CPU time [min]:     0.003                   Wall time [min]:     0.003
 
 RMS of [F,P]:                                         0.94168683630457
 RMS of difference density:                            0.21759774228742
 Gap [au]:  1.74469197
 ALPHA OCC:   5
 BETA  OCC:   5
 
 ***HARTREE-FOCK ENERGY IN STEP   2 IS     -52.7166785428364406 [AU]
 ======================================================================
 ITERATION STEP   3
 CPU time [min]:     0.003                   Wall time [min]:     0.003
 
 RMS of [F,P]:                                         0.27609031852280
 RMS of difference density:                            0.18124573802653
 Gap [au]:  0.00216459
 ALPHA OCC:   5
 BETA  OCC:   5
 
 ***HARTREE-FOCK ENERGY IN STEP   3 IS     -70.2266561247889172 [AU]
 ======================================================================
 ITERATION STEP   4
 CPU time [min]:     0.003                   Wall time [min]:     0.003
 
 RMS of [F,P]:                                         0.10724814185134
 RMS of difference density:                            0.16949025897492
 Gap [au]:  0.43624701
 ALPHA OCC:   5
 BETA  OCC:   5
 
 ***HARTREE-FOCK ENERGY IN STEP   4 IS     -73.0212776660505369 [AU]
 ======================================================================
 ITERATION STEP   5
 CPU time [min]:     0.004                   Wall time [min]:     0.004
 
 RMS of [F,P]:                                         0.05967077704925
 RMS of difference density:                            0.01409368336916
 Gap [au]:  0.55187380
 ALPHA OCC:   5
 BETA  OCC:   5
 
 ***HARTREE-FOCK ENERGY IN STEP   5 IS     -75.5633286848600250 [AU]
 ======================================================================
 ITERATION STEP   6
 CPU time [min]:     0.004                   Wall time [min]:     0.004
 
 RMS of [F,P]:                                         0.01212191253691
 RMS of difference density:                            0.00484347587876
 Gap [au]:  0.65650677
 ALPHA OCC:   5
 BETA  OCC:   5
 
 ***HARTREE-FOCK ENERGY IN STEP   6 IS     -76.0023415402439042 [AU]
 ======================================================================
 ITERATION STEP   7
 CPU time [min]:     0.004                   Wall time [min]:     0.004
 
 RMS of [F,P]:                                         0.00122227794448
 RMS of difference density:                            0.00073181413070
 Gap [au]:  0.66901562
 ALPHA OCC:   5
 BETA  OCC:   5
 
 ***HARTREE-FOCK ENERGY IN STEP   7 IS     -76.0271303290886351 [AU]
 ======================================================================
 ITERATION STEP   8
 CPU time [min]:     0.005                   Wall time [min]:     0.005
 
 RMS of [F,P]:                                         0.00033504654097
 RMS of difference density:                            0.00035989189893
 Gap [au]:  0.67107673
 ALPHA OCC:   5
 BETA  OCC:   5
 
 ***HARTREE-FOCK ENERGY IN STEP   8 IS     -76.0274709559260202 [AU]
 ======================================================================
 ITERATION STEP   9
 CPU time [min]:     0.005                   Wall time [min]:     0.005
 
 RMS of [F,P]:                                         0.00006267719351
 RMS of difference density:                            0.00009420176254
 Gap [au]:  0.67114001
 ALPHA OCC:   5
 BETA  OCC:   5
 
 ***HARTREE-FOCK ENERGY IN STEP   9 IS     -76.0275181227880807 [AU]
 ======================================================================
 ITERATION STEP  10
 CPU time [min]:     0.005                   Wall time [min]:     0.005
 
 RMS of [F,P]:                                         0.00001468609641
 RMS of difference density:                            0.00001516396358
 Gap [au]:  0.67119077
 ALPHA OCC:   5
 BETA  OCC:   5
 
 ***HARTREE-FOCK ENERGY IN STEP  10 IS     -76.0275206431876711 [AU]
 ======================================================================
 ITERATION STEP  11
 CPU time [min]:     0.006                   Wall time [min]:     0.006
 
 RMS of [F,P]:                                         0.00000177696174
 RMS of difference density:                            0.00000155509357
 Gap [au]:  0.67122176
 ALPHA OCC:   5
 BETA  OCC:   5
 
 ***HARTREE-FOCK ENERGY IN STEP  11 IS     -76.0275207371223019 [AU]
 ======================================================================
 ITERATION STEP  12
 CPU time [min]:     0.006                   Wall time [min]:     0.006
 
 RMS of [F,P]:                                         0.00000031727518
 RMS of difference density:                            0.00000017872894
 Gap [au]:  0.67121967
 ALPHA OCC:   5
 BETA  OCC:   5
 
 ***HARTREE-FOCK ENERGY IN STEP  12 IS     -76.0275207382944700 [AU]
 ======================================================================
 ITERATION STEP  13
 CPU time [min]:     0.006                   Wall time [min]:     0.006
 
 RMS of [F,P]:                                         0.00000005511724
 RMS of difference density:                            0.00000003018639
 Gap [au]:  0.67121989
 ALPHA OCC:   5
 BETA  OCC:   5
 
 ***HARTREE-FOCK ENERGY IN STEP  13 IS     -76.0275207383121483 [AU]
 ======================================================================
 
 SUCCESS...
 THE SCF ITERATION HAS CONVERGED!
 
                   A   
 FINAL ALPHA OCC:   5
 FINAL BETA  OCC:   5
 
 ***FINAL HARTREE-FOCK ENERGY:    -76.0275207383121483 [AU]
 
 RETURNING FROM SCF ALGORITHM
 ======================================================================

 ************************ 2020-03-12 14:11:02 *************************
 Executing ovirt...

 ovirt, the routine of orbital optimization and integral transformation 
Thu Mar 12 14:11:02 CET 2020
 Allocated memory:                     500  Mb
 RHF calculation! 
 integral transforamtion: AOs ------ MOs
 # of basis functions, # of int. blocks    40     1
100 % 
 second part
100 %
 integral transformation is completed! 
CPU and WC time           0.09           0.09     AOs -> MOs 
 inttol =   1.000000000000000E-010   10.0000000000000     
Integrals are written to fort.55
Thu Mar 12 14:11:03 CET 2020
  ovirt terminated normally 

 ************************ 2020-03-12 14:11:03 *************************
 Executing goldstone...

 Generation of CC equations in terms of H and T...
 Generation of antisymmetrized Goldstone diagrams...
 Number of diagrams in T^1 equations:    14
 Number of diagrams in T^2 equations:    31
 Translation of diagrams to factorized equations...
 Optimizing intermediate calculation...
 Optimizing right-hand EOMCC calculation...
 Number of floating-point operations per iteration step:   6.4128E+08
 Probable CPU time per iteration step (hours):      0.01
 Required memory (Mbytes):     202.8
 Number of intermediates:                                  84
 Number of intermediates to be stored:                     36
 Length of intermediate file (Mbytes):      48.7

 ************************ 2020-03-12 14:11:03 *************************
 Executing xmrcc...

 **********************************************************************
 CC(                     2 ) calculation 
 
 
 Allocation of 202.8 Mbytes of memory...
 Number of spinorbitals:                    80
 Number of alpha electrons:                        5
 Number of beta electrons:                         5
 z-component of spin:  0.0
 Spatial symmetry is not used.
 Convergence criterion:  1.0E-06
 Construction of occupation graphs...
 Number of                     0 -fold excitations:                      1
 Number of                     1 -fold excitations:                    350
 Number of                     2 -fold excitations:                  42525
 Total number of configurations:                  42876
 Calculation of coupling coefficients...
 Length of intermediate file (Mbytes):      37.1
 
 ======================================================================
 
 ======================================================================
 
 ======================================================================
 
 ======================================================================
 
 ======================================================================
 
 Memory requirements /Mbyte/: 
               Minimal        Optimal
 Real*8:         13.0860        22.9016
 Integer:         0.2909
 Total:          13.3769        23.1926
 

 ************************ 2020-03-12 14:11:03 *************************
 Executing mrcc...

 **********************************************************************
 LR-CCSD calculation                                                    
 
 
 OpenMP parallel version is running.
 Number of CPU cores:   1
 Allocation of   22.9 Mbytes of memory...
 Number of spinorbitals:  80
 Number of alpha electrons:  5
 Number of beta  electrons:  5
 z-component of spin:  0.0
 Spatial symmetry is not used.
 Convergence criterion:  1.0E-06
 Construction of occupation graphs...
 Number of 0-fold excitations: 1
 Number of 1-fold excitations: 350
 Number of 2-fold excitations: 42525
 Total number of determinants: 42876
 Calculation of coupling coefficients...
 Initial cluster amplitudes are generated.
 Length of intermediate file (Mbytes):      37.1
 Reading integral list from unit 55...
 Sorting integrals...
 Calculation of diagonal elements of Hamiltonian...
 Calculation of MP denominators...
 
 Starting CC iteration...
 ======================================================================
 Norm of residual vector:     2.33450232
 CPU time [min]:     0.020                   Wall time [min]:     0.020
 
 Iteration  1  CC energy:   -76.28582723  Energy decrease:   0.25830649
 ======================================================================
 Norm of residual vector:     0.18247629
 CPU time [min]:     0.036                   Wall time [min]:     0.036
 
 Iteration  2  CC energy:   -76.28917733  Energy decrease:   0.00335011
 ======================================================================
 Norm of residual vector:     0.03785144
 CPU time [min]:     0.052                   Wall time [min]:     0.052
 
 Iteration  3  CC energy:   -76.29414369  Energy decrease:   0.00496636
 ======================================================================
 Norm of residual vector:     0.00943057
 CPU time [min]:     0.067                   Wall time [min]:     0.067
 
 Iteration  4  CC energy:   -76.29444669  Energy decrease:   0.00030299
 ======================================================================
 Norm of residual vector:     0.00180964
 CPU time [min]:     0.083                   Wall time [min]:     0.083
 
 Iteration  5  CC energy:   -76.29445194  Energy decrease:   0.00000525
 ======================================================================
 Norm of residual vector:     0.00044213
 CPU time [min]:     0.099                   Wall time [min]:     0.099
 
 Iteration  6  CC energy:   -76.29445122  Energy decrease:   0.00000072
 ======================================================================
 Norm of residual vector:     0.00015847
 CPU time [min]:     0.115                   Wall time [min]:     0.115
 
 Iteration  7  CC energy:   -76.29444964  Energy decrease:   0.00000158
 ======================================================================
 Norm of residual vector:     0.00004054
 CPU time [min]:     0.131                   Wall time [min]:     0.132
 
 Iteration  8  CC energy:   -76.29444945  Energy decrease:   0.00000019
 ======================================================================
 Norm of residual vector:     0.00001066
 CPU time [min]:     0.148                   Wall time [min]:     0.148
 
 Iteration  9  CC energy:   -76.29444923  Energy decrease:   0.00000021
 ======================================================================
 Norm of residual vector:     0.00000238
 CPU time [min]:     0.164                   Wall time [min]:     0.164
 
 Iteration 10  CC energy:   -76.29444922  Energy decrease:   0.00000001
 ======================================================================
 Norm of residual vector:     0.00000054
 CPU time [min]:     0.179                   Wall time [min]:     0.179
 
 Iteration 11  CC energy:   -76.29444922  Energy decrease:   2.8275E-09
 ======================================================================
 
 Iteration has converged in 11 steps.
 
 Final results:
 Total CCSD energy [au]:             -76.294449222638
 Total MP2 energy [au]:              -76.285827225755
 Spin multiplicity:                     1
 
 
 
 Starting right-hand LR-CC iteration for root                      2 ...
 ======================================================================
 Norm of residual vector:     0.56309166      Convergence:   1.00000000
 CPU time [min]:     0.191                   Wall time [min]:     0.191
 
 Iteration  1  CI energy:   -75.87589431  Energy decrease:   0.41855492
 ======================================================================
 Norm of residual vector:     0.16842752      Convergence:   0.24566366
 CPU time [min]:     0.204                   Wall time [min]:     0.204
 
 Iteration  2  CI energy:   -75.99478245  Energy decrease:   0.11888815
 ======================================================================
 Norm of residual vector:     0.03155722      Convergence:   0.04906783
 CPU time [min]:     0.216                   Wall time [min]:     0.216
 
 Iteration  3  CI energy:   -76.00013509  Energy decrease:   0.00535263
 ======================================================================
 Norm of residual vector:     0.01438771      Convergence:   0.02540936
 CPU time [min]:     0.228                   Wall time [min]:     0.229
 
 Iteration  4  CI energy:   -76.00037736  Energy decrease:   0.00024227
 ======================================================================
 Norm of residual vector:     0.00295675      Convergence:   0.00502656
 CPU time [min]:     0.241                   Wall time [min]:     0.241
 
 Iteration  5  CI energy:   -76.00040739  Energy decrease:   0.00003003
 ======================================================================
 Norm of residual vector:     0.00070166      Convergence:   0.00125534
 CPU time [min]:     0.253                   Wall time [min]:     0.254
 
 Iteration  6  CI energy:   -76.00041736  Energy decrease:   0.00000998
 ======================================================================
 Norm of residual vector:     0.00015021      Convergence:   0.00024495
 CPU time [min]:     0.266                   Wall time [min]:     0.266
 
 Iteration  7  CI energy:   -76.00041758  Energy decrease:   0.00000021
 ======================================================================
 Norm of residual vector:     0.00003064      Convergence:   0.00005020
 CPU time [min]:     0.279                   Wall time [min]:     0.279
 
 Iteration  8  CI energy:   -76.00041757  Energy decrease:   0.00000001
 ======================================================================
 Norm of residual vector:     0.00000632      Convergence:   0.00001015
 CPU time [min]:     0.291                   Wall time [min]:     0.291
 
 Iteration  9  CI energy:   -76.00041755  Energy decrease:   0.00000001
 ======================================================================
 Norm of residual vector:     0.0000E+00      Convergence:   2.4237E-06
 CPU time [min]:     0.304                   Wall time [min]:     0.304
 
 Iteration 10  CI energy:   -76.00041755  Energy decrease:   0.00000001
 ======================================================================
 
 Iteration has converged in 10 steps.
 
 Final results:
 Total LR-CCSD energy [au]:          -76.000417545371
 Excitation energy [eV]:           8.0010
 Excitation energy [cm^-1]:    64532.50
 Absorption wavelength [nm]:     154.96
 Spin multiplicity:                     1
 
 
 
 Starting right-hand LR-CC iteration for root                      3 ...
 ======================================================================
 Norm of residual vector:     0.56524851      Convergence:   1.00000000
 CPU time [min]:     0.316                   Wall time [min]:     0.316
 
 Iteration  1  CI energy:   -75.78963778  Energy decrease:   0.50481144
 ======================================================================
 Norm of residual vector:     0.17795470      Convergence:   0.25477347
 CPU time [min]:     0.328                   Wall time [min]:     0.329
 
 Iteration  2  CI energy:   -75.90589435  Energy decrease:   0.11625657
 ======================================================================
 Norm of residual vector:     0.04796874      Convergence:   0.07459126
 CPU time [min]:     0.341                   Wall time [min]:     0.341
 
 Iteration  3  CI energy:   -75.91363090  Energy decrease:   0.00773655
 ======================================================================
 Norm of residual vector:     0.01993169      Convergence:   0.03203287
 CPU time [min]:     0.353                   Wall time [min]:     0.353
 
 Iteration  4  CI energy:   -75.91412033  Energy decrease:   0.00048944
 ======================================================================
 Norm of residual vector:     0.00664444      Convergence:   0.01094758
 CPU time [min]:     0.366                   Wall time [min]:     0.366
 
 Iteration  5  CI energy:   -75.91424886  Energy decrease:   0.00012853
 ======================================================================
 Norm of residual vector:     0.00157756      Convergence:   0.00238109
 CPU time [min]:     0.378                   Wall time [min]:     0.379
 
 Iteration  6  CI energy:   -75.91427388  Energy decrease:   0.00002502
 ======================================================================
 Norm of residual vector:     0.00043531      Convergence:   0.00075577
 CPU time [min]:     0.391                   Wall time [min]:     0.391
 
 Iteration  7  CI energy:   -75.91428029  Energy decrease:   0.00000641
 ======================================================================
 Norm of residual vector:     0.00011092      Convergence:   0.00018382
 CPU time [min]:     0.403                   Wall time [min]:     0.404
 
 Iteration  8  CI energy:   -75.91427829  Energy decrease:   0.00000200
 ======================================================================
 Norm of residual vector:     0.00003167      Convergence:   0.00004821
 CPU time [min]:     0.416                   Wall time [min]:     0.417
 
 Iteration  9  CI energy:   -75.91427867  Energy decrease:   0.00000038
 ======================================================================
 Norm of residual vector:     0.00000933      Convergence:   0.00001295
 CPU time [min]:     0.429                   Wall time [min]:     0.429
 
 Iteration 10  CI energy:   -75.91427873  Energy decrease:   0.00000006
 ======================================================================
 Norm of residual vector:     0.0000E+00      Convergence:   4.2521E-06
 CPU time [min]:     0.442                   Wall time [min]:     0.442
 
 Iteration 11  CI energy:   -75.91427869  Energy decrease:   0.00000003
 ======================================================================
 
 Iteration has converged in 11 steps.
 
 Final results:
 Total LR-CCSD energy [au]:          -75.914278694314
 Excitation energy [eV]:          10.3450
 Excitation energy [cm^-1]:    83437.79
 Absorption wavelength [nm]:     119.85
 Spin multiplicity:                     1
 
 
 
 Starting right-hand LR-CC iteration for root                      4 ...
 ======================================================================
 Norm of residual vector:     0.55074515      Convergence:   1.00000000
 CPU time [min]:     0.454                   Wall time [min]:     0.454
 
 Iteration  1  CI energy:   -75.79572259  Energy decrease:   0.49872663
 ======================================================================
 Norm of residual vector:     0.20330990      Convergence:   0.27750113
 CPU time [min]:     0.466                   Wall time [min]:     0.466
 
 Iteration  2  CI energy:   -75.91654323  Energy decrease:   0.12082064
 ======================================================================
 Norm of residual vector:     0.04391610      Convergence:   0.06100376
 CPU time [min]:     0.478                   Wall time [min]:     0.479
 
 Iteration  3  CI energy:   -75.92516133  Energy decrease:   0.00861811
 ======================================================================
 Norm of residual vector:     0.01745555      Convergence:   0.03080246
 CPU time [min]:     0.491                   Wall time [min]:     0.491
 
 Iteration  4  CI energy:   -75.92562586  Energy decrease:   0.00046453
 ======================================================================
 Norm of residual vector:     0.00363093      Convergence:   0.00672568
 CPU time [min]:     0.503                   Wall time [min]:     0.504
 
 Iteration  5  CI energy:   -75.92564685  Energy decrease:   0.00002099
 ======================================================================
 Norm of residual vector:     0.00099106      Convergence:   0.00181845
 CPU time [min]:     0.516                   Wall time [min]:     0.516
 
 Iteration  6  CI energy:   -75.92566040  Energy decrease:   0.00001355
 ======================================================================
 Norm of residual vector:     0.00021356      Convergence:   0.00035788
 CPU time [min]:     0.528                   Wall time [min]:     0.529
 
 Iteration  7  CI energy:   -75.92566145  Energy decrease:   0.00000104
 ======================================================================
 Norm of residual vector:     0.00004652      Convergence:   0.00007475
 CPU time [min]:     0.541                   Wall time [min]:     0.541
 
 Iteration  8  CI energy:   -75.92566122  Energy decrease:   0.00000023
 ======================================================================
 Norm of residual vector:     0.00001043      Convergence:   0.00001678
 CPU time [min]:     0.553                   Wall time [min]:     0.554
 
 Iteration  9  CI energy:   -75.92566118  Energy decrease:   0.00000004
 ======================================================================
 Norm of residual vector:     0.00000254      Convergence:   0.00000402
 CPU time [min]:     0.566                   Wall time [min]:     0.567
 
 Iteration 10  CI energy:   -75.92566117  Energy decrease:   4.3607E-09
 ======================================================================
 Norm of residual vector:     0.0000E+00      Convergence:   9.7041E-07
 CPU time [min]:     0.579                   Wall time [min]:     0.579
 
 Iteration 11  CI energy:   -75.92566117  Energy decrease:   0.00000001
 ======================================================================
 
 Iteration has converged in 11 steps.
 
 Final results:
 Total LR-CCSD energy [au]:          -75.925661167442
 Excitation energy [eV]:          10.0352
 Excitation energy [cm^-1]:    80939.63
 Absorption wavelength [nm]:     123.55
 Spin multiplicity:                     1
 
 
 
 Starting right-hand LR-CC iteration for root                      5 ...
 ======================================================================
 Norm of residual vector:     0.54413955      Convergence:   1.00000000
 CPU time [min]:     0.591                   Wall time [min]:     0.591
 
 Iteration  1  CI energy:   -75.71855118  Energy decrease:   0.57589804
 ======================================================================
 Norm of residual vector:     0.18223553      Convergence:   0.25337160
 CPU time [min]:     0.603                   Wall time [min]:     0.604
 
 Iteration  2  CI energy:   -75.83125257  Energy decrease:   0.11270138
 ======================================================================
 Norm of residual vector:     0.04159918      Convergence:   0.06173209
 CPU time [min]:     0.616                   Wall time [min]:     0.616
 
 Iteration  3  CI energy:   -75.83830336  Energy decrease:   0.00705079
 ======================================================================
 Norm of residual vector:     0.02291805      Convergence:   0.03974238
 CPU time [min]:     0.628                   Wall time [min]:     0.629
 
 Iteration  4  CI energy:   -75.83883467  Energy decrease:   0.00053131
 ======================================================================
 Norm of residual vector:     0.01111455      Convergence:   0.01479367
 CPU time [min]:     0.641                   Wall time [min]:     0.641
 
 Iteration  5  CI energy:   -75.83894450  Energy decrease:   0.00010984
 ======================================================================
 Norm of residual vector:     0.00405128      Convergence:   0.00578096
 CPU time [min]:     0.653                   Wall time [min]:     0.654
 
 Iteration  6  CI energy:   -75.83897620  Energy decrease:   0.00003170
 ======================================================================
 Norm of residual vector:     0.00164149      Convergence:   0.00220250
 CPU time [min]:     0.666                   Wall time [min]:     0.666
 
 Iteration  7  CI energy:   -75.83900010  Energy decrease:   0.00002390
 ======================================================================
 Norm of residual vector:     0.00070974      Convergence:   0.00105128
 CPU time [min]:     0.678                   Wall time [min]:     0.679
 
 Iteration  8  CI energy:   -75.83900042  Energy decrease:   0.00000032
 ======================================================================
 Norm of residual vector:     0.00024327      Convergence:   0.00035113
 CPU time [min]:     0.691                   Wall time [min]:     0.692
 
 Iteration  9  CI energy:   -75.83899996  Energy decrease:   0.00000046
 ======================================================================
 Norm of residual vector:     0.00006250      Convergence:   0.00009380
 CPU time [min]:     0.704                   Wall time [min]:     0.704
 
 Iteration 10  CI energy:   -75.83900008  Energy decrease:   0.00000012
 ======================================================================
 Norm of residual vector:     0.00001324      Convergence:   0.00002054
 CPU time [min]:     0.717                   Wall time [min]:     0.717
 
 Iteration 11  CI energy:   -75.83900013  Energy decrease:   0.00000004
 ======================================================================
 Norm of residual vector:     0.00000301      Convergence:   0.00000466
 CPU time [min]:     0.729                   Wall time [min]:     0.730
 
 Iteration 12  CI energy:   -75.83900010  Energy decrease:   0.00000003
 ======================================================================
 Norm of residual vector:     0.0000E+00      Convergence:   1.0503E-06
 CPU time [min]:     0.742                   Wall time [min]:     0.743
 
 Iteration 13  CI energy:   -75.83900010  Energy decrease:   9.1357E-10
 ======================================================================
 
 Iteration has converged in 13 steps.
 
 Final results:
 Total LR-CCSD energy [au]:          -75.839000102660
 Excitation energy [eV]:          12.3934
 Excitation energy [cm^-1]:    99959.53
 Absorption wavelength [nm]:     100.04
 Spin multiplicity:                     1
 
 ************************ 2020-03-12 14:11:48 *************************
                      Normal termination of mrcc.
 **********************************************************************
