
  Magnetizabilities                     au                       SI                      cgs
  ------------------------------------------------------------------------------------------

  Isotropic magnetizability:              -2.1209           -167.3600            -10.0787
  Diamagnetic contribution:              -19.2220          -1516.8179            -91.3449
  Paramagnetic contribution:              17.1011           1349.4580             81.2663
  1st anisotropy:                         -0.0829             -6.5380             -0.3937
  2nd anisotropy:                          0.0754              5.9504              0.3583


