$ERROR 1.E-7
Nlines 6: Output FDE data to XML file:GRIDOUT
