Master   ( quantonakessa ): DIRAC allocating 10000000 words of memory
******************************************************************************
*                                                                            *
*                                O U T P U T                                 *
*                                   from                                     *
*                                                                            *
*                   @@@@@    @@   @@@@@     @@@@     @@@@@                   *
*                   @@  @@        @@  @@   @@  @@   @@                       *
*                   @@  @@   @@   @@@@@    @@@@@@   @@                       *
*                   @@  @@   @@   @@ @@    @@  @@   @@                       *
*                   @@@@@    @@   @@  @@   @@  @@    @@@@@                   *
*                                                                            *
*                                                                            *
%}ZS)S?$=$)]S?$%%>SS$%S$ZZ6cHHMHHHHHHHHMHHM&MHbHH6$L/:<S///</:|/:|:/::!:.::--:
$?S$$%$$$$?%?$(SSS$SSSHMMMMMMMMMMMMMMMMMM6H&6S&SH&&k?6$r~::://///::::::.:::-::
(%?)Z??$$$(S%$>$)S6HMMMMMMMMMMMMMMMMMMMMMMR6M]&&$6HR$&6(i::::::|i|:::::::-:-::
$S?$$)$?$%?))?S/]#MMMMMMMMMMMMMMMMMMMMMMMMMMHM1HRH9R&$$$|):?:/://|:/::/:/.::.:
SS$%%?$%((S)?Z[6MMMMMMMMMMMMMMMMMMMMMMMMMMMMMMMMM&HF$$&/)S?<~::!!:::::::/:-:|.
SS%%%%S$%%%$$MMMMMMMMMMMMMMMMMMMMMMMMMMMMMMMMMMMHHHHHHM>?/S/:/:::':/://:/::-::
?$SSSS?%SS$)MMMMMMMMMMMMMMMMMMMMMMMMMMMMMMMMMMMMMMMMMMM/4?:S:/:::/:::/:/:::.::
S$(S?S$%(?$HMMMMMMMMMMMMMMMMM#&7RH99MMMMMMMMMMMMMMMMMMHHHd$/:::::/::::::-//.:.
(?SS(%)S&HMMMMMMMMMMMMMMMMM#S|///???$9HHMMMMMMMMMDSZ&1S/?</>?~:///::|/!:/-:-:.
$S?%?<H(MMMMMMMMMMMMMMMMR?`. :.:'::<>:``?/*?##*)$:/>       `((%://::/:::::/::/
S$($$)HdMMMMMMMMMMMMMMMP: . `   `  `    `      `-            `Z<:>?::/:::::|:i
c%%%&HMMMMMMMMMMMMMMMM6:                                      `$%)>%%</>!:::::
S?%/MMMMMMMMMMMMMMMMMMH-                                        /ZSS>?:?~:;/::
$SZ?MMMMMMMMMMMMMMMMMH?.                                        "&((/?//?|::::
$%$%&MMMMMMMMMMMMMMMMM:.                                          ?%/S:</::/::
($?}&HMMMMMMMMMMMMMMMM>:                                          $%%<?/i:|i::
Z$($&MMMMMMMMMMMMMMMMHk(:.  . -                                   .S/??/!:/:|:
(??$<HMMMMMMMMMMMMMMMFk|:   -.-.                                  :%/%/(:/:ii|
SZ(S?]MMMMMMMMMMMMMMHS?:- -  ::.:                                  |/S:</::?||
$%)$$(MMMMMMMMMMMMMMR):`:. :.:::`,,/bcokb/_                       :S?%?|~:/:/:
%$$%$)[[?$?MMMMMMMMMM: :.:-.::::$7?<&7&MMMMMMM#/           _ .. ..:</?:(:/::::
$$$?Z?HHH~|/MMMMMMMMM/`.-.:.:/:%%%%?dHMMMMMMMMMMH?,-   .,bMMMM6//./i~/~:<:::/:
4$($S$M//::S?ZHMMMMMH/:.':::.:/%S/&MMHMMMMMMMMRM&><   ,HMMMMMMMF  :::?:///:|::
)[$S$S($|_i:#>::*H&?/::.::/:"://:?>>':&HMHSMMMM$:'-   MMHMMMMHHT .)i/?////:::/
$$[$$>$}:dHH&$$--?S::-:.:::--/-:``./::>%Zi?)&/?`:.'   `H?$T*" `  /%?>%:)://ii|
$&=&/ZS}$RF<:?/-.|%r/:::/:/:'.-.-..|::S//!`"``          >??:    `SS<S:)!/////|
Z&]>b[Z(Z?&%:::../S$$:>:::i`.`. '-.'  `                         ,>%%%:>/>/!|:/
$$&/F&1$c$?>:>?/,>?$$ZS/::/:-: ...                              |S?S)S?<~:::::
&$&$&$k&>>|?<:<?((/$[/?)i~/:/. - -                              S?:%%%?/:::/::
=[/Z[[Fp[MMH$>?Z&S$$$/$S///||..-           -.-                  /((S$:%<:///:/
$&>1MHHMMMM6M9MMMM$Z$}$S%/:::.'.            .:/,,,dcb>/:.       ((SSSS%:)!//i|
MMMMMMMMMMMR&&RRRHR&&($(?:|i::-             .:%&S&$[&H&''     ../>%;/?>??:<::>
MMMMMMMMMMMMS/}S$&&H&[$SS//:::.:.   . . .v</Jq1&&D]&M&<,      :/::/?%%)S>?://:
MMMMMMMMMMMM?}$/$$kMM&&$(%/?//:..'.  .|//1d/`://?*/*/"` '     .:/(SS$%(S%)):%~
MMMMMMMMMMMM(}$$>&&MMHR#$S%%:?::.:|-.':;&&b/D/$p=qpv//b/~'   :/~~%%??$=$)Z$S+;
MMMMMMMMMMMM[|S$$Z1]MMMMD[$?$:>)/::: :/?:`'???bD&{b<<-'     .,:/)|SS(}Z/$$?/<S
MMMMMMMMMMMM||$)&7k&MMMMH9]$$??Z%|!/:i::'  `` .             SS?SS?Z/]1$/&$c/$S
MMMMMMMMMMMM| -?>[&]HMMMMMMMH1[/7SS(?:/..-` ::/Sc,/_,     _<$?SS%$S/&c&&$&>//<
MMMMMMMMMMMMR  `$&&&HMM9MMMMMMM&&c$%%:/:/:.:.:/??/''"    _MMHk/7S/]dq&1S<&&></
MMMMMMMMMMMMM?  :&96MHMMMMMMMMMMMHHk[S%(<<:// '         ,MMMMMMM&/Z6H]DkH]1$&&
MMMMMMMMMMMMMD    99H9HMMMMMMMMMMMMMMMb&%$<:i.:....    .MMMMMMMMM6HHHRH&H&H1SF
MMMMMMMMMMMMMM|   `?HMMMMMMMMMMMMMMMMMMMHk6k&>$&Z$/?_.bHMMMMMMMMMMM&6HRM9H6]Zk
MMMMMMMMMMMMMMM/    `TMMMMMMMMMMMMMMMMMMMMMMMMMMMMMMMMMMMMMMMMMMMMMMHMH6RH&R6&
MMMMMMMMMMMMMMMM    -|?HMMMMMMMMMMMMMMMMMMMMMMMMMMMMMMMMMMMMMMMMMMMMMFHH6HMD&&
MMMMMMMMMMMMMMMMk  ..:~?9MMMMMMMMMMMMM#':MMMMMMMMMMMMMMMMMMMMMMMMMMMMM9MHkR6&F
MMMMMMMMMMMMMMMMM/  .-!:%$ZHMMMMMMMMMR' dMMMMMMMMMMMMMMMMMMMMMMMMMMMMM9MRMHH9&
MMMMMMMMMMMMMMMMMML,:.-|::/?&&MMMMMM' .MMMMMMMMMMMMMMMMMMMMMMMMMMMMMMMMHRMH&&6
MMMMMMMMMMMMMMMMMMMc%>/:::i<:SMMMMMMHdMMMMMMMMMMMMMMMMMMMMMMMMMMMMMMMMHHM&969k
MMMMMMMMMMMMMMMMMMMMSS/$$/(|HMMMMMMMMMMMMMMMMMMMMMMMMMMMMMMMMMMMMMMMMMMMHH&HH&
MMMMMMMMMMMMMMMMMMMM6S/?/MMMMMMMMMMMMMMMMMMMMMMMMMMMMMMMMMMMMMMMMMMMMMR96H1DR1
MMMMMMMMMMMMMMMMMMMMM&$MHMMMMMMMMMMMMMMMMMMMMMMMMMMMMMMMMMMMMMMMMMMMMMHMH691&&
MMMMMMMMMMMMMMMMMMMMMMMMMMMMMMMMMMMMMMMMMMMMMMMMMMMMMMMMMMMMMMMMMMMMMMMMH&R&9Z
MMMMMMMMMMMMMMMMMMMMMMMMMRHMMMMMMMMMMMMMMMMMMMMMMMMMMMMMMMMMMMMMMMMMMMMH&96][6
MMMMMMMMMMMMMMMMMMMMMMMMp?:MMMMMMMMMMMMMMMMMMMMMMMMMMMMMMMMMMMMMMMMMMM96HH1][F
MMMMMMMMMMMMMMMMMMMMMMMM> -HMMMMMMMMMMMMMMMMMMMMMMMMMMMMMMMMMMMMMMMMMMMH&1k&$&
******************************************************************************
*                                                                            *
*         =======================================================            *
*                     Program for Atomic and Molecular                       *
*          Direct Iterative Relativistic Allelectron Calculations            *
*         =======================================================            *
*                                                                            *
*                        VERSION 04.1    SEPTEMBER 2004                      *
*                                                                            *
******************************************************************************
*                                                                            *
*    Written by:                                                             *
*                                                                            *
*    Hans Joergen Aa. Jensen  University of Southern Denmark    Denmark      *
*    Trond Saue               CNRS/ULP Strasbourg               France       *
*    Lucas Visscher           Vrije Universiteit Amsterdam      Netherlands  *
*                                                                            *
*    with contributions from:                                                *
*                                                                            *
*    Vebjoern Bakken          University of Oslo                Norway       *
*    Ephraim Eliav            University of Tel Aviv            Israel       *
*    Thomas Enevoldsen        University of Southern Denmark    Denmark      *
*    Timo Fleig               University of Duesseldorf         Germany      *
*    Olav Fossgaard           University of Tromsoe             Norway       *
*    Trygve Helgaker          University of Oslo                Norway       *
*    Jon K. Laerdahl          University of Oslo                Norway       *
*    Christoffer V. Larsen    University of Southern Denmark    Denmark      *
*    Patrick Norman           Linkoeping University             Sweden       *
*    Jeppe Olsen              Aarhus University                 Denmark      *
*    Markus Pernpointner      Vrije Universiteit Amsterdam      Netherlands  *
*    Jesper K. Pedersen       University of Southern Denmark    Denmark      *
*    Kenneth Ruud             University of Tromsoe             Norway       *
*    Pawel Salek              Stockholm Inst. of Technology     Sweden       *
*    Joost van Stralen        Vrije Universiteit Amsterdam      Netherlands  *
*    Joern Thyssen            University of Southern Denmark    Denmark      *
*    Olivier Visser           University of Groningen           Netherlands  *
*    Toke Winther             University of Southern Denmark    Denmark      *
*                                                                            *
*    This is an experimental code. The authors accept no responsibility      *
*    for the performance of the code or for the correctness of the results.  *
*                                                                            *
*    The code (in whole or part) is not to be reproduced for further         *
*    distribution without the written permission of the authors or           *
*    their representatives.                                                  *
*                                                                            *
*    If results obtained with this code are published, an                    *
*    appropriate citation would be:                                          *
*                                                                            *
*    "Dirac, a relativistic ab initio electronic structure program",         *
*    release DIRAC04.1 (2004),                                               *
*    written by H. J. Aa. Jensen, T. Saue, and L. Visscher                   *
*    with contributions from V. Bakken, E. Eliav, T. Enevoldsen, T. Fleig,   *
*    O. Fossgaard, T. Helgaker, J. K. Laerdahl, C. V. Larsen, P. Norman,     *
*    J. Olsen, M. Pernpointner, J. K. Pedersen, K. Ruud, P. Salek,           *
*    J. N. P. van Stralen, J. Thyssen, O. Visser, and T. Winther             *
*    (http://dirac.chem.sdu.dk).                                             *
*                                                                            *
*    (for a suitable BibTEX entry, see                                       *
*    <URL:"http://dirac.chem.sdu.dk/doc/reference.shtml">)                   *
*                                                                            *
******************************************************************************
 Version           : Dirac 4.1 (patchlevel 0) 
 Hostname          : quantonakessa
 Operating system  : Linux 2.6.22-14-generic
 Machine           : x86_64
 Run               : Sequential
 Last compilation  : 17:26:06 Mar  7 2008 (by root@quantonakessa)
 FORTRAN compiler  : gfortran -O3 -ffast-math -funroll-loops -ftree-vectorize -fdefault-integer-8 -Jmodules 
 C compiler        : gcc -O3 -ffast-math 
 Basis set dir.    : /home/saue/Dirac/test/51.acmoin/:/home/saue/Dirac/basis/:/home/saue/Dirac/basis_dalton/

 
     Data and time (Linux)  : Mon Mar 10 18:28:19 2008 
     Host name              : quantonakessa                           


 *********************************************************************************
 *************************** Input read from DIRAC.INP ***************************
 *********************************************************************************

 **DIRAC                                                                         
 #.WAVE FUNCTION                                                                 
 .ANALYZE                                                                        
 **GENERAL                                                                       
 .ACMOIN                                                                         
 .CVALUE                                                                         
 20.0D0                                                                          
 #.ACMOIN                                                                        
 **INTEGRALS                                                                     
 *READIN                                                                         
 .UNCONT                                                                         
 **HAMILTONIAN                                                                   
 .IOTC                                                                           
 .ONESYS                                                                         
 **WAVE FUNCTION                                                                 
 .DHF                                                                            
 *DHFCAL                                                                         
 .CLOSED SHELL                                                                   
 2                                                                               
 **ANALYZE                                                                       
 .MULPOP                                                                         
 **END OF                                                                        
                                                                                 


 *************************************************************************
 ********************* DIRAC: No title specified !!! *********************
 *************************************************************************

 Jobs in this run:
   * Analysis


 **************************************************************************
 ************************** General DIRAC set-up **************************
 **************************************************************************

 * The speed of light :        137.0359998
   * The speed of light scaled by  1.46D-01 to :  20.0000000000
 * Running in pure two-component mode
 * Direct evaluation of the following two-electron integrals:
   - LL-integrals
 * Spherical transformation embedded in MO-transformation
   for large components
 * Transformation to scalar RKB basis embedded in
   MO-transformation for small components
 * Thresholds for linear dependence:
   Large components:   1.00D-06
   Small components:   1.00D-08
 * MO-coefficients imported in C1 format from unformatted file DFACMO
 * General print level   :   0


 *************************************************************************
 ****************** Output from HERMIT input processing ******************
 *************************************************************************

 Default print level:        1
 Nuclear model: Gaussian charge distribution.

 Two-electron integrals not calculated.


 Ordinary (field-free non-relativistic) Hamiltonian integrals not calculated.



 Changes of defaults for READIN:
 -------------------------------


 Uncontracted basis forced, irrespective of basis input file.



 Settings for FCK3 calculation:
 ------------------------------

Dynamical threshold is not (yet) implemented in DIRAC


 *************************************************************************
 ****************** Output from READIN input processing ******************
 *************************************************************************



  Title Cards
  -----------

  Ammonia                                                                 
  Basis: uncontracted cc-pVDZ   S(9s4p1d),H(4s1p)                         

  *** WARNING from READIN ***

  Threshold for discarding integrals was    1.00D-16
  Threshold is reset to minimum value       1.00D-15

  Coordinates are entered in Angstroms and converted to atomic units.
          - Conversion factor : 1 bohr = 0.52917721 A

  Nuclear Gaussian exponent for atom of charge   1.000 :    2.1248239171D+09


  Symmetry Operations
  -------------------

  Symmetry operations: 1



                      SYMGRP:Point group information
                      ------------------------------

Point group: Cs 

   * The point group was generated by:

      Reflection in the xy-plane

   * Group multiplication table

        |  E   Oxy
   -----+----------
     E  |  E 
    Oxy | Oxy   E 

   * Character table

        |  E   Oxy
   -----+----------
    A'  |   1    1
    A"  |   1   -1

   * Direct product table

        | A'   A" 
   -----+----------
    A'  | A' 
    A"  | A"   A' 


                        **************************
                        *** Output from DBLGRP ***
                        **************************

   * One fermion irrep:   E1 
   * Complex group. NZ = 2
   * Direct product decomposition:
          E1  x E1  : A'  + A'  + A"  + A" 


                             Spinor structure
                             ----------------


   * Fermion irrep no.: 1
      La  |  A' (1)  A' (1)  |
      Sa  |  A" (1)  A" (1)  |
      Lb  |  A" (4)  A" (4)  |
      Sb  |  A' (4)  A' (4)  |


                          Quaternion symmetries
                          ---------------------

    Rep  T(+)
    -----------------------------
    A'   1  i
    A"   k  j


  Atoms and basis sets
  --------------------

  Number of atom types:     1
  Total number of atoms:    1

  label    atoms   charge   prim    cont     basis   
  ----------------------------------------------------------------------
  H           1       1       7       7      L  - [4s1p|4s1p]                                                    
                              0       0      S  - No small component basis functions attached                    
  ----------------------------------------------------------------------
                              7       7      L  - large components
                              0       0      S  - small components
  ----------------------------------------------------------------------
  total:      1       1       7       7

  Threshold for integrals (to be written to file):  1.00D-15

  MNF.INP input file (for the AMFI stuff) is ready.


  References for the basis sets
  -----------------------------

  Atom type   1
  Basis set typed explicitly in input file                                        


  Cartesian Coordinates
  ---------------------

  Total number of coordinates:  3


   1   H        x      0.0000000000
   2            y      0.0000000000
   3            z      0.0000000000



  Symmetry Coordinates
  --------------------

  Number of coordinates in each symmetry:   2  1


  Symmetry 1

   1   H     x    1
   2   H     y    2


  Symmetry 2

   3   H     z    3
  Nuclear repulsion energy :    0.000000000000


                            GETLAB: AO-labels
                            -----------------

   * Large components:    4
     1  L H     s        2  L H     px       3  L H     py       4  L H     pz  
   * Small components:    0



                            GETLAB: SO-labels
                            -----------------

   * Large components:    4
     1  L A' H  s        2  L A' H  px       3  L A' H  py       4  L A" H  pz  
   * Small components:    0



  Symmetry Orbitals
  -----------------

  Number of orbitals in each symmetry:            6     1
  Number of large orbitals in each symmetry:      6     1
  Number of small orbitals in each symmetry:      0     0

* Large component functions

  Symmetry  A' ( 1)

        4 functions:    H  s   
        1 functions:    H  px  
        1 functions:    H  py  

  Symmetry  A" ( 2)

        1 functions:    H  pz  


 ***************************************************************************
 *************************** Hamiltonian defined ***************************
 ***************************************************************************

 * Print level :    0
 * One-step Infinite-Order Two-component Hamiltonian
   Reference: 
    M. Ilias and T. Saue:
    "Implementation of an infinite-order two-component relativistic Hamiltonian 
    by a simple one-step transformation." 
    J. Chem. Phys., 126 (2007) 064102. 
   - running in 2-component modus
   with the following modifications:
 * Default integral flags passed to all modules
   - LL-integrals:     1
   - LS-integrals:     0
   - SS-integrals:     0
   - GT-integrals:     0
 * Basis set:
   - uncontracted large component basis set
   - Two-electron part ignored (one-electron system)


 *********************************************************************************
 *************************** Memory required by HERMIT ***************************
 *********************************************************************************

===========================================================================
 Maximum memory load for two-electron integral processing:
===========================================================================
 * LL-integrals:
   1(H    Ls)   1(H    Ls)   1(H    Ls)   1(H    Ls)                2315


 **************************************************************************
 ************************** Wave function module **************************
 **************************************************************************

 Jobs in this run (in execution order):
 * Hartree-Fock calculation
===========================================================================
 DHFINP: Set-up for Hartree-Fock calculation:
===========================================================================
 * Number of fermion irreps: 1
 * Closed shell SCF calculation with    2 electrons in
       1 orbitals in Fermion irrep 1
 * Bare nucleus screening correction used for start guess
 * General print level   :   0
 ***** TRIAL FUNCTION *****
 * Trial vectors read from file DFCOEF
 ***** CONVERGENCE CRITERIA *****
 * Convergence on norm of error vector (gradient).
   Desired convergence:1.000D-07
   Allowed convergence:1.000D-06

 ***** CONVERGENCE CONTROL *****
 * Fock matrix constructed using differential density matrix
    with optimal parameter.
 * DIIS (in MO basis)
 * DIIS will be activated when convergence reaches : 1.00D+20
   - Maximum size of B-matrix:   10
 * Damping of Fock matrix when DIIS is not activated. 
   Weight of old matrix    : 0.250
 * Maximum number of SCF iterations  :   50
 * No quadratic convergent Hartree-Fock
 * Contributions from 2-electron integrals to Fock matrix:
   LL-integrals.
 ***** OUTPUT CONTROL *****
 * Only electron eigenvalues written out.


 ***************************************************************************
 ***************************** Analysis module *****************************
 ***************************************************************************

 Jobs in this run:
 * Mulliken population analysis
===========================================================================
 POPINP: Mulliken population analysis
===========================================================================
 * Gross populations
 * Label definitions based on SO-labels
 * Number of spinors analyzed:
    - Orbitals in fermion ircop E1  :   1                                                                    
 * Print level:    0


 ********************************************************************************
 *************************** Input consistency checks ***************************
 ********************************************************************************



 *************************************************************************
 ************************ End of input processing ************************
 *************************************************************************


  *** WARNING from READIN ***

  Threshold for discarding integrals was    1.00D-16
  Threshold is reset to minimum value       1.00D-15

  Coordinates are entered in Angstroms and converted to atomic units.
          - Conversion factor : 1 bohr = 0.52917721 A

  Nuclear Gaussian exponent for atom of charge   1.000 :    2.1248239171D+09

  MNF.INP input file (for the AMFI stuff) is ready.


                        Generating Lowdin matrix:
                        -------------------------

   L   A'    * Deleted:          0(Proj:          0, Lindep:          0)
   L   A"    * Deleted:          0(Proj:          0, Lindep:          0)
   S   A'    * Deleted:          1(Proj:          1, Lindep:          0)
   S   A"    * Deleted:          0(Proj:          0, Lindep:          0)

 >>> Time used in Lwdn_a is   0.00 seconds



                       *** Output from MAKE_BSS ***
                       ----------------------------



              *** Output from the EXTR_BSS_INFO routine ***
              ---------------------------------------------

  * Transforming the one-electron DIRAC bare nucleus operator.
  * Order of the Douglas-Kroll-Hess/BSS transformation :...infinite  !
  * Only the RKB basis ! No preliminary free-particle basis transformation according to Barysz !
  * R-equation solving applied : YR-equation 2 (Trond) 
  * spin-orbit terms are included
  * AMFI contribution is NOT included.
  * Prepare the picture-change transformation matrixes



                            Output from MODHAM
                            ------------------

* Applied strict kinetic balance !

 >>> Time used in mk_bss is   0.00 seconds


  MAKE_H2C: Two-component BSS mode - positronic shells deleted !

 >>> Time used in mk_h2c is   0.00 seconds


  *** WARNING from READIN ***

  Threshold for discarding integrals was    1.00D-16
  Threshold is reset to minimum value       1.00D-15

  Coordinates are entered in Angstroms and converted to atomic units.
          - Conversion factor : 1 bohr = 0.52917721 A

  Nuclear Gaussian exponent for atom of charge   1.000 :    2.1248239171D+09

  MNF.INP input file (for the AMFI stuff) is ready.


                        Generating Lowdin matrix:
                        -------------------------

   L   A'    * Deleted:          0(Proj:          0, Lindep:          0)
   L   A"    * Deleted:          0(Proj:          0, Lindep:          0)

 >>> Time used in Lwdn_b is   0.00 seconds



  **********************************************************************
  ************************* Orbital dimensions *************************
  **********************************************************************

No. of positive energy orbitals (NESH):     7
No. of negative energy orbitals (NPSH):     0
Total no. of orbitals      (NORB):     7
 Enter ORBDAT

 >>> Time used in PAMSET is   0.01 seconds



 **************************************************************************
 ********************** Mulliken population analysis **********************
 **************************************************************************



                            Fermion ircop E1 
                            -----------------


* Electronic eigenvalue nr.  1: -0.4995768391796       (Occupation : f = 1.0000)
================================================================================

* Gross populations greater than 0.00010

Gross     Total   |    L A' H  s   
--------------------------------------
 alpha    1.0000  |      1.0000
 beta     0.0000  |      0.0000


*** Total gross population ***

Gross      Total    |    L A' H  s   
--------------------------------------
 total     2.00000  |      2.00000

 
     Data and time (Linux)  : Mon Mar 10 18:28:19 2008 
     Host name              : quantonakessa                           
*****************************************************
>>>> Total CPU  time used in DIRAC:  0.01200100s
>>>> Total WALL time used in DIRAC:  1.00000000s
********** E N D   of   D I R A C  output  **********
