DIRAC pam run in /home/bast/dirac/git-trunk/test/visual_lao
-e Size of all static allocations: 109.689 MB 
DIRAC serial starts by allocating 64000000 words (488 MB) of memory
DIRAC serial has no limitations in place for the amount of dynamically allocated memory
 
Note: maximum allocatable memory for serial run can be set by -aw flag (MW) in pam
 
 ******************************************************************************
 *                                                                            *
 *                                O U T P U T                                 *
 *                                   from                                     *
 *                                                                            *
 *                   @@@@@    @@   @@@@@     @@@@     @@@@@                   *
 *                   @@  @@        @@  @@   @@  @@   @@                       *
 *                   @@  @@   @@   @@@@@    @@@@@@   @@                       *
 *                   @@  @@   @@   @@ @@    @@  @@   @@                       *
 *                   @@@@@    @@   @@  @@   @@  @@    @@@@@                   *
 *                                                                            *
 *                                                                            *
 %}ZS)S?$=$)]S?$%%>SS$%S$ZZ6cHHMHHHHHHHHMHHM&MHbHH6$L/:<S///</:|/:|:/::!:.::--:
 $?S$$%$$$$?%?$(SSS$SSSHMMMMMMMMMMMMMMMMMM6H&6S&SH&&k?6$r~::://///::::::.:::-::
 (%?)Z??$$$(S%$>$)S6HMMMMMMMMMMMMMMMMMMMMMMR6M]&&$6HR$&6(i::::::|i|:::::::-:-::
 $S?$$)$?$%?))?S/]#MMMMMMMMMMMMMMMMMMMMMMMMMMHM1HRH9R&$$$|):?:/://|:/::/:/.::.:
 SS$%%?$%((S)?Z[6MMMMMMMMMMMMMMMMMMMMMMMMMMMMMMMMM&HF$$&/)S?<~::!!:::::::/:-:|.
 SS%%%%S$%%%$$MMMMMMMMMMMMMMMMMMMMMMMMMMMMMMMMMMMHHHHHHM>?/S/:/:::`:/://:/::-::
 ?$SSSS?%SS$)MMMMMMMMMMMMMMMMMMMMMMMMMMMMMMMMMMMMMMMMMMM/4?:S:/:::/:::/:/:::.::
 S$(S?S$%(?$HMMMMMMMMMMMMMMMMM#&7RH99MMMMMMMMMMMMMMMMMMHHHd$/:::::/::::::-//.:.
 (?SS(%)S&HMMMMMMMMMMMMMMMMM#S|///???$9HHMMMMMMMMMDSZ&1S/?</>?~:///::|/!:/-:-:.
 $S?%?<H(MMMMMMMMMMMMMMMMR?`. :.:`::<>:``?/*?##*)$:/>       `((%://::/:::::/::/
 S$($$)HdMMMMMMMMMMMMMMMP: . `   `  `    `      `-            `Z<:>?::/:::::|:i
 c%%%&HMMMMMMMMMMMMMMMM6:                                      `$%)>%%</>!:::::
 S?%/MMMMMMMMMMMMMMMMMMH-                                        /ZSS>?:?~:;/::
 $SZ?MMMMMMMMMMMMMMMMMH?.                                        \"&((/?//?|:::
 $%$%&MMMMMMMMMMMMMMMMM:.                                          ?%/S:</::/::
 ($?}&HMMMMMMMMMMMMMMMM>:                                          $%%<?/i:|i::
 Z$($&MMMMMMMMMMMMMMMMHk(:.  . -                                   .S/\?\?/!:/:
 (??$<HMMMMMMMMMMMMMMMFk|:   -.-.                                  :%/%/(:/:ii|
 SZ(S?]MMMMMMMMMMMMMMHS?:- -  ::.:                                  |/S:</::?||
 $%)$$(MMMMMMMMMMMMMMR):`:. :.:::`,,/bcokb/_                       :S?%?|~:/:/:
 %$$%$)[[?$?MMMMMMMMMM: :.:-.::::$7?<&7&MMMMMMM#/           _ .. ..:</?:(:/::::
 $$$?Z?HHH~|/MMMMMMMMM/`.-.:.:/:%%%%?dHMMMMMMMMMMH?,-   .,bMMMM6//./i~/~:<:::/:
 $($S$M//::S?ZHMMMMMH/:.`:::.:/%S/&MMHMMMMMMMMRM&><   ,HMMMMMMMF  :::?:///:|:::
 )[$S$S($|_i:#>::*H&?/::.::/:\"://:?>>`:&HMHSMMMM$:`-   MMHMMMMHHT .)i/?////::/
 $$[$$>$}:dHH&$$--?S::-:.:::--/-:``./::>%Zi?)&/?`:.`   `H?$T*\" `  /%?>%:)://ii|
 $&=&/ZS}$RF<:?/-.|%r/:::/:/:`.-.-..|::S//!`\"``          >??:    `SS<S:)!/////|
 Z&]>b[Z(Z?&%:::../S$$:>:::i`.`. `-.`  `                         ,>%%%:>/>/!|:/
 $$&/F&1$c$?>:>?/,>?$$ZS/::/:-: ...                              |S?S)S?<~:::::
 &$&$&$k&>>|?<:<?((/$[/?)i~/:/. - -                              S?:%%%?/:::/::
 =[/Z[[Fp[MMH$>?Z&S$$$/$S///||..-           -.-                  /((S$:%<:///:/
 $&>1MHHMMMM6M9MMMM$Z$}$S%/:::.`.            .:/,,,dcb>/:.       ((SSSS%:)!//i|
 MMMMMMMMMMMR&&RRRHR&&($(?:|i::-             .:%&S&$[&H&``     ../>%;/?>??:<::>
 MMMMMMMMMMMMS/}S$&&H&[$SS//:::.:.   . . .v</Jq1&&D]&M&<,      :/::/?%%)S>?://:
 MMMMMMMMMMMM?}$/$$kMM&&$(%/?//:..`.  .|//1d/`://?*/*/\"` `     .:/(SS$%(S%)):%
 MMMMMMMMMMMM(}$$>&&MMHR#$S%%:?::.:|-.`:;&&b/D/$p=qpv//b/~`   :/~~%%??$=$)Z$S+;
 MMMMMMMMMMMM[|S$$Z1]MMMMD[$?$:>)/::: :/?:``???bD&{b<<-`     .,:/)|SS(}Z/$$?/<S
 MMMMMMMMMMMM||$)&7k&MMMMH9]$$??Z%|!/:i::`  `` .             SS?SS?Z/]1$/&$c/$S
 MMMMMMMMMMMM| -?>[&]HMMMMMMMH1[/7SS(?:/..-` ::/Sc,/_,     _<$?SS%$S/&c&&$&>//<
 MMMMMMMMMMMMR  `$&&&HMM9MMMMMMM&&c$%%:/:/:.:.:/\?\?/\    _MMHk/7S/]dq&1S<&&></
 MMMMMMMMMMMMM?  :&96MHMMMMMMMMMMMHHk[S%(<<:// `         ,MMMMMMM&/Z6H]DkH]1$&&
 MMMMMMMMMMMMMD    99H9HMMMMMMMMMMMMMMMb&%$<:i.:....    .MMMMMMMMM6HHHRH&H&H1SF
 MMMMMMMMMMMMMM|   `?HMMMMMMMMMMMMMMMMMMMHk6k&>$&Z$/?_.bHMMMMMMMMMMM&6HRM9H6]Zk
 MMMMMMMMMMMMMMM/    `TMMMMMMMMMMMMMMMMMMMMMMMMMMMMMMMMMMMMMMMMMMMMMMHMH6RH&R6&
 MMMMMMMMMMMMMMMM    -|?HMMMMMMMMMMMMMMMMMMMMMMMMMMMMMMMMMMMMMMMMMMMMMFHH6HMD&&
 MMMMMMMMMMMMMMMMk  ..:~?9MMMMMMMMMMMMM#`:MMMMMMMMMMMMMMMMMMMMMMMMMMMMM9MHkR6&F
 MMMMMMMMMMMMMMMMM/  .-!:%$ZHMMMMMMMMMR` dMMMMMMMMMMMMMMMMMMMMMMMMMMMMM9MRMHH9&
 MMMMMMMMMMMMMMMMMML,:.-|::/?&&MMMMMM` .MMMMMMMMMMMMMMMMMMMMMMMMMMMMMMMMHRMH&&6
 MMMMMMMMMMMMMMMMMMMc%>/:::i<:SMMMMMMHdMMMMMMMMMMMMMMMMMMMMMMMMMMMMMMMMHHM&969k
 MMMMMMMMMMMMMMMMMMMMSS/$$/(|HMMMMMMMMMMMMMMMMMMMMMMMMMMMMMMMMMMMMMMMMMMMHH&HH&
 MMMMMMMMMMMMMMMMMMMM6S/?/MMMMMMMMMMMMMMMMMMMMMMMMMMMMMMMMMMMMMMMMMMMMMR96H1DR1
 MMMMMMMMMMMMMMMMMMMMM&$MHMMMMMMMMMMMMMMMMMMMMMMMMMMMMMMMMMMMMMMMMMMMMMHMH691&&
 MMMMMMMMMMMMMMMMMMMMMMMMMMMMMMMMMMMMMMMMMMMMMMMMMMMMMMMMMMMMMMMMMMMMMMMMH&R&9Z
 MMMMMMMMMMMMMMMMMMMMMMMMMRHMMMMMMMMMMMMMMMMMMMMMMMMMMMMMMMMMMMMMMMMMMMMH&96][6
 MMMMMMMMMMMMMMMMMMMMMMMMp?:MMMMMMMMMMMMMMMMMMMMMMMMMMMMMMMMMMMMMMMMMMM96HH1][F
 MMMMMMMMMMMMMMMMMMMMMMMM> -HMMMMMMMMMMMMMMMMMMMMMMMMMMMMMMMMMMMMMMMMMMMH&1k&$&
 ******************************************************************************
 *                                                                            *
 *         =========================================================          *
 *                     Program for Atomic and Molecular                       *
 *          Direct Iterative Relativistic All-electron Calculations           *
 *         =========================================================          *
 *                                                                            *
 *                      VERSION 10.00  10 October 2010                        *
 *                                                                            *
 ******************************************************************************
 *                                                                            *
 *    Written by:                                                             *
 *                                                                            *
 *    Trond Saue               Université P. Sabatier, Toulouse  France       *
 *    Lucas Visscher           VU University Amsterdam           Netherlands  *
 *    Hans Jørgen Aa. Jensen   University of Southern Denmark    Denmark      *
 *                                                                            *
 *    with new contributions since the DIRAC08 release from:                  *
 *                                                                            *
 *    Radovan Bast             University of Tromsø              Norway       *
 *    Kenneth G. Dyall         Schrodinger, Inc., Portland       USA          *
 *    Ulf Ekström              VU University Amsterdam           Netherlands  *
 *    Ephraim Eliav            University of Tel Aviv            Israel       *
 *    Thomas Enevoldsen        University of Southern Denmark    Denmark      *
 *    Timo Fleig               Université P. Sabatier, Toulouse  France       *
 *    Andre S. P. Gomes        CNRS/Universite Lille 1           France       *
 *    Johan Henriksson         Linkôping University              Sweden       *
 *    Miroslav Ilias           Matej Bel University              Slovakia     *
 *    Christoph R. Jacob       Karlsruhe Institute of Technology Germany      *
 *    Stefan Knecht            CNRS/Université de Strasbourg     France       *
 *    Huliyar Nataraj          BME/Budapest Univ. Tech. & Econ.  Hungary      *
 *    Patrick Norman           Linköping University              Sweden       *
 *    Jeppe Olsen              Aarhus University                 Denmark      *
 *    Markus Pernpointner      University of Heidelberg          Germany      *
 *    Kenneth Ruud             University of Tromsø              Norway       *
 *    Bernd Schimmelpfennig    Forschungszentrum Karlsruhe       Germany      *
 *    Jetze Sikkema            VU University Amsterdam           Netherlands  *
 *    Andreas Thorvaldsen      University of Tromsø              Norway       *
 *    Jørn Thyssen             University of Southern Denmark    Denmark      *
 *    Sebastien Villaume       Linköping University              Sweden       *
 *    Shigeyoshi Yamamoto      Chukyo University                 Japan        *
 *                                                                            *
 *    For the complete list of contributors to the DIRAC code see our         *
 *    website http://dirac.chem.vu.nl                                         *
 *                                                                            *
 *    This is an experimental code. The authors accept no responsibility      *
 *    for the performance of the code or for the correctness of the results.  *
 *                                                                            *
 *    The code (in whole or part) is not to be reproduced for further         *
 *    distribution without the written permission of the authors or           *
 *    their representatives.                                                  *
 *                                                                            *
 *    If results obtained with this code are published, an                    *
 *    appropriate citation would be:                                          *
 *                                                                            *
 *    DIRAC, a relativistic ab initio electronic structure program,           *
 *    Release DIRAC10 (2010),                                                 *
 *    written by T. Saue, L. Visscher, and H. J. Aa. Jensen,                  *
 *    with new contributions from R. Bast, K. G. Dyall, U. Ekström, E. Eliav, *
 *    T. Enevoldsen, T. Fleig, A. S. P. Gomes, J. Henriksson, M. Ilias,       *
 *    Ch. R. Jacob, S. Knecht, H. S. Nataraj, P. Norman, J. Olsen,            *
 *    M. Pernpointner, K. Ruud, B. Schimmelpfennig, J. Sikkema,               *
 *    A. Thorvaldsen, J.  Thyssen, S. Villaume, and S. Yamamoto               *
 *    (see http://dirac.chem.vu.nl).                                          *
 *                                                                            *
 ******************************************************************************
 Version           : Dirac 10.0 (patchlevel 0) 
 Hostname          : larry
 Operating system  : Linux 2.6.35-28-generic
 Machine           : i686
 Run               : Sequential
 Last compilation  : 09:08:19 Apr  7 2011 (by foo@foo:foo)
 FORTRAN compiler  : /usr/bin/gfortran 
 C compiler        : /usr/bin/gcc 
 External libraries: blas 
 Internal libraries: DIRAC_BLAS=foo  DIRAC_LAPACK=foo 
 ILP data model    : foo 
 SVN URL           : 13466 
 SVN Revision      : http://dirac.chem.sdu.dk/svnDirac/Dirac/trunk 

 
     Date and time (Linux)  : Thu Apr  7 12:15:37 2011 
     Host name              :                                         


 *******************************************************************************
 ************************** Input read from DIRAC.INP **************************
 *******************************************************************************

**DIRAC
.ANALYZE
**HAMILTONIAN
.LVCORR
**INTEGRALS
.NUCMOD
2
*TWOINT
.SCREEN
1.0D-16
*READIN
.UNCONTRACT
**WAVE FUNCTION
.DHF
**ANALYZE
.VISUAL
*VISUAL
.NDIPZ
 1 PAMXVC 1
.NDIPZ
 1 PAMXVC 2
.LONDON
 Z
.SYMMETRIC
.LIST
 4
 1.0000000000    0.5000000000    0.0000000000
 1.0000000000    1.0000000000    0.0000000000
-1.1280000000    0.0000000000    0.0000000000
 1.1280000000    0.0000000000    0.0000000000
*END OF


    *************************************************************************
    ********************* DIRAC: No title specified !!! *********************
    *************************************************************************

 Jobs in this run:
   * Analysis


    **************************************************************************
    ************************** General DIRAC set-up **************************
    **************************************************************************

   CODATA Recommended Values of the Fundamental Physical Constants: 1998  
                Peter J. Mohr and Barry N. Taylor                         
   Journal of Physical and Chemical Reference Data, Vol. 28, No. 6, 1999  
 * The speed of light :        137.0359998
 * running in four-component mode
 * Direct evaluation of the following two-electron integrals:
   - LL-integrals
   - SL-integrals
   - SS-integrals
   - GT-integrals
 * Spherical transformation embedded in MO-transformation
   for large components
 * Transformation to scalar RKB basis embedded in
   MO-transformation for small components
 * Thresholds for linear dependence:
   Large components:   1.00D-06
   Small components:   1.00D-08
 DFPCMO: IBEIG read in I2 format.
 * General print level   :   0


    *************************************************************************
    ****************** Output from HERMIT input processing ******************
    *************************************************************************

 Default print level:        1
 Nuclear model: Gaussian charge distribution.

 Two-electron integrals not calculated.


 Ordinary (field-free non-relativistic) Hamiltonian integrals not calculated.



  Set-up from HR2INP:
  -------------------

 Print level in TWOINT:    1
 * Direct calculation of Fock matrices in SO-basis.
 * User specified screening threshold in direct Fock matrix construction: 1.00E-16
 * Separate density screening of Coulomb integral batches
 * Separate density screening of exchange integral batches


 Changes of defaults for READIN:
 -------------------------------


 Uncontracted basis forced, irrespective of basis input file.



 Settings for FCK3 calculation:
 ------------------------------

Dynamical threshold is not (yet) implemented in DIRAC


    *************************************************************************
    ****************** Output from READIN input processing ******************
    *************************************************************************



  Title Cards
  -----------

  .                                                                       
  .                                                                       

  Coordinates are entered in Angstroms and converted to atomic units.
          - Conversion factor : 1 bohr = 0.52917721 A

  Nuclear Gaussian exponent for atom of charge   6.000 :    6.8077502929D+08

  Nuclear Gaussian exponent for atom of charge   8.000 :    5.8631436655D+08


  Symmetry Operations
  -------------------

  Symmetry operations: 2



                          SYMGRP:Point group information
                          ------------------------------

Point group: C2h

   * The point group was generated by:

      Reflection in the xy-plane
      Inversion centre

   * Group multiplication table

        |  E   C2z   i   Oxy
   -----+--------------------
     E  |  E   C2z   i   Oxy
    C2z | C2z   E   Oxy   i 
     i  |  i   Oxy   E   C2z
    Oxy | Oxy   i   C2z   E 

   * Character table

        |  E   C2z   i   Oxy
   -----+--------------------
    Ag  |   1    1    1    1
    Bg  |   1   -1    1   -1
    Bu  |   1   -1   -1    1
    Au  |   1    1   -1   -1

   * Direct product table

        | Ag   Bg   Bu   Au 
   -----+--------------------
    Ag  | Ag   Bg   Bu   Au 
    Bg  | Bg   Ag   Au   Bu 
    Bu  | Bu   Au   Ag   Bg 
    Au  | Au   Bu   Bg   Ag 


                            **************************
                            *** Output from DBLGRP ***
                            **************************

   * Two fermion irreps:  E1g  E1u
   * Complex group. NZ = 2
   * Direct product decomposition:
          E1g x E1g : Ag  + Ag  + Bg  + Bg 
          E1u x E1g : Au  + Au  + Bu  + Bu 
          E1u x E1u : Ag  + Ag  + Bg  + Bg 


                                 Spinor structure
                                 ----------------


   * Fermion irrep no.: 1            * Fermion irrep no.: 2

      La  |  Ag (1)  Ag (1)  |                La  |  Au (1)  Au (1)  |
      Sa  |  Au (1)  Au (1)  |                Sa  |  Ag (1)  Ag (1)  |
      Lb  |  Bg (4)  Bg (4)  |                Lb  |  Bu (4)  Bu (4)  |
      Sb  |  Bu (4)  Bu (4)  |                Sb  |  Bg (4)  Bg (4)  |


                              Quaternion symmetries
                              ---------------------

    Rep  T(+)
    -----------------------------
    Ag   1  i
    Bg   k  j
    Bu   k  j
    Au   1  i

  QM-QM nuclear repulsion energy :   60.048477537589
  QM-pc interaction energy       :    0.000000000000
  pc-pc interaction energy       :    0.000000000000
  Total interaction energy       :   60.048477537589


  Atoms and basis sets
  --------------------

  Number of atom types:     2
  Total number of atoms:    3

  label    atoms   charge   prim    cont     basis   
  ----------------------------------------------------------------------
  C           1       6      15      15      L  - [6s3p|6s3p]                                                    
                             39      39      S  - [3s6p3d|3s6p3d]                                                
  O           2       8      15      15      L  - [6s3p|6s3p]                                                    
                             39      39      S  - [3s6p3d|3s6p3d]                                                
  ----------------------------------------------------------------------
                             45      45      L  - large components
                            117     117      S  - small components
  ----------------------------------------------------------------------
  total:      3      22     162     162

  Cartesian basis used.
  Threshold for integrals (to be written to file):  1.00D-15

  MNF.INP input file (for the AMFI stuff) is ready.
  CAPOUT: preparing the "CAPDIR.inp" file with DIRAC unique order of atomic basis functions. 


  References for the basis sets
  -----------------------------

  Atom type   1   2
   Elements      Contraction                       References                     
   H - He: (3s)         -> [1s]       W.J. Hehre, R.F. Stewart and J.A. Pople,    
   Li - Ne: (6s,3p)     -> [2s,1p]    J. Chem. Phys. 2657 (1969).                 
   Na - Ar: (9s,6p)     -> [3s,2p]    W.J. Hehre, R. Ditchfield, R.F. Stewart,    
                                      J.A. Pople, J. Chem. Phys.  2769 (1970).    
   K,Ca - : (12s,9p)    -> [4s,3p]    W.J. Pietro, B.A. Levy, W.J. Hehre and R.F. 
   Ga - Kr                            Stewart, Inorg. Chem. 19, 2225 (1980).      
   Sc - Zn: (12s,9p,3d) -> [4s,3p,1d] W.J. Pietro and W.J. Hehre, J. Comp. Chem.  
   Y - Cd: (15s,12p,6d) -> [5s,4p,2d] 4, 241 (1983).                              
  ***********************************************************************         


  Cartesian Coordinates
  ---------------------

  Total number of coordinates:  9


   1   C        x      0.0000000000
   2            y      0.0000000000
   3            z      0.0000000000

   4   O    1   x      2.1316110791
   5            y      0.0000000000
   6            z      0.0000000000

   7   O    2   x     -2.1316110791
   8            y     -0.0000000000
   9            z     -0.0000000000



  Symmetry Coordinates
  --------------------

  Number of coordinates in each symmetry:   2  1  4  2


  Symmetry 1

   1   O     x    [ 4  -  7 ]/2
   2   O     y    [ 5  -  8 ]/2


  Symmetry 2

   3   O     z    [ 6  -  9 ]/2


  Symmetry 3

   4   C     x    1
   5   C     y    2
   6   O     x    [ 4  +  7 ]/2
   7   O     y    [ 5  +  8 ]/2


  Symmetry 4

   8   C     z    3
   9   O     z    [ 6  +  9 ]/2


   Interatomic separations (in Angstroms):
   ---------------------------------------

            C           O  1        O  2

   C       0.000000
   O  1    1.128000    0.000000
   O  2    1.128000    2.256000    0.000000




  Bond distances (angstroms):
  ---------------------------

                  atom 1     atom 2                           distance
                  ------     ------                           --------
  bond distance:    O  1       C                              1.128000
  bond distance:    O  2       C                              1.128000


  Bond angles (degrees):
  ----------------------

                  atom 1     atom 2     atom 3                   angle
                  ------     ------     ------                   -----
  bond angle:       O  2       C          O  1                 180.000


  Nuclear repulsion energy :   60.048477537589


                                GETLAB: AO-labels
                                -----------------

   * Large components:   12
     1  L C     s        2  L C     px       3  L C     py       4  L C     pz       5  L O   1 s        6  L O   2 s   
     7  L O   1 px       8  L O   1 py       9  L O   1 pz      10  L O   2 px      11  L O   2 py      12  L O   2 pz  
   * Small components:   30
    13  S C     s       14  S C     px      15  S C     py      16  S C     pz      17  S C     dxx     18  S C     dxy 
    19  S C     dxz     20  S C     dyy     21  S C     dyz     22  S C     dzz     23  S O   1 s       24  S O   2 s   
    25  S O   1 px      26  S O   1 py      27  S O   1 pz      28  S O   2 px      29  S O   2 py      30  S O   2 pz  
    31  S O   1 dxx     32  S O   1 dxy     33  S O   1 dxz     34  S O   1 dyy     35  S O   1 dyz     36  S O   1 dzz 
    37  S O   2 dxx     38  S O   2 dxy     39  S O   2 dxz     40  S O   2 dyy     41  S O   2 dyz     42  S O   2 dzz 


                                GETLAB: SO-labels
                                -----------------

   * Large components:   12
     1  L Ag C  s        2  L Ag O  s        3  L Ag O  px       4  L Ag O  py       5  L Bg O  pz       6  L Bu C  px  
     7  L Bu C  py       8  L Bu O  s        9  L Bu O  px      10  L Bu O  py      11  L Au C  pz      12  L Au O  pz  
   * Small components:   30
    13  S Ag C  s       14  S Ag C  dxx     15  S Ag C  dxy     16  S Ag C  dyy     17  S Ag C  dzz     18  S Ag O  s   
    19  S Ag O  px      20  S Ag O  py      21  S Ag O  dxx     22  S Ag O  dxy     23  S Ag O  dyy     24  S Ag O  dzz 
    25  S Bg C  dxz     26  S Bg C  dyz     27  S Bg O  pz      28  S Bg O  dxz     29  S Bg O  dyz     30  S Bu C  px  
    31  S Bu C  py      32  S Bu O  s       33  S Bu O  px      34  S Bu O  py      35  S Bu O  dxx     36  S Bu O  dxy 
    37  S Bu O  dyy     38  S Bu O  dzz     39  S Au C  pz      40  S Au O  pz      41  S Au O  dxz     42  S Au O  dyz 


  Symmetry Orbitals
  -----------------

  Number of orbitals in each symmetry:           60    21    57    24
  Number of large orbitals in each symmetry:     18     3    18     6
  Number of small orbitals in each symmetry:     42    18    39    18

* Large component functions

  Symmetry  Ag ( 1)

        6 functions:    C  s   
        6 functions:    O  s   1+2
        3 functions:    O  px  1-2
        3 functions:    O  py  1-2

  Symmetry  Bg ( 2)

        3 functions:    O  pz  1-2

  Symmetry  Bu ( 3)

        3 functions:    C  px  
        3 functions:    C  py  
        6 functions:    O  s   1-2
        3 functions:    O  px  1+2
        3 functions:    O  py  1+2

  Symmetry  Au ( 4)

        3 functions:    C  pz  
        3 functions:    O  pz  1+2

* Small component functions

  Symmetry  Ag ( 1)

        3 functions:    C  s   
        3 functions:    C  dxx 
        3 functions:    C  dxy 
        3 functions:    C  dyy 
        3 functions:    C  dzz 
        3 functions:    O  s   1+2
        6 functions:    O  px  1-2
        6 functions:    O  py  1-2
        3 functions:    O  dxx 1+2
        3 functions:    O  dxy 1+2
        3 functions:    O  dyy 1+2
        3 functions:    O  dzz 1+2

  Symmetry  Bg ( 2)

        3 functions:    C  dxz 
        3 functions:    C  dyz 
        6 functions:    O  pz  1-2
        3 functions:    O  dxz 1+2
        3 functions:    O  dyz 1+2

  Symmetry  Bu ( 3)

        6 functions:    C  px  
        6 functions:    C  py  
        3 functions:    O  s   1-2
        6 functions:    O  px  1+2
        6 functions:    O  py  1+2
        3 functions:    O  dxx 1-2
        3 functions:    O  dxy 1-2
        3 functions:    O  dyy 1-2
        3 functions:    O  dzz 1-2

  Symmetry  Au ( 4)

        6 functions:    C  pz  
        6 functions:    O  pz  1+2
        3 functions:    O  dxz 1-2
        3 functions:    O  dyz 1-2


   ***************************************************************************
   *************************** Hamiltonian defined ***************************
   ***************************************************************************

 * Print level:    0
 * Dirac-Coulomb Hamiltonian
 * SS integrals neglected:
   Interatomic Coulombic SS-contributions modelled by
   classical repulsion of small component atomic charges
   using tabulated charges.
 * Default integral flags passed to all modules
   - LL-integrals:     1
   - LS-integrals:     1
   - SS-integrals:     0
   - GT-integrals:     0
 * Basis set:
   - uncontracted large component basis set
   - uncontracted small component basis set


 Information about the restricted kinetic balance scheme:
 * Default RKB projection:
   1: Pre-projection in scalar basis
   2: Removal of unphysical solutions (via diagonalization of free particle Hamiltonian)


    **************************************************************************
    ************************** Wave function module **************************
    **************************************************************************

 Jobs in this run (in execution order):
 * Hartree-Fock calculation

 * Initial Automatic occupation based on:
   Total charge of atoms =  22
   Charge of molecule    =   0
   i.e. no. of electrons =  22
===========================================================================
 DHFINP: Set-up for Hartree-Fock calculation:
===========================================================================
 * Number of fermion irreps: 2
 * Bare nucleus screening correction used for start guess
 * General print level   :   0
 ***** TRIAL FUNCTION *****
 * Trial vectors read from file DFCOEF
 ***** CONVERGENCE CRITERIA *****
 * Convergence on norm of error vector (gradient).
   Desired convergence:1.000D-07
   Allowed convergence:1.000D-06

 ***** CONVERGENCE CONTROL *****
 * Fock matrix constructed using differential density matrix
    with optimal parameter.
 * DIIS (in MO basis)
 * DIIS will be activated when convergence reaches : 1.00D+20
   - Maximum size of B-matrix:   10
 * Damping of Fock matrix when DIIS is not activated. 
   Weight of old matrix    : 0.250
 * Maximum number of SCF iterations  :   50
 * No quadratic convergent Hartree-Fock
 * DHF occupation is allowed to change during SCF cycles.
 * Contributions from 2-electron integrals to Fock matrix:
   LL-integrals.
   SL-integrals from iteration    1
 ***** OUTPUT CONTROL *****
 * Only electron eigenvalues written out.


   ***************************************************************************
   ***************************** Analysis module *****************************
   ***************************************************************************



 ********************************************************************************
 *************************** Input consistency checks ***************************
 ********************************************************************************



    *************************************************************************
    ************************ End of input processing ************************
    *************************************************************************

 PAMSET reports: TWOCOMPBSS F


                       Generating Lowdin canonical matrix:
                       -----------------------------------

   L   Ag    * Deleted:          0(Proj:          0, Lindep:          0)
   L   Bg    * Deleted:          0(Proj:          0, Lindep:          0)
   S   Bu    * Deleted:          3(Proj:          3, Lindep:          0)
   S   Au    * Deleted:          0(Proj:          0, Lindep:          0)
   L   Bu    * Deleted:          0(Proj:          0, Lindep:          0)
   L   Au    * Deleted:          0(Proj:          0, Lindep:          0)
   S   Ag    * Deleted:          6(Proj:          6, Lindep:          0)
   S   Bg    * Deleted:          0(Proj:          0, Lindep:          0)


                                Output from MODHAM
                                ------------------

* Applied strict kinetic balance !


      **********************************************************************
      ************************* Orbital dimensions *************************
      **********************************************************************

                                   Irrep 1 Irrep 2   Sum
No. of electronic orbitals (NESH):    21      24      45
No. of positronic orbitals (NPSH):    21      24      45
Total no. of orbitals      (NORB):    42      48      90

  *** Visualisation module ***
  Visualisation : DFCOEF file read
 symmetric connection is used in visual_london
 read symmetry info for connection matrices
 entering ivector, p_name, len_trim(p_name) =            1 dS/dBZ           6


                         +-------------------------------+
                         ! Requested density at point(s) !
                         +-------------------------------+


     r_x           r_y           r_z            scalar          x-component       y-component       z-component

  0.100000E+01  0.500000E+00  0.000000E+00  0.6899774942E-01  0.0000000000E+00  0.0000000000E+00  0.0000000000E+00
  0.100000E+01  0.100000E+01  0.000000E+00 -0.1246264905E-01  0.0000000000E+00  0.0000000000E+00  0.0000000000E+00
 -0.112800E+01  0.000000E+00  0.000000E+00  0.8204572203E-01  0.0000000000E+00  0.0000000000E+00  0.0000000000E+00
  0.112800E+01  0.000000E+00  0.000000E+00  0.8204572203E-01  0.0000000000E+00  0.0000000000E+00  0.0000000000E+00

----------------------------------------------------------------------------------------------------


 >>>> time used in plot:   0.00 seconds
 >>>> time used in integration:   0.00 seconds

 
     Date and time (Linux)  : Thu Apr  7 12:15:37 2011 
     Host name              :                                         
>>>> Node 0, utime: 0, stime: 0, minflt: 128058, majflt: 0, nvcsw: 0, nivcsw: 84, maxrss: 509824
>>>> Total WALL time used in DIRAC: 1s
********** E N D   of   D I R A C  output  **********
*****************************************************

  
  Dynamical Memory Usage Summary
  
  Mean allocation size (Mb) :        28.82
  
  Largest          10  allocations
  
      488.28 Mb at subroutine                                            for work array at main                        
        0.60 Mb at subroutine                                            for unnamed variable                          
        0.20 Mb at subroutine                                            for buf in butobs                             
        0.20 Mb at subroutine                                            for buf in butobs                             
        0.20 Mb at subroutine                                            for unnamed variable                          
        0.10 Mb at subroutine                                            for unnamed variable                          
        0.10 Mb at subroutine                                            for unnamed variable                          
        0.10 Mb at subroutine                                            for unnamed variable                          
        0.00 Mb at subroutine                                            for unnamed variable                          
        0.00 Mb at subroutine                                            for unnamed variable                          
  
  Peak memory usage    (Mb) :       489.00
       reached at subroutine :                                           
              for variable   : unnamed variable                          
  
  Memory possibly left allocated! 
     dumping list now... 
  
  <<< Tracked variables, alloc >>>
      >>>            2  variables so far
      >>> (de)allocated data details <<<
          var. name                   : unnamed variable                                                                                                                    
               kind                   :            8
               tot.dim. (<1 if array) :        78732
               was allocated at       :                                                                                                                                     
               mem.addr. (as integer) :    293054904
      >>> (de)allocated data details <<<
          var. name                   : unnamed variable                                                                                                                    
               kind                   :            8
               tot.dim. (<1 if array) :          486
               was allocated at       :                                                                                                                                     
               mem.addr. (as integer) :    294549296
      >>> Done after           2  el.
  
  There were           17  allocations/            15  deallocations
      Current memory usage (in Mb) is    1.0000000000000000     
 MEMGET high-water mark:     1.91 MB

*****************************************************
