DIRAC launched (pam script) by gosia@ibm at czw, 29 lip 2010, 21:23:40 CEST
in : /home/gosia/dirac.git/work/test/visual_lao
===========================================================================================
Size of all static allocations (pam script) : 74.9612 MB
DIRAC serial allocating 63963136 words (488 MB) of memory
 ******************************************************************************
 *                                                                            *
 *                                O U T P U T                                 *
 *                                   from                                     *
 *                                                                            *
 *                   @@@@@    @@   @@@@@     @@@@     @@@@@                   *
 *                   @@  @@        @@  @@   @@  @@   @@                       *
 *                   @@  @@   @@   @@@@@    @@@@@@   @@                       *
 *                   @@  @@   @@   @@ @@    @@  @@   @@                       *
 *                   @@@@@    @@   @@  @@   @@  @@    @@@@@                   *
 *                                                                            *
 *                                                                            *
 %}ZS)S?$=$)]S?$%%>SS$%S$ZZ6cHHMHHHHHHHHMHHM&MHbHH6$L/:<S///</:|/:|:/::!:.::--:
 $?S$$%$$$$?%?$(SSS$SSSHMMMMMMMMMMMMMMMMMM6H&6S&SH&&k?6$r~::://///::::::.:::-::
 (%?)Z??$$$(S%$>$)S6HMMMMMMMMMMMMMMMMMMMMMMR6M]&&$6HR$&6(i::::::|i|:::::::-:-::
 $S?$$)$?$%?))?S/]#MMMMMMMMMMMMMMMMMMMMMMMMMMHM1HRH9R&$$$|):?:/://|:/::/:/.::.:
 SS$%%?$%((S)?Z[6MMMMMMMMMMMMMMMMMMMMMMMMMMMMMMMMM&HF$$&/)S?<~::!!:::::::/:-:|.
 SS%%%%S$%%%$$MMMMMMMMMMMMMMMMMMMMMMMMMMMMMMMMMMMHHHHHHM>?/S/:/:::`:/://:/::-::
 ?$SSSS?%SS$)MMMMMMMMMMMMMMMMMMMMMMMMMMMMMMMMMMMMMMMMMMM/4?:S:/:::/:::/:/:::.::
 S$(S?S$%(?$HMMMMMMMMMMMMMMMMM#&7RH99MMMMMMMMMMMMMMMMMMHHHd$/:::::/::::::-//.:.
 (?SS(%)S&HMMMMMMMMMMMMMMMMM#S|///???$9HHMMMMMMMMMDSZ&1S/?</>?~:///::|/!:/-:-:.
 $S?%?<H(MMMMMMMMMMMMMMMMR?`. :.:`::<>:``?/*?##*)$:/>       `((%://::/:::::/::/
 S$($$)HdMMMMMMMMMMMMMMMP: . `   `  `    `      `-            `Z<:>?::/:::::|:i
 c%%%&HMMMMMMMMMMMMMMMM6:                                      `$%)>%%</>!:::::
 S?%/MMMMMMMMMMMMMMMMMMH-                                        /ZSS>?:?~:;/::
 $SZ?MMMMMMMMMMMMMMMMMH?.                                        \"&((/?//?|:::
 $%$%&MMMMMMMMMMMMMMMMM:.                                          ?%/S:</::/::
 ($?}&HMMMMMMMMMMMMMMMM>:                                          $%%<?/i:|i::
 Z$($&MMMMMMMMMMMMMMMMHk(:.  . -                                   .S/\?\?/!:/:
 (??$<HMMMMMMMMMMMMMMMFk|:   -.-.                                  :%/%/(:/:ii|
 SZ(S?]MMMMMMMMMMMMMMHS?:- -  ::.:                                  |/S:</::?||
 $%)$$(MMMMMMMMMMMMMMR):`:. :.:::`,,/bcokb/_                       :S?%?|~:/:/:
 %$$%$)[[?$?MMMMMMMMMM: :.:-.::::$7?<&7&MMMMMMM#/           _ .. ..:</?:(:/::::
 $$$?Z?HHH~|/MMMMMMMMM/`.-.:.:/:%%%%?dHMMMMMMMMMMH?,-   .,bMMMM6//./i~/~:<:::/:
 $($S$M//::S?ZHMMMMMH/:.`:::.:/%S/&MMHMMMMMMMMRM&><   ,HMMMMMMMF  :::?:///:|:::
 )[$S$S($|_i:#>::*H&?/::.::/:\"://:?>>`:&HMHSMMMM$:`-   MMHMMMMHHT .)i/?////::/
 $$[$$>$}:dHH&$$--?S::-:.:::--/-:``./::>%Zi?)&/?`:.`   `H?$T*\" `  /%?>%:)://ii|
 $&=&/ZS}$RF<:?/-.|%r/:::/:/:`.-.-..|::S//!`\"``          >??:    `SS<S:)!/////|
 Z&]>b[Z(Z?&%:::../S$$:>:::i`.`. `-.`  `                         ,>%%%:>/>/!|:/
 $$&/F&1$c$?>:>?/,>?$$ZS/::/:-: ...                              |S?S)S?<~:::::
 &$&$&$k&>>|?<:<?((/$[/?)i~/:/. - -                              S?:%%%?/:::/::
 =[/Z[[Fp[MMH$>?Z&S$$$/$S///||..-           -.-                  /((S$:%<:///:/
 $&>1MHHMMMM6M9MMMM$Z$}$S%/:::.`.            .:/,,,dcb>/:.       ((SSSS%:)!//i|
 MMMMMMMMMMMR&&RRRHR&&($(?:|i::-             .:%&S&$[&H&``     ../>%;/?>??:<::>
 MMMMMMMMMMMMS/}S$&&H&[$SS//:::.:.   . . .v</Jq1&&D]&M&<,      :/::/?%%)S>?://:
 MMMMMMMMMMMM?}$/$$kMM&&$(%/?//:..`.  .|//1d/`://?*/*/\"` `     .:/(SS$%(S%)):%
 MMMMMMMMMMMM(}$$>&&MMHR#$S%%:?::.:|-.`:;&&b/D/$p=qpv//b/~`   :/~~%%??$=$)Z$S+;
 MMMMMMMMMMMM[|S$$Z1]MMMMD[$?$:>)/::: :/?:``???bD&{b<<-`     .,:/)|SS(}Z/$$?/<S
 MMMMMMMMMMMM||$)&7k&MMMMH9]$$??Z%|!/:i::`  `` .             SS?SS?Z/]1$/&$c/$S
 MMMMMMMMMMMM| -?>[&]HMMMMMMMH1[/7SS(?:/..-` ::/Sc,/_,     _<$?SS%$S/&c&&$&>//<
 MMMMMMMMMMMMR  `$&&&HMM9MMMMMMM&&c$%%:/:/:.:.:/\?\?/\    _MMHk/7S/]dq&1S<&&></
 MMMMMMMMMMMMM?  :&96MHMMMMMMMMMMMHHk[S%(<<:// `         ,MMMMMMM&/Z6H]DkH]1$&&
 MMMMMMMMMMMMMD    99H9HMMMMMMMMMMMMMMMb&%$<:i.:....    .MMMMMMMMM6HHHRH&H&H1SF
 MMMMMMMMMMMMMM|   `?HMMMMMMMMMMMMMMMMMMMHk6k&>$&Z$/?_.bHMMMMMMMMMMM&6HRM9H6]Zk
 MMMMMMMMMMMMMMM/    `TMMMMMMMMMMMMMMMMMMMMMMMMMMMMMMMMMMMMMMMMMMMMMMHMH6RH&R6&
 MMMMMMMMMMMMMMMM    -|?HMMMMMMMMMMMMMMMMMMMMMMMMMMMMMMMMMMMMMMMMMMMMMFHH6HMD&&
 MMMMMMMMMMMMMMMMk  ..:~?9MMMMMMMMMMMMM#`:MMMMMMMMMMMMMMMMMMMMMMMMMMMMM9MHkR6&F
 MMMMMMMMMMMMMMMMM/  .-!:%$ZHMMMMMMMMMR` dMMMMMMMMMMMMMMMMMMMMMMMMMMMMM9MRMHH9&
 MMMMMMMMMMMMMMMMMML,:.-|::/?&&MMMMMM` .MMMMMMMMMMMMMMMMMMMMMMMMMMMMMMMMHRMH&&6
 MMMMMMMMMMMMMMMMMMMc%>/:::i<:SMMMMMMHdMMMMMMMMMMMMMMMMMMMMMMMMMMMMMMMMHHM&969k
 MMMMMMMMMMMMMMMMMMMMSS/$$/(|HMMMMMMMMMMMMMMMMMMMMMMMMMMMMMMMMMMMMMMMMMMMHH&HH&
 MMMMMMMMMMMMMMMMMMMM6S/?/MMMMMMMMMMMMMMMMMMMMMMMMMMMMMMMMMMMMMMMMMMMMMR96H1DR1
 MMMMMMMMMMMMMMMMMMMMM&$MHMMMMMMMMMMMMMMMMMMMMMMMMMMMMMMMMMMMMMMMMMMMMMHMH691&&
 MMMMMMMMMMMMMMMMMMMMMMMMMMMMMMMMMMMMMMMMMMMMMMMMMMMMMMMMMMMMMMMMMMMMMMMMH&R&9Z
 MMMMMMMMMMMMMMMMMMMMMMMMMRHMMMMMMMMMMMMMMMMMMMMMMMMMMMMMMMMMMMMMMMMMMMMH&96][6
 MMMMMMMMMMMMMMMMMMMMMMMMp?:MMMMMMMMMMMMMMMMMMMMMMMMMMMMMMMMMMMMMMMMMMM96HH1][F
 MMMMMMMMMMMMMMMMMMMMMMMM> -HMMMMMMMMMMMMMMMMMMMMMMMMMMMMMMMMMMMMMMMMMMMH&1k&$&
 ******************************************************************************
 *                                                                            *
 *         =======================================================            *
 *                     Program for Atomic and Molecular                       *
 *          Direct Iterative Relativistic Allelectron Calculations            *
 *         =======================================================            *
 *                                                                            *
 *                        VERSION 08.00  17 September 2008                    *
 *                                                                            *
 ******************************************************************************
 *                                                                            *
 *    Written by:                                                             *
 *                                                                            *
 *    Lucas Visscher           VU University Amsterdam           Netherlands  *
 *    Hans Joergen Aa. Jensen  University of Southern Denmark    Denmark      *
 *    Trond Saue               CNRS/ULP Strasbourg               France       *
 *                                                                            *
 *    with new contributions to DIRAC08 from:                                 *
 *                                                                            *
 *    Radovan Bast             University of Tromsoe             Norway       *
 *    Sebastien Dubillard      CNRS/ULP Strasbourg               France       *
 *    Kenneth G. Dyall         Schrodinger, Inc., Portland       USA          *
 *    Ulf Ekstrom              VU University Amsterdam           Netherlands  *
 *    Ephraim Eliav            University of Tel Aviv            Israel       *
 *    Timo Fleig               Universit√© P. Sabatier, Toulouse  France       *
 *    Andre S. P. Gomes        VU University Amsterdam           Netherlands  *
 *    Trygve U. Helgaker       University of Oslo                Norway       *
 *    Johan Henriksson         Linkoeping University             Sweden       *
 *    Miroslav Ilias           University of Zilina              Slovakia     *
 *    Christoph R. Jacob       ETH Zurich                        Switzerland  *
 *    Stefan Knecht            University of Duesseldorf         Germany      *
 *    Patrick Norman           Linkoeping University             Sweden       *
 *    Jeppe Olsen              Aarhus University                 Denmark      *
 *    Markus Pernpointner      University of Heidelberg          Germany      *
 *    Kenneth Ruud             University of Tromsoe             Norway       *
 *    Pawel Salek              Stockholm Inst. of Technology     Sweden       *
 *    Jetze Sikkema            VU University Amsterdam           Netherlands  *
 *                                                                            *
 *    For the complete list of contributors to the DIRAC code see our         *
 *    website http://dirac.chem.sdu.dk                                        *
 *                                                                            *
 *    This is an experimental code. The authors accept no responsibility      *
 *    for the performance of the code or for the correctness of the results.  *
 *                                                                            *
 *    The code (in whole or part) is not to be reproduced for further         *
 *    distribution without the written permission of the authors or           *
 *    their representatives.                                                  *
 *                                                                            *
 *    If results obtained with this code are published, an                    *
 *    appropriate citation would be:                                          *
 *                                                                            *
 *    DIRAC, a relativistic ab initio electronic structure program,           *
 *    Release DIRAC08 (2008),                                                 *
 *    written by L. Visscher, H. J. Aa. Jensen, and T. Saue,                  *
 *    with new contributions from R. Bast, S. Dubillard, K. G. Dyall,         *
 *    U. Ekstrom, E. Eliav, T. Fleig, A. S. P. Gomes, T. U. Helgaker,         *
 *    J. Henriksson, M. Ilias, Ch. R. Jacob, S. Knecht, P. Norman,            *
 *    J. Olsen, M. Pernpointner, K. Ruud, P. Salek, and J. Sikkema            *
 *    (see http://dirac.chem.sdu.dk).                                         *
 *                                                                            *
 ******************************************************************************
 Version           : Dirac 8.0 (patchlevel 0) 
 Hostname          : ibm
 Operating system  : Linux 2.6.31-22-generic
 Machine           : i686
 Run               : Sequential
 Last compilation  : 19:59:48 Jul 29 2010 (by gosia@ibm:/home/gosia/dirac.git/work)
 FORTRAN compiler  : /usr/bin/gfortran -g -fno-range-check -Iinclude -Jmodules -DARCH32BIT -DUSE_DIRAC_BLAS -DUSE_DIRAC_DLAMCH -DUSE_DIRAC_DLAPACK -DUSE_DIRAC_ZLAPACK -DVAR_GFORTRAN -DGFORTRAN=441 -DPRG_DIRAC -DSYS_LINUX -DINSTALL_WRKMEM=63963136 -DVAR_MFDS -DMOD_ERI -DMOD_DNF -DMOD_KRMC -DMOD_ESR -DMOD_XPP -DMOD_STEX -DMOD_EMB -DMOD_ADC -DMOD_VISUAL -DMOD_OPENRSP -DMOD_UNRELEASED -DMOD_MATRIX_OPERATIONS -DMOD_IHFSCC -DMOD_AMFI -DMOD_LONDON 
 C compiler        : /usr/bin/gcc -g -Iinclude -D_FILE_OFFSET_BITS=64 -D_LARGEFILE_SOURCE  -D_LARGEFILE64_SOURCE -DMOD_ERI -DMOD_DNF -DMOD_KRMC -DMOD_ESR -DMOD_XPP -DMOD_STEX -DMOD_EMB -DMOD_ADC -DMOD_VISUAL -DMOD_OPENRSP -DMOD_UNRELEASED -DMOD_MATRIX_OPERATIONS -DMOD_IHFSCC -DMOD_AMFI -DMOD_LONDON -DSYS_LINUX -DINSTALL_WRKMEM=63963136 -DSYS_FLAVOR=LINUX 
 External libraries:  
 Internal libraries: DIRAC_BLAS=YES  DIRAC_LAPACK=YES 
 ILP data model    : ILP32 
 SVN URL:          : 'unknown Subversion URL' 
 SVN Changeset     : 'unknown Subversion revision' 

 
     Date and time (Linux)  : Thu Jul 29 21:23:41 2010 
     Host name              :                                         


 *******************************************************************************
 ************************** Input read from DIRAC.INP **************************
 *******************************************************************************

**DIRAC
.ANALYZE
**HAMILTONIAN
.LVCORR
**INTEGRALS
.NUCMOD
2
*TWOINT
.SCREEN
1.0D-16
*READIN
.UNCONTRACT
**WAVE FUNCTION
.DHF
**ANALYZE
.VISUAL
*VISUAL
.QUANTITIES
2
PAMXVC 1 18 1
PAMXVC 2 18 1
.LONDON
AOPROPER Z natural 7
AOPROPER Z natural 7
.LIST
 4
 1.0000000000    0.5000000000    0.0000000000
 1.0000000000    1.0000000000    0.0000000000
-1.1280000000    0.0000000000    0.0000000000
 1.1280000000    0.0000000000    0.0000000000
*END OF


    *************************************************************************
    ********************* DIRAC: No title specified !!! *********************
    *************************************************************************

 Jobs in this run:
   * Analysis


    **************************************************************************
    ************************** General DIRAC set-up **************************
    **************************************************************************

   CODATA Recommended Values of the Fundamental Physical Constants: 1998  
                Peter J. Mohr and Barry N. Taylor                         
   Journal of Physical and Chemical Reference Data, Vol. 28, No. 6, 1999  
 * The speed of light :        137.0359998
 * Running in the four-component mode
 * Direct evaluation of the following two-electron integrals:
   - LL-integrals
   - SL-integrals
   - SS-integrals
   - GT-integrals
 * Spherical transformation embedded in MO-transformation
   for large components
 * Transformation to scalar RKB basis embedded in
   MO-transformation for small components
 * Thresholds for linear dependence:
   Large components:   1.00D-06
   Small components:   1.00D-08
 DFPCMO: IBEIG read in I2 format.
 * General print level   :   0


    *************************************************************************
    ****************** Output from HERMIT input processing ******************
    *************************************************************************

 Default print level:        1
 Nuclear model: Gaussian charge distribution.

 Two-electron integrals not calculated.


 Ordinary (field-free non-relativistic) Hamiltonian integrals not calculated.



  Set-up from HR2INP:
  -------------------

 Print level in TWOINT:    1
 * Direct calculation of Fock matrices in SO-basis.
 * User specified screening threshold in direct Fock matrix construction: 1.00E-16
 * Separate density screening of Coulomb integral batches
 * Separate density screening of exchange integral batches


 Changes of defaults for READIN:
 -------------------------------


 Uncontracted basis forced, irrespective of basis input file.



 Settings for FCK3 calculation:
 ------------------------------

Dynamical threshold is not (yet) implemented in DIRAC


    *************************************************************************
    ****************** Output from READIN input processing ******************
    *************************************************************************



  Title Cards
  -----------

  .                                                                       
  .                                                                       

  Coordinates are entered in Angstroms and converted to atomic units.
          - Conversion factor : 1 bohr = 0.52917721 A

  Nuclear Gaussian exponent for atom of charge   6.000 :    6.8077502929D+08

  Nuclear Gaussian exponent for atom of charge   8.000 :    5.8631436655D+08


                          SYMGRP:Point group information
                          ------------------------------

Point group: C1 

   * Character table

        |  E 
   -----+-----
    A   |   1

   * Direct product table

        | A  
   -----+-----
    A   | A  


                            **************************
                            *** Output from DBLGRP ***
                            **************************

   * One fermion irrep:   E1 
   * Quaternionic group. NZ = 4
   * Direct product decomposition:
          E1  x E1  : A   + A   + A   + A  


                                 Spinor structure
                                 ----------------


   * Fermion irrep no.: 1
      La  |  A  (1)  A  (1)  |
      Sa  |  A  (1)  A  (1)  |
      Lb  |  A  (1)  A  (1)  |
      Sb  |  A  (1)  A  (1)  |


                              Quaternion symmetries
                              ---------------------

    Rep  T(+)
    -----------------------------
    A    1  i  j  k

  QM-QM nuclear repulsion energy :   60.048477537589
  QM-pc interaction energy       :    0.000000000000
  pc-pc interaction energy       :    0.000000000000
  Total interaction energy       :   60.048477537589


  Atoms and basis sets
  --------------------

  Number of atom types:     2
  Total number of atoms:    3

  label    atoms   charge   prim    cont     basis   
  ----------------------------------------------------------------------
  C           1       6      15      15      L  - [6s3p|6s3p]                                                    
                             39      39      S  - [3s6p3d|3s6p3d]                                                
  O           1       8      15      15      L  - [6s3p|6s3p]                                                    
                             39      39      S  - [3s6p3d|3s6p3d]                                                
  O           1       8      15      15      L  - [6s3p|6s3p]                                                    
                             39      39      S  - [3s6p3d|3s6p3d]                                                
  ----------------------------------------------------------------------
                             45      45      L  - large components
                            117     117      S  - small components
  ----------------------------------------------------------------------
  total:      3      22     162     162

  Cartesian basis used.
  Threshold for integrals (to be written to file):  1.00D-15

  MNF.INP input file (for the AMFI stuff) is ready.


  References for the basis sets
  -----------------------------

  Atom type   1   2
   Elements      Contraction                       References                     
   H - He: (3s)         -> [1s]       W.J. Hehre, R.F. Stewart and J.A. Pople,    
   Li - Ne: (6s,3p)     -> [2s,1p]    J. Chem. Phys. 2657 (1969).                 
   Na - Ar: (9s,6p)     -> [3s,2p]    W.J. Hehre, R. Ditchfield, R.F. Stewart,    
                                      J.A. Pople, J. Chem. Phys.  2769 (1970).    
   K,Ca - : (12s,9p)    -> [4s,3p]    W.J. Pietro, B.A. Levy, W.J. Hehre and R.F. 
   Ga - Kr                            Stewart, Inorg. Chem. 19, 2225 (1980).      
   Sc - Zn: (12s,9p,3d) -> [4s,3p,1d] W.J. Pietro and W.J. Hehre, J. Comp. Chem.  
   Y - Cd: (15s,12p,6d) -> [5s,4p,2d] 4, 241 (1983).                              
  ***********************************************************************         


  Cartesian Coordinates
  ---------------------

  Total number of coordinates:  9


   1   C        x      0.0000000000
   2            y      0.0000000000
   3            z      0.0000000000

   4   O        x      2.1316110791
   5            y      0.0000000000
   6            z      0.0000000000

   7   O        x     -2.1316110791
   8            y      0.0000000000
   9            z      0.0000000000



   Interatomic separations (in Angstroms):
   ---------------------------------------

            C           O           O   

   C       0.000000
   O       1.128000    0.000000
   O       1.128000    2.256000    0.000000




  Bond distances (angstroms):
  ---------------------------

                  atom 1     atom 2                           distance
                  ------     ------                           --------
  bond distance:    O          C                              1.128000
  bond distance:    O          C                              1.128000


  Bond angles (degrees):
  ----------------------

                  atom 1     atom 2     atom 3                   angle
                  ------     ------     ------                   -----
  bond angle:       O          C          O                    180.000


  Nuclear repulsion energy :   60.048477537589


                                GETLAB: AO-labels
                                -----------------

   * Large components:   12
     1  L C     s        2  L C     px       3  L C     py       4  L C     pz       5  L O     s        6  L O     px  
     7  L O     py       8  L O     pz       9  L O     s       10  L O     px      11  L O     py      12  L O     pz  
   * Small components:   30
    13  S C     s       14  S C     px      15  S C     py      16  S C     pz      17  S C     dxx     18  S C     dxy 
    19  S C     dxz     20  S C     dyy     21  S C     dyz     22  S C     dzz     23  S O     s       24  S O     px  
    25  S O     py      26  S O     pz      27  S O     dxx     28  S O     dxy     29  S O     dxz     30  S O     dyy 
    31  S O     dyz     32  S O     dzz     33  S O     s       34  S O     px      35  S O     py      36  S O     pz  
    37  S O     dxx     38  S O     dxy     39  S O     dxz     40  S O     dyy     41  S O     dyz     42  S O     dzz 


  Symmetry Orbitals
  -----------------

  Number of orbitals in each symmetry:          162
  Number of large orbitals in each symmetry:     45
  Number of small orbitals in each symmetry:    117

* Large component functions

  Symmetry  A  ( 1)

        6 functions:    C  s   
        3 functions:    C  px  
        3 functions:    C  py  
        3 functions:    C  pz  
        6 functions:    O  s   
        3 functions:    O  px  
        3 functions:    O  py  
        3 functions:    O  pz  
        6 functions:    O  s   
        3 functions:    O  px  
        3 functions:    O  py  
        3 functions:    O  pz  

* Small component functions

  Symmetry  A  ( 1)

        3 functions:    C  s   
        6 functions:    C  px  
        6 functions:    C  py  
        6 functions:    C  pz  
        3 functions:    C  dxx 
        3 functions:    C  dxy 
        3 functions:    C  dxz 
        3 functions:    C  dyy 
        3 functions:    C  dyz 
        3 functions:    C  dzz 
        3 functions:    O  s   
        6 functions:    O  px  
        6 functions:    O  py  
        6 functions:    O  pz  
        3 functions:    O  dxx 
        3 functions:    O  dxy 
        3 functions:    O  dxz 
        3 functions:    O  dyy 
        3 functions:    O  dyz 
        3 functions:    O  dzz 
        3 functions:    O  s   
        6 functions:    O  px  
        6 functions:    O  py  
        6 functions:    O  pz  
        3 functions:    O  dxx 
        3 functions:    O  dxy 
        3 functions:    O  dxz 
        3 functions:    O  dyy 
        3 functions:    O  dyz 
        3 functions:    O  dzz 


   ***************************************************************************
   *************************** Hamiltonian defined ***************************
   ***************************************************************************

 * Print level:    0
 * Dirac-Coulomb Hamiltonian
 * SS integrals neglected:
   Interatomic Coulombic SS-contributions modelled by
   classical repulsion of small component atomic charges
   using tabulated charges.
 * Default integral flags passed to all modules
   - LL-integrals:     1
   - LS-integrals:     1
   - SS-integrals:     0
   - GT-integrals:     0
 * Basis set:
   - uncontracted large component basis set
   - uncontracted small component basis set


 Information about the restricted kinetic balance scheme:
 * Default RKB projection:
   1: Pre-projection in scalar basis
   2: Removal of unphysical solutions (via diagonalization of free particle Hamiltonian)


 *******************************************************************************
 ************************** Memory required by HERMIT **************************
 *******************************************************************************

===========================================================================
 Maximum memory load for two-electron integral processing:
===========================================================================
 * LL-integrals:
   4(O    Lp)   2(C    Lp)   4(O    Lp)   2(C    Lp)               32742
 * SL-integrals:
  11(O    Sp)   8(C    Sp)   4(O    Lp)   2(C    Lp)              125975


    **************************************************************************
    ************************** Wave function module **************************
    **************************************************************************

 Jobs in this run (in execution order):
 * Hartree-Fock calculation

 * Initial Automatic occupation based on:
   Total charge of atoms =  22
   Charge of molecule    =   0
   i.e. no. of electrons =  22
===========================================================================
 DHFINP: Set-up for Hartree-Fock calculation:
===========================================================================
 * Number of fermion irreps: 1
 * Closed shell SCF calculation with   22 electrons in
      11 orbitals in Fermion irrep 1
 * Bare nucleus screening correction used for start guess
 * General print level   :   0
 ***** TRIAL FUNCTION *****
 * Trial vectors read from file DFCOEF
 ***** CONVERGENCE CRITERIA *****
 * Convergence on norm of error vector (gradient).
   Desired convergence:1.000D-07
   Allowed convergence:1.000D-06

 ***** CONVERGENCE CONTROL *****
 * Fock matrix constructed using differential density matrix
    with optimal parameter.
 * DIIS (in MO basis)
 * DIIS will be activated when convergence reaches : 1.00D+20
   - Maximum size of B-matrix:   10
 * Damping of Fock matrix when DIIS is not activated. 
   Weight of old matrix    : 0.250
 * Maximum number of SCF iterations  :   50
 * No quadratic convergent Hartree-Fock
 * Contributions from 2-electron integrals to Fock matrix:
   LL-integrals.
   SL-integrals from iteration    1
 ***** OUTPUT CONTROL *****
 * Only electron eigenvalues written out.


   ***************************************************************************
   ***************************** Analysis module *****************************
   ***************************************************************************



 ********************************************************************************
 *************************** Input consistency checks ***************************
 ********************************************************************************



    *************************************************************************
    ************************ End of input processing ************************
    *************************************************************************



                       Generating Lowdin canonical matrix:
                       -----------------------------------

   L   A     * Deleted:          0(Proj:          0, Lindep:          0)
   S   A     * Deleted:          9(Proj:          9, Lindep:          0)


                                Output from MODHAM
                                ------------------

* Applied strict kinetic balance !


      **********************************************************************
      ************************* Orbital dimensions *************************
      **********************************************************************

No. of positive energy orbitals (NESH):    45
No. of negative energy orbitals (NPSH):    45
Total no. of orbitals           (NORB):    90
 >>> Time used in PAMSET is   0.44 seconds

  *** Visualisation module ***
  Visualisation : DFCOEF file read
 visual_london: natural connection used
 visual_london: direct contribution included
 visual_london: response contribution included
 visual_london: reorthonorm. contrib. included
 natural connection is used in visual_london
 gosia: nz, nfsym, jbtof(D_con_mo%irep, 1) =            4           1           1
 visual_london: natural connection used
 visual_london: direct contribution included
 visual_london: response contribution included
 visual_london: reorthonorm. contrib. included
 natural connection is used in visual_london
 gosia: nz, nfsym, jbtof(D_con_mo%irep, 1) =            4           1           1


                         +-------------------------------+
                         ! Requested density at point(s) !
                         +-------------------------------+


     r_x           r_y           r_z            scalar          x-component       y-component       z-component

  0.100000E+01  0.500000E+00  0.000000E+00 -0.6891826141E-01  0.0000000000E+00  0.0000000000E+00  0.0000000000E+00
  0.100000E+01  0.100000E+01  0.000000E+00  0.1256039495E-01  0.0000000000E+00  0.0000000000E+00  0.0000000000E+00
 -0.112800E+01  0.000000E+00  0.000000E+00 -0.8161690294E-01  0.0000000000E+00  0.0000000000E+00  0.0000000000E+00
  0.112800E+01  0.000000E+00  0.000000E+00 -0.8161690293E-01  0.0000000000E+00  0.0000000000E+00  0.0000000000E+00

----------------------------------------------------------------------------------------------------


 >>>> time used in plot:   0.02 seconds
 >>>> time used in integration:   0.00 seconds

 
     Date and time (Linux)  : Thu Jul 29 21:23:52 2010 
     Host name              :                                         
>>>> Node 0, utime: 10, stime: 0, minflt: 132474, majflt: 0, nvcsw: 0, nivcsw: 952, maxrss: 0
>>>> Total WALL time used in DIRAC: 12s
*****************************************************
********** E N D   of   D I R A C  output  **********
*****************************************************

