Master : DIRAC allocating 3000000 words of memory
******************************************************************************
*                                                                            *
*                                O U T P U T                                 *
*                                   from                                     *
*                                                                            *
*                   @@@@@    @@   @@@@@     @@@@     @@@@@                   *
*                   @@  @@        @@  @@   @@  @@   @@                       *
*                   @@  @@   @@   @@@@@    @@@@@@   @@                       *
*                   @@  @@   @@   @@ @@    @@  @@   @@                       *
*                   @@@@@    @@   @@  @@   @@  @@    @@@@@                   *
*                                                                            *
*                                                                            *
MMMMMMMMMMMMMMMMMMMMMMMMMMP!<<~"<<<<<!<<<<!!!!!<~"!****MMHMMMMMMMMX?HMXMMX9M?H
MMMMMMMMMMMMMMMMMMMMMMMM!M!<<<<<<:<<<<<<<<<<~<<< <<~~~<!!MMMMMMMMMMH%XX%!XMMXX
MMMMMMMMMMMMMMMMMMMMMMM!<!!!<<<<<<<<<<<<<<< <~<~~~~    ~<~!!??MSMMMM!tXX!9HtSM
MMMMMMMMMMMMMMMMMMMMMMM!:!<<<<!!!<<<<<<~<`<~~~     `     <<<~!*MMHM9XXMMHSHMMM
MMMMMMMMMMMMMMMMMMMMMMM%?<<<<<<<<<<~~<~'~<~'             `<<<!~!MMMMMMMXMMMMMM
MMMMMMMMMMMMMMMMMMMMMM!!!X<<<<<<<<<~     ~                 `<<<<!?MMMMMMMMMMMM
MMMMMMMMMMMMMMMMMMMMMMX<<!!<!<<<~~<<<                       `~<<<~?MMMMMMMMMMM
MMMMMMMMMMMMMMMMMMMMM?M:<<<<<<<~ <<<<      :                  `<<<!MMMMMMMMMMM
MMMMMMMMMMMMMMMMMMMM!!!!<<<<<<<~ <<~ '<::<<<<<<:                `<<MMMMMMMMMMM
MMMMMMMMMMMMMMMMMMMX<<<<<<<<<<<:<<  <`<<<<<:nnnhnn:              ~<!MMMMMMMMMM
MMMMMMMMMMMMMMMMMMMXxnnnnxnxi:<<<<<<<<<<<<xHMMMMMMnx:              `"??MMMMMMM
MMMMMMMMMMMMMMMMMMX8NN888MMMMXXx:::xxHMMMMMMMMMMMMMMH::              <!!?MMMMM
MMMMMMMMMMMMMMMM?9$$$$$$$NM8MMMMMMMMMMMMMMMMMMMMMMMMMMH:            '!!!!MMMMM
MMMMMMMMMMMMMMMXt$$$$$$$$$$$N8MMMMMNNMMMMMMMMMMMMMMMMMMh<            <<<!?MMMM
MMMMMMMMMMMMMMXN$$$$$$$$$$$$$$$NN$$$$NN8N9MMMMMMMMMMMMMX<~            `~<<!MSM
MMMMMMMMMMMM!~t$$$$$$$$$$$$$$$$$$$$$$$BMMMMMMMMMMMMMMMMM>               `<XMMM
MMMMMMMMMMMMXX$$$$$$$$$$$$$$$$$$$$$$R$RMMMMMMMMMMMMMMMMM%<               <XMSt
MMMMMMMMMMMMXN$$$$$$$$$$$$$$$$$$$$MMMMMMMMMMMMMMMMMMMMMMf<<  :          :<?MMH
MMMMMMMMMMMMX$$$$$$$$$$$$$$$$$RRMMMMMMMMMMMMMMMMMMMMMMMM!<<<            `<MMMM
MMMMMMMMMMMM9$$$$$$$$$$$$$$$RMMMMMB8MMMMMMMMMMMMMMMMMMMM!<<<            <!HXSt
MMMMMMMMMMMM9$$$$$$$$$$$$N$8MMM8NN$$8NNMMMMMMMMMMMMMMMM!<<<<            <!MMMX
MMMMMMMMMMMM$$$$$$$$$$$$$$NN8N$$$$$$$$$MMMMMMMMMMMMMMMMX<<<<            <XXMMM
MMMMMMMMMMMM9$$$$$$$$$$$$$$$$$$$$$$$$$RRMMMMMMMMMMMMMMMMx<<<            <XMXMX
MMMMMMMMMMMMM$$$$$$$$$$$$$$$RR$RRRRM*!"""!*MMMMMMMMMMMMMH><~           ::MMMHM
MMMMMMMMMMMMMRRRRR$$$RM$$RRMMMM*!"!~<<<<<::X??MMMMMMMMMMMf~        :xnx:?MMMHM
MMMMMMMMMMMMMM*!"""?*MMMMMMMM!!    <<<<<!*MMMMMMMMMMMMMMMf:       <HM!<<!XMMX!
MMMMMMMMMMMMMMi<<<~~<"!MMMMMM<<<<<<  ~~<<~"!MMMMMMMMMMMMM!<<:~   <HMHx:<!M!t?!
MMMMMMMMMMMMMMf<<~~ `~~!M8MMHi<<<<<::: :<:<<!H9MMMMMMMMMMk:<~ ::nHMMMMX<<X!?XX
MMMMMMMMMMMMMMh<::< <x<<M$$MMM::<<<!h:::HMMMMMMMMMMMMMMMMMMhixMMMf?*MMXM!MX!?!
MMMMMMMMMMMMMMMHMh::n?::8$RMMMHM+<+HMMhMMMMMMMMMMMMMMMMMMMMMMMMM?X:~?MX?!|!!
MMMMMMMMMMMMMM9NMMMMMHM8$$MMMMMMHnHnHHHHMMMMMMMMMMMMMMMMMMMMMMMMMMh:<?M!M!!!!!
MMMMMMMMMMMMMM9$BMMMMMN$$RMMMMMMMN88MMMMMMMMMMMMMMMMMMMMMM%!MMMMMMM!<HHH!!!!~!
MMMMMMMMMMMMMM9$$B888N$$$MMMMMMMMM$$$N8MMMMMMMMMMMMMMMMMMX!HMMMMMMMH!?!!!<!<<!
MMMMMMMMMMMMMMM$$$$$$$$$RMMMMMMMMM$$$$$MMMMMMMMMMMMMMMMMM|MMMMMMMMXH!!!~<~!!
MMMMMMMMMMMMMMM$$$$$$$$$MMMMMMMMMMR$$$$NMMMMMMMMMMMMMMMM!!!!?MHHMMMM!!<~~~<!!<
MMMMMMMMMMMMMMM9$$$$$$$$RMMRMMMMMMMMMMRMMMMMMMMMMMMMMMMM!!!!!!*MM*!!~<<<<~::!!
MMMMMMMMMMMMMMM9$$$$RRRMM****MMMMMMMMMMMMMMMMMMMMMMMMMMHH!!!!<`!!<<< ~~<<<!!?!
MMMMMMMMMMMMMMMM$$$$MMS!"<<:<<~9MMMMMMMMMMMMMMMMMMMMMMMMX!<!!<<<<<<<    ~~<<!~
MMMMMMMMMMMMMMMM$$$B$$Mi!<~!<!!?MMMMMMMMMMMMMMMMMMMMMMMMM!<<<::<<::<         `
MMMMMMMMMMMMMMMMR$$$RRMM<<<<<<<<2|*MMMMMMMMMMMMMMMMMM?!<<<<!:<x!X<          
MMMMMMMMMMMMMMMMM$$RMMMHn:::xxHMMMHx:<?MMMMMMMMMMMMMMMM!!<<<!!!X?Xf           
MMMM?M%?X9MMMMMMMM$$MM*!!M*!""?""?"!"!!MMMMMMMMMMMMMM!!!<<<<<!!XXH!           
MMMSX?!H??MMMMMMMM$$MHsi:!%+!+!!+!<::xXMMMMMMMMMMMMM?!<<<<<<<!!MMM~           
MM|?!!!!?M9MMMMMM$RM$$NbiiiinnHMMMMMMMMMMMMMMMMM!!!!<<<<<<<!!9MM            
?!?!!!?!!<??tHMMMMMM@N$$R$$$$RRMMMMMMMMMMMMMMM|!!!<<<<<<<<<!XMMM            
X!!!/!!<<<!!??MMMMM*MR$$M****!*MMMMMMMMMMMMMMM!!<<<<<<<<<<<<!!?M9M            
!!!:!<<<<<~!!!!!"!<<?MMRMHnixxHMMMMMMMMMMMMM?!!<<<<<<<<<<<<<!!X9$f            
!!!!!<<<<<<<!!!<<<<<~tMMMN$$MMMMMMMMMMMMMM!"!<<<<<<<<<<<<<<<<X9$R!            
<<<<<<<<<<<<!<<~     ~?MMRRMMMMMMMMMMMM!"!<<~      <<<<<<<<<<H$$f             
<<<<<<<<<<<<<<~       ~MMMMMMMMMMM**M?"<<~         <<<<<<<<:HM$R"             
<<<<<<<<<<<<<~         `***!"?"!!!<<<<~           :<<<<<<<HMMMRP              
<<<<<<<<<<<<<             `~ ` ~~    :            ~<<<<<xHMMMMM"              
<<<<<<<<<<<<~                       <<:            ~ <<:HMMMMMf               
<<<<<<<<<<<<                        `Hn:             <xMMMMMMM"               
<<<<<<<<<<<                          !MMi          <xXMMMMMMM!                
<<<<<<<<<<<                           !MM:        :!MMMMMMMMM~                
<<<<<<<<<<:                            "MMr::  :xnHMMMMMMMMM!                 
<<<<<<<<<<                              `"  `~~~?MMMMMMMMM?!                  
<<<<<<<<<<                                      `"*MP*?XMM!~                  
<<<<<<<<<<                                        `"!<!MMf~                   
<<<<<<<<<~                                          `~!!?!                    
<<<<<<<<<                                            `<~!~                    
<<<<<<<<<                                          <:<<`~                     
<<<<<<<<<~                                         ::<<                      :
<<<<<<<<<<                                        'MHk<                      <
:<<<<<<<<<                                        `MMH:                   < <<
******************************************************************************
*                                                                            *
*         =======================================================            *
*                     Program for Atomic and Molecular                       *
*          Direct Iterative Relativistic Allelectron Calculations            *
*         =======================================================            *
*                                                                            *
*                        VERSION 3.1     OCTOBER 1998                        *
*                                                                            *
******************************************************************************
*                                                                            *
* Written by:                                                                *
*    Trond Saue,              The University of Tromsoe,        Norway       *
*    Vebjoern Bakken,         University of Oslo,               Norway       *
*    Thomas Enevoldsen,       SDU, Odense University,           Denmark      *
*    Trygve Helgaker,         University of Oslo,               Norway       *
*    Hans Joergen Aa. Jensen, SDU, Odense University,           Denmark      *
*    Jon K. Laerdahl,         University of Oslo                Norway       *
*    Kenneth Ruud,            University of Oslo,               Norway       *
*    Joern Thyssen,           SDU, Odense University,           Denmark      *
*    Luuk Visscher,           Vrije Universiteit, Amsterdam,    Netherlands  *
*                                                                            *
*                                                                            *
* Note:                                                                      *
*    This is an experimental code. The authors accept no responsibility      *
*    for the performance of the code or for the correctness of the results.  *
*                                                                            *
*    The code (in whole or part) is not to be reproduced for further         *
*    distribution without the written permission of the authors or           *
*    their representatives.                                                  *
*                                                                            *
*    If results obtained with this code are published, an                    *
*    appropriate citation would be:                                          *
*                                                                            *
*    T. Saue, V. Bakken, T. Enevoldsen, T. Helgaker, H. J. Aa. Jensen,       *
*    J. Laerdahl, K. Ruud, J. Thyssen, and L. Visscher:                      *
*    "Dirac, a relativistic ab initio electronic structure program,          *
*    Release 3.2 (2000)"                                                     *
*    (for a suitable BibTEX entry, see <URL:"insert URL here">)               *
*                                                                            *
******************************************************************************
 Version           : Dirac Newest 3.1 (patchlevel 0) 
 Hostname          : assens
 Operating system  : IRIX 6.5
 Machine           : IP22
 Run               : Sequential
 Last compilation  : 17:59:56 Aug 29 2000 (by jth@assens.chem.ou.dk)
 Basis set dir.    : /home/jth/prog/Dirac/basis/:./

 Date and time (IRIX)   : Tue Aug 29 18:00:17 2000


 *************************************************************************
 ********************* DIRAC: No title specified !!! *********************
 *************************************************************************

 Jobs in this run:
   * Input test run only 


 **************************************************************************
 ************************** General DIRAC set-up **************************
 **************************************************************************

 * The speed of light :        137.0359895
 * Direct evaluation of the following two-electron integrals:
 * Default integral flags passed to all modules
   - LL-integrals: T
   - LS-integrals: T
   - SS-integrals: T
 * Spherical transformation embedded in MO-transformation
   for large components
 * Transformation to scalar RKB basis embedded in
   MO-transformation for small components
 * Thresholds for linear dependence:
   Large components:   1.00D-06
   Small components:   1.00D-08
 * General print level   :   0


 *************************************************************************
 ****************** Output from HERMIT input processing ******************
 *************************************************************************



 Default print level:        1


 Input test run only 

 * Nuclear model: Gaussian charge distribution.

 Two-electron integrals not calculated.


 Ordinary (field-free non-relativistic) Hamiltonian integrals not calculated.



 *************************************************************************
 ****************** Output from READIN input processing ******************
 *************************************************************************



  Title Cards
  -----------

  Test of basis set readin.                                               
  Methane                                                                 

WARNING!!! Cartesian Gaussians must be specified
           in molecule input file.
           DIRAC proceeds with readin assuming            Cartesian Gaussians.


Atomic type:     1
   Nuclear charge:   6.0
   Number of symmetry independent centres:     1
   Nuclear Gaussian exponent for atom of charge   6.000:     6.8077502929D+08
   Symmetry independent centers:
      C  1   0.000000000000000   0.000000000000000   0.000000000000000
Parameters for well-tempered progression: 
alpha =         0.0500000000
beta  =         3.0000000000
gamma =         0.0000000000
delta =         0.0000000000
N     =  11


                    Exponents for family basis set(1)
                    ---------------------------------


               Column   1
       1     2.952450D+03
       2     9.841500D+02
       3     3.280500D+02
       4     1.093500D+02
       5     3.645000D+01
       6     1.215000D+01
       7     4.050000D+00
       8     1.350000D+00
       9     4.500000D-01
      10     1.500000D-01
      11     5.000000D-02
Contraction matrix:
0.2952450000E+04
  1.00000000  0.00000000  0.00000000  0.00000000  0.00000000
0.9841500000E+03
  0.00000000  1.00000000  0.00000000  0.00000000  0.00000000
0.3280500000E+03
  0.00000000  0.00000000  1.00000000  0.00000000  0.00000000
0.1093500000E+03
  0.00000000  0.00000000  0.00000000  1.00000000  0.00000000
0.3645000000E+02
  0.00000000  0.00000000  0.00000000  0.00000000  1.00000000
   L=  0  Block:    1
      Primitives:      5
      Shells    :      5
      KinBal    :      0
Contraction matrix:
0.1215000000E+02
  1.00000000  0.00000000  0.00000000  0.00000000  0.00000000  0.00000000
0.4050000000E+01
  0.00000000  1.00000000  0.00000000  0.00000000  0.00000000  0.00000000
0.1350000000E+01
  0.00000000  0.00000000  1.00000000  0.00000000  0.00000000  0.00000000
0.4500000000E+00
  0.00000000  0.00000000  0.00000000  1.00000000  0.00000000  0.00000000
0.1500000000E+00
  0.00000000  0.00000000  0.00000000  0.00000000  1.00000000  0.00000000
0.5000000000E-01
  0.00000000  0.00000000  0.00000000  0.00000000  0.00000000  1.00000000
   L=  0  Block:    2
      Primitives:      6
      Shells    :      6
      KinBal    :      0
Contraction matrix:
0.4050000000E+01
  1.00000000  0.00000000  0.00000000  0.00000000  0.00000000
0.1350000000E+01
  0.00000000  1.00000000  0.00000000  0.00000000  0.00000000
0.4500000000E+00
  0.00000000  0.00000000  1.00000000  0.00000000  0.00000000
0.1500000000E+00
  0.00000000  0.00000000  0.00000000  1.00000000  0.00000000
0.5000000000E-01
  0.00000000  0.00000000  0.00000000  0.00000000  1.00000000
   L=  1  Block:    1
      Primitives:      5
      Shells    :      5
      KinBal    :      0
Contraction matrix:
0.4500000000E+00
  1.00000000  0.00000000
0.1500000000E+00
  0.00000000  1.00000000
   L=  2  Block:    1
      Primitives:      2
      Shells    :      2
      KinBal    :      0
   Large component set:
      Max.ang.quantum no.:    2  Blocks:    2    1    1
Contraction matrix:
0.4050000000E+01
  1.00000000  0.00000000  0.00000000  0.00000000  0.00000000
0.1350000000E+01
  0.00000000  1.00000000  0.00000000  0.00000000  0.00000000
0.4500000000E+00
  0.00000000  0.00000000  1.00000000  0.00000000  0.00000000
0.1500000000E+00
  0.00000000  0.00000000  0.00000000  1.00000000  0.00000000
0.5000000000E-01
  0.00000000  0.00000000  0.00000000  0.00000000  1.00000000
Contraction matrix:
0.2952450000E+04
  1.00000000  0.00000000  0.00000000  0.00000000  0.00000000
0.9841500000E+03
  0.00000000  1.00000000  0.00000000  0.00000000  0.00000000
0.3280500000E+03
  0.00000000  0.00000000  1.00000000  0.00000000  0.00000000
0.1093500000E+03
  0.00000000  0.00000000  0.00000000  1.00000000  0.00000000
0.3645000000E+02
  0.00000000  0.00000000  0.00000000  0.00000000  1.00000000
Contraction matrix:
0.1215000000E+02
  1.00000000  0.00000000  0.00000000  0.00000000  0.00000000  0.00000000
0.4050000000E+01
  0.00000000  1.00000000  0.00000000  0.00000000  0.00000000  0.00000000
0.1350000000E+01
  0.00000000  0.00000000  1.00000000  0.00000000  0.00000000  0.00000000
0.4500000000E+00
  0.00000000  0.00000000  0.00000000  1.00000000  0.00000000  0.00000000
0.1500000000E+00
  0.00000000  0.00000000  0.00000000  0.00000000  1.00000000  0.00000000
0.5000000000E-01
  0.00000000  0.00000000  0.00000000  0.00000000  0.00000000  1.00000000
 INFO: GENSML deleted  2 small functions in a block out of  2
Contraction matrix:
0.4050000000E+01
  1.00000000  0.00000000  0.00000000  0.00000000  0.00000000
0.1350000000E+01
  0.00000000  1.00000000  0.00000000  0.00000000  0.00000000
0.4500000000E+00
  0.00000000  0.00000000  1.00000000  0.00000000  0.00000000
0.1500000000E+00
  0.00000000  0.00000000  0.00000000  1.00000000  0.00000000
0.5000000000E-01
  0.00000000  0.00000000  0.00000000  0.00000000  1.00000000
Contraction matrix:
0.4500000000E+00
  1.00000000  0.00000000
0.1500000000E+00
  0.00000000  1.00000000
   Small component set:
      Max.ang.quantum no.:    3  Blocks:    1    2    1    1

Atomic type:     2
   Nuclear charge:   1.0
   Number of symmetry independent centres:     1
   Nuclear Gaussian exponent for atom of charge   1.000:     2.1248239171D+09
   Symmetry independent centers:
      H  2   1.184862720000000   1.184862720000000   1.184862720000000
Parameters for well-tempered progression: 
alpha =         0.3000000000
beta  =         3.0000000000
gamma =         2.0000000000
delta =         7.0000000000
N     =   4


                    Exponents for family basis set(1)
                    ---------------------------------


               Column   1
       1      31.26836872
       2       3.47426319
       3       0.91406250
       4       0.30000000
Contraction matrix:
0.3126836872E+02
  1.00000000  0.00000000  0.00000000  0.00000000
0.3474263191E+01
  0.00000000  1.00000000  0.00000000  0.00000000
0.9140625000E+00
  0.00000000  0.00000000  1.00000000  0.00000000
0.3000000000E+00
  0.00000000  0.00000000  0.00000000  1.00000000
   L=  0  Block:    1
      Primitives:      4
      Shells    :      4
      KinBal    :      0
Contraction matrix:
0.3000000000E+00
  1.00000000
   L=  1  Block:    1
      Primitives:      1
      Shells    :      1
      KinBal    :      0
   Large component set:
      Max.ang.quantum no.:    1  Blocks:    1    1
Contraction matrix:
0.3000000000E+00
  1.00000000
Contraction matrix:
0.3126836872E+02
  1.00000000  0.00000000  0.00000000  0.00000000
0.3474263191E+01
  0.00000000  1.00000000  0.00000000  0.00000000
0.9140625000E+00
  0.00000000  0.00000000  1.00000000  0.00000000
0.3000000000E+00
  0.00000000  0.00000000  0.00000000  1.00000000
Contraction matrix:
0.3000000000E+00
  1.00000000
   Small component set:
      Max.ang.quantum no.:    2  Blocks:    1    1    1


  Symmetry Operations
  -------------------

  Symmetry operations: 2



                      SYMGRP:Point group information
                      ------------------------------

Point group: D2 

   * The point group was generated by:

      Rotation about the z-axis
      Rotation about the x-axis

   * Group multiplication table

        |  E   C2z  C2y  C2x
   -----+--------------------
     E  |  E 
    C2z | C2z   E 
    C2y | C2y  C2x   E 
    C2x | C2x  C2y  C2z   E 

   * Character table

        |  E   C2z  C2y  C2x
   -----+--------------------
    A   |   1    1    1    1
    B3  |   1   -1   -1    1
    B1  |   1    1   -1   -1
    B2  |   1   -1    1   -1

   * Direct product table

        | A    B3   B1   B2 
   -----+--------------------
    A   | A  
    B3  | B3   A  
    B1  | B1   B2   A  
    B2  | B2   B1   B3   A  


                        **************************
                        *** Output from DBLGRP ***
                        **************************

   * One fermion irrep:   E1 
   * Real group. NZ = 1
   * Direct product decomposition:
          E1  x E1  : A   + B1  + B2  + B3 


                             Spinor structure
                             ----------------


   * Fermion irrep no.: 1
      La  |  A  (1)  B1 (2)  |
      Sa  |  A  (1)  B1 (2)  |
      Lb  |  B2 (3)  B3 (4)  |
      Sb  |  B2 (3)  B3 (4)  |


                          Quaternion symmetries
                          ---------------------

    Rep  T(+)
    -----------------------------
    A    1
    B3   k
    B1   i
    B2   j


  Atoms and basis sets
  --------------------

  Number of atom types:     2
  Total number of atoms:    5

  label    atoms   charge   prim    cont     basis   
  ----------------------------------------------------------------------
  C  1        1       6      38      38      L - [11s5p2d|11s5p2d]                      
                             88      88      S - [5s11p5d2f|5s11p5d2f]                  
  H  2        4       1       7       7      L - [4s1p|4s1p]                            
                             19      19      S - [1s4p1d|1s4p1d]                        
  ----------------------------------------------------------------------
                             66      66   L - large components
                            164     164   S - small components
  ----------------------------------------------------------------------
  total:      5      10     230     230

  Cartesian basis used.
  Threshold for integrals:  1.00D-15


  Cartesian Coordinates
  ---------------------

  Total number of coordinates: 15


   1   C  1     x      0.0000000000
   2            y      0.0000000000
   3            z      0.0000000000

   4   H  2 1   x      1.1848627200
   5            y      1.1848627200
   6            z      1.1848627200

   7   H  2 2   x     -1.1848627200
   8            y     -1.1848627200
   9            z      1.1848627200

  10   H  2 3   x      1.1848627200
  11            y     -1.1848627200
  12            z     -1.1848627200

  13   H  2 4   x     -1.1848627200
  14            y      1.1848627200
  15            z     -1.1848627200



  Symmetry Coordinates
  --------------------

  Number of coordinates in each symmetry:   3  4  4  4


  Symmetry 1

   1   H  2  x    [ 4  -  7  + 10  - 13 ]/4
   2   H  2  y    [ 5  -  8  - 11  + 14 ]/4
   3   H  2  z    [ 6  +  9  - 12  - 15 ]/4


  Symmetry 2

   4   C  1  x    1
   5   H  2  x    [ 4  +  7  + 10  + 13 ]/4
   6   H  2  y    [ 5  +  8  - 11  - 14 ]/4
   7   H  2  z    [ 6  -  9  - 12  + 15 ]/4


  Symmetry 3

   8   C  1  z    3
   9   H  2  x    [ 4  -  7  - 10  + 13 ]/4
  10   H  2  y    [ 5  -  8  + 11  - 14 ]/4
  11   H  2  z    [ 6  +  9  + 12  + 15 ]/4


  Symmetry 4

  12   C  1  y    2
  13   H  2  x    [ 4  +  7  - 10  - 13 ]/4
  14   H  2  y    [ 5  +  8  + 11  + 14 ]/4
  15   H  2  z    [ 6  -  9  + 12  - 15 ]/4


   Interatomic separations (in Angstroms):
   ---------------------------------------

            C  1        H  1        H  2        H  3        H  4

   C  1    0.000000
   H  1    1.086000    0.000000
   H  2    1.086000    1.773431    0.000000
   H  3    1.086000    1.773431    1.773431    0.000000
   H  4    1.086000    1.773431    1.773431    1.773431    0.000000




  Bond distances (angstroms):
  ---------------------------

                  atom 1     atom 2                           distance
                  ------     ------                           --------
  bond distance:    H  1       C  1                           1.086000
  bond distance:    H  2       C  1                           1.086000
  bond distance:    H  3       C  1                           1.086000
  bond distance:    H  4       C  1                           1.086000


  Bond angles (degrees):
  ----------------------

                  atom 1     atom 2     atom 3                   angle
                  ------     ------     ------                   -----
  bond angle:       H  2       C  1       H  1                 109.471
  bond angle:       H  3       C  1       H  1                 109.471
  bond angle:       H  3       C  1       H  2                 109.471
  bond angle:       H  4       C  1       H  1                 109.471
  bond angle:       H  4       C  1       H  2                 109.471
  bond angle:       H  4       C  1       H  3                 109.471


  Nuclear repulsion energy :   13.484875956018


  Symmetry Orbitals
  -----------------

  Number of orbitals in each symmetry:          65   55   55   55
  Number of large orbitals in each symmetry:    24   14   14   14
  Number of small orbitals in each symmetry:    41   41   41   41


  Symmetry  A  ( 1)

    1     C  1 L   s            1
    2     C  1 L   s            2
    3     C  1 L   s            3
    4     C  1 L   s            4
    5     C  1 L   s            5
    6     C  1 L   s            6
    7     C  1 L   s            7
    8     C  1 L   s            8
    9     C  1 L   s            9
   10     C  1 L   s           10
   11     C  1 L   s           11
   12     C  1 L   dxx         27
   13     C  1 L   dyy         30
   14     C  1 L   dzz         32
   15     C  1 L   dxx         33
   16     C  1 L   dyy         36
   17     C  1 L   dzz         38
   18     H  2 L   s           39  +    40  +    41  +    42
   19     H  2 L   s           43  +    44  +    45  +    46
   20     H  2 L   s           47  +    48  +    49  +    50
   21     H  2 L   s           51  +    52  +    53  +    54
   22     H  2 L   px          55  -    58  +    61  -    64
   23     H  2 L   py          56  -    59  -    62  +    65
   24     H  2 L   pz          57  +    60  -    63  -    66
   25     C  1 S   s           67
   26     C  1 S   s           68
   27     C  1 S   s           69
   28     C  1 S   s           70
   29     C  1 S   s           71
   30     C  1 S   dxx        105
   31     C  1 S   dyy        108
   32     C  1 S   dzz        110
   33     C  1 S   dxx        111
   34     C  1 S   dyy        114
   35     C  1 S   dzz        116
   36     C  1 S   dxx        117
   37     C  1 S   dyy        120
   38     C  1 S   dzz        122
   39     C  1 S   dxx        123
   40     C  1 S   dyy        126
   41     C  1 S   dzz        128
   42     C  1 S   dxx        129
   43     C  1 S   dyy        132
   44     C  1 S   dzz        134
   45     C  1 S   fxyz       139
   46     C  1 S   fxyz       149
   47     H  2 S   s          155  +   156  +   157  +   158
   48     H  2 S   px         159  -   162  +   165  -   168
   49     H  2 S   py         160  -   163  -   166  +   169
   50     H  2 S   pz         161  +   164  -   167  -   170
   51     H  2 S   px         171  -   174  +   177  -   180
   52     H  2 S   py         172  -   175  -   178  +   181
   53     H  2 S   pz         173  +   176  -   179  -   182
   54     H  2 S   px         183  -   186  +   189  -   192
   55     H  2 S   py         184  -   187  -   190  +   193
   56     H  2 S   pz         185  +   188  -   191  -   194
   57     H  2 S   px         195  -   198  +   201  -   204
   58     H  2 S   py         196  -   199  -   202  +   205
   59     H  2 S   pz         197  +   200  -   203  -   206
   60     H  2 S   dxx        207  +   213  +   219  +   225
   61     H  2 S   dxy        208  +   214  -   220  -   226
   62     H  2 S   dxz        209  -   215  -   221  +   227
   63     H  2 S   dyy        210  +   216  +   222  +   228
   64     H  2 S   dyz        211  -   217  +   223  -   229
   65     H  2 S   dzz        212  +   218  +   224  +   230


  Symmetry  B3 ( 2)

   66     C  1 L   px          12
   67     C  1 L   px          15
   68     C  1 L   px          18
   69     C  1 L   px          21
   70     C  1 L   px          24
   71     C  1 L   dyz         31
   72     C  1 L   dyz         37
   73     H  2 L   s           39  -    40  +    41  -    42
   74     H  2 L   s           43  -    44  +    45  -    46
   75     H  2 L   s           47  -    48  +    49  -    50
   76     H  2 L   s           51  -    52  +    53  -    54
   77     H  2 L   px          55  +    58  +    61  +    64
   78     H  2 L   py          56  +    59  -    62  -    65
   79     H  2 L   pz          57  -    60  -    63  +    66
   80     C  1 S   px          72
   81     C  1 S   px          75
   82     C  1 S   px          78
   83     C  1 S   px          81
   84     C  1 S   px          84
   85     C  1 S   px          87
   86     C  1 S   px          90
   87     C  1 S   px          93
   88     C  1 S   px          96
   89     C  1 S   px          99
   90     C  1 S   px         102
   91     C  1 S   dyz        109
   92     C  1 S   dyz        115
   93     C  1 S   dyz        121
   94     C  1 S   dyz        127
   95     C  1 S   dyz        133
   96     C  1 S   fxxx       135
   97     C  1 S   fxyy       138
   98     C  1 S   fxzz       140
   99     C  1 S   fxxx       145
  100     C  1 S   fxyy       148
  101     C  1 S   fxzz       150
  102     H  2 S   s          155  -   156  +   157  -   158
  103     H  2 S   px         159  +   162  +   165  +   168
  104     H  2 S   py         160  +   163  -   166  -   169
  105     H  2 S   pz         161  -   164  -   167  +   170
  106     H  2 S   px         171  +   174  +   177  +   180
  107     H  2 S   py         172  +   175  -   178  -   181
  108     H  2 S   pz         173  -   176  -   179  +   182
  109     H  2 S   px         183  +   186  +   189  +   192
  110     H  2 S   py         184  +   187  -   190  -   193
  111     H  2 S   pz         185  -   188  -   191  +   194
  112     H  2 S   px         195  +   198  +   201  +   204
  113     H  2 S   py         196  +   199  -   202  -   205
  114     H  2 S   pz         197  -   200  -   203  +   206
  115     H  2 S   dxx        207  -   213  +   219  -   225
  116     H  2 S   dxy        208  -   214  -   220  +   226
  117     H  2 S   dxz        209  +   215  -   221  -   227
  118     H  2 S   dyy        210  -   216  +   222  -   228
  119     H  2 S   dyz        211  +   217  +   223  +   229
  120     H  2 S   dzz        212  -   218  +   224  -   230


  Symmetry  B1 ( 3)

  121     C  1 L   pz          14
  122     C  1 L   pz          17
  123     C  1 L   pz          20
  124     C  1 L   pz          23
  125     C  1 L   pz          26
  126     C  1 L   dxy         28
  127     C  1 L   dxy         34
  128     H  2 L   s           39  +    40  -    41  -    42
  129     H  2 L   s           43  +    44  -    45  -    46
  130     H  2 L   s           47  +    48  -    49  -    50
  131     H  2 L   s           51  +    52  -    53  -    54
  132     H  2 L   px          55  -    58  -    61  +    64
  133     H  2 L   py          56  -    59  +    62  -    65
  134     H  2 L   pz          57  +    60  +    63  +    66
  135     C  1 S   pz          74
  136     C  1 S   pz          77
  137     C  1 S   pz          80
  138     C  1 S   pz          83
  139     C  1 S   pz          86
  140     C  1 S   pz          89
  141     C  1 S   pz          92
  142     C  1 S   pz          95
  143     C  1 S   pz          98
  144     C  1 S   pz         101
  145     C  1 S   pz         104
  146     C  1 S   dxy        106
  147     C  1 S   dxy        112
  148     C  1 S   dxy        118
  149     C  1 S   dxy        124
  150     C  1 S   dxy        130
  151     C  1 S   fxxz       137
  152     C  1 S   fyyz       142
  153     C  1 S   fzzz       144
  154     C  1 S   fxxz       147
  155     C  1 S   fyyz       152
  156     C  1 S   fzzz       154
  157     H  2 S   s          155  +   156  -   157  -   158
  158     H  2 S   px         159  -   162  -   165  +   168
  159     H  2 S   py         160  -   163  +   166  -   169
  160     H  2 S   pz         161  +   164  +   167  +   170
  161     H  2 S   px         171  -   174  -   177  +   180
  162     H  2 S   py         172  -   175  +   178  -   181
  163     H  2 S   pz         173  +   176  +   179  +   182
  164     H  2 S   px         183  -   186  -   189  +   192
  165     H  2 S   py         184  -   187  +   190  -   193
  166     H  2 S   pz         185  +   188  +   191  +   194
  167     H  2 S   px         195  -   198  -   201  +   204
  168     H  2 S   py         196  -   199  +   202  -   205
  169     H  2 S   pz         197  +   200  +   203  +   206
  170     H  2 S   dxx        207  +   213  -   219  -   225
  171     H  2 S   dxy        208  +   214  +   220  +   226
  172     H  2 S   dxz        209  -   215  +   221  -   227
  173     H  2 S   dyy        210  +   216  -   222  -   228
  174     H  2 S   dyz        211  -   217  -   223  +   229
  175     H  2 S   dzz        212  +   218  -   224  -   230


  Symmetry  B2 ( 4)

  176     C  1 L   py          13
  177     C  1 L   py          16
  178     C  1 L   py          19
  179     C  1 L   py          22
  180     C  1 L   py          25
  181     C  1 L   dxz         29
  182     C  1 L   dxz         35
  183     H  2 L   s           39  -    40  -    41  +    42
  184     H  2 L   s           43  -    44  -    45  +    46
  185     H  2 L   s           47  -    48  -    49  +    50
  186     H  2 L   s           51  -    52  -    53  +    54
  187     H  2 L   px          55  +    58  -    61  -    64
  188     H  2 L   py          56  +    59  +    62  +    65
  189     H  2 L   pz          57  -    60  +    63  -    66
  190     C  1 S   py          73
  191     C  1 S   py          76
  192     C  1 S   py          79
  193     C  1 S   py          82
  194     C  1 S   py          85
  195     C  1 S   py          88
  196     C  1 S   py          91
  197     C  1 S   py          94
  198     C  1 S   py          97
  199     C  1 S   py         100
  200     C  1 S   py         103
  201     C  1 S   dxz        107
  202     C  1 S   dxz        113
  203     C  1 S   dxz        119
  204     C  1 S   dxz        125
  205     C  1 S   dxz        131
  206     C  1 S   fxxy       136
  207     C  1 S   fyyy       141
  208     C  1 S   fyzz       143
  209     C  1 S   fxxy       146
  210     C  1 S   fyyy       151
  211     C  1 S   fyzz       153
  212     H  2 S   s          155  -   156  -   157  +   158
  213     H  2 S   px         159  +   162  -   165  -   168
  214     H  2 S   py         160  +   163  +   166  +   169
  215     H  2 S   pz         161  -   164  +   167  -   170
  216     H  2 S   px         171  +   174  -   177  -   180
  217     H  2 S   py         172  +   175  +   178  +   181
  218     H  2 S   pz         173  -   176  +   179  -   182
  219     H  2 S   px         183  +   186  -   189  -   192
  220     H  2 S   py         184  +   187  +   190  +   193
  221     H  2 S   pz         185  -   188  +   191  -   194
  222     H  2 S   px         195  +   198  -   201  -   204
  223     H  2 S   py         196  +   199  +   202  +   205
  224     H  2 S   pz         197  -   200  +   203  -   206
  225     H  2 S   dxx        207  -   213  -   219  +   225
  226     H  2 S   dxy        208  -   214  +   220  -   226
  227     H  2 S   dxz        209  +   215  +   221  +   227
  228     H  2 S   dyy        210  -   216  -   222  +   228
  229     H  2 S   dyz        211  +   217  -   223  -   229
  230     H  2 S   dzz        212  -   218  -   224  +   230

  Symmetries of electric field:  B3 (2)  B2 (4)  B1 (3)

  Symmetries of magnetic field:  B3 (2)  B2 (4)  B1 (3)


 ***************************************************************************
 *************************** Hamiltonian defined ***************************
 ***************************************************************************

 * Print level :    0
 * Uncontracted basis set
 * Restricted kinetic balance
 * Default RKB projection:
   1: Pre-projection on scalar basis
   2: Removing unphysical solutions for no external field
 * Dirac-Coulomb Hamiltonian
===========================================================================
 Maximum memory load for two-integral processing in HERMIT:
===========================================================================
 * LL-integrals:
   4(C  1 Ld)   3(C  1 Lp)   3(C  1 Lp)   3(C  1 Lp)              124045
 * SL-integrals:
  11(C  1 Sf)  10(C  1 Sd)   3(C  1 Lp)   3(C  1 Lp)              386585
 * SS-integrals:
  11(C  1 Sf)  10(C  1 Sd)  10(C  1 Sd)  10(C  1 Sd)             1236585


 *************************************************************************
 ************************ End of input processing ************************
 *************************************************************************

