Master : DIRAC allocating 33554432 words of memory
******************************************************************************
*                                                                            *
*                                O U T P U T                                 *
*                                   from                                     *
*                                                                            *
*           @@@@@    @@   @@@@@     @@@@     @@@@@    @@@      @@            *
*           @@  @@        @@  @@   @@  @@   @@       @   @    @ @            *
*           @@  @@   @@   @@@@@    @@@@@@   @@       @   @   @@@@@           *
*           @@  @@   @@   @@ @@    @@  @@   @@       @   @      @            *
*           @@@@@    @@   @@  @@   @@  @@    @@@@@    @@@       @            *
*                                                                            *
*                                                                            *
%}ZS)S?$=$)]S?$%%>SS$%S$ZZ6cHHMHHHHHHHHMHHM&MHbHH6$L/:<S///</:|/:|:/::!:.::--:
$?S$$%$$$$?%?$(SSS$SSSHMMMMMMMMMMMMMMMMMM6H&6S&SH&&k?6$r~::://///::::::.:::-::
(%?)Z??$$$(S%$>$)S6HMMMMMMMMMMMMMMMMMMMMMMR6M]&&$6HR$&6(i::::::|i|:::::::-:-::
$S?$$)$?$%?))?S/]#MMMMMMMMMMMMMMMMMMMMMMMMMMHM1HRH9R&$$$|):?:/://|:/::/:/.::.:
SS$%%?$%((S)?Z[6MMMMMMMMMMMMMMMMMMMMMMMMMMMMMMMMM&HF$$&/)S?<~::!!:::::::/:-:|.
SS%%%%S$%%%$$MMMMMMMMMMMMMMMMMMMMMMMMMMMMMMMMMMMHHHHHHM>?/S/:/:::':/://:/::-::
?$SSSS?%SS$)MMMMMMMMMMMMMMMMMMMMMMMMMMMMMMMMMMMMMMMMMMM/4?:S:/:::/:::/:/:::.::
S$(S?S$%(?$HMMMMMMMMMMMMMMMMM#&7RH99MMMMMMMMMMMMMMMMMMHHHd$/:::::/::::::-//.:.
(?SS(%)S&HMMMMMMMMMMMMMMMMM#S|///???$9HHMMMMMMMMMDSZ&1S/?</>?~:///::|/!:/-:-:.
$S?%?<H(MMMMMMMMMMMMMMMMR?`. :.:'::<>:``?/*?##*)$:/>       `((%://::/:::::/::/
S$($$)HdMMMMMMMMMMMMMMMP: . `   `  `    `      `-            `Z<:>?::/:::::|:i
c%%%&HMMMMMMMMMMMMMMMM6:                                      `$%)>%%</>!:::::
S?%/MMMMMMMMMMMMMMMMMMH-                                        /ZSS>?:?~:;/::
$SZ?MMMMMMMMMMMMMMMMMH?.                                        "&((/?//?|::::
$%$%&MMMMMMMMMMMMMMMMM:.                                          ?%/S:</::/::
($?}&HMMMMMMMMMMMMMMMM>:                                          $%%<?/i:|i::
Z$($&MMMMMMMMMMMMMMMMHk(:.  . -                                   .S/??/!:/:|:
(??$<HMMMMMMMMMMMMMMMFk|:   -.-.                                  :%/%/(:/:ii|
SZ(S?]MMMMMMMMMMMMMMHS?:- -  ::.:                                  |/S:</::?||
$%)$$(MMMMMMMMMMMMMMR):`:. :.:::`,,/bcokb/_                       :S?%?|~:/:/:
%$$%$)[[?$?MMMMMMMMMM: :.:-.::::$7?<&7&MMMMMMM#/           _ .. ..:</?:(:/::::
$$$?Z?HHH~|/MMMMMMMMM/`.-.:.:/:%%%%?dHMMMMMMMMMMH?,-   .,bMMMM6//./i~/~:<:::/:
4$($S$M//::S?ZHMMMMMH/:.':::.:/%S/&MMHMMMMMMMMRM&><   ,HMMMMMMMF  :::?:///:|::
)[$S$S($|_i:#>::*H&?/::.::/:"://:?>>':&HMHSMMMM$:'-   MMHMMMMHHT .)i/?////:::/
$$[$$>$}:dHH&$$--?S::-:.:::--/-:``./::>%Zi?)&/?`:.'   `H?$T*" `  /%?>%:)://ii|
$&=&/ZS}$RF<:?/-.|%r/:::/:/:'.-.-..|::S//!`"``          >??:    `SS<S:)!/////|
Z&]>b[Z(Z?&%:::../S$$:>:::i`.`. '-.'  `                         ,>%%%:>/>/!|:/
$$&/F&1$c$?>:>?/,>?$$ZS/::/:-: ...                              |S?S)S?<~:::::
&$&$&$k&>>|?<:<?((/$[/?)i~/:/. - -                              S?:%%%?/:::/::
=[/Z[[Fp[MMH$>?Z&S$$$/$S///||..-           -.-                  /((S$:%<:///:/
$&>1MHHMMMM6M9MMMM$Z$}$S%/:::.'.            .:/,,,dcb>/:.       ((SSSS%:)!//i|
MMMMMMMMMMMR&&RRRHR&&($(?:|i::-             .:%&S&$[&H&''     ../>%;/?>??:<::>
MMMMMMMMMMMMS/}S$&&H&[$SS//:::.:.   . . .v</Jq1&&D]&M&<,      :/::/?%%)S>?://:
MMMMMMMMMMMM?}$/$$kMM&&$(%/?//:..'.  .|//1d/`://?*/*/"` '     .:/(SS$%(S%)):%~
MMMMMMMMMMMM(}$$>&&MMHR#$S%%:?::.:|-.':;&&b/D/$p=qpv//b/~'   :/~~%%??$=$)Z$S+;
MMMMMMMMMMMM[|S$$Z1]MMMMD[$?$:>)/::: :/?:`'???bD&{b<<-'     .,:/)|SS(}Z/$$?/<S
MMMMMMMMMMMM||$)&7k&MMMMH9]$$??Z%|!/:i::'  `` .             SS?SS?Z/]1$/&$c/$S
MMMMMMMMMMMM| -?>[&]HMMMMMMMH1[/7SS(?:/..-` ::/Sc,/_,     _<$?SS%$S/&c&&$&>//<
MMMMMMMMMMMMR  `$&&&HMM9MMMMMMM&&c$%%:/:/:.:.:/??/''"    _MMHk/7S/]dq&1S<&&></
MMMMMMMMMMMMM?  :&96MHMMMMMMMMMMMHHk[S%(<<:// '         ,MMMMMMM&/Z6H]DkH]1$&&
MMMMMMMMMMMMMD    99H9HMMMMMMMMMMMMMMMb&%$<:i.:....    .MMMMMMMMM6HHHRH&H&H1SF
MMMMMMMMMMMMMM|   `?HMMMMMMMMMMMMMMMMMMMHk6k&>$&Z$/?_.bHMMMMMMMMMMM&6HRM9H6]Zk
MMMMMMMMMMMMMMM/    `TMMMMMMMMMMMMMMMMMMMMMMMMMMMMMMMMMMMMMMMMMMMMMMHMH6RH&R6&
MMMMMMMMMMMMMMMM    -|?HMMMMMMMMMMMMMMMMMMMMMMMMMMMMMMMMMMMMMMMMMMMMMFHH6HMD&&
MMMMMMMMMMMMMMMMk  ..:~?9MMMMMMMMMMMMM#':MMMMMMMMMMMMMMMMMMMMMMMMMMMMM9MHkR6&F
MMMMMMMMMMMMMMMMM/  .-!:%$ZHMMMMMMMMMR' dMMMMMMMMMMMMMMMMMMMMMMMMMMMMM9MRMHH9&
MMMMMMMMMMMMMMMMMML,:.-|::/?&&MMMMMM' .MMMMMMMMMMMMMMMMMMMMMMMMMMMMMMMMHRMH&&6
MMMMMMMMMMMMMMMMMMMc%>/:::i<:SMMMMMMHdMMMMMMMMMMMMMMMMMMMMMMMMMMMMMMMMHHM&969k
MMMMMMMMMMMMMMMMMMMMSS/$$/(|HMMMMMMMMMMMMMMMMMMMMMMMMMMMMMMMMMMMMMMMMMMMHH&HH&
MMMMMMMMMMMMMMMMMMMM6S/?/MMMMMMMMMMMMMMMMMMMMMMMMMMMMMMMMMMMMMMMMMMMMMR96H1DR1
MMMMMMMMMMMMMMMMMMMMM&$MHMMMMMMMMMMMMMMMMMMMMMMMMMMMMMMMMMMMMMMMMMMMMMHMH691&&
MMMMMMMMMMMMMMMMMMMMMMMMMMMMMMMMMMMMMMMMMMMMMMMMMMMMMMMMMMMMMMMMMMMMMMMMH&R&9Z
MMMMMMMMMMMMMMMMMMMMMMMMMRHMMMMMMMMMMMMMMMMMMMMMMMMMMMMMMMMMMMMMMMMMMMMH&96][6
MMMMMMMMMMMMMMMMMMMMMMMMp?:MMMMMMMMMMMMMMMMMMMMMMMMMMMMMMMMMMMMMMMMMMM96HH1][F
MMMMMMMMMMMMMMMMMMMMMMMM> -HMMMMMMMMMMMMMMMMMMMMMMMMMMMMMMMMMMMMMMMMMMMH&1k&$&
******************************************************************************
*                                                                            *
*         =======================================================            *
*                     Program for Atomic and Molecular                       *
*          Direct Iterative Relativistic Allelectron Calculations            *
*         =======================================================            *
*                                                                            *
*                        VERSION 04.0    SEPTEMBER 2004                      *
*                                                                            *
******************************************************************************
*                                                                            *
*    Written by:                                                             *
*                                                                            *
*    Hans Joergen Aa. Jensen  University of Southern Denmark    Denmark      *
*    Trond Saue               CNRS/ULP Strasbourg               France       *
*    Lucas Visscher           Vrije Universiteit Amsterdam      Netherlands  *
*                                                                            *
*    with contributions from:                                                *
*                                                                            *
*    Vebjoern Bakken          University of Oslo                Norway       *
*    Ephraim Eliav            University of Tel Aviv            Israel       *
*    Thomas Enevoldsen        University of Southern Denmark    Denmark      *
*    Timo Fleig               University of Duesseldorf         Germany      *
*    Olav Fossgaard           University of Tromsoe             Norway       *
*    Trygve Helgaker          University of Oslo                Norway       *
*    Jon K. Laerdahl          University of Oslo                Norway       *
*    Christoffer V. Larsen    University of Southern Denmark    Denmark      *
*    Patrick Norman           Linkoeping University             Sweden       *
*    Jeppe Olsen              Aarhus University                 Denmark      *
*    Markus Pernpointner      Vrije Universiteit Amsterdam      Netherlands  *
*    Jesper K. Pedersen       University of Southern Denmark    Denmark      *
*    Kenneth Ruud             University of Tromsoe             Norway       *
*    Pawel Salek              Stockholm Inst. of Technology     Sweden       *
*    Joost van Stralen        Vrije Universiteit Amsterdam      Netherlands  *
*    Joern Thyssen            University of Southern Denmark    Denmark      *
*    Olivier Visser           University of Groningen           Netherlands  *
*    Toke Winther             University of Southern Denmark    Denmark      *
*                                                                            *
*    This is an experimental code. The authors accept no responsibility      *
*    for the performance of the code or for the correctness of the results.  *
*                                                                            *
*    The code (in whole or part) is not to be reproduced for further         *
*    distribution without the written permission of the authors or           *
*    their representatives.                                                  *
*                                                                            *
*    If results obtained with this code are published, an                    *
*    appropriate citation would be:                                          *
*                                                                            *
*    "Dirac, a relativistic ab initio electronic structure program",         *
*    release DIRAC04.0 (2004),                                               *
*    written by H. J. Aa. Jensen, T. Saue, and L. Visscher                   *
*    with contributions from V. Bakken, E. Eliav, T. Enevoldsen, T. Fleig,   *
*    O. Fossgaard, T. Helgaker, J. K. Laerdahl, C. V. Larsen, P. Norman,     *
*    J. Olsen, M. Pernpointner, J. K. Pedersen, K. Ruud, P. Salek,           *
*    J. N. P. van Stralen, J. Thyssen, O. Visser, and T. Winther             *
*    (http://dirac.chem.sdu.dk).                                             *
*                                                                            *
*    (for a suitable BibTEX entry, see                                       *
*    <URL:"http://dirac.chem.sdu.dk/doc/reference.shtml">)                   *
*                                                                            *
******************************************************************************
 Version           : Dirac 4.0 (patchlevel 0) 
 Hostname          : note-gomes.few.vu.nl
 Operating system  : Darwin 8.3.0
 Machine           : Power Macintosh
 Run               : Sequential
 Last compilation  : 16:33:00 Nov 13 2005 (by andre@note-gomes.few.vu.nl)
 Basis set dir.    : /Users/andre/devel/dirac/cvs/Dirac/test/14.basis.set.input/:/Users/andre/Desktop/Dirac/basis/:/Users/andre/Desktop/Dirac/basis_dalton/

 Date and time (Darwin) : Mon Dec  5 11:52:32 2005


 *************************************************************************
 ********************* DIRAC: No title specified !!! *********************
 *************************************************************************

 Jobs in this run:
   * Input test run only 


 **************************************************************************
 ************************** General DIRAC set-up **************************
 **************************************************************************

 * The speed of light :        137.0359998
 * Direct evaluation of the following two-electron integrals:
   - LL-integrals
   - SL-integrals
   - SS-integrals
 * Spherical transformation embedded in MO-transformation
   for large components
 * Transformation to scalar RKB basis embedded in
   MO-transformation for small components
 * Thresholds for linear dependence:
   Large components:   1.00D-06
   Small components:   1.00D-08
 * General print level   :   0


 *************************************************************************
 ****************** Output from HERMIT input processing ******************
 *************************************************************************

 Default print level:        1

 Input test run only ...

 Nuclear model: Gaussian charge distribution.

 Two-electron integrals not calculated.


 Ordinary (field-free non-relativistic) Hamiltonian integrals not calculated.



 *************************************************************************
 ****************** Output from READIN input processing ******************
 *************************************************************************



  Title Cards
  -----------

  Test of basis set readin.                                               
  Methane                                                                 

WARNING!!! Cartesian Gaussians must be specified
           in molecule input file.
           DIRAC proceeds with readin assuming            Cartesian Gaussians.


Atomic type:     1
   Nuclear charge:   6.0
   Number of symmetry independent centres:     1

  Nuclear Gaussian exponent for atom of charge   6.000 :    6.8077502929D+08
   Symmetry independent centers:
      C  1   0.000000000000000   0.000000000000000   0.000000000000000
   Large component set:
      Max.ang.quantum no.:    3  Blocks:    1    1    1    1
Contraction matrix:
0.1871000000E+02
  1.00000000  0.00000000  0.00000000  0.00000000  0.00000000
0.4133000000E+01
  0.00000000  1.00000000  0.00000000  0.00000000  0.00000000
0.1200000000E+01
  0.00000000  0.00000000  1.00000000  0.00000000  0.00000000
0.3827000000E+00
  0.00000000  0.00000000  0.00000000  1.00000000  0.00000000
0.1209000000E+00
  0.00000000  0.00000000  0.00000000  0.00000000  1.00000000
Contraction matrix:
0.8236000000E+04
  1.00000000  0.00000000  0.00000000  0.00000000  0.00000000  0.00000000
  0.00000000  0.00000000  0.00000000  0.00000000
0.1235000000E+04
  0.00000000  1.00000000  0.00000000  0.00000000  0.00000000  0.00000000
  0.00000000  0.00000000  0.00000000  0.00000000
0.2808000000E+03
  0.00000000  0.00000000  1.00000000  0.00000000  0.00000000  0.00000000
  0.00000000  0.00000000  0.00000000  0.00000000
0.7927000000E+02
  0.00000000  0.00000000  0.00000000  1.00000000  0.00000000  0.00000000
  0.00000000  0.00000000  0.00000000  0.00000000
0.2559000000E+02
  0.00000000  0.00000000  0.00000000  0.00000000  1.00000000  0.00000000
  0.00000000  0.00000000  0.00000000  0.00000000
0.8997000000E+01
  0.00000000  0.00000000  0.00000000  0.00000000  0.00000000  1.00000000
  0.00000000  0.00000000  0.00000000  0.00000000
0.3319000000E+01
  0.00000000  0.00000000  0.00000000  0.00000000  0.00000000  0.00000000
  1.00000000  0.00000000  0.00000000  0.00000000
0.9059000000E+00
  0.00000000  0.00000000  0.00000000  0.00000000  0.00000000  0.00000000
  0.00000000  1.00000000  0.00000000  0.00000000
0.3643000000E+00
  0.00000000  0.00000000  0.00000000  0.00000000  0.00000000  0.00000000
  0.00000000  0.00000000  1.00000000  0.00000000
0.1285000000E+00
  0.00000000  0.00000000  0.00000000  0.00000000  0.00000000  0.00000000
  0.00000000  0.00000000  0.00000000  1.00000000
Contraction matrix:
0.1097000000E+01
  1.00000000  0.00000000
0.3180000000E+00
  0.00000000  1.00000000
Contraction matrix:
0.1871000000E+02
  1.00000000  0.00000000  0.00000000  0.00000000  0.00000000
0.4133000000E+01
  0.00000000  1.00000000  0.00000000  0.00000000  0.00000000
0.1200000000E+01
  0.00000000  0.00000000  1.00000000  0.00000000  0.00000000
0.3827000000E+00
  0.00000000  0.00000000  0.00000000  1.00000000  0.00000000
0.1209000000E+00
  0.00000000  0.00000000  0.00000000  0.00000000  1.00000000
Contraction matrix:
0.7610000000E+00
  1.00000000
Contraction matrix:
0.1097000000E+01
  1.00000000  0.00000000
0.3180000000E+00
  0.00000000  1.00000000
Contraction matrix:
0.7610000000E+00
  1.00000000
   Small component set:
      Max.ang.quantum no.:    4  Blocks:    1    2    2    1    1

Atomic type:     2
   Nuclear charge:   1.0
   Number of symmetry independent centres:     1

  Nuclear Gaussian exponent for atom of charge   1.000 :    2.1248239171D+09
   Symmetry independent centers:
      H  2   1.184862720000000   1.184862720000000   1.184862720000000
   Large component set:
      Max.ang.quantum no.:    2  Blocks:    1    1    1
Contraction matrix:
0.1407000000E+01
  1.00000000  0.00000000
0.3880000000E+00
  0.00000000  1.00000000
Contraction matrix:
0.3387000000E+02
  1.00000000  0.00000000  0.00000000  0.00000000  0.00000000
0.5095000000E+01
  0.00000000  1.00000000  0.00000000  0.00000000  0.00000000
0.1159000000E+01
  0.00000000  0.00000000  1.00000000  0.00000000  0.00000000
0.3258000000E+00
  0.00000000  0.00000000  0.00000000  1.00000000  0.00000000
0.1027000000E+00
  0.00000000  0.00000000  0.00000000  0.00000000  1.00000000
Contraction matrix:
0.1057000000E+01
  1.00000000
Contraction matrix:
0.1407000000E+01
  1.00000000  0.00000000
0.3880000000E+00
  0.00000000  1.00000000
Contraction matrix:
0.1057000000E+01
  1.00000000
   Small component set:
      Max.ang.quantum no.:    3  Blocks:    1    2    1    1


  Symmetry Operations
  -------------------

  Symmetry operations: 2



                      SYMGRP:Point group information
                      ------------------------------

Point group: D2 

   * The point group was generated by:

      Rotation about the z-axis
      Rotation about the x-axis

   * Group multiplication table

        |  E   C2z  C2y  C2x
   -----+--------------------
     E  |  E 
    C2z | C2z   E 
    C2y | C2y  C2x   E 
    C2x | C2x  C2y  C2z   E 

   * Character table

        |  E   C2z  C2y  C2x
   -----+--------------------
    A   |   1    1    1    1
    B3  |   1   -1   -1    1
    B1  |   1    1   -1   -1
    B2  |   1   -1    1   -1

   * Direct product table

        | A    B3   B1   B2 
   -----+--------------------
    A   | A  
    B3  | B3   A  
    B1  | B1   B2   A  
    B2  | B2   B1   B3   A  


                        **************************
                        *** Output from DBLGRP ***
                        **************************

   * One fermion irrep:   E1 
   * Real group. NZ = 1
   * Direct product decomposition:
          E1  x E1  : A   + B1  + B2  + B3 


                             Spinor structure
                             ----------------


   * Fermion irrep no.: 1
      La  |  A  (1)  B1 (2)  |
      Sa  |  A  (1)  B1 (2)  |
      Lb  |  B2 (3)  B3 (4)  |
      Sb  |  B2 (3)  B3 (4)  |


                          Quaternion symmetries
                          ---------------------

    Rep  T(+)
    -----------------------------
    A    1
    B3   k
    B1   i
    B2   j


  Atoms and basis sets
  --------------------

  Number of atom types:     2
  Total number of atoms:    5

  label    atoms   charge   prim    cont     basis   
  ----------------------------------------------------------------------
  C  1        1       6      47      35      L  - [10s5p2d1f|4s3p2d1f]                               
                            112     112      S  - [5s12p6d2f1g|5s12p6d2f1g]                          
  H  2        4       1      17      15      L  - [5s2p1d|3s2p1d]                                    
                             42      42      S  - [2s6p2d1f|2s6p2d1f]                                
  ----------------------------------------------------------------------
                            115      95   L - large components
                            280     280   S - small components
  ----------------------------------------------------------------------
  total:      5      10     395     375

  Cartesian basis used.
  Threshold for integrals:  1.00D-15


  References for the basis sets
  -----------------------------

  Atom type   1   2
    D.E. Woon and T.H. Dunning, Jr., J.C.P.    100, 2975 (1994).                  


  Cartesian Coordinates
  ---------------------

  Total number of coordinates: 15


   1   C  1     x      0.0000000000
   2            y      0.0000000000
   3            z      0.0000000000

   4   H  2 1   x      1.1848627200
   5            y      1.1848627200
   6            z      1.1848627200

   7   H  2 2   x     -1.1848627200
   8            y     -1.1848627200
   9            z      1.1848627200

  10   H  2 3   x      1.1848627200
  11            y     -1.1848627200
  12            z     -1.1848627200

  13   H  2 4   x     -1.1848627200
  14            y      1.1848627200
  15            z     -1.1848627200



  Symmetry Coordinates
  --------------------

  Number of coordinates in each symmetry:   3  4  4  4


  Symmetry 1

   1   H  2  x    [ 4  -  7  + 10  - 13 ]/4
   2   H  2  y    [ 5  -  8  - 11  + 14 ]/4
   3   H  2  z    [ 6  +  9  - 12  - 15 ]/4


  Symmetry 2

   4   C  1  x    1
   5   H  2  x    [ 4  +  7  + 10  + 13 ]/4
   6   H  2  y    [ 5  +  8  - 11  - 14 ]/4
   7   H  2  z    [ 6  -  9  - 12  + 15 ]/4


  Symmetry 3

   8   C  1  z    3
   9   H  2  x    [ 4  -  7  - 10  + 13 ]/4
  10   H  2  y    [ 5  -  8  + 11  - 14 ]/4
  11   H  2  z    [ 6  +  9  + 12  + 15 ]/4


  Symmetry 4

  12   C  1  y    2
  13   H  2  x    [ 4  +  7  - 10  - 13 ]/4
  14   H  2  y    [ 5  +  8  + 11  + 14 ]/4
  15   H  2  z    [ 6  -  9  + 12  - 15 ]/4


   Interatomic separations (in Angstroms):
   ---------------------------------------

            C  1        H  1        H  2        H  3        H  4

   C  1    0.000000
   H  1    1.086000    0.000000
   H  2    1.086000    1.773430    0.000000
   H  3    1.086000    1.773430    1.773430    0.000000
   H  4    1.086000    1.773430    1.773430    1.773430    0.000000




  Bond distances (angstroms):
  ---------------------------

                  atom 1     atom 2                           distance
                  ------     ------                           --------
  bond distance:    H  1       C  1                           1.086000
  bond distance:    H  2       C  1                           1.086000
  bond distance:    H  3       C  1                           1.086000
  bond distance:    H  4       C  1                           1.086000


  Bond angles (degrees):
  ----------------------

                  atom 1     atom 2     atom 3                   angle
                  ------     ------     ------                   -----
  bond angle:       H  2       C  1       H  1                 109.471
  bond angle:       H  3       C  1       H  1                 109.471
  bond angle:       H  3       C  1       H  2                 109.471
  bond angle:       H  4       C  1       H  1                 109.471
  bond angle:       H  4       C  1       H  2                 109.471
  bond angle:       H  4       C  1       H  3                 109.471


  Nuclear repulsion energy :   13.484875956018


                            GETLAB: AO-labels
                            -----------------

   * Large components:   60
     1  L C     s        2  L C     px       3  L C     py       4  L C     pz       5  L C     dxx      6  L C     dxy 
     7  L C     dxz      8  L C     dyy      9  L C     dyz     10  L C     dzz     11  L C     fxxx    12  L C     fxxy
    13  L C     fxxz    14  L C     fxyy    15  L C     fxyz    16  L C     fxzz    17  L C     fyyy    18  L C     fyyz
    19  L C     fyzz    20  L C     fzzz    21  L H   1 s       22  L H   2 s       23  L H   3 s       24  L H   4 s   
    25  L H   1 px      26  L H   1 py      27  L H   1 pz      28  L H   2 px      29  L H   2 py      30  L H   2 pz  
    31  L H   3 px      32  L H   3 py      33  L H   3 pz      34  L H   4 px      35  L H   4 py      36  L H   4 pz  
    37  L H   1 dxx     38  L H   1 dxy     39  L H   1 dxz     40  L H   1 dyy     41  L H   1 dyz     42  L H   1 dzz 
    43  L H   2 dxx     44  L H   2 dxy     45  L H   2 dxz     46  L H   2 dyy     47  L H   2 dyz     48  L H   2 dzz 
    49  L H   3 dxx     50  L H   3 dxy     51  L H   3 dxz     52  L H   3 dyy     53  L H   3 dyz     54  L H   3 dzz 
    55  L H   4 dxx     56  L H   4 dxy     57  L H   4 dxz     58  L H   4 dyy     59  L H   4 dyz     60  L H   4 dzz 
   * Small components:  115
    61  S C     s       62  S C     px      63  S C     py      64  S C     pz      65  S C     dxx     66  S C     dxy 
    67  S C     dxz     68  S C     dyy     69  S C     dyz     70  S C     dzz     71  S C     fxxx    72  S C     fxxy
    73  S C     fxxz    74  S C     fxyy    75  S C     fxyz    76  S C     fxzz    77  S C     fyyy    78  S C     fyyz
    79  S C     fyzz    80  S C     fzzz    81  S C     g400    82  S C     g310    83  S C     g301    84  S C     g220
    85  S C     g211    86  S C     g202    87  S C     g130    88  S C     g121    89  S C     g112    90  S C     g103
    91  S C     g040    92  S C     g031    93  S C     g022    94  S C     g013    95  S C     g004    96  S H   1 s   
    97  S H   2 s       98  S H   3 s       99  S H   4 s      100  S H   1 px     101  S H   1 py     102  S H   1 pz  
   103  S H   2 px     104  S H   2 py     105  S H   2 pz     106  S H   3 px     107  S H   3 py     108  S H   3 pz  
   109  S H   4 px     110  S H   4 py     111  S H   4 pz     112  S H   1 dxx    113  S H   1 dxy    114  S H   1 dxz 
   115  S H   1 dyy    116  S H   1 dyz    117  S H   1 dzz    118  S H   2 dxx    119  S H   2 dxy    120  S H   2 dxz 
   121  S H   2 dyy    122  S H   2 dyz    123  S H   2 dzz    124  S H   3 dxx    125  S H   3 dxy    126  S H   3 dxz 
   127  S H   3 dyy    128  S H   3 dyz    129  S H   3 dzz    130  S H   4 dxx    131  S H   4 dxy    132  S H   4 dxz 
   133  S H   4 dyy    134  S H   4 dyz    135  S H   4 dzz    136  S H   1 fxxx   137  S H   1 fxxy   138  S H   1 fxxz
   139  S H   1 fxyy   140  S H   1 fxyz   141  S H   1 fxzz   142  S H   1 fyyy   143  S H   1 fyyz   144  S H   1 fyzz
   145  S H   1 fzzz   146  S H   2 fxxx   147  S H   2 fxxy   148  S H   2 fxxz   149  S H   2 fxyy   150  S H   2 fxyz
   151  S H   2 fxzz   152  S H   2 fyyy   153  S H   2 fyyz   154  S H   2 fyzz   155  S H   2 fzzz   156  S H   3 fxxx
   157  S H   3 fxxy   158  S H   3 fxxz   159  S H   3 fxyy   160  S H   3 fxyz   161  S H   3 fxzz   162  S H   3 fyyy
   163  S H   3 fyyz   164  S H   3 fyzz   165  S H   3 fzzz   166  S H   4 fxxx   167  S H   4 fxxy   168  S H   4 fxxz
   169  S H   4 fxyy   170  S H   4 fxyz   171  S H   4 fxzz   172  S H   4 fyyy   173  S H   4 fyyz   174  S H   4 fyzz
   175  S H   4 fzzz


                            GETLAB: SO-labels
                            -----------------

   * Large components:   60
     1  L A  C  s        2  L A  C  dxx      3  L A  C  dyy      4  L A  C  dzz      5  L A  C  fxyz     6  L A  H  s   
     7  L A  H  px       8  L A  H  py       9  L A  H  pz      10  L A  H  dxx     11  L A  H  dxy     12  L A  H  dxz 
    13  L A  H  dyy     14  L A  H  dyz     15  L A  H  dzz     16  L B3 C  px      17  L B3 C  dyz     18  L B3 C  fxxx
    19  L B3 C  fxyy    20  L B3 C  fxzz    21  L B3 H  s       22  L B3 H  px      23  L B3 H  py      24  L B3 H  pz  
    25  L B3 H  dxx     26  L B3 H  dxy     27  L B3 H  dxz     28  L B3 H  dyy     29  L B3 H  dyz     30  L B3 H  dzz 
    31  L B1 C  pz      32  L B1 C  dxy     33  L B1 C  fxxz    34  L B1 C  fyyz    35  L B1 C  fzzz    36  L B1 H  s   
    37  L B1 H  px      38  L B1 H  py      39  L B1 H  pz      40  L B1 H  dxx     41  L B1 H  dxy     42  L B1 H  dxz 
    43  L B1 H  dyy     44  L B1 H  dyz     45  L B1 H  dzz     46  L B2 C  py      47  L B2 C  dxz     48  L B2 C  fxxy
    49  L B2 C  fyyy    50  L B2 C  fyzz    51  L B2 H  s       52  L B2 H  px      53  L B2 H  py      54  L B2 H  pz  
    55  L B2 H  dxx     56  L B2 H  dxy     57  L B2 H  dxz     58  L B2 H  dyy     59  L B2 H  dyz     60  L B2 H  dzz 
   * Small components:  115
    61  S A  C  s       62  S A  C  dxx     63  S A  C  dyy     64  S A  C  dzz     65  S A  C  fxyz    66  S A  C  g400
    67  S A  C  g220    68  S A  C  g202    69  S A  C  g040    70  S A  C  g022    71  S A  C  g004    72  S A  H  s   
    73  S A  H  px      74  S A  H  py      75  S A  H  pz      76  S A  H  dxx     77  S A  H  dxy     78  S A  H  dxz 
    79  S A  H  dyy     80  S A  H  dyz     81  S A  H  dzz     82  S A  H  fxxx    83  S A  H  fxxy    84  S A  H  fxxz
    85  S A  H  fxyy    86  S A  H  fxyz    87  S A  H  fxzz    88  S A  H  fyyy    89  S A  H  fyyz    90  S A  H  fyzz
    91  S A  H  fzzz    92  S B3 C  px      93  S B3 C  dyz     94  S B3 C  fxxx    95  S B3 C  fxyy    96  S B3 C  fxzz
    97  S B3 C  g211    98  S B3 C  g031    99  S B3 C  g013   100  S B3 H  s      101  S B3 H  px     102  S B3 H  py  
   103  S B3 H  pz     104  S B3 H  dxx    105  S B3 H  dxy    106  S B3 H  dxz    107  S B3 H  dyy    108  S B3 H  dyz 
   109  S B3 H  dzz    110  S B3 H  fxxx   111  S B3 H  fxxy   112  S B3 H  fxxz   113  S B3 H  fxyy   114  S B3 H  fxyz
   115  S B3 H  fxzz   116  S B3 H  fyyy   117  S B3 H  fyyz   118  S B3 H  fyzz   119  S B3 H  fzzz   120  S B1 C  pz  
   121  S B1 C  dxy    122  S B1 C  fxxz   123  S B1 C  fyyz   124  S B1 C  fzzz   125  S B1 C  g310   126  S B1 C  g130
   127  S B1 C  g112   128  S B1 H  s      129  S B1 H  px     130  S B1 H  py     131  S B1 H  pz     132  S B1 H  dxx 
   133  S B1 H  dxy    134  S B1 H  dxz    135  S B1 H  dyy    136  S B1 H  dyz    137  S B1 H  dzz    138  S B1 H  fxxx
   139  S B1 H  fxxy   140  S B1 H  fxxz   141  S B1 H  fxyy   142  S B1 H  fxyz   143  S B1 H  fxzz   144  S B1 H  fyyy
   145  S B1 H  fyyz   146  S B1 H  fyzz   147  S B1 H  fzzz   148  S B2 C  py     149  S B2 C  dxz    150  S B2 C  fxxy
   151  S B2 C  fyyy   152  S B2 C  fyzz   153  S B2 C  g301   154  S B2 C  g121   155  S B2 C  g103   156  S B2 H  s   
   157  S B2 H  px     158  S B2 H  py     159  S B2 H  pz     160  S B2 H  dxx    161  S B2 H  dxy    162  S B2 H  dxz 
   163  S B2 H  dyy    164  S B2 H  dyz    165  S B2 H  dzz    166  S B2 H  fxxx   167  S B2 H  fxxy   168  S B2 H  fxxz
   169  S B2 H  fxyy   170  S B2 H  fxyz   171  S B2 H  fxzz   172  S B2 H  fyyy   173  S B2 H  fyyz   174  S B2 H  fyzz
   175  S B2 H  fzzz


  Symmetry Orbitals
  -----------------

  Number of orbitals in each symmetry:           99    92    92    92
  Number of large orbitals in each symmetry:     26    23    23    23
  Number of small orbitals in each symmetry:     73    69    69    69

* Large component functions

  Symmetry  A  ( 1)

        4 functions:    C  s   
        2 functions:    C  dxx 
        2 functions:    C  dyy 
        2 functions:    C  dzz 
        1 functions:    C  fxyz
        3 functions:    H  s   1+2+3+4
        2 functions:    H  px  1-2+3-4
        2 functions:    H  py  1-2-3+4
        2 functions:    H  pz  1+2-3-4
        1 functions:    H  dxx 1+2+3+4
        1 functions:    H  dxy 1+2-3-4
        1 functions:    H  dxz 1-2-3+4
        1 functions:    H  dyy 1+2+3+4
        1 functions:    H  dyz 1-2+3-4
        1 functions:    H  dzz 1+2+3+4

  Symmetry  B3 ( 2)

        3 functions:    C  px  
        2 functions:    C  dyz 
        1 functions:    C  fxxx
        1 functions:    C  fxyy
        1 functions:    C  fxzz
        3 functions:    H  s   1-2+3-4
        2 functions:    H  px  1+2+3+4
        2 functions:    H  py  1+2-3-4
        2 functions:    H  pz  1-2-3+4
        1 functions:    H  dxx 1-2+3-4
        1 functions:    H  dxy 1-2-3+4
        1 functions:    H  dxz 1+2-3-4
        1 functions:    H  dyy 1-2+3-4
        1 functions:    H  dyz 1+2+3+4
        1 functions:    H  dzz 1-2+3-4

  Symmetry  B1 ( 3)

        3 functions:    C  pz  
        2 functions:    C  dxy 
        1 functions:    C  fxxz
        1 functions:    C  fyyz
        1 functions:    C  fzzz
        3 functions:    H  s   1+2-3-4
        2 functions:    H  px  1-2-3+4
        2 functions:    H  py  1-2+3-4
        2 functions:    H  pz  1+2+3+4
        1 functions:    H  dxx 1+2-3-4
        1 functions:    H  dxy 1+2+3+4
        1 functions:    H  dxz 1-2+3-4
        1 functions:    H  dyy 1+2-3-4
        1 functions:    H  dyz 1-2-3+4
        1 functions:    H  dzz 1+2-3-4

  Symmetry  B2 ( 4)

        3 functions:    C  py  
        2 functions:    C  dxz 
        1 functions:    C  fxxy
        1 functions:    C  fyyy
        1 functions:    C  fyzz
        3 functions:    H  s   1-2-3+4
        2 functions:    H  px  1+2-3-4
        2 functions:    H  py  1+2+3+4
        2 functions:    H  pz  1-2+3-4
        1 functions:    H  dxx 1-2-3+4
        1 functions:    H  dxy 1-2+3-4
        1 functions:    H  dxz 1+2+3+4
        1 functions:    H  dyy 1-2-3+4
        1 functions:    H  dyz 1+2-3-4
        1 functions:    H  dzz 1-2-3+4

* Small component functions

  Symmetry  A  ( 1)

        5 functions:    C  s   
        6 functions:    C  dxx 
        6 functions:    C  dyy 
        6 functions:    C  dzz 
        2 functions:    C  fxyz
        1 functions:    C  g400
        1 functions:    C  g220
        1 functions:    C  g202
        1 functions:    C  g040
        1 functions:    C  g022
        1 functions:    C  g004
        2 functions:    H  s   1+2+3+4
        6 functions:    H  px  1-2+3-4
        6 functions:    H  py  1-2-3+4
        6 functions:    H  pz  1+2-3-4
        2 functions:    H  dxx 1+2+3+4
        2 functions:    H  dxy 1+2-3-4
        2 functions:    H  dxz 1-2-3+4
        2 functions:    H  dyy 1+2+3+4
        2 functions:    H  dyz 1-2+3-4
        2 functions:    H  dzz 1+2+3+4
        1 functions:    H  fxxx1-2+3-4
        1 functions:    H  fxxy1-2-3+4
        1 functions:    H  fxxz1+2-3-4
        1 functions:    H  fxyy1-2+3-4
        1 functions:    H  fxyz1+2+3+4
        1 functions:    H  fxzz1-2+3-4
        1 functions:    H  fyyy1-2-3+4
        1 functions:    H  fyyz1+2-3-4
        1 functions:    H  fyzz1-2-3+4
        1 functions:    H  fzzz1+2-3-4

  Symmetry  B3 ( 2)

       12 functions:    C  px  
        6 functions:    C  dyz 
        2 functions:    C  fxxx
        2 functions:    C  fxyy
        2 functions:    C  fxzz
        1 functions:    C  g211
        1 functions:    C  g031
        1 functions:    C  g013
        2 functions:    H  s   1-2+3-4
        6 functions:    H  px  1+2+3+4
        6 functions:    H  py  1+2-3-4
        6 functions:    H  pz  1-2-3+4
        2 functions:    H  dxx 1-2+3-4
        2 functions:    H  dxy 1-2-3+4
        2 functions:    H  dxz 1+2-3-4
        2 functions:    H  dyy 1-2+3-4
        2 functions:    H  dyz 1+2+3+4
        2 functions:    H  dzz 1-2+3-4
        1 functions:    H  fxxx1+2+3+4
        1 functions:    H  fxxy1+2-3-4
        1 functions:    H  fxxz1-2-3+4
        1 functions:    H  fxyy1+2+3+4
        1 functions:    H  fxyz1-2+3-4
        1 functions:    H  fxzz1+2+3+4
        1 functions:    H  fyyy1+2-3-4
        1 functions:    H  fyyz1-2-3+4
        1 functions:    H  fyzz1+2-3-4
        1 functions:    H  fzzz1-2-3+4

  Symmetry  B1 ( 3)

       12 functions:    C  pz  
        6 functions:    C  dxy 
        2 functions:    C  fxxz
        2 functions:    C  fyyz
        2 functions:    C  fzzz
        1 functions:    C  g310
        1 functions:    C  g130
        1 functions:    C  g112
        2 functions:    H  s   1+2-3-4
        6 functions:    H  px  1-2-3+4
        6 functions:    H  py  1-2+3-4
        6 functions:    H  pz  1+2+3+4
        2 functions:    H  dxx 1+2-3-4
        2 functions:    H  dxy 1+2+3+4
        2 functions:    H  dxz 1-2+3-4
        2 functions:    H  dyy 1+2-3-4
        2 functions:    H  dyz 1-2-3+4
        2 functions:    H  dzz 1+2-3-4
        1 functions:    H  fxxx1-2-3+4
        1 functions:    H  fxxy1-2+3-4
        1 functions:    H  fxxz1+2+3+4
        1 functions:    H  fxyy1-2-3+4
        1 functions:    H  fxyz1+2-3-4
        1 functions:    H  fxzz1-2-3+4
        1 functions:    H  fyyy1-2+3-4
        1 functions:    H  fyyz1+2+3+4
        1 functions:    H  fyzz1-2+3-4
        1 functions:    H  fzzz1+2+3+4

  Symmetry  B2 ( 4)

       12 functions:    C  py  
        6 functions:    C  dxz 
        2 functions:    C  fxxy
        2 functions:    C  fyyy
        2 functions:    C  fyzz
        1 functions:    C  g301
        1 functions:    C  g121
        1 functions:    C  g103
        2 functions:    H  s   1-2-3+4
        6 functions:    H  px  1+2-3-4
        6 functions:    H  py  1+2+3+4
        6 functions:    H  pz  1-2+3-4
        2 functions:    H  dxx 1-2-3+4
        2 functions:    H  dxy 1-2+3-4
        2 functions:    H  dxz 1+2+3+4
        2 functions:    H  dyy 1-2-3+4
        2 functions:    H  dyz 1+2-3-4
        2 functions:    H  dzz 1-2-3+4
        1 functions:    H  fxxx1+2-3-4
        1 functions:    H  fxxy1+2+3+4
        1 functions:    H  fxxz1-2+3-4
        1 functions:    H  fxyy1+2-3-4
        1 functions:    H  fxyz1-2-3+4
        1 functions:    H  fxzz1+2-3-4
        1 functions:    H  fyyy1+2+3+4
        1 functions:    H  fyyz1-2+3-4
        1 functions:    H  fyzz1+2+3+4
        1 functions:    H  fzzz1-2+3-4


 ***************************************************************************
 *************************** Hamiltonian defined ***************************
 ***************************************************************************

 * Print level :    0
 * Dirac-Coulomb Hamiltonian
   with the following modifications:
 * Default integral flags passed to all modules
