Master : DIRAC allocating 3000000 words of memory
******************************************************************************
*                                                                            *
*                                O U T P U T                                 *
*                                   from                                     *
*                                                                            *
*                   @@@@@    @@   @@@@@     @@@@     @@@@@                   *
*                   @@  @@        @@  @@   @@  @@   @@                       *
*                   @@  @@   @@   @@@@@    @@@@@@   @@                       *
*                   @@  @@   @@   @@ @@    @@  @@   @@                       *
*                   @@@@@    @@   @@  @@   @@  @@    @@@@@                   *
*                                                                            *
*                                                                            *
MMMMMMMMMMMMMMMMMMMMMMMMMMP!<<~"<<<<<!<<<<!!!!!<~"!****MMHMMMMMMMMX?HMXMMX9M?H
MMMMMMMMMMMMMMMMMMMMMMMM!M!<<<<<<:<<<<<<<<<<~<<< <<~~~<!!MMMMMMMMMMH%XX%!XMMXX
MMMMMMMMMMMMMMMMMMMMMMM!<!!!<<<<<<<<<<<<<<< <~<~~~~    ~<~!!??MSMMMM!tXX!9HtSM
MMMMMMMMMMMMMMMMMMMMMMM!:!<<<<!!!<<<<<<~<`<~~~     `     <<<~!*MMHM9XXMMHSHMMM
MMMMMMMMMMMMMMMMMMMMMMM%?<<<<<<<<<<~~<~'~<~'             `<<<!~!MMMMMMMXMMMMMM
MMMMMMMMMMMMMMMMMMMMMM!!!X<<<<<<<<<~     ~                 `<<<<!?MMMMMMMMMMMM
MMMMMMMMMMMMMMMMMMMMMMX<<!!<!<<<~~<<<                       `~<<<~?MMMMMMMMMMM
MMMMMMMMMMMMMMMMMMMMM?M:<<<<<<<~ <<<<      :                  `<<<!MMMMMMMMMMM
MMMMMMMMMMMMMMMMMMMM!!!!<<<<<<<~ <<~ '<::<<<<<<:                `<<MMMMMMMMMMM
MMMMMMMMMMMMMMMMMMMX<<<<<<<<<<<:<<  <`<<<<<:nnnhnn:              ~<!MMMMMMMMMM
MMMMMMMMMMMMMMMMMMMXxnnnnxnxi:<<<<<<<<<<<<xHMMMMMMnx:              `"??MMMMMMM
MMMMMMMMMMMMMMMMMMX8NN888MMMMXXx:::xxHMMMMMMMMMMMMMMH::              <!!?MMMMM
MMMMMMMMMMMMMMMM?9$$$$$$$NM8MMMMMMMMMMMMMMMMMMMMMMMMMMH:            '!!!!MMMMM
MMMMMMMMMMMMMMMXt$$$$$$$$$$$N8MMMMMNNMMMMMMMMMMMMMMMMMMh<            <<<!?MMMM
MMMMMMMMMMMMMMXN$$$$$$$$$$$$$$$NN$$$$NN8N9MMMMMMMMMMMMMX<~            `~<<!MSM
MMMMMMMMMMMM!~t$$$$$$$$$$$$$$$$$$$$$$$BMMMMMMMMMMMMMMMMM>               `<XMMM
MMMMMMMMMMMMXX$$$$$$$$$$$$$$$$$$$$$$R$RMMMMMMMMMMMMMMMMM%<               <XMSt
MMMMMMMMMMMMXN$$$$$$$$$$$$$$$$$$$$MMMMMMMMMMMMMMMMMMMMMMf<<  :          :<?MMH
MMMMMMMMMMMMX$$$$$$$$$$$$$$$$$RRMMMMMMMMMMMMMMMMMMMMMMMM!<<<            `<MMMM
MMMMMMMMMMMM9$$$$$$$$$$$$$$$RMMMMMB8MMMMMMMMMMMMMMMMMMMM!<<<            <!HXSt
MMMMMMMMMMMM9$$$$$$$$$$$$N$8MMM8NN$$8NNMMMMMMMMMMMMMMMM!<<<<            <!MMMX
MMMMMMMMMMMM$$$$$$$$$$$$$$NN8N$$$$$$$$$MMMMMMMMMMMMMMMMX<<<<            <XXMMM
MMMMMMMMMMMM9$$$$$$$$$$$$$$$$$$$$$$$$$RRMMMMMMMMMMMMMMMMx<<<            <XMXMX
MMMMMMMMMMMMM$$$$$$$$$$$$$$$RR$RRRRM*!"""!*MMMMMMMMMMMMMH><~           ::MMMHM
MMMMMMMMMMMMMRRRRR$$$RM$$RRMMMM*!"!~<<<<<::X??MMMMMMMMMMMf~        :xnx:?MMMHM
MMMMMMMMMMMMMM*!"""?*MMMMMMMM!!    <<<<<!*MMMMMMMMMMMMMMMf:       <HM!<<!XMMX!
MMMMMMMMMMMMMMi<<<~~<"!MMMMMM<<<<<<  ~~<<~"!MMMMMMMMMMMMM!<<:~   <HMHx:<!M!t?!
MMMMMMMMMMMMMMf<<~~ `~~!M8MMHi<<<<<::: :<:<<!H9MMMMMMMMMMk:<~ ::nHMMMMX<<X!?XX
MMMMMMMMMMMMMMh<::< <x<<M$$MMM::<<<!h:::HMMMMMMMMMMMMMMMMMMhixMMMf?*MMXM!MX!?!
MMMMMMMMMMMMMMMHMh::n?::8$RMMMHM+<+HMMhMMMMMMMMMMMMMMMMMMMMMMMMM?X:~?MX?!|!!
MMMMMMMMMMMMMM9NMMMMMHM8$$MMMMMMHnHnHHHHMMMMMMMMMMMMMMMMMMMMMMMMMMh:<?M!M!!!!!
MMMMMMMMMMMMMM9$BMMMMMN$$RMMMMMMMN88MMMMMMMMMMMMMMMMMMMMMM%!MMMMMMM!<HHH!!!!~!
MMMMMMMMMMMMMM9$$B888N$$$MMMMMMMMM$$$N8MMMMMMMMMMMMMMMMMMX!HMMMMMMMH!?!!!<!<<!
MMMMMMMMMMMMMMM$$$$$$$$$RMMMMMMMMM$$$$$MMMMMMMMMMMMMMMMMM|MMMMMMMMXH!!!~<~!!
MMMMMMMMMMMMMMM$$$$$$$$$MMMMMMMMMMR$$$$NMMMMMMMMMMMMMMMM!!!!?MHHMMMM!!<~~~<!!<
MMMMMMMMMMMMMMM9$$$$$$$$RMMRMMMMMMMMMMRMMMMMMMMMMMMMMMMM!!!!!!*MM*!!~<<<<~::!!
MMMMMMMMMMMMMMM9$$$$RRRMM****MMMMMMMMMMMMMMMMMMMMMMMMMMHH!!!!<`!!<<< ~~<<<!!?!
MMMMMMMMMMMMMMMM$$$$MMS!"<<:<<~9MMMMMMMMMMMMMMMMMMMMMMMMX!<!!<<<<<<<    ~~<<!~
MMMMMMMMMMMMMMMM$$$B$$Mi!<~!<!!?MMMMMMMMMMMMMMMMMMMMMMMMM!<<<::<<::<         `
MMMMMMMMMMMMMMMMR$$$RRMM<<<<<<<<2|*MMMMMMMMMMMMMMMMMM?!<<<<!:<x!X<          
MMMMMMMMMMMMMMMMM$$RMMMHn:::xxHMMMHx:<?MMMMMMMMMMMMMMMM!!<<<!!!X?Xf           
MMMM?M%?X9MMMMMMMM$$MM*!!M*!""?""?"!"!!MMMMMMMMMMMMMM!!!<<<<<!!XXH!           
MMMSX?!H??MMMMMMMM$$MHsi:!%+!+!!+!<::xXMMMMMMMMMMMMM?!<<<<<<<!!MMM~           
MM|?!!!!?M9MMMMMM$RM$$NbiiiinnHMMMMMMMMMMMMMMMMM!!!!<<<<<<<!!9MM            
?!?!!!?!!<??tHMMMMMM@N$$R$$$$RRMMMMMMMMMMMMMMM|!!!<<<<<<<<<!XMMM            
X!!!/!!<<<!!??MMMMM*MR$$M****!*MMMMMMMMMMMMMMM!!<<<<<<<<<<<<!!?M9M            
!!!:!<<<<<~!!!!!"!<<?MMRMHnixxHMMMMMMMMMMMMM?!!<<<<<<<<<<<<<!!X9$f            
!!!!!<<<<<<<!!!<<<<<~tMMMN$$MMMMMMMMMMMMMM!"!<<<<<<<<<<<<<<<<X9$R!            
<<<<<<<<<<<<!<<~     ~?MMRRMMMMMMMMMMMM!"!<<~      <<<<<<<<<<H$$f             
<<<<<<<<<<<<<<~       ~MMMMMMMMMMM**M?"<<~         <<<<<<<<:HM$R"             
<<<<<<<<<<<<<~         `***!"?"!!!<<<<~           :<<<<<<<HMMMRP              
<<<<<<<<<<<<<             `~ ` ~~    :            ~<<<<<xHMMMMM"              
<<<<<<<<<<<<~                       <<:            ~ <<:HMMMMMf               
<<<<<<<<<<<<                        `Hn:             <xMMMMMMM"               
<<<<<<<<<<<                          !MMi          <xXMMMMMMM!                
<<<<<<<<<<<                           !MM:        :!MMMMMMMMM~                
<<<<<<<<<<:                            "MMr::  :xnHMMMMMMMMM!                 
<<<<<<<<<<                              `"  `~~~?MMMMMMMMM?!                  
<<<<<<<<<<                                      `"*MP*?XMM!~                  
<<<<<<<<<<                                        `"!<!MMf~                   
<<<<<<<<<~                                          `~!!?!                    
<<<<<<<<<                                            `<~!~                    
<<<<<<<<<                                          <:<<`~                     
<<<<<<<<<~                                         ::<<                      :
<<<<<<<<<<                                        'MHk<                      <
:<<<<<<<<<                                        `MMH:                   < <<
******************************************************************************
*                                                                            *
*         =======================================================            *
*                     Program for Atomic and Molecular                       *
*          Direct Iterative Relativistic Allelectron Calculations            *
*         =======================================================            *
*                                                                            *
*                        VERSION 3.1     OCTOBER 1998                        *
*                                                                            *
******************************************************************************
*                                                                            *
* Written by:                                                                *
*    Trond Saue,              The University of Tromsoe,        Norway       *
*    Vebjoern Bakken,         University of Oslo,               Norway       *
*    Thomas Enevoldsen,       SDU, Odense University,           Denmark      *
*    Trygve Helgaker,         University of Oslo,               Norway       *
*    Hans Joergen Aa. Jensen, SDU, Odense University,           Denmark      *
*    Jon K. Laerdahl,         University of Oslo                Norway       *
*    Kenneth Ruud,            University of Oslo,               Norway       *
*    Joern Thyssen,           SDU, Odense University,           Denmark      *
*    Luuk Visscher,           Vrije Universiteit, Amsterdam,    Netherlands  *
*                                                                            *
*                                                                            *
* Note:                                                                      *
*    This is an experimental code. The authors accept no responsibility      *
*    for the performance of the code or for the correctness of the results.  *
*                                                                            *
*    The code (in whole or part) is not to be reproduced for further         *
*    distribution without the written permission of the authors or           *
*    their representatives.                                                  *
*                                                                            *
*    If results obtained with this code are published, an                    *
*    appropriate citation would be:                                          *
*                                                                            *
*    T. Saue, V. Bakken, T. Enevoldsen, T. Helgaker, H. J. Aa. Jensen,       *
*    J. Laerdahl, K. Ruud, J. Thyssen, and L. Visscher:                      *
*    "Dirac, a relativistic ab initio electronic structure program,          *
*    Release 3.2 (2000)"                                                     *
*    (for a suitable BibTEX entry, see <URL:"insert URL here">)               *
*                                                                            *
******************************************************************************
 Version           : Dirac Newest 3.1 (patchlevel 0) 
 Hostname          : assens
 Operating system  : IRIX 6.5
 Machine           : IP22
 Run               : Sequential
 Last compilation  : 17:59:56 Aug 29 2000 (by jth@assens.chem.ou.dk)
 Basis set dir.    : /home/jth/prog/Dirac/basis/:./

 Date and time (IRIX)   : Tue Aug 29 18:00:15 2000


 *************************************************************************
 ********************* DIRAC: No title specified !!! *********************
 *************************************************************************

 Jobs in this run:
   * Input test run only 


 **************************************************************************
 ************************** General DIRAC set-up **************************
 **************************************************************************

 * The speed of light :        137.0359895
 * Direct evaluation of the following two-electron integrals:
 * Default integral flags passed to all modules
   - LL-integrals: T
   - LS-integrals: T
   - SS-integrals: T
 * Spherical transformation embedded in MO-transformation
   for large components
 * Transformation to scalar RKB basis embedded in
   MO-transformation for small components
 * Thresholds for linear dependence:
   Large components:   1.00D-06
   Small components:   1.00D-08
 * General print level   :   0


 *************************************************************************
 ****************** Output from HERMIT input processing ******************
 *************************************************************************



 Default print level:        1


 Input test run only 

 * Nuclear model: Gaussian charge distribution.

 Two-electron integrals not calculated.


 Ordinary (field-free non-relativistic) Hamiltonian integrals not calculated.



 *************************************************************************
 ****************** Output from READIN input processing ******************
 *************************************************************************



  Title Cards
  -----------

  Test of basis set readin.                                               
  Methane                                                                 

WARNING!!! Cartesian Gaussians must be specified
           in molecule input file.
           DIRAC proceeds with readin assuming            Cartesian Gaussians.


Atomic type:     1
   Nuclear charge:   6.0
   Number of symmetry independent centres:     1
   Nuclear Gaussian exponent for atom of charge   6.000:     6.8077502929D+08
   Symmetry independent centers:
      C  1   0.000000000000000   0.000000000000000   0.000000000000000
Trying basis set file: 
"/home/jth/prog/Dirac/basis/aug-cc-pVDZ"
   Large component set:
      Max.ang.quantum no.:    2  Blocks:    1    1    1
Contraction matrix:
0.9439000000E+01
  1.00000000  0.00000000  0.00000000  0.00000000  0.00000000
0.2002000000E+01
  0.00000000  1.00000000  0.00000000  0.00000000  0.00000000
0.5456000000E+00
  0.00000000  0.00000000  1.00000000  0.00000000  0.00000000
0.1517000000E+00
  0.00000000  0.00000000  0.00000000  1.00000000  0.00000000
0.4041000000E-01
  0.00000000  0.00000000  0.00000000  0.00000000  1.00000000
Contraction matrix:
0.6665000000E+04
  1.00000000  0.00000000  0.00000000  0.00000000  0.00000000  0.00000000
  0.00000000  0.00000000  0.00000000  0.00000000
0.1000000000E+04
  0.00000000  1.00000000  0.00000000  0.00000000  0.00000000  0.00000000
  0.00000000  0.00000000  0.00000000  0.00000000
0.2280000000E+03
  0.00000000  0.00000000  1.00000000  0.00000000  0.00000000  0.00000000
  0.00000000  0.00000000  0.00000000  0.00000000
0.6471000000E+02
  0.00000000  0.00000000  0.00000000  1.00000000  0.00000000  0.00000000
  0.00000000  0.00000000  0.00000000  0.00000000
0.2106000000E+02
  0.00000000  0.00000000  0.00000000  0.00000000  1.00000000  0.00000000
  0.00000000  0.00000000  0.00000000  0.00000000
0.7495000000E+01
  0.00000000  0.00000000  0.00000000  0.00000000  0.00000000  1.00000000
  0.00000000  0.00000000  0.00000000  0.00000000
0.2797000000E+01
  0.00000000  0.00000000  0.00000000  0.00000000  0.00000000  0.00000000
  1.00000000  0.00000000  0.00000000  0.00000000
0.5215000000E+00
  0.00000000  0.00000000  0.00000000  0.00000000  0.00000000  0.00000000
  0.00000000  1.00000000  0.00000000  0.00000000
0.1596000000E+00
  0.00000000  0.00000000  0.00000000  0.00000000  0.00000000  0.00000000
  0.00000000  0.00000000  1.00000000  0.00000000
0.4690000000E-01
  0.00000000  0.00000000  0.00000000  0.00000000  0.00000000  0.00000000
  0.00000000  0.00000000  0.00000000  1.00000000
Contraction matrix:
0.5500000000E+00
  1.00000000  0.00000000
0.1510000000E+00
  0.00000000  1.00000000
Contraction matrix:
0.9439000000E+01
  1.00000000  0.00000000  0.00000000  0.00000000  0.00000000
0.2002000000E+01
  0.00000000  1.00000000  0.00000000  0.00000000  0.00000000
0.5456000000E+00
  0.00000000  0.00000000  1.00000000  0.00000000  0.00000000
0.1517000000E+00
  0.00000000  0.00000000  0.00000000  1.00000000  0.00000000
0.4041000000E-01
  0.00000000  0.00000000  0.00000000  0.00000000  1.00000000
Contraction matrix:
0.5500000000E+00
  1.00000000  0.00000000
0.1510000000E+00
  0.00000000  1.00000000
   Small component set:
      Max.ang.quantum no.:    3  Blocks:    1    2    1    1

Atomic type:     2
   Nuclear charge:   1.0
   Number of symmetry independent centres:     1
   Nuclear Gaussian exponent for atom of charge   1.000:     2.1248239171D+09
   Symmetry independent centers:
      H  2   1.184862720000000   1.184862720000000   1.184862720000000
Trying basis set file: 
"/home/jth/prog/Dirac/basis/cc-pVDZ"
   Large component set:
      Max.ang.quantum no.:    1  Blocks:    1    1
Contraction matrix:
0.7270000000E+00
  1.00000000
Contraction matrix:
0.1301000000E+02
  1.00000000  0.00000000  0.00000000  0.00000000
0.1962000000E+01
  0.00000000  1.00000000  0.00000000  0.00000000
0.4446000000E+00
  0.00000000  0.00000000  1.00000000  0.00000000
0.1220000000E+00
  0.00000000  0.00000000  0.00000000  1.00000000
Contraction matrix:
0.7270000000E+00
  1.00000000
   Small component set:
      Max.ang.quantum no.:    2  Blocks:    1    1    1


  Symmetry Operations
  -------------------

  Symmetry operations: 2



                      SYMGRP:Point group information
                      ------------------------------

Point group: D2 

   * The point group was generated by:

      Rotation about the z-axis
      Rotation about the x-axis

   * Group multiplication table

        |  E   C2z  C2y  C2x
   -----+--------------------
     E  |  E 
    C2z | C2z   E 
    C2y | C2y  C2x   E 
    C2x | C2x  C2y  C2z   E 

   * Character table

        |  E   C2z  C2y  C2x
   -----+--------------------
    A   |   1    1    1    1
    B3  |   1   -1   -1    1
    B1  |   1    1   -1   -1
    B2  |   1   -1    1   -1

   * Direct product table

        | A    B3   B1   B2 
   -----+--------------------
    A   | A  
    B3  | B3   A  
    B1  | B1   B2   A  
    B2  | B2   B1   B3   A  


                        **************************
                        *** Output from DBLGRP ***
                        **************************

   * One fermion irrep:   E1 
   * Real group. NZ = 1
   * Direct product decomposition:
          E1  x E1  : A   + B1  + B2  + B3 


                             Spinor structure
                             ----------------


   * Fermion irrep no.: 1
      La  |  A  (1)  B1 (2)  |
      Sa  |  A  (1)  B1 (2)  |
      Lb  |  B2 (3)  B3 (4)  |
      Sb  |  B2 (3)  B3 (4)  |


                          Quaternion symmetries
                          ---------------------

    Rep  T(+)
    -----------------------------
    A    1
    B3   k
    B1   i
    B2   j


  Atoms and basis sets
  --------------------

  Number of atom types:     2
  Total number of atoms:    5

  label    atoms   charge   prim    cont     basis   
  ----------------------------------------------------------------------
  C  1        1       6      37      25      L - [10s5p2d|4s3p2d]                       
                             91      91      S - [5s12p5d2f|5s12p5d2f]                  
  H  2        4       1       7       5      L - [4s1p|2s1p]                            
                             19      19      S - [1s4p1d|1s4p1d]                        
  ----------------------------------------------------------------------
                             65      45   L - large components
                            167     167   S - small components
  ----------------------------------------------------------------------
  total:      5      10     232     212

  Cartesian basis used.
  Threshold for integrals:  1.00D-15


  Cartesian Coordinates
  ---------------------

  Total number of coordinates: 15


   1   C  1     x      0.0000000000
   2            y      0.0000000000
   3            z      0.0000000000

   4   H  2 1   x      1.1848627200
   5            y      1.1848627200
   6            z      1.1848627200

   7   H  2 2   x     -1.1848627200
   8            y     -1.1848627200
   9            z      1.1848627200

  10   H  2 3   x      1.1848627200
  11            y     -1.1848627200
  12            z     -1.1848627200

  13   H  2 4   x     -1.1848627200
  14            y      1.1848627200
  15            z     -1.1848627200



  Symmetry Coordinates
  --------------------

  Number of coordinates in each symmetry:   3  4  4  4


  Symmetry 1

   1   H  2  x    [ 4  -  7  + 10  - 13 ]/4
   2   H  2  y    [ 5  -  8  - 11  + 14 ]/4
   3   H  2  z    [ 6  +  9  - 12  - 15 ]/4


  Symmetry 2

   4   C  1  x    1
   5   H  2  x    [ 4  +  7  + 10  + 13 ]/4
   6   H  2  y    [ 5  +  8  - 11  - 14 ]/4
   7   H  2  z    [ 6  -  9  - 12  + 15 ]/4


  Symmetry 3

   8   C  1  z    3
   9   H  2  x    [ 4  -  7  - 10  + 13 ]/4
  10   H  2  y    [ 5  -  8  + 11  - 14 ]/4
  11   H  2  z    [ 6  +  9  + 12  + 15 ]/4


  Symmetry 4

  12   C  1  y    2
  13   H  2  x    [ 4  +  7  - 10  - 13 ]/4
  14   H  2  y    [ 5  +  8  + 11  + 14 ]/4
  15   H  2  z    [ 6  -  9  + 12  - 15 ]/4


   Interatomic separations (in Angstroms):
   ---------------------------------------

            C  1        H  1        H  2        H  3        H  4

   C  1    0.000000
   H  1    1.086000    0.000000
   H  2    1.086000    1.773431    0.000000
   H  3    1.086000    1.773431    1.773431    0.000000
   H  4    1.086000    1.773431    1.773431    1.773431    0.000000




  Bond distances (angstroms):
  ---------------------------

                  atom 1     atom 2                           distance
                  ------     ------                           --------
  bond distance:    H  1       C  1                           1.086000
  bond distance:    H  2       C  1                           1.086000
  bond distance:    H  3       C  1                           1.086000
  bond distance:    H  4       C  1                           1.086000


  Bond angles (degrees):
  ----------------------

                  atom 1     atom 2     atom 3                   angle
                  ------     ------     ------                   -----
  bond angle:       H  2       C  1       H  1                 109.471
  bond angle:       H  3       C  1       H  1                 109.471
  bond angle:       H  3       C  1       H  2                 109.471
  bond angle:       H  4       C  1       H  1                 109.471
  bond angle:       H  4       C  1       H  2                 109.471
  bond angle:       H  4       C  1       H  3                 109.471


  Nuclear repulsion energy :   13.484875956018


  Symmetry Orbitals
  -----------------

  Number of orbitals in each symmetry:          56   52   52   52
  Number of large orbitals in each symmetry:    15   10   10   10
  Number of small orbitals in each symmetry:    41   42   42   42


  Symmetry  A  ( 1)

    1     C  1 L   s            1
    2     C  1 L   s            2
    3     C  1 L   s            3
    4     C  1 L   s            4
    5     C  1 L   dxx         14
    6     C  1 L   dyy         17
    7     C  1 L   dzz         19
    8     C  1 L   dxx         20
    9     C  1 L   dyy         23
   10     C  1 L   dzz         25
   11     H  2 L   s           26  +    27  +    28  +    29
   12     H  2 L   s           30  +    31  +    32  +    33
   13     H  2 L   px          34  -    37  +    40  -    43
   14     H  2 L   py          35  -    38  -    41  +    44
   15     H  2 L   pz          36  +    39  -    42  -    45
   16     C  1 S   s           46
   17     C  1 S   s           47
   18     C  1 S   s           48
   19     C  1 S   s           49
   20     C  1 S   s           50
   21     C  1 S   dxx         87
   22     C  1 S   dyy         90
   23     C  1 S   dzz         92
   24     C  1 S   dxx         93
   25     C  1 S   dyy         96
   26     C  1 S   dzz         98
   27     C  1 S   dxx         99
   28     C  1 S   dyy        102
   29     C  1 S   dzz        104
   30     C  1 S   dxx        105
   31     C  1 S   dyy        108
   32     C  1 S   dzz        110
   33     C  1 S   dxx        111
   34     C  1 S   dyy        114
   35     C  1 S   dzz        116
   36     C  1 S   fxyz       121
   37     C  1 S   fxyz       131
   38     H  2 S   s          137  +   138  +   139  +   140
   39     H  2 S   px         141  -   144  +   147  -   150
   40     H  2 S   py         142  -   145  -   148  +   151
   41     H  2 S   pz         143  +   146  -   149  -   152
   42     H  2 S   px         153  -   156  +   159  -   162
   43     H  2 S   py         154  -   157  -   160  +   163
   44     H  2 S   pz         155  +   158  -   161  -   164
   45     H  2 S   px         165  -   168  +   171  -   174
   46     H  2 S   py         166  -   169  -   172  +   175
   47     H  2 S   pz         167  +   170  -   173  -   176
   48     H  2 S   px         177  -   180  +   183  -   186
   49     H  2 S   py         178  -   181  -   184  +   187
   50     H  2 S   pz         179  +   182  -   185  -   188
   51     H  2 S   dxx        189  +   195  +   201  +   207
   52     H  2 S   dxy        190  +   196  -   202  -   208
   53     H  2 S   dxz        191  -   197  -   203  +   209
   54     H  2 S   dyy        192  +   198  +   204  +   210
   55     H  2 S   dyz        193  -   199  +   205  -   211
   56     H  2 S   dzz        194  +   200  +   206  +   212


  Symmetry  B3 ( 2)

   57     C  1 L   px           5
   58     C  1 L   px           8
   59     C  1 L   px          11
   60     C  1 L   dyz         18
   61     C  1 L   dyz         24
   62     H  2 L   s           26  -    27  +    28  -    29
   63     H  2 L   s           30  -    31  +    32  -    33
   64     H  2 L   px          34  +    37  +    40  +    43
   65     H  2 L   py          35  +    38  -    41  -    44
   66     H  2 L   pz          36  -    39  -    42  +    45
   67     C  1 S   px          51
   68     C  1 S   px          54
   69     C  1 S   px          57
   70     C  1 S   px          60
   71     C  1 S   px          63
   72     C  1 S   px          66
   73     C  1 S   px          69
   74     C  1 S   px          72
   75     C  1 S   px          75
   76     C  1 S   px          78
   77     C  1 S   px          81
   78     C  1 S   px          84
   79     C  1 S   dyz         91
   80     C  1 S   dyz         97
   81     C  1 S   dyz        103
   82     C  1 S   dyz        109
   83     C  1 S   dyz        115
   84     C  1 S   fxxx       117
   85     C  1 S   fxyy       120
   86     C  1 S   fxzz       122
   87     C  1 S   fxxx       127
   88     C  1 S   fxyy       130
   89     C  1 S   fxzz       132
   90     H  2 S   s          137  -   138  +   139  -   140
   91     H  2 S   px         141  +   144  +   147  +   150
   92     H  2 S   py         142  +   145  -   148  -   151
   93     H  2 S   pz         143  -   146  -   149  +   152
   94     H  2 S   px         153  +   156  +   159  +   162
   95     H  2 S   py         154  +   157  -   160  -   163
   96     H  2 S   pz         155  -   158  -   161  +   164
   97     H  2 S   px         165  +   168  +   171  +   174
   98     H  2 S   py         166  +   169  -   172  -   175
   99     H  2 S   pz         167  -   170  -   173  +   176
  100     H  2 S   px         177  +   180  +   183  +   186
  101     H  2 S   py         178  +   181  -   184  -   187
  102     H  2 S   pz         179  -   182  -   185  +   188
  103     H  2 S   dxx        189  -   195  +   201  -   207
  104     H  2 S   dxy        190  -   196  -   202  +   208
  105     H  2 S   dxz        191  +   197  -   203  -   209
  106     H  2 S   dyy        192  -   198  +   204  -   210
  107     H  2 S   dyz        193  +   199  +   205  +   211
  108     H  2 S   dzz        194  -   200  +   206  -   212


  Symmetry  B1 ( 3)

  109     C  1 L   pz           7
  110     C  1 L   pz          10
  111     C  1 L   pz          13
  112     C  1 L   dxy         15
  113     C  1 L   dxy         21
  114     H  2 L   s           26  +    27  -    28  -    29
  115     H  2 L   s           30  +    31  -    32  -    33
  116     H  2 L   px          34  -    37  -    40  +    43
  117     H  2 L   py          35  -    38  +    41  -    44
  118     H  2 L   pz          36  +    39  +    42  +    45
  119     C  1 S   pz          53
  120     C  1 S   pz          56
  121     C  1 S   pz          59
  122     C  1 S   pz          62
  123     C  1 S   pz          65
  124     C  1 S   pz          68
  125     C  1 S   pz          71
  126     C  1 S   pz          74
  127     C  1 S   pz          77
  128     C  1 S   pz          80
  129     C  1 S   pz          83
  130     C  1 S   pz          86
  131     C  1 S   dxy         88
  132     C  1 S   dxy         94
  133     C  1 S   dxy        100
  134     C  1 S   dxy        106
  135     C  1 S   dxy        112
  136     C  1 S   fxxz       119
  137     C  1 S   fyyz       124
  138     C  1 S   fzzz       126
  139     C  1 S   fxxz       129
  140     C  1 S   fyyz       134
  141     C  1 S   fzzz       136
  142     H  2 S   s          137  +   138  -   139  -   140
  143     H  2 S   px         141  -   144  -   147  +   150
  144     H  2 S   py         142  -   145  +   148  -   151
  145     H  2 S   pz         143  +   146  +   149  +   152
  146     H  2 S   px         153  -   156  -   159  +   162
  147     H  2 S   py         154  -   157  +   160  -   163
  148     H  2 S   pz         155  +   158  +   161  +   164
  149     H  2 S   px         165  -   168  -   171  +   174
  150     H  2 S   py         166  -   169  +   172  -   175
  151     H  2 S   pz         167  +   170  +   173  +   176
  152     H  2 S   px         177  -   180  -   183  +   186
  153     H  2 S   py         178  -   181  +   184  -   187
  154     H  2 S   pz         179  +   182  +   185  +   188
  155     H  2 S   dxx        189  +   195  -   201  -   207
  156     H  2 S   dxy        190  +   196  +   202  +   208
  157     H  2 S   dxz        191  -   197  +   203  -   209
  158     H  2 S   dyy        192  +   198  -   204  -   210
  159     H  2 S   dyz        193  -   199  -   205  +   211
  160     H  2 S   dzz        194  +   200  -   206  -   212


  Symmetry  B2 ( 4)

  161     C  1 L   py           6
  162     C  1 L   py           9
  163     C  1 L   py          12
  164     C  1 L   dxz         16
  165     C  1 L   dxz         22
  166     H  2 L   s           26  -    27  -    28  +    29
  167     H  2 L   s           30  -    31  -    32  +    33
  168     H  2 L   px          34  +    37  -    40  -    43
  169     H  2 L   py          35  +    38  +    41  +    44
  170     H  2 L   pz          36  -    39  +    42  -    45
  171     C  1 S   py          52
  172     C  1 S   py          55
  173     C  1 S   py          58
  174     C  1 S   py          61
  175     C  1 S   py          64
  176     C  1 S   py          67
  177     C  1 S   py          70
  178     C  1 S   py          73
  179     C  1 S   py          76
  180     C  1 S   py          79
  181     C  1 S   py          82
  182     C  1 S   py          85
  183     C  1 S   dxz         89
  184     C  1 S   dxz         95
  185     C  1 S   dxz        101
  186     C  1 S   dxz        107
  187     C  1 S   dxz        113
  188     C  1 S   fxxy       118
  189     C  1 S   fyyy       123
  190     C  1 S   fyzz       125
  191     C  1 S   fxxy       128
  192     C  1 S   fyyy       133
  193     C  1 S   fyzz       135
  194     H  2 S   s          137  -   138  -   139  +   140
  195     H  2 S   px         141  +   144  -   147  -   150
  196     H  2 S   py         142  +   145  +   148  +   151
  197     H  2 S   pz         143  -   146  +   149  -   152
  198     H  2 S   px         153  +   156  -   159  -   162
  199     H  2 S   py         154  +   157  +   160  +   163
  200     H  2 S   pz         155  -   158  +   161  -   164
  201     H  2 S   px         165  +   168  -   171  -   174
  202     H  2 S   py         166  +   169  +   172  +   175
  203     H  2 S   pz         167  -   170  +   173  -   176
  204     H  2 S   px         177  +   180  -   183  -   186
  205     H  2 S   py         178  +   181  +   184  +   187
  206     H  2 S   pz         179  -   182  +   185  -   188
  207     H  2 S   dxx        189  -   195  -   201  +   207
  208     H  2 S   dxy        190  -   196  +   202  -   208
  209     H  2 S   dxz        191  +   197  +   203  +   209
  210     H  2 S   dyy        192  -   198  -   204  +   210
  211     H  2 S   dyz        193  +   199  -   205  -   211
  212     H  2 S   dzz        194  -   200  -   206  +   212

  Symmetries of electric field:  B3 (2)  B2 (4)  B1 (3)

  Symmetries of magnetic field:  B3 (2)  B2 (4)  B1 (3)


 ***************************************************************************
 *************************** Hamiltonian defined ***************************
 ***************************************************************************

 * Print level :    0
 * Contracted basis set
WARNING: contracted basis set without .URKBAL is not tested
 * Restricted kinetic balance
 * Default RKB projection:
   1: Pre-projection on scalar basis
   2: Removing unphysical solutions for no external field
 * Dirac-Coulomb Hamiltonian
===========================================================================
 Maximum memory load for two-integral processing in HERMIT:
===========================================================================
 * LL-integrals:
   2(C  1 Lp)   1(C  1 Ls)   2(C  1 Lp)   1(C  1 Ls)               72378
 * SL-integrals:
   9(C  1 Sd)   7(C  1 Sp)   2(C  1 Lp)   1(C  1 Ls)              461321
 * SS-integrals:
   9(C  1 Sd)   7(C  1 Sp)   9(C  1 Sd)   7(C  1 Sp)             2789455


 *************************************************************************
 ************************ End of input processing ************************
 *************************************************************************

