Master : DIRAC allocating 127000000 words of memory
******************************************************************************
*                                                                            *
*                                O U T P U T                                 *
*                                   from                                     *
*                                                                            *
*                   @@@@@    @@   @@@@@     @@@@     @@@@@                   *
*                   @@  @@        @@  @@   @@  @@   @@                       *
*                   @@  @@   @@   @@@@@    @@@@@@   @@                       *
*                   @@  @@   @@   @@ @@    @@  @@   @@                       *
*                   @@@@@    @@   @@  @@   @@  @@    @@@@@                   *
*                                                                            *
*                                                                            *
MMMMMMMMMMMMMMMMMMMMMMMMMMP!<<~"<<<<<!<<<<!!!!!<~"!****MMHMMMMMMMMX?HMXMMX9M?H
MMMMMMMMMMMMMMMMMMMMMMMM!M!<<<<<<:<<<<<<<<<<~<<< <<~~~<!!MMMMMMMMMMH%XX%!XMMXX
MMMMMMMMMMMMMMMMMMMMMMM!<!!!<<<<<<<<<<<<<<< <~<~~~~    ~<~!!??MSMMMM!tXX!9HtSM
MMMMMMMMMMMMMMMMMMMMMMM!:!<<<<!!!<<<<<<~<`<~~~     `     <<<~!*MMHM9XXMMHSHMMM
MMMMMMMMMMMMMMMMMMMMMMM%?<<<<<<<<<<~~<~'~<~'             `<<<!~!MMMMMMMXMMMMMM
MMMMMMMMMMMMMMMMMMMMMM!!!X<<<<<<<<<~     ~                 `<<<<!?MMMMMMMMMMMM
MMMMMMMMMMMMMMMMMMMMMMX<<!!<!<<<~~<<<                       `~<<<~?MMMMMMMMMMM
MMMMMMMMMMMMMMMMMMMMM?M:<<<<<<<~ <<<<      :                  `<<<!MMMMMMMMMMM
MMMMMMMMMMMMMMMMMMMM!!!!<<<<<<<~ <<~ '<::<<<<<<:                `<<MMMMMMMMMMM
MMMMMMMMMMMMMMMMMMMX<<<<<<<<<<<:<<  <`<<<<<:nnnhnn:              ~<!MMMMMMMMMM
MMMMMMMMMMMMMMMMMMMXxnnnnxnxi:<<<<<<<<<<<<xHMMMMMMnx:              `"??MMMMMMM
MMMMMMMMMMMMMMMMMMX8NN888MMMMXXx:::xxHMMMMMMMMMMMMMMH::              <!!?MMMMM
MMMMMMMMMMMMMMMM?9$$$$$$$NM8MMMMMMMMMMMMMMMMMMMMMMMMMMH:            '!!!!MMMMM
MMMMMMMMMMMMMMMXt$$$$$$$$$$$N8MMMMMNNMMMMMMMMMMMMMMMMMMh<            <<<!?MMMM
MMMMMMMMMMMMMMXN$$$$$$$$$$$$$$$NN$$$$NN8N9MMMMMMMMMMMMMX<~            `~<<!MSM
MMMMMMMMMMMM!~t$$$$$$$$$$$$$$$$$$$$$$$BMMMMMMMMMMMMMMMMM>               `<XMMM
MMMMMMMMMMMMXX$$$$$$$$$$$$$$$$$$$$$$R$RMMMMMMMMMMMMMMMMM%<               <XMSt
MMMMMMMMMMMMXN$$$$$$$$$$$$$$$$$$$$MMMMMMMMMMMMMMMMMMMMMMf<<  :          :<?MMH
MMMMMMMMMMMMX$$$$$$$$$$$$$$$$$RRMMMMMMMMMMMMMMMMMMMMMMMM!<<<            `<MMMM
MMMMMMMMMMMM9$$$$$$$$$$$$$$$RMMMMMB8MMMMMMMMMMMMMMMMMMMM!<<<            <!HXSt
MMMMMMMMMMMM9$$$$$$$$$$$$N$8MMM8NN$$8NNMMMMMMMMMMMMMMMM!<<<<            <!MMMX
MMMMMMMMMMMM$$$$$$$$$$$$$$NN8N$$$$$$$$$MMMMMMMMMMMMMMMMX<<<<            <XXMMM
MMMMMMMMMMMM9$$$$$$$$$$$$$$$$$$$$$$$$$RRMMMMMMMMMMMMMMMMx<<<            <XMXMX
MMMMMMMMMMMMM$$$$$$$$$$$$$$$RR$RRRRM*!"""!*MMMMMMMMMMMMMH><~           ::MMMHM
MMMMMMMMMMMMMRRRRR$$$RM$$RRMMMM*!"!~<<<<<::X??MMMMMMMMMMMf~        :xnx:?MMMHM
MMMMMMMMMMMMMM*!"""?*MMMMMMMM!!    <<<<<!*MMMMMMMMMMMMMMMf:       <HM!<<!XMMX!
MMMMMMMMMMMMMMi<<<~~<"!MMMMMM<<<<<<  ~~<<~"!MMMMMMMMMMMMM!<<:~   <HMHx:<!M!t?!
MMMMMMMMMMMMMMf<<~~ `~~!M8MMHi<<<<<::: :<:<<!H9MMMMMMMMMMk:<~ ::nHMMMMX<<X!?XX
MMMMMMMMMMMMMMh<::< <x<<M$$MMM::<<<!h:::HMMMMMMMMMMMMMMMMMMhixMMMf?*MMXM!MX!?!
MMMMMMMMMMMMMMMHMh::n?::8$RMMMHM+<+HMMhMMMMMMMMMMMMMMMMMMMMMMMMM?X:~?MX?!|!!
MMMMMMMMMMMMMM9NMMMMMHM8$$MMMMMMHnHnHHHHMMMMMMMMMMMMMMMMMMMMMMMMMMh:<?M!M!!!!!
MMMMMMMMMMMMMM9$BMMMMMN$$RMMMMMMMN88MMMMMMMMMMMMMMMMMMMMMM%!MMMMMMM!<HHH!!!!~!
MMMMMMMMMMMMMM9$$B888N$$$MMMMMMMMM$$$N8MMMMMMMMMMMMMMMMMMX!HMMMMMMMH!?!!!<!<<!
MMMMMMMMMMMMMMM$$$$$$$$$RMMMMMMMMM$$$$$MMMMMMMMMMMMMMMMMM|MMMMMMMMXH!!!~<~!!
MMMMMMMMMMMMMMM$$$$$$$$$MMMMMMMMMMR$$$$NMMMMMMMMMMMMMMMM!!!!?MHHMMMM!!<~~~<!!<
MMMMMMMMMMMMMMM9$$$$$$$$RMMRMMMMMMMMMMRMMMMMMMMMMMMMMMMM!!!!!!*MM*!!~<<<<~::!!
MMMMMMMMMMMMMMM9$$$$RRRMM****MMMMMMMMMMMMMMMMMMMMMMMMMMHH!!!!<`!!<<< ~~<<<!!?!
MMMMMMMMMMMMMMMM$$$$MMS!"<<:<<~9MMMMMMMMMMMMMMMMMMMMMMMMX!<!!<<<<<<<    ~~<<!~
MMMMMMMMMMMMMMMM$$$B$$Mi!<~!<!!?MMMMMMMMMMMMMMMMMMMMMMMMM!<<<::<<::<         `
MMMMMMMMMMMMMMMMR$$$RRMM<<<<<<<<2|*MMMMMMMMMMMMMMMMMM?!<<<<!:<x!X<          
MMMMMMMMMMMMMMMMM$$RMMMHn:::xxHMMMHx:<?MMMMMMMMMMMMMMMM!!<<<!!!X?Xf           
MMMM?M%?X9MMMMMMMM$$MM*!!M*!""?""?"!"!!MMMMMMMMMMMMMM!!!<<<<<!!XXH!           
MMMSX?!H??MMMMMMMM$$MHsi:!%+!+!!+!<::xXMMMMMMMMMMMMM?!<<<<<<<!!MMM~           
MM|?!!!!?M9MMMMMM$RM$$NbiiiinnHMMMMMMMMMMMMMMMMM!!!!<<<<<<<!!9MM            
?!?!!!?!!<??tHMMMMMM@N$$R$$$$RRMMMMMMMMMMMMMMM|!!!<<<<<<<<<!XMMM            
X!!!/!!<<<!!??MMMMM*MR$$M****!*MMMMMMMMMMMMMMM!!<<<<<<<<<<<<!!?M9M            
!!!:!<<<<<~!!!!!"!<<?MMRMHnixxHMMMMMMMMMMMMM?!!<<<<<<<<<<<<<!!X9$f            
!!!!!<<<<<<<!!!<<<<<~tMMMN$$MMMMMMMMMMMMMM!"!<<<<<<<<<<<<<<<<X9$R!            
<<<<<<<<<<<<!<<~     ~?MMRRMMMMMMMMMMMM!"!<<~      <<<<<<<<<<H$$f             
<<<<<<<<<<<<<<~       ~MMMMMMMMMMM**M?"<<~         <<<<<<<<:HM$R"             
<<<<<<<<<<<<<~         `***!"?"!!!<<<<~           :<<<<<<<HMMMRP              
<<<<<<<<<<<<<             `~ ` ~~    :            ~<<<<<xHMMMMM"              
<<<<<<<<<<<<~                       <<:            ~ <<:HMMMMMf               
<<<<<<<<<<<<                        `Hn:             <xMMMMMMM"               
<<<<<<<<<<<                          !MMi          <xXMMMMMMM!                
<<<<<<<<<<<                           !MM:        :!MMMMMMMMM~                
<<<<<<<<<<:                            "MMr::  :xnHMMMMMMMMM!                 
<<<<<<<<<<                              `"  `~~~?MMMMMMMMM?!                  
<<<<<<<<<<                                      `"*MP*?XMM!~                  
<<<<<<<<<<                                        `"!<!MMf~                   
<<<<<<<<<~                                          `~!!?!                    
<<<<<<<<<                                            `<~!~                    
<<<<<<<<<                                          <:<<`~                     
<<<<<<<<<~                                         ::<<                      :
<<<<<<<<<<                                        'MHk<                      <
:<<<<<<<<<                                        `MMH:                   < <<
******************************************************************************
*                                                                            *
*         =======================================================            *
*                     Program for Atomic and Molecular                       *
*          Direct Iterative Relativistic Allelectron Calculations            *
*         =======================================================            *
*                                                                            *
*                        VERSION 3.2     OCTOBER 2000                        *
*                                                                            *
******************************************************************************
*                                                                            *
* Written by:                                                                *
*    Trond Saue,              University of Tromsoe,            Norway       *
*    Vebjoern Bakken,         University of Oslo,               Norway       *
*    Thomas Enevoldsen,       SDU, Odense University,           Denmark      *
*    Trygve Helgaker,         University of Oslo,               Norway       *
*    Hans Joergen Aa. Jensen, SDU, Odense University,           Denmark      *
*    Jon K. Laerdahl,         University of Oslo,               Norway       *
*    Kenneth Ruud,            University of Tromsoe,            Norway       *
*    Joern Thyssen,           SDU, Odense University,           Denmark      *
*    Luuk Visscher,           Vrije Universiteit Amsterdam,     Netherlands  *
*                                                                            *
*                                                                            *
* Note:                                                                      *
*    This is an experimental code. The authors accept no responsibility      *
*    for the performance of the code or for the correctness of the results.  *
*                                                                            *
*    The code (in whole or part) is not to be reproduced for further         *
*    distribution without the written permission of the authors or           *
*    their representatives.                                                  *
*                                                                            *
*    If results obtained with this code are published, an                    *
*    appropriate citation would be:                                          *
*                                                                            *
*    T. Saue, V. Bakken, T. Enevoldsen, T. Helgaker, H. J. Aa. Jensen,       *
*    J. Laerdahl, K. Ruud, J. Thyssen, and L. Visscher:                      *
*    "Dirac, a relativistic ab initio electronic structure program,          *
*    Release 3.2 (2000)"                                                     *
*    (for a suitable BibTEX entry, see                                       *
*    <URL:"http://dirac.chem.sdu.dk/doc/reference.shtml">)                   *
*                                                                            *
******************************************************************************
 Version           : Dirac 3.2 (patchlevel 1) 
 Hostname          : fs0.das2.cs.vu.nl
 Operating system  : Linux 2.4.9-13.smp
 Machine           : i686
 Run               : Sequential
 Last compilation  : 09:04:05 Oct 10 2002 (by visscher@fs0.das2.cs.vu.nl)
 Basis set dir.    : /home4/visscher/sources/Dirac.latest/test/14.basis.set.input:/home4/visscher/sources/Dirac.latest/test/14.basis.set.input/../../basis/MOLFDIR/accpvtz:/home4/visscher/sources/Dirac.latest/test/14.basis.set.input/:/home4/visscher/sources/Dirac.latest/basis/

 Date and time (Linux) : Thu Oct 10 09:07:36 2002


 *************************************************************************
 ********************* DIRAC: No title specified !!! *********************
 *************************************************************************

 Jobs in this run:
   * Input test run only 


 **************************************************************************
 ************************** General DIRAC set-up **************************
 **************************************************************************

 * The speed of light :        137.0359895
 * Direct evaluation of the following two-electron integrals:
 * Default integral flags passed to all modules
   - LL-integrals: T
   - LS-integrals: T
   - SS-integrals: T
 * Spherical transformation embedded in MO-transformation
   for large components
 * Transformation to scalar RKB basis embedded in
   MO-transformation for small components
 * Thresholds for linear dependence:
   Large components:   1.00D-06
   Small components:   1.00D-08
 * General print level   :   0


 *************************************************************************
 ****************** Output from HERMIT input processing ******************
 *************************************************************************



 Default print level:        1


 Input test run only 

 * Nuclear model: Gaussian charge distribution.

 Two-electron integrals not calculated.


 Ordinary (field-free non-relativistic) Hamiltonian integrals not calculated.



 *************************************************************************
 ****************** Output from READIN input processing ******************
 *************************************************************************



  Title Cards
  -----------

  Test of basis set readin.                                               
  Methane                                                                 

WARNING!!! Cartesian Gaussians must be specified
           in molecule input file.
           DIRAC proceeds with readin assuming            Cartesian Gaussians.


Atomic type:     1
   Nuclear charge:   6.0
   Number of symmetry independent centres:     1

  Nuclear Gaussian exponent for atom of charge   6.000 :    6.8077502929D+08
   Symmetry independent centers:
      C  1   0.000000000000000   0.000000000000000   0.000000000000000
Trying basis set file: 
"/home4/visscher/sources/Dirac.latest/test/14.basis.set.input/aug-cc-pVDZ"
   Large component set:
      Max.ang.quantum no.:    2  Blocks:    1    1    1
Contraction matrix:
0.9439000000E+01
  1.00000000  0.00000000  0.00000000  0.00000000  0.00000000
0.2002000000E+01
  0.00000000  1.00000000  0.00000000  0.00000000  0.00000000
0.5456000000E+00
  0.00000000  0.00000000  1.00000000  0.00000000  0.00000000
0.1517000000E+00
  0.00000000  0.00000000  0.00000000  1.00000000  0.00000000
0.4041000000E-01
  0.00000000  0.00000000  0.00000000  0.00000000  1.00000000
Contraction matrix:
0.6665000000E+04
  1.00000000  0.00000000  0.00000000  0.00000000  0.00000000  0.00000000
  0.00000000  0.00000000  0.00000000  0.00000000
0.1000000000E+04
  0.00000000  1.00000000  0.00000000  0.00000000  0.00000000  0.00000000
  0.00000000  0.00000000  0.00000000  0.00000000
0.2280000000E+03
  0.00000000  0.00000000  1.00000000  0.00000000  0.00000000  0.00000000
  0.00000000  0.00000000  0.00000000  0.00000000
0.6471000000E+02
  0.00000000  0.00000000  0.00000000  1.00000000  0.00000000  0.00000000
  0.00000000  0.00000000  0.00000000  0.00000000
0.2106000000E+02
  0.00000000  0.00000000  0.00000000  0.00000000  1.00000000  0.00000000
  0.00000000  0.00000000  0.00000000  0.00000000
0.7495000000E+01
  0.00000000  0.00000000  0.00000000  0.00000000  0.00000000  1.00000000
  0.00000000  0.00000000  0.00000000  0.00000000
0.2797000000E+01
  0.00000000  0.00000000  0.00000000  0.00000000  0.00000000  0.00000000
  1.00000000  0.00000000  0.00000000  0.00000000
0.5215000000E+00
  0.00000000  0.00000000  0.00000000  0.00000000  0.00000000  0.00000000
  0.00000000  1.00000000  0.00000000  0.00000000
0.1596000000E+00
  0.00000000  0.00000000  0.00000000  0.00000000  0.00000000  0.00000000
  0.00000000  0.00000000  1.00000000  0.00000000
0.4690000000E-01
  0.00000000  0.00000000  0.00000000  0.00000000  0.00000000  0.00000000
  0.00000000  0.00000000  0.00000000  1.00000000
Contraction matrix:
0.5500000000E+00
  1.00000000  0.00000000
0.1510000000E+00
  0.00000000  1.00000000
Contraction matrix:
0.9439000000E+01
  1.00000000  0.00000000  0.00000000  0.00000000  0.00000000
0.2002000000E+01
  0.00000000  1.00000000  0.00000000  0.00000000  0.00000000
0.5456000000E+00
  0.00000000  0.00000000  1.00000000  0.00000000  0.00000000
0.1517000000E+00
  0.00000000  0.00000000  0.00000000  1.00000000  0.00000000
0.4041000000E-01
  0.00000000  0.00000000  0.00000000  0.00000000  1.00000000
Contraction matrix:
0.5500000000E+00
  1.00000000  0.00000000
0.1510000000E+00
  0.00000000  1.00000000
   Small component set:
      Max.ang.quantum no.:    3  Blocks:    1    2    1    1

Atomic type:     2
   Nuclear charge:   1.0
   Number of symmetry independent centres:     1

  Nuclear Gaussian exponent for atom of charge   1.000 :    2.1248239171D+09
   Symmetry independent centers:
      H  2   1.184862720000000   1.184862720000000   1.184862720000000
BFGINP: Trying basis set file for LARGE component: 
"/home4/visscher/sources/Dirac.latest/test/14.basis.set.input/H.accpvtz.bas"
BFGINP: Trying basis set file for LARGE component: 
"/home4/visscher/sources/Dirac.latest/test/14.basis.set.input/../../basis/MOLFDIR/accpvtz/H.accpvtz.bas"
LARGE MOLFBAS Block:    4    6    4
LARGE MOLFBAS Block:    5    3    3
LARGE MOLFBAS Block:    6    2    2
   Large component set:
      Max.ang.quantum no.:    2  Blocks:    1    1    1
Contraction matrix:
0.1407000000E+01
  1.00000000  0.00000000  0.00000000
0.3880000000E+00
  0.00000000  1.00000000  0.00000000
0.1020000000E+00
  0.00000000  0.00000000  1.00000000
Contraction matrix:
0.3387000000E+02
  1.00000000  0.00000000  0.00000000  0.00000000  0.00000000  0.00000000
0.5095000000E+01
  0.00000000  1.00000000  0.00000000  0.00000000  0.00000000  0.00000000
0.1159000000E+01
  0.00000000  0.00000000  1.00000000  0.00000000  0.00000000  0.00000000
0.3258000000E+00
  0.00000000  0.00000000  0.00000000  1.00000000  0.00000000  0.00000000
0.1027000000E+00
  0.00000000  0.00000000  0.00000000  0.00000000  1.00000000  0.00000000
0.2526000000E-01
  0.00000000  0.00000000  0.00000000  0.00000000  0.00000000  1.00000000
Contraction matrix:
0.1057000000E+01
  1.00000000  0.00000000
0.2470000000E+00
  0.00000000  1.00000000
Contraction matrix:
0.1407000000E+01
  1.00000000  0.00000000  0.00000000
0.3880000000E+00
  0.00000000  1.00000000  0.00000000
0.1020000000E+00
  0.00000000  0.00000000  1.00000000
Contraction matrix:
0.1057000000E+01
  1.00000000  0.00000000
0.2470000000E+00
  0.00000000  1.00000000
   Small component set:
      Max.ang.quantum no.:    3  Blocks:    1    2    1    1


  Symmetry Operations
  -------------------

  Symmetry operations: 2



                      SYMGRP:Point group information
                      ------------------------------

Point group: D2 

   * The point group was generated by:

      Rotation about the z-axis
      Rotation about the x-axis

   * Group multiplication table

        |  E   C2z  C2y  C2x
   -----+--------------------
     E  |  E 
    C2z | C2z   E 
    C2y | C2y  C2x   E 
    C2x | C2x  C2y  C2z   E 

   * Character table

        |  E   C2z  C2y  C2x
   -----+--------------------
    A   |   1    1    1    1
    B3  |   1   -1   -1    1
    B1  |   1    1   -1   -1
    B2  |   1   -1    1   -1

   * Direct product table

        | A    B3   B1   B2 
   -----+--------------------
    A   | A  
    B3  | B3   A  
    B1  | B1   B2   A  
    B2  | B2   B1   B3   A  


                        **************************
                        *** Output from DBLGRP ***
                        **************************

   * One fermion irrep:   E1 
   * Real group. NZ = 1
   * Direct product decomposition:
          E1  x E1  : A   + B1  + B2  + B3 


                             Spinor structure
                             ----------------


   * Fermion irrep no.: 1
      La  |  A  (1)  B1 (2)  |
      Sa  |  A  (1)  B1 (2)  |
      Lb  |  B2 (3)  B3 (4)  |
      Sb  |  B2 (3)  B3 (4)  |


                          Quaternion symmetries
                          ---------------------

    Rep  T(+)
    -----------------------------
    A    1
    B3   k
    B1   i
    B2   j


  Atoms and basis sets
  --------------------

  Number of atom types:     2
  Total number of atoms:    5

  label    atoms   charge   prim    cont     basis   
  ----------------------------------------------------------------------
  C  1        1       6      37      25      L - [10s5p2d|4s3p2d]                                   
                             91      91      S - [5s12p5d2f|5s12p5d2f]                              
  H  2        4       1      27      25      L - [6s3p2d|4s3p2d]                                    
                             65      65      S - [3s8p3d2f|3s8p3d2f]                                
  ----------------------------------------------------------------------
                            145     125   L - large components
                            351     351   S - small components
  ----------------------------------------------------------------------
  total:      5      10     496     476

  Cartesian basis used.
  Threshold for integrals:  1.00D-15


  Cartesian Coordinates
  ---------------------

  Total number of coordinates: 15


   1   C  1     x      0.0000000000
   2            y      0.0000000000
   3            z      0.0000000000

   4   H  2 1   x      1.1848627200
   5            y      1.1848627200
   6            z      1.1848627200

   7   H  2 2   x     -1.1848627200
   8            y     -1.1848627200
   9            z      1.1848627200

  10   H  2 3   x      1.1848627200
  11            y     -1.1848627200
  12            z     -1.1848627200

  13   H  2 4   x     -1.1848627200
  14            y      1.1848627200
  15            z     -1.1848627200



  Symmetry Coordinates
  --------------------

  Number of coordinates in each symmetry:   3  4  4  4


  Symmetry 1

   1   H  2  x    [ 4  -  7  + 10  - 13 ]/4
   2   H  2  y    [ 5  -  8  - 11  + 14 ]/4
   3   H  2  z    [ 6  +  9  - 12  - 15 ]/4


  Symmetry 2

   4   C  1  x    1
   5   H  2  x    [ 4  +  7  + 10  + 13 ]/4
   6   H  2  y    [ 5  +  8  - 11  - 14 ]/4
   7   H  2  z    [ 6  -  9  - 12  + 15 ]/4


  Symmetry 3

   8   C  1  z    3
   9   H  2  x    [ 4  -  7  - 10  + 13 ]/4
  10   H  2  y    [ 5  -  8  + 11  - 14 ]/4
  11   H  2  z    [ 6  +  9  + 12  + 15 ]/4


  Symmetry 4

  12   C  1  y    2
  13   H  2  x    [ 4  +  7  - 10  - 13 ]/4
  14   H  2  y    [ 5  +  8  + 11  + 14 ]/4
  15   H  2  z    [ 6  -  9  + 12  - 15 ]/4


   Interatomic separations (in Angstroms):
   ---------------------------------------

            C  1        H  1        H  2        H  3        H  4

   C  1    0.000000
   H  1    1.086000    0.000000
   H  2    1.086000    1.773431    0.000000
   H  3    1.086000    1.773431    1.773431    0.000000
   H  4    1.086000    1.773431    1.773431    1.773431    0.000000




  Bond distances (angstroms):
  ---------------------------

                  atom 1     atom 2                           distance
                  ------     ------                           --------
  bond distance:    H  1       C  1                           1.086000
  bond distance:    H  2       C  1                           1.086000
  bond distance:    H  3       C  1                           1.086000
  bond distance:    H  4       C  1                           1.086000


  Bond angles (degrees):
  ----------------------

                  atom 1     atom 2     atom 3                   angle
                  ------     ------     ------                   -----
  bond angle:       H  2       C  1       H  1                 109.471
  bond angle:       H  3       C  1       H  1                 109.471
  bond angle:       H  3       C  1       H  2                 109.471
  bond angle:       H  4       C  1       H  1                 109.471
  bond angle:       H  4       C  1       H  2                 109.471
  bond angle:       H  4       C  1       H  3                 109.471


  Nuclear repulsion energy :   13.484875956018


                            GETLAB: AO-labels
                            -----------------

   * Large components:   50
     1  L C     s        2  L C     px       3  L C     py       4  L C     pz       5  L C     dxx      6  L C     dxy 
     7  L C     dxz      8  L C     dyy      9  L C     dyz     10  L C     dzz     11  L H   1 s       12  L H   2 s   
    13  L H   3 s       14  L H   4 s       15  L H   1 px      16  L H   1 py      17  L H   1 pz      18  L H   2 px  
    19  L H   2 py      20  L H   2 pz      21  L H   3 px      22  L H   3 py      23  L H   3 pz      24  L H   4 px  
    25  L H   4 py      26  L H   4 pz      27  L H   1 dxx     28  L H   1 dxy     29  L H   1 dxz     30  L H   1 dyy 
    31  L H   1 dyz     32  L H   1 dzz     33  L H   2 dxx     34  L H   2 dxy     35  L H   2 dxz     36  L H   2 dyy 
    37  L H   2 dyz     38  L H   2 dzz     39  L H   3 dxx     40  L H   3 dxy     41  L H   3 dxz     42  L H   3 dyy 
    43  L H   3 dyz     44  L H   3 dzz     45  L H   4 dxx     46  L H   4 dxy     47  L H   4 dxz     48  L H   4 dyy 
    49  L H   4 dyz     50  L H   4 dzz 
   * Small components:  100
    51  S C     s       52  S C     px      53  S C     py      54  S C     pz      55  S C     dxx     56  S C     dxy 
    57  S C     dxz     58  S C     dyy     59  S C     dyz     60  S C     dzz     61  S C     fxxx    62  S C     fxxy
    63  S C     fxxz    64  S C     fxyy    65  S C     fxyz    66  S C     fxzz    67  S C     fyyy    68  S C     fyyz
    69  S C     fyzz    70  S C     fzzz    71  S H   1 s       72  S H   2 s       73  S H   3 s       74  S H   4 s   
    75  S H   1 px      76  S H   1 py      77  S H   1 pz      78  S H   2 px      79  S H   2 py      80  S H   2 pz  
    81  S H   3 px      82  S H   3 py      83  S H   3 pz      84  S H   4 px      85  S H   4 py      86  S H   4 pz  
    87  S H   1 dxx     88  S H   1 dxy     89  S H   1 dxz     90  S H   1 dyy     91  S H   1 dyz     92  S H   1 dzz 
    93  S H   2 dxx     94  S H   2 dxy     95  S H   2 dxz     96  S H   2 dyy     97  S H   2 dyz     98  S H   2 dzz 
    99  S H   3 dxx    100  S H   3 dxy    101  S H   3 dxz    102  S H   3 dyy    103  S H   3 dyz    104  S H   3 dzz 
   105  S H   4 dxx    106  S H   4 dxy    107  S H   4 dxz    108  S H   4 dyy    109  S H   4 dyz    110  S H   4 dzz 
   111  S H   1 fxxx   112  S H   1 fxxy   113  S H   1 fxxz   114  S H   1 fxyy   115  S H   1 fxyz   116  S H   1 fxzz
   117  S H   1 fyyy   118  S H   1 fyyz   119  S H   1 fyzz   120  S H   1 fzzz   121  S H   2 fxxx   122  S H   2 fxxy
   123  S H   2 fxxz   124  S H   2 fxyy   125  S H   2 fxyz   126  S H   2 fxzz   127  S H   2 fyyy   128  S H   2 fyyz
   129  S H   2 fyzz   130  S H   2 fzzz   131  S H   3 fxxx   132  S H   3 fxxy   133  S H   3 fxxz   134  S H   3 fxyy
   135  S H   3 fxyz   136  S H   3 fxzz   137  S H   3 fyyy   138  S H   3 fyyz   139  S H   3 fyzz   140  S H   3 fzzz
   141  S H   4 fxxx   142  S H   4 fxxy   143  S H   4 fxxz   144  S H   4 fxyy   145  S H   4 fxyz   146  S H   4 fxzz
   147  S H   4 fyyy   148  S H   4 fyyz   149  S H   4 fyzz   150  S H   4 fzzz


                            GETLAB: SO-labels
                            -----------------

   * Large components:   50
     1  L A  C  s        2  L A  C  dxx      3  L A  C  dyy      4  L A  C  dzz      5  L A  H  s        6  L A  H  px  
     7  L A  H  py       8  L A  H  pz       9  L A  H  dxx     10  L A  H  dxy     11  L A  H  dxz     12  L A  H  dyy 
    13  L A  H  dyz     14  L A  H  dzz     15  L B3 C  px      16  L B3 C  dyz     17  L B3 H  s       18  L B3 H  px  
    19  L B3 H  py      20  L B3 H  pz      21  L B3 H  dxx     22  L B3 H  dxy     23  L B3 H  dxz     24  L B3 H  dyy 
    25  L B3 H  dyz     26  L B3 H  dzz     27  L B1 C  pz      28  L B1 C  dxy     29  L B1 H  s       30  L B1 H  px  
    31  L B1 H  py      32  L B1 H  pz      33  L B1 H  dxx     34  L B1 H  dxy     35  L B1 H  dxz     36  L B1 H  dyy 
    37  L B1 H  dyz     38  L B1 H  dzz     39  L B2 C  py      40  L B2 C  dxz     41  L B2 H  s       42  L B2 H  px  
    43  L B2 H  py      44  L B2 H  pz      45  L B2 H  dxx     46  L B2 H  dxy     47  L B2 H  dxz     48  L B2 H  dyy 
    49  L B2 H  dyz     50  L B2 H  dzz 
   * Small components:  100
    51  S A  C  s       52  S A  C  dxx     53  S A  C  dyy     54  S A  C  dzz     55  S A  C  fxyz    56  S A  H  s   
    57  S A  H  px      58  S A  H  py      59  S A  H  pz      60  S A  H  dxx     61  S A  H  dxy     62  S A  H  dxz 
    63  S A  H  dyy     64  S A  H  dyz     65  S A  H  dzz     66  S A  H  fxxx    67  S A  H  fxxy    68  S A  H  fxxz
    69  S A  H  fxyy    70  S A  H  fxyz    71  S A  H  fxzz    72  S A  H  fyyy    73  S A  H  fyyz    74  S A  H  fyzz
    75  S A  H  fzzz    76  S B3 C  px      77  S B3 C  dyz     78  S B3 C  fxxx    79  S B3 C  fxyy    80  S B3 C  fxzz
    81  S B3 H  s       82  S B3 H  px      83  S B3 H  py      84  S B3 H  pz      85  S B3 H  dxx     86  S B3 H  dxy 
    87  S B3 H  dxz     88  S B3 H  dyy     89  S B3 H  dyz     90  S B3 H  dzz     91  S B3 H  fxxx    92  S B3 H  fxxy
    93  S B3 H  fxxz    94  S B3 H  fxyy    95  S B3 H  fxyz    96  S B3 H  fxzz    97  S B3 H  fyyy    98  S B3 H  fyyz
    99  S B3 H  fyzz   100  S B3 H  fzzz   101  S B1 C  pz     102  S B1 C  dxy    103  S B1 C  fxxz   104  S B1 C  fyyz
   105  S B1 C  fzzz   106  S B1 H  s      107  S B1 H  px     108  S B1 H  py     109  S B1 H  pz     110  S B1 H  dxx 
   111  S B1 H  dxy    112  S B1 H  dxz    113  S B1 H  dyy    114  S B1 H  dyz    115  S B1 H  dzz    116  S B1 H  fxxx
   117  S B1 H  fxxy   118  S B1 H  fxxz   119  S B1 H  fxyy   120  S B1 H  fxyz   121  S B1 H  fxzz   122  S B1 H  fyyy
   123  S B1 H  fyyz   124  S B1 H  fyzz   125  S B1 H  fzzz   126  S B2 C  py     127  S B2 C  dxz    128  S B2 C  fxxy
   129  S B2 C  fyyy   130  S B2 C  fyzz   131  S B2 H  s      132  S B2 H  px     133  S B2 H  py     134  S B2 H  pz  
   135  S B2 H  dxx    136  S B2 H  dxy    137  S B2 H  dxz    138  S B2 H  dyy    139  S B2 H  dyz    140  S B2 H  dzz 
   141  S B2 H  fxxx   142  S B2 H  fxxy   143  S B2 H  fxxz   144  S B2 H  fxyy   145  S B2 H  fxyz   146  S B2 H  fxzz
   147  S B2 H  fyyy   148  S B2 H  fyyz   149  S B2 H  fyzz   150  S B2 H  fzzz


  Symmetry Orbitals
  -----------------

  Number of orbitals in each symmetry:          122   118   118   118
  Number of large orbitals in each symmetry:     35    30    30    30
  Number of small orbitals in each symmetry:     87    88    88    88

* Large component functions

  Symmetry  A  ( 1)

        4 functions:    C  s   
        2 functions:    C  dxx 
        2 functions:    C  dyy 
        2 functions:    C  dzz 
        4 functions:    H  s   1+2+3+4
        3 functions:    H  px  1-2+3-4
        3 functions:    H  py  1-2-3+4
        3 functions:    H  pz  1+2-3-4
        2 functions:    H  dxx 1+2+3+4
        2 functions:    H  dxy 1+2-3-4
        2 functions:    H  dxz 1-2-3+4
        2 functions:    H  dyy 1+2+3+4
        2 functions:    H  dyz 1-2+3-4
        2 functions:    H  dzz 1+2+3+4

  Symmetry  B3 ( 2)

        3 functions:    C  px  
        2 functions:    C  dyz 
        4 functions:    H  s   1-2+3-4
        3 functions:    H  px  1+2+3+4
        3 functions:    H  py  1+2-3-4
        3 functions:    H  pz  1-2-3+4
        2 functions:    H  dxx 1-2+3-4
        2 functions:    H  dxy 1-2-3+4
        2 functions:    H  dxz 1+2-3-4
        2 functions:    H  dyy 1-2+3-4
        2 functions:    H  dyz 1+2+3+4
        2 functions:    H  dzz 1-2+3-4

  Symmetry  B1 ( 3)

        3 functions:    C  pz  
        2 functions:    C  dxy 
        4 functions:    H  s   1+2-3-4
        3 functions:    H  px  1-2-3+4
        3 functions:    H  py  1-2+3-4
        3 functions:    H  pz  1+2+3+4
        2 functions:    H  dxx 1+2-3-4
        2 functions:    H  dxy 1+2+3+4
        2 functions:    H  dxz 1-2+3-4
        2 functions:    H  dyy 1+2-3-4
        2 functions:    H  dyz 1-2-3+4
        2 functions:    H  dzz 1+2-3-4

  Symmetry  B2 ( 4)

        3 functions:    C  py  
        2 functions:    C  dxz 
        4 functions:    H  s   1-2-3+4
        3 functions:    H  px  1+2-3-4
        3 functions:    H  py  1+2+3+4
        3 functions:    H  pz  1-2+3-4
        2 functions:    H  dxx 1-2-3+4
        2 functions:    H  dxy 1-2+3-4
        2 functions:    H  dxz 1+2+3+4
        2 functions:    H  dyy 1-2-3+4
        2 functions:    H  dyz 1+2-3-4
        2 functions:    H  dzz 1-2-3+4

* Small component functions

  Symmetry  A  ( 1)

        5 functions:    C  s   
        5 functions:    C  dxx 
        5 functions:    C  dyy 
        5 functions:    C  dzz 
        2 functions:    C  fxyz
        3 functions:    H  s   1+2+3+4
        8 functions:    H  px  1-2+3-4
        8 functions:    H  py  1-2-3+4
        8 functions:    H  pz  1+2-3-4
        3 functions:    H  dxx 1+2+3+4
        3 functions:    H  dxy 1+2-3-4
        3 functions:    H  dxz 1-2-3+4
        3 functions:    H  dyy 1+2+3+4
        3 functions:    H  dyz 1-2+3-4
        3 functions:    H  dzz 1+2+3+4
        2 functions:    H  fxxx1-2+3-4
        2 functions:    H  fxxy1-2-3+4
        2 functions:    H  fxxz1+2-3-4
        2 functions:    H  fxyy1-2+3-4
        2 functions:    H  fxyz1+2+3+4
        2 functions:    H  fxzz1-2+3-4
        2 functions:    H  fyyy1-2-3+4
        2 functions:    H  fyyz1+2-3-4
        2 functions:    H  fyzz1-2-3+4
        2 functions:    H  fzzz1+2-3-4

  Symmetry  B3 ( 2)

       12 functions:    C  px  
        5 functions:    C  dyz 
        2 functions:    C  fxxx
        2 functions:    C  fxyy
        2 functions:    C  fxzz
        3 functions:    H  s   1-2+3-4
        8 functions:    H  px  1+2+3+4
        8 functions:    H  py  1+2-3-4
        8 functions:    H  pz  1-2-3+4
        3 functions:    H  dxx 1-2+3-4
        3 functions:    H  dxy 1-2-3+4
        3 functions:    H  dxz 1+2-3-4
        3 functions:    H  dyy 1-2+3-4
        3 functions:    H  dyz 1+2+3+4
        3 functions:    H  dzz 1-2+3-4
        2 functions:    H  fxxx1+2+3+4
        2 functions:    H  fxxy1+2-3-4
        2 functions:    H  fxxz1-2-3+4
        2 functions:    H  fxyy1+2+3+4
        2 functions:    H  fxyz1-2+3-4
        2 functions:    H  fxzz1+2+3+4
        2 functions:    H  fyyy1+2-3-4
        2 functions:    H  fyyz1-2-3+4
        2 functions:    H  fyzz1+2-3-4
        2 functions:    H  fzzz1-2-3+4

  Symmetry  B1 ( 3)

       12 functions:    C  pz  
        5 functions:    C  dxy 
        2 functions:    C  fxxz
        2 functions:    C  fyyz
        2 functions:    C  fzzz
        3 functions:    H  s   1+2-3-4
        8 functions:    H  px  1-2-3+4
        8 functions:    H  py  1-2+3-4
        8 functions:    H  pz  1+2+3+4
        3 functions:    H  dxx 1+2-3-4
        3 functions:    H  dxy 1+2+3+4
        3 functions:    H  dxz 1-2+3-4
        3 functions:    H  dyy 1+2-3-4
        3 functions:    H  dyz 1-2-3+4
        3 functions:    H  dzz 1+2-3-4
        2 functions:    H  fxxx1-2-3+4
        2 functions:    H  fxxy1-2+3-4
        2 functions:    H  fxxz1+2+3+4
        2 functions:    H  fxyy1-2-3+4
        2 functions:    H  fxyz1+2-3-4
        2 functions:    H  fxzz1-2-3+4
        2 functions:    H  fyyy1-2+3-4
        2 functions:    H  fyyz1+2+3+4
        2 functions:    H  fyzz1-2+3-4
        2 functions:    H  fzzz1+2+3+4

  Symmetry  B2 ( 4)

       12 functions:    C  py  
        5 functions:    C  dxz 
        2 functions:    C  fxxy
        2 functions:    C  fyyy
        2 functions:    C  fyzz
        3 functions:    H  s   1-2-3+4
        8 functions:    H  px  1+2-3-4
        8 functions:    H  py  1+2+3+4
        8 functions:    H  pz  1-2+3-4
        3 functions:    H  dxx 1-2-3+4
        3 functions:    H  dxy 1-2+3-4
        3 functions:    H  dxz 1+2+3+4
        3 functions:    H  dyy 1-2-3+4
        3 functions:    H  dyz 1+2-3-4
        3 functions:    H  dzz 1-2-3+4
        2 functions:    H  fxxx1+2-3-4
        2 functions:    H  fxxy1+2+3+4
        2 functions:    H  fxxz1-2+3-4
        2 functions:    H  fxyy1+2-3-4
        2 functions:    H  fxyz1-2-3+4
        2 functions:    H  fxzz1+2-3-4
        2 functions:    H  fyyy1+2+3+4
        2 functions:    H  fyyz1-2+3-4
        2 functions:    H  fyzz1+2+3+4
        2 functions:    H  fzzz1-2+3-4


 ***************************************************************************
 *************************** Hamiltonian defined ***************************
 ***************************************************************************

 * Print level :    0
 * Basis set:
   - contracted large component basis set
   - uncontracted small component basis set
 * Restricted kinetic balance
 * Default RKB projection:
   1: Pre-projection on scalar basis
   2: Removing unphysical solutions for no external field
 * Dirac-Coulomb Hamiltonian
===========================================================================
 Maximum memory load for two-integral processing in HERMIT:
===========================================================================
 * LL-integrals:
   6(H  2 Ld)   6(H  2 Ld)   6(H  2 Ld)   6(H  2 Ld)             1360749
 * SL-integrals:
  16(H  2 Sf)  16(H  2 Sf)   6(H  2 Ld)   6(H  2 Ld)             3766021
 * SS-integrals:
  16(H  2 Sf)  16(H  2 Sf)  16(H  2 Sf)  16(H  2 Sf)            10425285


 *************************************************************************
 ************************ End of input processing ************************
 *************************************************************************

