Master : DIRAC allocating 3000000 words of memory
******************************************************************************
*                                                                            *
*                                O U T P U T                                 *
*                                   from                                     *
*                                                                            *
*                   @@@@@    @@   @@@@@     @@@@     @@@@@                   *
*                   @@  @@        @@  @@   @@  @@   @@                       *
*                   @@  @@   @@   @@@@@    @@@@@@   @@                       *
*                   @@  @@   @@   @@ @@    @@  @@   @@                       *
*                   @@@@@    @@   @@  @@   @@  @@    @@@@@                   *
*                                                                            *
*                                                                            *
MMMMMMMMMMMMMMMMMMMMMMMMMMP!<<~"<<<<<!<<<<!!!!!<~"!****MMHMMMMMMMMX?HMXMMX9M?H
MMMMMMMMMMMMMMMMMMMMMMMM!M!<<<<<<:<<<<<<<<<<~<<< <<~~~<!!MMMMMMMMMMH%XX%!XMMXX
MMMMMMMMMMMMMMMMMMMMMMM!<!!!<<<<<<<<<<<<<<< <~<~~~~    ~<~!!??MSMMMM!tXX!9HtSM
MMMMMMMMMMMMMMMMMMMMMMM!:!<<<<!!!<<<<<<~<`<~~~     `     <<<~!*MMHM9XXMMHSHMMM
MMMMMMMMMMMMMMMMMMMMMMM%?<<<<<<<<<<~~<~'~<~'             `<<<!~!MMMMMMMXMMMMMM
MMMMMMMMMMMMMMMMMMMMMM!!!X<<<<<<<<<~     ~                 `<<<<!?MMMMMMMMMMMM
MMMMMMMMMMMMMMMMMMMMMMX<<!!<!<<<~~<<<                       `~<<<~?MMMMMMMMMMM
MMMMMMMMMMMMMMMMMMMMM?M:<<<<<<<~ <<<<      :                  `<<<!MMMMMMMMMMM
MMMMMMMMMMMMMMMMMMMM!!!!<<<<<<<~ <<~ '<::<<<<<<:                `<<MMMMMMMMMMM
MMMMMMMMMMMMMMMMMMMX<<<<<<<<<<<:<<  <`<<<<<:nnnhnn:              ~<!MMMMMMMMMM
MMMMMMMMMMMMMMMMMMMXxnnnnxnxi:<<<<<<<<<<<<xHMMMMMMnx:              `"??MMMMMMM
MMMMMMMMMMMMMMMMMMX8NN888MMMMXXx:::xxHMMMMMMMMMMMMMMH::              <!!?MMMMM
MMMMMMMMMMMMMMMM?9$$$$$$$NM8MMMMMMMMMMMMMMMMMMMMMMMMMMH:            '!!!!MMMMM
MMMMMMMMMMMMMMMXt$$$$$$$$$$$N8MMMMMNNMMMMMMMMMMMMMMMMMMh<            <<<!?MMMM
MMMMMMMMMMMMMMXN$$$$$$$$$$$$$$$NN$$$$NN8N9MMMMMMMMMMMMMX<~            `~<<!MSM
MMMMMMMMMMMM!~t$$$$$$$$$$$$$$$$$$$$$$$BMMMMMMMMMMMMMMMMM>               `<XMMM
MMMMMMMMMMMMXX$$$$$$$$$$$$$$$$$$$$$$R$RMMMMMMMMMMMMMMMMM%<               <XMSt
MMMMMMMMMMMMXN$$$$$$$$$$$$$$$$$$$$MMMMMMMMMMMMMMMMMMMMMMf<<  :          :<?MMH
MMMMMMMMMMMMX$$$$$$$$$$$$$$$$$RRMMMMMMMMMMMMMMMMMMMMMMMM!<<<            `<MMMM
MMMMMMMMMMMM9$$$$$$$$$$$$$$$RMMMMMB8MMMMMMMMMMMMMMMMMMMM!<<<            <!HXSt
MMMMMMMMMMMM9$$$$$$$$$$$$N$8MMM8NN$$8NNMMMMMMMMMMMMMMMM!<<<<            <!MMMX
MMMMMMMMMMMM$$$$$$$$$$$$$$NN8N$$$$$$$$$MMMMMMMMMMMMMMMMX<<<<            <XXMMM
MMMMMMMMMMMM9$$$$$$$$$$$$$$$$$$$$$$$$$RRMMMMMMMMMMMMMMMMx<<<            <XMXMX
MMMMMMMMMMMMM$$$$$$$$$$$$$$$RR$RRRRM*!"""!*MMMMMMMMMMMMMH><~           ::MMMHM
MMMMMMMMMMMMMRRRRR$$$RM$$RRMMMM*!"!~<<<<<::X??MMMMMMMMMMMf~        :xnx:?MMMHM
MMMMMMMMMMMMMM*!"""?*MMMMMMMM!!    <<<<<!*MMMMMMMMMMMMMMMf:       <HM!<<!XMMX!
MMMMMMMMMMMMMMi<<<~~<"!MMMMMM<<<<<<  ~~<<~"!MMMMMMMMMMMMM!<<:~   <HMHx:<!M!t?!
MMMMMMMMMMMMMMf<<~~ `~~!M8MMHi<<<<<::: :<:<<!H9MMMMMMMMMMk:<~ ::nHMMMMX<<X!?XX
MMMMMMMMMMMMMMh<::< <x<<M$$MMM::<<<!h:::HMMMMMMMMMMMMMMMMMMhixMMMf?*MMXM!MX!?!
MMMMMMMMMMMMMMMHMh::n?::8$RMMMHM+<+HMMhMMMMMMMMMMMMMMMMMMMMMMMMM?X:~?MX?!|!!
MMMMMMMMMMMMMM9NMMMMMHM8$$MMMMMMHnHnHHHHMMMMMMMMMMMMMMMMMMMMMMMMMMh:<?M!M!!!!!
MMMMMMMMMMMMMM9$BMMMMMN$$RMMMMMMMN88MMMMMMMMMMMMMMMMMMMMMM%!MMMMMMM!<HHH!!!!~!
MMMMMMMMMMMMMM9$$B888N$$$MMMMMMMMM$$$N8MMMMMMMMMMMMMMMMMMX!HMMMMMMMH!?!!!<!<<!
MMMMMMMMMMMMMMM$$$$$$$$$RMMMMMMMMM$$$$$MMMMMMMMMMMMMMMMMM|MMMMMMMMXH!!!~<~!!
MMMMMMMMMMMMMMM$$$$$$$$$MMMMMMMMMMR$$$$NMMMMMMMMMMMMMMMM!!!!?MHHMMMM!!<~~~<!!<
MMMMMMMMMMMMMMM9$$$$$$$$RMMRMMMMMMMMMMRMMMMMMMMMMMMMMMMM!!!!!!*MM*!!~<<<<~::!!
MMMMMMMMMMMMMMM9$$$$RRRMM****MMMMMMMMMMMMMMMMMMMMMMMMMMHH!!!!<`!!<<< ~~<<<!!?!
MMMMMMMMMMMMMMMM$$$$MMS!"<<:<<~9MMMMMMMMMMMMMMMMMMMMMMMMX!<!!<<<<<<<    ~~<<!~
MMMMMMMMMMMMMMMM$$$B$$Mi!<~!<!!?MMMMMMMMMMMMMMMMMMMMMMMMM!<<<::<<::<         `
MMMMMMMMMMMMMMMMR$$$RRMM<<<<<<<<2|*MMMMMMMMMMMMMMMMMM?!<<<<!:<x!X<          
MMMMMMMMMMMMMMMMM$$RMMMHn:::xxHMMMHx:<?MMMMMMMMMMMMMMMM!!<<<!!!X?Xf           
MMMM?M%?X9MMMMMMMM$$MM*!!M*!""?""?"!"!!MMMMMMMMMMMMMM!!!<<<<<!!XXH!           
MMMSX?!H??MMMMMMMM$$MHsi:!%+!+!!+!<::xXMMMMMMMMMMMMM?!<<<<<<<!!MMM~           
MM|?!!!!?M9MMMMMM$RM$$NbiiiinnHMMMMMMMMMMMMMMMMM!!!!<<<<<<<!!9MM            
?!?!!!?!!<??tHMMMMMM@N$$R$$$$RRMMMMMMMMMMMMMMM|!!!<<<<<<<<<!XMMM            
X!!!/!!<<<!!??MMMMM*MR$$M****!*MMMMMMMMMMMMMMM!!<<<<<<<<<<<<!!?M9M            
!!!:!<<<<<~!!!!!"!<<?MMRMHnixxHMMMMMMMMMMMMM?!!<<<<<<<<<<<<<!!X9$f            
!!!!!<<<<<<<!!!<<<<<~tMMMN$$MMMMMMMMMMMMMM!"!<<<<<<<<<<<<<<<<X9$R!            
<<<<<<<<<<<<!<<~     ~?MMRRMMMMMMMMMMMM!"!<<~      <<<<<<<<<<H$$f             
<<<<<<<<<<<<<<~       ~MMMMMMMMMMM**M?"<<~         <<<<<<<<:HM$R"             
<<<<<<<<<<<<<~         `***!"?"!!!<<<<~           :<<<<<<<HMMMRP              
<<<<<<<<<<<<<             `~ ` ~~    :            ~<<<<<xHMMMMM"              
<<<<<<<<<<<<~                       <<:            ~ <<:HMMMMMf               
<<<<<<<<<<<<                        `Hn:             <xMMMMMMM"               
<<<<<<<<<<<                          !MMi          <xXMMMMMMM!                
<<<<<<<<<<<                           !MM:        :!MMMMMMMMM~                
<<<<<<<<<<:                            "MMr::  :xnHMMMMMMMMM!                 
<<<<<<<<<<                              `"  `~~~?MMMMMMMMM?!                  
<<<<<<<<<<                                      `"*MP*?XMM!~                  
<<<<<<<<<<                                        `"!<!MMf~                   
<<<<<<<<<~                                          `~!!?!                    
<<<<<<<<<                                            `<~!~                    
<<<<<<<<<                                          <:<<`~                     
<<<<<<<<<~                                         ::<<                      :
<<<<<<<<<<                                        'MHk<                      <
:<<<<<<<<<                                        `MMH:                   < <<
******************************************************************************
*                                                                            *
*         =======================================================            *
*                     Program for Atomic and Molecular                       *
*          Direct Iterative Relativistic Allelectron Calculations            *
*         =======================================================            *
*                                                                            *
*                        VERSION 3.1     OCTOBER 1998                        *
*                                                                            *
******************************************************************************
*                                                                            *
* Written by:                                                                *
*    Trond Saue,              The University of Tromsoe,        Norway       *
*    Vebjoern Bakken,         University of Oslo,               Norway       *
*    Thomas Enevoldsen,       SDU, Odense University,           Denmark      *
*    Trygve Helgaker,         University of Oslo,               Norway       *
*    Hans Joergen Aa. Jensen, SDU, Odense University,           Denmark      *
*    Jon K. Laerdahl,         University of Oslo                Norway       *
*    Kenneth Ruud,            University of Oslo,               Norway       *
*    Joern Thyssen,           SDU, Odense University,           Denmark      *
*    Luuk Visscher,           Vrije Universiteit, Amsterdam,    Netherlands  *
*                                                                            *
*                                                                            *
* Note:                                                                      *
*    This is an experimental code. The authors accept no responsibility      *
*    for the performance of the code or for the correctness of the results.  *
*                                                                            *
*    The code (in whole or part) is not to be reproduced for further         *
*    distribution without the written permission of the authors or           *
*    their representatives.                                                  *
*                                                                            *
*    If results obtained with this code are published, an                    *
*    appropriate citation would be:                                          *
*                                                                            *
*    T. Saue, V. Bakken, T. Enevoldsen, T. Helgaker, H. J. Aa. Jensen,       *
*    J. Laerdahl, K. Ruud, J. Thyssen, and L. Visscher:                      *
*    "Dirac, a relativistic ab initio electronic structure program,          *
*    Release 3.2 (2000)"                                                     *
*    (for a suitable BibTEX entry, see <URL:"insert URL here">)               *
*                                                                            *
******************************************************************************
 Version           : Dirac Newest 3.1 (patchlevel 0) 
 Hostname          : assens
 Operating system  : IRIX 6.5
 Machine           : IP22
 Run               : Sequential
 Last compilation  : 17:59:56 Aug 29 2000 (by jth@assens.chem.ou.dk)
 Basis set dir.    : /home/jth/prog/Dirac/basis/:./

 Date and time (IRIX)   : Tue Aug 29 18:00:21 2000


 *************************************************************************
 ********************* DIRAC: No title specified !!! *********************
 *************************************************************************

 Jobs in this run:
   * Input test run only 


 **************************************************************************
 ************************** General DIRAC set-up **************************
 **************************************************************************

 * The speed of light :        137.0359895
 * Direct evaluation of the following two-electron integrals:
 * Default integral flags passed to all modules
   - LL-integrals: T
   - LS-integrals: T
   - SS-integrals: T
 * Spherical transformation embedded in MO-transformation
   for large components
 * Transformation to scalar RKB basis embedded in
   MO-transformation for small components
 * Thresholds for linear dependence:
   Large components:   1.00D-06
   Small components:   1.00D-08
 * General print level   :   0


 *************************************************************************
 ****************** Output from HERMIT input processing ******************
 *************************************************************************



 Default print level:        1


 Input test run only 

 * Nuclear model: Gaussian charge distribution.

 Two-electron integrals not calculated.


 Ordinary (field-free non-relativistic) Hamiltonian integrals not calculated.



 *************************************************************************
 ****************** Output from READIN input processing ******************
 *************************************************************************



  Title Cards
  -----------

  Test of basis set readin.                                               
  Methane                                                                 

WARNING!!! Cartesian Gaussians must be specified
           in molecule input file.
           DIRAC proceeds with readin assuming            Cartesian Gaussians.


Atomic type:     1
   Nuclear charge:   6.0
   Number of symmetry independent centres:     1
   Nuclear Gaussian exponent for atom of charge   6.000:     6.8077502929D+08
   Symmetry independent centers:
      C  1   0.000000000000000   0.000000000000000   0.000000000000000
   L=  0  Block:    1
      Primitives:     10
      Shells    :      4
      KinBal    :      0
Contraction matrix:
0.6665000000E+04
  0.00069200  -.00014600  0.00000000  0.00000000
0.1000000000E+04
  0.00532900  -.00115400  0.00000000  0.00000000
0.2280000000E+03
  0.02707700  -.00572500  0.00000000  0.00000000
0.6471000000E+02
  0.10171800  -.02331200  0.00000000  0.00000000
0.2106000000E+02
  0.27474000  -.06395500  0.00000000  0.00000000
0.7495000000E+01
  0.44856400  -.14998100  0.00000000  0.00000000
0.2797000000E+01
  0.28507400  -.12726200  0.00000000  0.00000000
0.5215000000E+00
  0.01520400  0.54452900  0.00000000  0.00000000
0.1596000000E+00
  -.00319100  0.58049600  1.00000000  0.00000000
0.4690000000E-01
  0.00000000  0.00000000  0.00000000  1.00000000
   L=  1  Block:    1
      Primitives:      6
      Shells    :      4
      KinBal    :      0
Contraction matrix:
0.4000000000E+02
  0.00000000  0.00000000  0.00000000  1.00000000
0.9439000000E+01
  0.03810900  0.00000000  0.00000000  0.00000000
0.2002000000E+01
  0.20948000  0.00000000  0.00000000  0.00000000
0.5456000000E+00
  0.50855700  0.00000000  0.00000000  0.00000000
0.1517000000E+00
  0.46884200  1.00000000  0.00000000  0.00000000
0.4041000000E-01
  0.00000000  0.00000000  1.00000000  0.00000000
   L=  2  Block:    1
      Primitives:      2
      Shells    :      2
      KinBal    :      0
Contraction matrix:
0.5500000000E+00
  1.00000000  0.00000000
0.1510000000E+00
  0.00000000  1.00000000
   Large component set:
      Max.ang.quantum no.:    2  Blocks:    1    1    1
Contraction matrix:
0.4000000000E+02
  1.00000000  0.00000000  0.00000000  0.00000000  0.00000000  0.00000000
0.9439000000E+01
  0.00000000  1.00000000  0.00000000  0.00000000  0.00000000  0.00000000
0.2002000000E+01
  0.00000000  0.00000000  1.00000000  0.00000000  0.00000000  0.00000000
0.5456000000E+00
  0.00000000  0.00000000  0.00000000  1.00000000  0.00000000  0.00000000
0.1517000000E+00
  0.00000000  0.00000000  0.00000000  0.00000000  1.00000000  0.00000000
0.4041000000E-01
  0.00000000  0.00000000  0.00000000  0.00000000  0.00000000  1.00000000
Contraction matrix:
0.6665000000E+04
  1.00000000  0.00000000  0.00000000  0.00000000  0.00000000  0.00000000
  0.00000000  0.00000000  0.00000000  0.00000000
0.1000000000E+04
  0.00000000  1.00000000  0.00000000  0.00000000  0.00000000  0.00000000
  0.00000000  0.00000000  0.00000000  0.00000000
0.2280000000E+03
  0.00000000  0.00000000  1.00000000  0.00000000  0.00000000  0.00000000
  0.00000000  0.00000000  0.00000000  0.00000000
0.6471000000E+02
  0.00000000  0.00000000  0.00000000  1.00000000  0.00000000  0.00000000
  0.00000000  0.00000000  0.00000000  0.00000000
0.2106000000E+02
  0.00000000  0.00000000  0.00000000  0.00000000  1.00000000  0.00000000
  0.00000000  0.00000000  0.00000000  0.00000000
0.7495000000E+01
  0.00000000  0.00000000  0.00000000  0.00000000  0.00000000  1.00000000
  0.00000000  0.00000000  0.00000000  0.00000000
0.2797000000E+01
  0.00000000  0.00000000  0.00000000  0.00000000  0.00000000  0.00000000
  1.00000000  0.00000000  0.00000000  0.00000000
0.5215000000E+00
  0.00000000  0.00000000  0.00000000  0.00000000  0.00000000  0.00000000
  0.00000000  1.00000000  0.00000000  0.00000000
0.1596000000E+00
  0.00000000  0.00000000  0.00000000  0.00000000  0.00000000  0.00000000
  0.00000000  0.00000000  1.00000000  0.00000000
0.4690000000E-01
  0.00000000  0.00000000  0.00000000  0.00000000  0.00000000  0.00000000
  0.00000000  0.00000000  0.00000000  1.00000000
Contraction matrix:
0.5500000000E+00
  1.00000000  0.00000000
0.1510000000E+00
  0.00000000  1.00000000
Contraction matrix:
0.4000000000E+02
  1.00000000  0.00000000  0.00000000  0.00000000  0.00000000  0.00000000
0.9439000000E+01
  0.00000000  1.00000000  0.00000000  0.00000000  0.00000000  0.00000000
0.2002000000E+01
  0.00000000  0.00000000  1.00000000  0.00000000  0.00000000  0.00000000
0.5456000000E+00
  0.00000000  0.00000000  0.00000000  1.00000000  0.00000000  0.00000000
0.1517000000E+00
  0.00000000  0.00000000  0.00000000  0.00000000  1.00000000  0.00000000
0.4041000000E-01
  0.00000000  0.00000000  0.00000000  0.00000000  0.00000000  1.00000000
Contraction matrix:
0.5500000000E+00
  1.00000000  0.00000000
0.1510000000E+00
  0.00000000  1.00000000
   Small component set:
      Max.ang.quantum no.:    3  Blocks:    1    2    1    1

Atomic type:     2
   Nuclear charge:   1.0
   Number of symmetry independent centres:     1
   Nuclear Gaussian exponent for atom of charge   1.000:     2.1248239171D+09
   Symmetry independent centers:
      H  2   1.184862720000000   1.184862720000000   1.184862720000000
   L=  0  Block:    1
      Primitives:      4
      Shells    :      2
      KinBal    :      0
Contraction matrix:
0.1301000000E+02
  0.01968500  0.00000000
0.1962000000E+01
  0.13797700  0.00000000
0.4446000000E+00
  0.47814800  0.00000000
0.1220000000E+00
  0.50124000  1.00000000
   L=  1  Block:    1
      Primitives:      1
      Shells    :      1
      KinBal    :      0
Contraction matrix:
0.7270000000E+00
  1.00000000
   Large component set:
      Max.ang.quantum no.:    1  Blocks:    1    1
Contraction matrix:
0.7270000000E+00
  1.00000000
Contraction matrix:
0.1301000000E+02
  1.00000000  0.00000000  0.00000000  0.00000000
0.1962000000E+01
  0.00000000  1.00000000  0.00000000  0.00000000
0.4446000000E+00
  0.00000000  0.00000000  1.00000000  0.00000000
0.1220000000E+00
  0.00000000  0.00000000  0.00000000  1.00000000
Contraction matrix:
0.7270000000E+00
  1.00000000
   Small component set:
      Max.ang.quantum no.:    2  Blocks:    1    1    1


  Symmetry Operations
  -------------------

  Symmetry operations: 2



                      SYMGRP:Point group information
                      ------------------------------

Point group: D2 

   * The point group was generated by:

      Rotation about the z-axis
      Rotation about the x-axis

   * Group multiplication table

        |  E   C2z  C2y  C2x
   -----+--------------------
     E  |  E 
    C2z | C2z   E 
    C2y | C2y  C2x   E 
    C2x | C2x  C2y  C2z   E 

   * Character table

        |  E   C2z  C2y  C2x
   -----+--------------------
    A   |   1    1    1    1
    B3  |   1   -1   -1    1
    B1  |   1    1   -1   -1
    B2  |   1   -1    1   -1

   * Direct product table

        | A    B3   B1   B2 
   -----+--------------------
    A   | A  
    B3  | B3   A  
    B1  | B1   B2   A  
    B2  | B2   B1   B3   A  


                        **************************
                        *** Output from DBLGRP ***
                        **************************

   * One fermion irrep:   E1 
   * Real group. NZ = 1
   * Direct product decomposition:
          E1  x E1  : A   + B1  + B2  + B3 


                             Spinor structure
                             ----------------


   * Fermion irrep no.: 1
      La  |  A  (1)  B1 (2)  |
      Sa  |  A  (1)  B1 (2)  |
      Lb  |  B2 (3)  B3 (4)  |
      Sb  |  B2 (3)  B3 (4)  |


                          Quaternion symmetries
                          ---------------------

    Rep  T(+)
    -----------------------------
    A    1
    B3   k
    B1   i
    B2   j


  Atoms and basis sets
  --------------------

  Number of atom types:     2
  Total number of atoms:    5

  label    atoms   charge   prim    cont     basis   
  ----------------------------------------------------------------------
  C  1        1       6      40      28      L - [10s6p2d|4s4p2d]                       
                             98      98      S - [6s12p6d2f|6s12p6d2f]                  
  H  2        4       1       7       5      L - [4s1p|2s1p]                            
                             19      19      S - [1s4p1d|1s4p1d]                        
  ----------------------------------------------------------------------
                             68      48   L - large components
                            174     174   S - small components
  ----------------------------------------------------------------------
  total:      5      10     242     222

  Cartesian basis used.
  Threshold for integrals:  1.00D-15


  Cartesian Coordinates
  ---------------------

  Total number of coordinates: 15


   1   C  1     x      0.0000000000
   2            y      0.0000000000
   3            z      0.0000000000

   4   H  2 1   x      1.1848627200
   5            y      1.1848627200
   6            z      1.1848627200

   7   H  2 2   x     -1.1848627200
   8            y     -1.1848627200
   9            z      1.1848627200

  10   H  2 3   x      1.1848627200
  11            y     -1.1848627200
  12            z     -1.1848627200

  13   H  2 4   x     -1.1848627200
  14            y      1.1848627200
  15            z     -1.1848627200



  Symmetry Coordinates
  --------------------

  Number of coordinates in each symmetry:   3  4  4  4


  Symmetry 1

   1   H  2  x    [ 4  -  7  + 10  - 13 ]/4
   2   H  2  y    [ 5  -  8  - 11  + 14 ]/4
   3   H  2  z    [ 6  +  9  - 12  - 15 ]/4


  Symmetry 2

   4   C  1  x    1
   5   H  2  x    [ 4  +  7  + 10  + 13 ]/4
   6   H  2  y    [ 5  +  8  - 11  - 14 ]/4
   7   H  2  z    [ 6  -  9  - 12  + 15 ]/4


  Symmetry 3

   8   C  1  z    3
   9   H  2  x    [ 4  -  7  - 10  + 13 ]/4
  10   H  2  y    [ 5  -  8  + 11  - 14 ]/4
  11   H  2  z    [ 6  +  9  + 12  + 15 ]/4


  Symmetry 4

  12   C  1  y    2
  13   H  2  x    [ 4  +  7  - 10  - 13 ]/4
  14   H  2  y    [ 5  +  8  + 11  + 14 ]/4
  15   H  2  z    [ 6  -  9  + 12  - 15 ]/4


   Interatomic separations (in Angstroms):
   ---------------------------------------

            C  1        H  1        H  2        H  3        H  4

   C  1    0.000000
   H  1    1.086000    0.000000
   H  2    1.086000    1.773431    0.000000
   H  3    1.086000    1.773431    1.773431    0.000000
   H  4    1.086000    1.773431    1.773431    1.773431    0.000000




  Bond distances (angstroms):
  ---------------------------

                  atom 1     atom 2                           distance
                  ------     ------                           --------
  bond distance:    H  1       C  1                           1.086000
  bond distance:    H  2       C  1                           1.086000
  bond distance:    H  3       C  1                           1.086000
  bond distance:    H  4       C  1                           1.086000


  Bond angles (degrees):
  ----------------------

                  atom 1     atom 2     atom 3                   angle
                  ------     ------     ------                   -----
  bond angle:       H  2       C  1       H  1                 109.471
  bond angle:       H  3       C  1       H  1                 109.471
  bond angle:       H  3       C  1       H  2                 109.471
  bond angle:       H  4       C  1       H  1                 109.471
  bond angle:       H  4       C  1       H  2                 109.471
  bond angle:       H  4       C  1       H  3                 109.471


  Nuclear repulsion energy :   13.484875956018


  Symmetry Orbitals
  -----------------

  Number of orbitals in each symmetry:          60   54   54   54
  Number of large orbitals in each symmetry:    15   11   11   11
  Number of small orbitals in each symmetry:    45   43   43   43


  Symmetry  A  ( 1)

    1     C  1 L   s            1
    2     C  1 L   s            2
    3     C  1 L   s            3
    4     C  1 L   s            4
    5     C  1 L   dxx         17
    6     C  1 L   dyy         20
    7     C  1 L   dzz         22
    8     C  1 L   dxx         23
    9     C  1 L   dyy         26
   10     C  1 L   dzz         28
   11     H  2 L   s           29  +    30  +    31  +    32
   12     H  2 L   s           33  +    34  +    35  +    36
   13     H  2 L   px          37  -    40  +    43  -    46
   14     H  2 L   py          38  -    41  -    44  +    47
   15     H  2 L   pz          39  +    42  -    45  -    48
   16     C  1 S   s           49
   17     C  1 S   s           50
   18     C  1 S   s           51
   19     C  1 S   s           52
   20     C  1 S   s           53
   21     C  1 S   s           54
   22     C  1 S   dxx         91
   23     C  1 S   dyy         94
   24     C  1 S   dzz         96
   25     C  1 S   dxx         97
   26     C  1 S   dyy        100
   27     C  1 S   dzz        102
   28     C  1 S   dxx        103
   29     C  1 S   dyy        106
   30     C  1 S   dzz        108
   31     C  1 S   dxx        109
   32     C  1 S   dyy        112
   33     C  1 S   dzz        114
   34     C  1 S   dxx        115
   35     C  1 S   dyy        118
   36     C  1 S   dzz        120
   37     C  1 S   dxx        121
   38     C  1 S   dyy        124
   39     C  1 S   dzz        126
   40     C  1 S   fxyz       131
   41     C  1 S   fxyz       141
   42     H  2 S   s          147  +   148  +   149  +   150
   43     H  2 S   px         151  -   154  +   157  -   160
   44     H  2 S   py         152  -   155  -   158  +   161
   45     H  2 S   pz         153  +   156  -   159  -   162
   46     H  2 S   px         163  -   166  +   169  -   172
   47     H  2 S   py         164  -   167  -   170  +   173
   48     H  2 S   pz         165  +   168  -   171  -   174
   49     H  2 S   px         175  -   178  +   181  -   184
   50     H  2 S   py         176  -   179  -   182  +   185
   51     H  2 S   pz         177  +   180  -   183  -   186
   52     H  2 S   px         187  -   190  +   193  -   196
   53     H  2 S   py         188  -   191  -   194  +   197
   54     H  2 S   pz         189  +   192  -   195  -   198
   55     H  2 S   dxx        199  +   205  +   211  +   217
   56     H  2 S   dxy        200  +   206  -   212  -   218
   57     H  2 S   dxz        201  -   207  -   213  +   219
   58     H  2 S   dyy        202  +   208  +   214  +   220
   59     H  2 S   dyz        203  -   209  +   215  -   221
   60     H  2 S   dzz        204  +   210  +   216  +   222


  Symmetry  B3 ( 2)

   61     C  1 L   px           5
   62     C  1 L   px           8
   63     C  1 L   px          11
   64     C  1 L   px          14
   65     C  1 L   dyz         21
   66     C  1 L   dyz         27
   67     H  2 L   s           29  -    30  +    31  -    32
   68     H  2 L   s           33  -    34  +    35  -    36
   69     H  2 L   px          37  +    40  +    43  +    46
   70     H  2 L   py          38  +    41  -    44  -    47
   71     H  2 L   pz          39  -    42  -    45  +    48
   72     C  1 S   px          55
   73     C  1 S   px          58
   74     C  1 S   px          61
   75     C  1 S   px          64
   76     C  1 S   px          67
   77     C  1 S   px          70
   78     C  1 S   px          73
   79     C  1 S   px          76
   80     C  1 S   px          79
   81     C  1 S   px          82
   82     C  1 S   px          85
   83     C  1 S   px          88
   84     C  1 S   dyz         95
   85     C  1 S   dyz        101
   86     C  1 S   dyz        107
   87     C  1 S   dyz        113
   88     C  1 S   dyz        119
   89     C  1 S   dyz        125
   90     C  1 S   fxxx       127
   91     C  1 S   fxyy       130
   92     C  1 S   fxzz       132
   93     C  1 S   fxxx       137
   94     C  1 S   fxyy       140
   95     C  1 S   fxzz       142
   96     H  2 S   s          147  -   148  +   149  -   150
   97     H  2 S   px         151  +   154  +   157  +   160
   98     H  2 S   py         152  +   155  -   158  -   161
   99     H  2 S   pz         153  -   156  -   159  +   162
  100     H  2 S   px         163  +   166  +   169  +   172
  101     H  2 S   py         164  +   167  -   170  -   173
  102     H  2 S   pz         165  -   168  -   171  +   174
  103     H  2 S   px         175  +   178  +   181  +   184
  104     H  2 S   py         176  +   179  -   182  -   185
  105     H  2 S   pz         177  -   180  -   183  +   186
  106     H  2 S   px         187  +   190  +   193  +   196
  107     H  2 S   py         188  +   191  -   194  -   197
  108     H  2 S   pz         189  -   192  -   195  +   198
  109     H  2 S   dxx        199  -   205  +   211  -   217
  110     H  2 S   dxy        200  -   206  -   212  +   218
  111     H  2 S   dxz        201  +   207  -   213  -   219
  112     H  2 S   dyy        202  -   208  +   214  -   220
  113     H  2 S   dyz        203  +   209  +   215  +   221
  114     H  2 S   dzz        204  -   210  +   216  -   222


  Symmetry  B1 ( 3)

  115     C  1 L   pz           7
  116     C  1 L   pz          10
  117     C  1 L   pz          13
  118     C  1 L   pz          16
  119     C  1 L   dxy         18
  120     C  1 L   dxy         24
  121     H  2 L   s           29  +    30  -    31  -    32
  122     H  2 L   s           33  +    34  -    35  -    36
  123     H  2 L   px          37  -    40  -    43  +    46
  124     H  2 L   py          38  -    41  +    44  -    47
  125     H  2 L   pz          39  +    42  +    45  +    48
  126     C  1 S   pz          57
  127     C  1 S   pz          60
  128     C  1 S   pz          63
  129     C  1 S   pz          66
  130     C  1 S   pz          69
  131     C  1 S   pz          72
  132     C  1 S   pz          75
  133     C  1 S   pz          78
  134     C  1 S   pz          81
  135     C  1 S   pz          84
  136     C  1 S   pz          87
  137     C  1 S   pz          90
  138     C  1 S   dxy         92
  139     C  1 S   dxy         98
  140     C  1 S   dxy        104
  141     C  1 S   dxy        110
  142     C  1 S   dxy        116
  143     C  1 S   dxy        122
  144     C  1 S   fxxz       129
  145     C  1 S   fyyz       134
  146     C  1 S   fzzz       136
  147     C  1 S   fxxz       139
  148     C  1 S   fyyz       144
  149     C  1 S   fzzz       146
  150     H  2 S   s          147  +   148  -   149  -   150
  151     H  2 S   px         151  -   154  -   157  +   160
  152     H  2 S   py         152  -   155  +   158  -   161
  153     H  2 S   pz         153  +   156  +   159  +   162
  154     H  2 S   px         163  -   166  -   169  +   172
  155     H  2 S   py         164  -   167  +   170  -   173
  156     H  2 S   pz         165  +   168  +   171  +   174
  157     H  2 S   px         175  -   178  -   181  +   184
  158     H  2 S   py         176  -   179  +   182  -   185
  159     H  2 S   pz         177  +   180  +   183  +   186
  160     H  2 S   px         187  -   190  -   193  +   196
  161     H  2 S   py         188  -   191  +   194  -   197
  162     H  2 S   pz         189  +   192  +   195  +   198
  163     H  2 S   dxx        199  +   205  -   211  -   217
  164     H  2 S   dxy        200  +   206  +   212  +   218
  165     H  2 S   dxz        201  -   207  +   213  -   219
  166     H  2 S   dyy        202  +   208  -   214  -   220
  167     H  2 S   dyz        203  -   209  -   215  +   221
  168     H  2 S   dzz        204  +   210  -   216  -   222


  Symmetry  B2 ( 4)

  169     C  1 L   py           6
  170     C  1 L   py           9
  171     C  1 L   py          12
  172     C  1 L   py          15
  173     C  1 L   dxz         19
  174     C  1 L   dxz         25
  175     H  2 L   s           29  -    30  -    31  +    32
  176     H  2 L   s           33  -    34  -    35  +    36
  177     H  2 L   px          37  +    40  -    43  -    46
  178     H  2 L   py          38  +    41  +    44  +    47
  179     H  2 L   pz          39  -    42  +    45  -    48
  180     C  1 S   py          56
  181     C  1 S   py          59
  182     C  1 S   py          62
  183     C  1 S   py          65
  184     C  1 S   py          68
  185     C  1 S   py          71
  186     C  1 S   py          74
  187     C  1 S   py          77
  188     C  1 S   py          80
  189     C  1 S   py          83
  190     C  1 S   py          86
  191     C  1 S   py          89
  192     C  1 S   dxz         93
  193     C  1 S   dxz         99
  194     C  1 S   dxz        105
  195     C  1 S   dxz        111
  196     C  1 S   dxz        117
  197     C  1 S   dxz        123
  198     C  1 S   fxxy       128
  199     C  1 S   fyyy       133
  200     C  1 S   fyzz       135
  201     C  1 S   fxxy       138
  202     C  1 S   fyyy       143
  203     C  1 S   fyzz       145
  204     H  2 S   s          147  -   148  -   149  +   150
  205     H  2 S   px         151  +   154  -   157  -   160
  206     H  2 S   py         152  +   155  +   158  +   161
  207     H  2 S   pz         153  -   156  +   159  -   162
  208     H  2 S   px         163  +   166  -   169  -   172
  209     H  2 S   py         164  +   167  +   170  +   173
  210     H  2 S   pz         165  -   168  +   171  -   174
  211     H  2 S   px         175  +   178  -   181  -   184
  212     H  2 S   py         176  +   179  +   182  +   185
  213     H  2 S   pz         177  -   180  +   183  -   186
  214     H  2 S   px         187  +   190  -   193  -   196
  215     H  2 S   py         188  +   191  +   194  +   197
  216     H  2 S   pz         189  -   192  +   195  -   198
  217     H  2 S   dxx        199  -   205  -   211  +   217
  218     H  2 S   dxy        200  -   206  +   212  -   218
  219     H  2 S   dxz        201  +   207  +   213  +   219
  220     H  2 S   dyy        202  -   208  -   214  +   220
  221     H  2 S   dyz        203  +   209  -   215  -   221
  222     H  2 S   dzz        204  -   210  -   216  +   222

  Symmetries of electric field:  B3 (2)  B2 (4)  B1 (3)

  Symmetries of magnetic field:  B3 (2)  B2 (4)  B1 (3)


 ***************************************************************************
 *************************** Hamiltonian defined ***************************
 ***************************************************************************

 * Print level :    0
 * Contracted basis set
WARNING: contracted basis set without .URKBAL is not tested
 * Restricted kinetic balance
 * Default RKB projection:
   1: Pre-projection on scalar basis
   2: Removing unphysical solutions for no external field
 * Dirac-Coulomb Hamiltonian
===========================================================================
 Maximum memory load for two-integral processing in HERMIT:
===========================================================================
 * LL-integrals:
   3(C  1 Ld)   2(C  1 Lp)   2(C  1 Lp)   2(C  1 Lp)              125050
 * SL-integrals:
   9(C  1 Sd)   7(C  1 Sp)   2(C  1 Lp)   2(C  1 Lp)              832476
 * SS-integrals:
   9(C  1 Sd)   7(C  1 Sp)   9(C  1 Sd)   7(C  1 Sp)             4013289


 *************************************************************************
 ************************ End of input processing ************************
 *************************************************************************

