DIRAC launched (pam script) by saue@quantonakessa.u-strasbg.fr at Wed Oct 14 16:05:41 CEST 2009
in : /home/saue/Dirac/test/14.basis.set.input
===========================================================================================
Size of all static allocations (pam script) : 72.2465 MB
DIRAC serial allocating 26214400 words (200 MB) of memory
 ******************************************************************************
 *                                                                            *
 *                                O U T P U T                                 *
 *                                   from                                     *
 *                                                                            *
 *                   @@@@@    @@   @@@@@     @@@@     @@@@@                   *
 *                   @@  @@        @@  @@   @@  @@   @@                       *
 *                   @@  @@   @@   @@@@@    @@@@@@   @@                       *
 *                   @@  @@   @@   @@ @@    @@  @@   @@                       *
 *                   @@@@@    @@   @@  @@   @@  @@    @@@@@                   *
 *                                                                            *
 *                                                                            *
 %}ZS)S?$=$)]S?$%%>SS$%S$ZZ6cHHMHHHHHHHHMHHM&MHbHH6$L/:<S///</:|/:|:/::!:.::--:
 $?S$$%$$$$?%?$(SSS$SSSHMMMMMMMMMMMMMMMMMM6H&6S&SH&&k?6$r~::://///::::::.:::-::
 (%?)Z??$$$(S%$>$)S6HMMMMMMMMMMMMMMMMMMMMMMR6M]&&$6HR$&6(i::::::|i|:::::::-:-::
 $S?$$)$?$%?))?S/]#MMMMMMMMMMMMMMMMMMMMMMMMMMHM1HRH9R&$$$|):?:/://|:/::/:/.::.:
 SS$%%?$%((S)?Z[6MMMMMMMMMMMMMMMMMMMMMMMMMMMMMMMMM&HF$$&/)S?<~::!!:::::::/:-:|.
 SS%%%%S$%%%$$MMMMMMMMMMMMMMMMMMMMMMMMMMMMMMMMMMMHHHHHHM>?/S/:/:::`:/://:/::-::
 ?$SSSS?%SS$)MMMMMMMMMMMMMMMMMMMMMMMMMMMMMMMMMMMMMMMMMMM/4?:S:/:::/:::/:/:::.::
 S$(S?S$%(?$HMMMMMMMMMMMMMMMMM#&7RH99MMMMMMMMMMMMMMMMMMHHHd$/:::::/::::::-//.:.
 (?SS(%)S&HMMMMMMMMMMMMMMMMM#S|///???$9HHMMMMMMMMMDSZ&1S/?</>?~:///::|/!:/-:-:.
 $S?%?<H(MMMMMMMMMMMMMMMMR?`. :.:`::<>:``?/*?##*)$:/>       `((%://::/:::::/::/
 S$($$)HdMMMMMMMMMMMMMMMP: . `   `  `    `      `-            `Z<:>?::/:::::|:i
 c%%%&HMMMMMMMMMMMMMMMM6:                                      `$%)>%%</>!:::::
 S?%/MMMMMMMMMMMMMMMMMMH-                                        /ZSS>?:?~:;/::
 $SZ?MMMMMMMMMMMMMMMMMH?.                                        \"&((/?//?|:::
 $%$%&MMMMMMMMMMMMMMMMM:.                                          ?%/S:</::/::
 ($?}&HMMMMMMMMMMMMMMMM>:                                          $%%<?/i:|i::
 Z$($&MMMMMMMMMMMMMMMMHk(:.  . -                                   .S/\?\?/!:/:
 (??$<HMMMMMMMMMMMMMMMFk|:   -.-.                                  :%/%/(:/:ii|
 SZ(S?]MMMMMMMMMMMMMMHS?:- -  ::.:                                  |/S:</::?||
 $%)$$(MMMMMMMMMMMMMMR):`:. :.:::`,,/bcokb/_                       :S?%?|~:/:/:
 %$$%$)[[?$?MMMMMMMMMM: :.:-.::::$7?<&7&MMMMMMM#/           _ .. ..:</?:(:/::::
 $$$?Z?HHH~|/MMMMMMMMM/`.-.:.:/:%%%%?dHMMMMMMMMMMH?,-   .,bMMMM6//./i~/~:<:::/:
 $($S$M//::S?ZHMMMMMH/:.`:::.:/%S/&MMHMMMMMMMMRM&><   ,HMMMMMMMF  :::?:///:|:::
 )[$S$S($|_i:#>::*H&?/::.::/:\"://:?>>`:&HMHSMMMM$:`-   MMHMMMMHHT .)i/?////::/
 $$[$$>$}:dHH&$$--?S::-:.:::--/-:``./::>%Zi?)&/?`:.`   `H?$T*\" `  /%?>%:)://ii|
 $&=&/ZS}$RF<:?/-.|%r/:::/:/:`.-.-..|::S//!`\"``          >??:    `SS<S:)!/////|
 Z&]>b[Z(Z?&%:::../S$$:>:::i`.`. `-.`  `                         ,>%%%:>/>/!|:/
 $$&/F&1$c$?>:>?/,>?$$ZS/::/:-: ...                              |S?S)S?<~:::::
 &$&$&$k&>>|?<:<?((/$[/?)i~/:/. - -                              S?:%%%?/:::/::
 =[/Z[[Fp[MMH$>?Z&S$$$/$S///||..-           -.-                  /((S$:%<:///:/
 $&>1MHHMMMM6M9MMMM$Z$}$S%/:::.`.            .:/,,,dcb>/:.       ((SSSS%:)!//i|
 MMMMMMMMMMMR&&RRRHR&&($(?:|i::-             .:%&S&$[&H&``     ../>%;/?>??:<::>
 MMMMMMMMMMMMS/}S$&&H&[$SS//:::.:.   . . .v</Jq1&&D]&M&<,      :/::/?%%)S>?://:
 MMMMMMMMMMMM?}$/$$kMM&&$(%/?//:..`.  .|//1d/`://?*/*/\"` `     .:/(SS$%(S%)):%
 MMMMMMMMMMMM(}$$>&&MMHR#$S%%:?::.:|-.`:;&&b/D/$p=qpv//b/~`   :/~~%%??$=$)Z$S+;
 MMMMMMMMMMMM[|S$$Z1]MMMMD[$?$:>)/::: :/?:``???bD&{b<<-`     .,:/)|SS(}Z/$$?/<S
 MMMMMMMMMMMM||$)&7k&MMMMH9]$$??Z%|!/:i::`  `` .             SS?SS?Z/]1$/&$c/$S
 MMMMMMMMMMMM| -?>[&]HMMMMMMMH1[/7SS(?:/..-` ::/Sc,/_,     _<$?SS%$S/&c&&$&>//<
 MMMMMMMMMMMMR  `$&&&HMM9MMMMMMM&&c$%%:/:/:.:.:/\?\?/\    _MMHk/7S/]dq&1S<&&></
 MMMMMMMMMMMMM?  :&96MHMMMMMMMMMMMHHk[S%(<<:// `         ,MMMMMMM&/Z6H]DkH]1$&&
 MMMMMMMMMMMMMD    99H9HMMMMMMMMMMMMMMMb&%$<:i.:....    .MMMMMMMMM6HHHRH&H&H1SF
 MMMMMMMMMMMMMM|   `?HMMMMMMMMMMMMMMMMMMMHk6k&>$&Z$/?_.bHMMMMMMMMMMM&6HRM9H6]Zk
 MMMMMMMMMMMMMMM/    `TMMMMMMMMMMMMMMMMMMMMMMMMMMMMMMMMMMMMMMMMMMMMMMHMH6RH&R6&
 MMMMMMMMMMMMMMMM    -|?HMMMMMMMMMMMMMMMMMMMMMMMMMMMMMMMMMMMMMMMMMMMMMFHH6HMD&&
 MMMMMMMMMMMMMMMMk  ..:~?9MMMMMMMMMMMMM#`:MMMMMMMMMMMMMMMMMMMMMMMMMMMMM9MHkR6&F
 MMMMMMMMMMMMMMMMM/  .-!:%$ZHMMMMMMMMMR` dMMMMMMMMMMMMMMMMMMMMMMMMMMMMM9MRMHH9&
 MMMMMMMMMMMMMMMMMML,:.-|::/?&&MMMMMM` .MMMMMMMMMMMMMMMMMMMMMMMMMMMMMMMMHRMH&&6
 MMMMMMMMMMMMMMMMMMMc%>/:::i<:SMMMMMMHdMMMMMMMMMMMMMMMMMMMMMMMMMMMMMMMMHHM&969k
 MMMMMMMMMMMMMMMMMMMMSS/$$/(|HMMMMMMMMMMMMMMMMMMMMMMMMMMMMMMMMMMMMMMMMMMMHH&HH&
 MMMMMMMMMMMMMMMMMMMM6S/?/MMMMMMMMMMMMMMMMMMMMMMMMMMMMMMMMMMMMMMMMMMMMMR96H1DR1
 MMMMMMMMMMMMMMMMMMMMM&$MHMMMMMMMMMMMMMMMMMMMMMMMMMMMMMMMMMMMMMMMMMMMMMHMH691&&
 MMMMMMMMMMMMMMMMMMMMMMMMMMMMMMMMMMMMMMMMMMMMMMMMMMMMMMMMMMMMMMMMMMMMMMMMH&R&9Z
 MMMMMMMMMMMMMMMMMMMMMMMMMRHMMMMMMMMMMMMMMMMMMMMMMMMMMMMMMMMMMMMMMMMMMMMH&96][6
 MMMMMMMMMMMMMMMMMMMMMMMMp?:MMMMMMMMMMMMMMMMMMMMMMMMMMMMMMMMMMMMMMMMMMM96HH1][F
 MMMMMMMMMMMMMMMMMMMMMMMM> -HMMMMMMMMMMMMMMMMMMMMMMMMMMMMMMMMMMMMMMMMMMMH&1k&$&
 ******************************************************************************
 *                                                                            *
 *         =======================================================            *
 *                     Program for Atomic and Molecular                       *
 *          Direct Iterative Relativistic Allelectron Calculations            *
 *         =======================================================            *
 *                                                                            *
 *                        VERSION 08.00  17 September 2008                    *
 *                                                                            *
 ******************************************************************************
 *                                                                            *
 *    Written by:                                                             *
 *                                                                            *
 *    Lucas Visscher           VU University Amsterdam           Netherlands  *
 *    Hans Joergen Aa. Jensen  University of Southern Denmark    Denmark      *
 *    Trond Saue               CNRS/ULP Strasbourg               France       *
 *                                                                            *
 *    with new contributions to DIRAC08 from:                                 *
 *                                                                            *
 *    Radovan Bast             University of Tromsoe             Norway       *
 *    Sebastien Dubillard      CNRS/ULP Strasbourg               France       *
 *    Kenneth G. Dyall         Schrodinger, Inc., Portland       USA          *
 *    Ulf Ekstrom              VU University Amsterdam           Netherlands  *
 *    Ephraim Eliav            University of Tel Aviv            Israel       *
 *    Timo Fleig               Universit√© P. Sabatier, Toulouse  France       *
 *    Andre S. P. Gomes        VU University Amsterdam           Netherlands  *
 *    Trygve U. Helgaker       University of Oslo                Norway       *
 *    Johan Henriksson         Linkoeping University             Sweden       *
 *    Miroslav Ilias           University of Zilina              Slovakia     *
 *    Christoph R. Jacob       ETH Zurich                        Switzerland  *
 *    Stefan Knecht            University of Duesseldorf         Germany      *
 *    Patrick Norman           Linkoeping University             Sweden       *
 *    Jeppe Olsen              Aarhus University                 Denmark      *
 *    Markus Pernpointner      University of Heidelberg          Germany      *
 *    Kenneth Ruud             University of Tromsoe             Norway       *
 *    Pawel Salek              Stockholm Inst. of Technology     Sweden       *
 *    Jetze Sikkema            VU University Amsterdam           Netherlands  *
 *                                                                            *
 *    For the complete list of contributors to the DIRAC code see our         *
 *    website http://dirac.chem.sdu.dk                                        *
 *                                                                            *
 *    This is an experimental code. The authors accept no responsibility      *
 *    for the performance of the code or for the correctness of the results.  *
 *                                                                            *
 *    The code (in whole or part) is not to be reproduced for further         *
 *    distribution without the written permission of the authors or           *
 *    their representatives.                                                  *
 *                                                                            *
 *    If results obtained with this code are published, an                    *
 *    appropriate citation would be:                                          *
 *                                                                            *
 *    DIRAC, a relativistic ab initio electronic structure program,           *
 *    Release DIRAC08 (2008),                                                 *
 *    written by L. Visscher, H. J. Aa. Jensen, and T. Saue,                  *
 *    with new contributions from R. Bast, S. Dubillard, K. G. Dyall,         *
 *    U. Ekstrom, E. Eliav, T. Fleig, A. S. P. Gomes, T. U. Helgaker,         *
 *    J. Henriksson, M. Ilias, Ch. R. Jacob, S. Knecht, P. Norman,            *
 *    J. Olsen, M. Pernpointner, K. Ruud, P. Salek, and J. Sikkema            *
 *    (see http://dirac.chem.sdu.dk).                                         *
 *                                                                            *
 ******************************************************************************
 Version           : Dirac 8.0 (patchlevel 0) 
 Hostname          : quantonakessa
 Operating system  : Linux 2.6.24-24-generic
 Machine           : x86_64
 Run               : Parallel
 Last compilation  : 16:04:59 Oct 14 2009 (by saue@quantonakessa.u-strasbg.fr:/home/saue/Dirac)
 FORTRAN compiler  : /usr/bin/gfortran -g -fno-range-check -O3 -ffast-math -funroll-loops -Iinclude -Jmodules -DGFORTRAN=424 -DPRG_DIRAC -DSYS_LINUX -DINSTALL_WRKMEM=26214400 -DVAR_MFDS -DMOD_ERI -DMOD_DNF -DMOD_DFT -DMOD_KRMC -DMOD_ESR -DMOD_XPP -DMOD_STEX -DMOD_ADC -DMOD_VISUAL -DMOD_AORESPONSE -DMOD_MATRIX_OPERATIONS -DMOD_IHFSCC -DMOD_AMFI -DMOD_LONDON 
 C compiler        : /usr/bin/gcc -g -O3 -ffast-math -Iinclude -D_FILE_OFFSET_BITS=64 -D_LARGEFILE_SOURCE  -D_LARGEFILE64_SOURCE -DMOD_ERI -DMOD_DNF -DMOD_DFT -DMOD_KRMC -DMOD_ESR -DMOD_XPP -DMOD_STEX -DMOD_ADC -DMOD_VISUAL -DMOD_AORESPONSE -DMOD_MATRIX_OPERATIONS -DMOD_IHFSCC -DMOD_AMFI -DMOD_LONDON -DSYS_LINUX -DINSTALL_WRKMEM=26214400 -DSYS_FLAVOR=LINUX 
 External libraries: -L/usr/lib -llapack -lcblas -lf77blas -latlas 
 Internal libraries: DIRAC_BLAS=NO  DIRAC_LAPACK=NO 
 ILP data model    : I32LP64 
 SVN URL:          : 'http://dirac.chem.sdu.dk/svnDirac/Dirac/trunk' 
 SVN Changeset     : '9769' 

 
     Date and time (Linux)  : Wed Oct 14 16:05:41 2009 
     Host name              :                                         


 *******************************************************************************
 ************************** Input read from DIRAC.INP **************************
 *******************************************************************************

**DIRAC
.INPTEST
**INTEGRALS
.INPTEST
*END OF


    *************************************************************************
    ********************* DIRAC: No title specified !!! *********************
    *************************************************************************

 Jobs in this run:
   * Input test run only 
   * If crash, end with the segment.fault. Worth for debugging.


    **************************************************************************
    ************************** General DIRAC set-up **************************
    **************************************************************************

 * The speed of light :        137.0359998
 * Running in the four-component mode
 * Direct evaluation of the following two-electron integrals:
   - LL-integrals
   - SL-integrals
   - SS-integrals
   - GT-integrals
 * Spherical transformation embedded in MO-transformation
   for large components
 * Transformation to scalar RKB basis embedded in
   MO-transformation for small components
 * Thresholds for linear dependence:
   Large components:   1.00D-06
   Small components:   1.00D-08
 DFPCMO: IBEIG read in I2 format.
 * General print level   :   0


    *************************************************************************
    ****************** Output from HERMIT input processing ******************
    *************************************************************************

 Default print level:        1

 Input test run only ...

 Nuclear model: Gaussian charge distribution.

 Two-electron integrals not calculated.


 Ordinary (field-free non-relativistic) Hamiltonian integrals not calculated.



 Settings for FCK3 calculation:
 ------------------------------

Dynamical threshold is not (yet) implemented in DIRAC


    *************************************************************************
    ****************** Output from READIN input processing ******************
    *************************************************************************



  Title Cards
  -----------

  Test of basis set readin.                                               
  Methane                                                                 

WARNING!!! Cartesian Gaussians must be specified
           in molecule input file.
           DIRAC proceeds with readin assuming            Cartesian Gaussians.


Atomic type:     1
   Nuclear charge:   0.0
   Number of symmetry independent centres:     1
   Symmetry independent centers:
      C  1   0.000000000000000   0.000000000000000   0.000000000000000
 * WARNING: Reading basis aug-cc-pVDZ          using charge    6.00000000000000     
   Large component set:
      Max.ang.quantum no.:    2  Blocks:    1    1    1
Contraction matrix (   5x   5) :
0.9439000000E+01
  1.00000000  0.00000000  0.00000000  0.00000000  0.00000000
0.2002000000E+01
  0.00000000  1.00000000  0.00000000  0.00000000  0.00000000
0.5456000000E+00
  0.00000000  0.00000000  1.00000000  0.00000000  0.00000000
0.1517000000E+00
  0.00000000  0.00000000  0.00000000  1.00000000  0.00000000
0.4041000000E-01
  0.00000000  0.00000000  0.00000000  0.00000000  1.00000000
Contraction matrix (  10x  10) :
0.6665000000E+04
  1.00000000  0.00000000  0.00000000  0.00000000  0.00000000  0.00000000
  0.00000000  0.00000000  0.00000000  0.00000000
0.1000000000E+04
  0.00000000  1.00000000  0.00000000  0.00000000  0.00000000  0.00000000
  0.00000000  0.00000000  0.00000000  0.00000000
0.2280000000E+03
  0.00000000  0.00000000  1.00000000  0.00000000  0.00000000  0.00000000
  0.00000000  0.00000000  0.00000000  0.00000000
0.6471000000E+02
  0.00000000  0.00000000  0.00000000  1.00000000  0.00000000  0.00000000
  0.00000000  0.00000000  0.00000000  0.00000000
0.2106000000E+02
  0.00000000  0.00000000  0.00000000  0.00000000  1.00000000  0.00000000
  0.00000000  0.00000000  0.00000000  0.00000000
0.7495000000E+01
  0.00000000  0.00000000  0.00000000  0.00000000  0.00000000  1.00000000
  0.00000000  0.00000000  0.00000000  0.00000000
0.2797000000E+01
  0.00000000  0.00000000  0.00000000  0.00000000  0.00000000  0.00000000
  1.00000000  0.00000000  0.00000000  0.00000000
0.5215000000E+00
  0.00000000  0.00000000  0.00000000  0.00000000  0.00000000  0.00000000
  0.00000000  1.00000000  0.00000000  0.00000000
0.1596000000E+00
  0.00000000  0.00000000  0.00000000  0.00000000  0.00000000  0.00000000
  0.00000000  0.00000000  1.00000000  0.00000000
0.4690000000E-01
  0.00000000  0.00000000  0.00000000  0.00000000  0.00000000  0.00000000
  0.00000000  0.00000000  0.00000000  1.00000000
Contraction matrix (   2x   2) :
0.5500000000E+00
  1.00000000  0.00000000
0.1510000000E+00
  0.00000000  1.00000000
Contraction matrix (   5x   5) :
0.9439000000E+01
  1.00000000  0.00000000  0.00000000  0.00000000  0.00000000
0.2002000000E+01
  0.00000000  1.00000000  0.00000000  0.00000000  0.00000000
0.5456000000E+00
  0.00000000  0.00000000  1.00000000  0.00000000  0.00000000
0.1517000000E+00
  0.00000000  0.00000000  0.00000000  1.00000000  0.00000000
0.4041000000E-01
  0.00000000  0.00000000  0.00000000  0.00000000  1.00000000
Contraction matrix (   2x   2) :
0.5500000000E+00
  1.00000000  0.00000000
0.1510000000E+00
  0.00000000  1.00000000
   Small component set:
      Max.ang.quantum no.:    3  Blocks:    1    2    1    1

Atomic type:     2
   Nuclear charge:   1.0
   Number of symmetry independent centres:     1

  Nuclear Gaussian exponent for atom of charge   1.000 :    2.1248239171D+09
   Symmetry independent centers:
      H  2   1.184862720000000   1.184862720000000   1.184862720000000
   Large component set:
      Max.ang.quantum no.:    1  Blocks:    1    1
Contraction matrix (   1x   1) :
0.7270000000E+00
  1.00000000
Contraction matrix (   4x   4) :
0.1301000000E+02
  1.00000000  0.00000000  0.00000000  0.00000000
0.1962000000E+01
  0.00000000  1.00000000  0.00000000  0.00000000
0.4446000000E+00
  0.00000000  0.00000000  1.00000000  0.00000000
0.1220000000E+00
  0.00000000  0.00000000  0.00000000  1.00000000
Contraction matrix (   1x   1) :
0.7270000000E+00
  1.00000000
   Small component set:
      Max.ang.quantum no.:    2  Blocks:    1    1    1


  Symmetry Operations
  -------------------

  Symmetry operations: 2



                          SYMGRP:Point group information
                          ------------------------------

Point group: D2 

   * The point group was generated by:

      Rotation about the z-axis
      Rotation about the x-axis

   * Group multiplication table

        |  E   C2z  C2y  C2x
   -----+--------------------
     E  |  E   C2z  C2y  C2x
    C2z | C2z   E   C2x  C2y
    C2y | C2y  C2x   E   C2z
    C2x | C2x  C2y  C2z   E 

   * Character table

        |  E   C2z  C2y  C2x
   -----+--------------------
    A   |   1    1    1    1
    B3  |   1   -1   -1    1
    B1  |   1    1   -1   -1
    B2  |   1   -1    1   -1

   * Direct product table

        | A    B3   B1   B2 
   -----+--------------------
    A   | A    B3   B1   B2 
    B3  | B3   A    B2   B1 
    B1  | B1   B2   A    B3 
    B2  | B2   B1   B3   A  


                            **************************
                            *** Output from DBLGRP ***
                            **************************

   * One fermion irrep:   E1 
   * Real group. NZ = 1
   * Direct product decomposition:
          E1  x E1  : A   + B1  + B2  + B3 


                                 Spinor structure
                                 ----------------


   * Fermion irrep no.: 1
      La  |  A  (1)  B1 (2)  |
      Sa  |  A  (1)  B1 (2)  |
      Lb  |  B2 (3)  B3 (4)  |
      Sb  |  B2 (3)  B3 (4)  |


                              Quaternion symmetries
                              ---------------------

    Rep  T(+)
    -----------------------------
    A    1
    B3   k
    B1   i
    B2   j


  Atoms and basis sets
  --------------------

  Number of atom types:     2
  Total number of atoms:    5

  label    atoms   charge   prim    cont     basis   
  ----------------------------------------------------------------------
  C  1        1       0      37      25      L  - [10s5p2d|4s3p2d]                                               
                             91      91      S  - [5s12p5d2f|5s12p5d2f]                                          
  H  2        4       1       7       5      L  - [4s1p|2s1p]                                                    
                             19      19      S  - [1s4p1d|1s4p1d]                                                
  ----------------------------------------------------------------------
                             65      45      L  - large components
                            167     167      S  - small components
  ----------------------------------------------------------------------
  total:      5       4     232     212

  Cartesian basis used.
  Threshold for integrals (to be written to file):  1.00D-15

  MNF.INP input file (for the AMFI stuff) is ready.


  References for the basis sets
  -----------------------------

  Atom type   1
  Correlation consistent singly augmented double zeta                             
  H      : T.H. Dunning, Jr. J. Chem. Phys. 90, 1007 (1989).                      
  He     : D.E. Woon and T.H. Dunning, Jr. J. Chem. Phys. 100, 2975 (1994).       
  Li - Ne: T.H. Dunning, Jr. J. Chem. Phys. 90, 1007 (1989).                      
  Na - Mg: D.E. Woon and T.H. Dunning, Jr.  (to be published)                     
  Al - Ar: D.E. Woon and T.H. Dunning, Jr.  J. Chem. Phys. 98, 1358 (1993).       
  Ca     : J. Koput and K.A. Peterson, J. Phys. Chem. A, 106, 9595 (2002).        
  B- F pol : R.A. Kendall, T.H. Dunning, Jr. and R.J. Harrison, JCP 96,6769 (1992)

  Atom type   2
  Correlation consistent double zeta                                              
  H      : T.H. Dunning, Jr. J. Chem. Phys. 90, 1007 (1989).                      
  He     : D.E. Woon and T.H. Dunning, Jr. J. Chem. Phys. 100, 2975 (1994).       
  Li - Ne: T.H. Dunning, Jr. J. Chem. Phys. 90, 1007 (1989).                      
  Al - Ar: D.E. Woon and T.H. Dunning, Jr.  J. Chem. Phys. 98, 1358 (1993).       


  Cartesian Coordinates
  ---------------------

  Total number of coordinates: 15


   1   C  1     x      0.0000000000
   2            y      0.0000000000
   3            z      0.0000000000

   4   H  2 1   x      1.1848627200
   5            y      1.1848627200
   6            z      1.1848627200

   7   H  2 2   x     -1.1848627200
   8            y     -1.1848627200
   9            z      1.1848627200

  10   H  2 3   x      1.1848627200
  11            y     -1.1848627200
  12            z     -1.1848627200

  13   H  2 4   x     -1.1848627200
  14            y      1.1848627200
  15            z     -1.1848627200



  Symmetry Coordinates
  --------------------

  Number of coordinates in each symmetry:   3  4  4  4


  Symmetry 1

   1   H  2  x    [ 4  -  7  + 10  - 13 ]/4
   2   H  2  y    [ 5  -  8  - 11  + 14 ]/4
   3   H  2  z    [ 6  +  9  - 12  - 15 ]/4


  Symmetry 2

   4   C  1  x    1
   5   H  2  x    [ 4  +  7  + 10  + 13 ]/4
   6   H  2  y    [ 5  +  8  - 11  - 14 ]/4
   7   H  2  z    [ 6  -  9  - 12  + 15 ]/4


  Symmetry 3

   8   C  1  z    3
   9   H  2  x    [ 4  -  7  - 10  + 13 ]/4
  10   H  2  y    [ 5  -  8  + 11  - 14 ]/4
  11   H  2  z    [ 6  +  9  + 12  + 15 ]/4


  Symmetry 4

  12   C  1  y    2
  13   H  2  x    [ 4  +  7  - 10  - 13 ]/4
  14   H  2  y    [ 5  +  8  + 11  + 14 ]/4
  15   H  2  z    [ 6  -  9  + 12  - 15 ]/4


   Interatomic separations (in Angstroms):
   ---------------------------------------

            C  1        H  1        H  2        H  3        H  4

   C  1    0.000000
   H  1    1.086000    0.000000
   H  2    1.086000    1.773430    0.000000
   H  3    1.086000    1.773430    1.773430    0.000000
   H  4    1.086000    1.773430    1.773430    1.773430    0.000000


 RADII FOR ATOMS WITH EITHER/OR ATOMIC NUMBER            0  OR            1  ARE UNAVAILABLE 
 RADII FOR ATOMS WITH EITHER/OR ATOMIC NUMBER            0  OR            1  ARE UNAVAILABLE 
 RADII FOR ATOMS WITH EITHER/OR ATOMIC NUMBER            0  OR            1  ARE UNAVAILABLE 
 RADII FOR ATOMS WITH EITHER/OR ATOMIC NUMBER            0  OR            1  ARE UNAVAILABLE 


  Bond distances (angstroms):
  ---------------------------

                  atom 1     atom 2                           distance
                  ------     ------                           --------


  Bond angles (degrees):
  ----------------------

                  atom 1     atom 2     atom 3                   angle
                  ------     ------     ------                   -----
     No angles found


  Nuclear repulsion energy :    1.790351158622


                                GETLAB: AO-labels
                                -----------------

   * Large components:   26
     1  L C     s        2  L C     px       3  L C     py       4  L C     pz       5  L C     dxx      6  L C     dxy 
     7  L C     dxz      8  L C     dyy      9  L C     dyz     10  L C     dzz     11  L H   1 s       12  L H   2 s   
    13  L H   3 s       14  L H   4 s       15  L H   1 px      16  L H   1 py      17  L H   1 pz      18  L H   2 px  
    19  L H   2 py      20  L H   2 pz      21  L H   3 px      22  L H   3 py      23  L H   3 pz      24  L H   4 px  
    25  L H   4 py      26  L H   4 pz  
   * Small components:   60
    27  S C     s       28  S C     px      29  S C     py      30  S C     pz      31  S C     dxx     32  S C     dxy 
    33  S C     dxz     34  S C     dyy     35  S C     dyz     36  S C     dzz     37  S C     fxxx    38  S C     fxxy
    39  S C     fxxz    40  S C     fxyy    41  S C     fxyz    42  S C     fxzz    43  S C     fyyy    44  S C     fyyz
    45  S C     fyzz    46  S C     fzzz    47  S H   1 s       48  S H   2 s       49  S H   3 s       50  S H   4 s   
    51  S H   1 px      52  S H   1 py      53  S H   1 pz      54  S H   2 px      55  S H   2 py      56  S H   2 pz  
    57  S H   3 px      58  S H   3 py      59  S H   3 pz      60  S H   4 px      61  S H   4 py      62  S H   4 pz  
    63  S H   1 dxx     64  S H   1 dxy     65  S H   1 dxz     66  S H   1 dyy     67  S H   1 dyz     68  S H   1 dzz 
    69  S H   2 dxx     70  S H   2 dxy     71  S H   2 dxz     72  S H   2 dyy     73  S H   2 dyz     74  S H   2 dzz 
    75  S H   3 dxx     76  S H   3 dxy     77  S H   3 dxz     78  S H   3 dyy     79  S H   3 dyz     80  S H   3 dzz 
    81  S H   4 dxx     82  S H   4 dxy     83  S H   4 dxz     84  S H   4 dyy     85  S H   4 dyz     86  S H   4 dzz 


                                GETLAB: SO-labels
                                -----------------

   * Large components:   26
     1  L A  C  s        2  L A  C  dxx      3  L A  C  dyy      4  L A  C  dzz      5  L A  H  s        6  L A  H  px  
     7  L A  H  py       8  L A  H  pz       9  L B3 C  px      10  L B3 C  dyz     11  L B3 H  s       12  L B3 H  px  
    13  L B3 H  py      14  L B3 H  pz      15  L B1 C  pz      16  L B1 C  dxy     17  L B1 H  s       18  L B1 H  px  
    19  L B1 H  py      20  L B1 H  pz      21  L B2 C  py      22  L B2 C  dxz     23  L B2 H  s       24  L B2 H  px  
    25  L B2 H  py      26  L B2 H  pz  
   * Small components:   60
    27  S A  C  s       28  S A  C  dxx     29  S A  C  dyy     30  S A  C  dzz     31  S A  C  fxyz    32  S A  H  s   
    33  S A  H  px      34  S A  H  py      35  S A  H  pz      36  S A  H  dxx     37  S A  H  dxy     38  S A  H  dxz 
    39  S A  H  dyy     40  S A  H  dyz     41  S A  H  dzz     42  S B3 C  px      43  S B3 C  dyz     44  S B3 C  fxxx
    45  S B3 C  fxyy    46  S B3 C  fxzz    47  S B3 H  s       48  S B3 H  px      49  S B3 H  py      50  S B3 H  pz  
    51  S B3 H  dxx     52  S B3 H  dxy     53  S B3 H  dxz     54  S B3 H  dyy     55  S B3 H  dyz     56  S B3 H  dzz 
    57  S B1 C  pz      58  S B1 C  dxy     59  S B1 C  fxxz    60  S B1 C  fyyz    61  S B1 C  fzzz    62  S B1 H  s   
    63  S B1 H  px      64  S B1 H  py      65  S B1 H  pz      66  S B1 H  dxx     67  S B1 H  dxy     68  S B1 H  dxz 
    69  S B1 H  dyy     70  S B1 H  dyz     71  S B1 H  dzz     72  S B2 C  py      73  S B2 C  dxz     74  S B2 C  fxxy
    75  S B2 C  fyyy    76  S B2 C  fyzz    77  S B2 H  s       78  S B2 H  px      79  S B2 H  py      80  S B2 H  pz  
    81  S B2 H  dxx     82  S B2 H  dxy     83  S B2 H  dxz     84  S B2 H  dyy     85  S B2 H  dyz     86  S B2 H  dzz 


  Symmetry Orbitals
  -----------------

  Number of orbitals in each symmetry:           56    52    52    52
  Number of large orbitals in each symmetry:     15    10    10    10
  Number of small orbitals in each symmetry:     41    42    42    42

* Large component functions

  Symmetry  A  ( 1)

        4 functions:    C  s   
        2 functions:    C  dxx 
        2 functions:    C  dyy 
        2 functions:    C  dzz 
        2 functions:    H  s   1+2+3+4
        1 functions:    H  px  1-2+3-4
        1 functions:    H  py  1-2-3+4
        1 functions:    H  pz  1+2-3-4

  Symmetry  B3 ( 2)

        3 functions:    C  px  
        2 functions:    C  dyz 
        2 functions:    H  s   1-2+3-4
        1 functions:    H  px  1+2+3+4
        1 functions:    H  py  1+2-3-4
        1 functions:    H  pz  1-2-3+4

  Symmetry  B1 ( 3)

        3 functions:    C  pz  
        2 functions:    C  dxy 
        2 functions:    H  s   1+2-3-4
        1 functions:    H  px  1-2-3+4
        1 functions:    H  py  1-2+3-4
        1 functions:    H  pz  1+2+3+4

  Symmetry  B2 ( 4)

        3 functions:    C  py  
        2 functions:    C  dxz 
        2 functions:    H  s   1-2-3+4
        1 functions:    H  px  1+2-3-4
        1 functions:    H  py  1+2+3+4
        1 functions:    H  pz  1-2+3-4

* Small component functions

  Symmetry  A  ( 1)

        5 functions:    C  s   
        5 functions:    C  dxx 
        5 functions:    C  dyy 
        5 functions:    C  dzz 
        2 functions:    C  fxyz
        1 functions:    H  s   1+2+3+4
        4 functions:    H  px  1-2+3-4
        4 functions:    H  py  1-2-3+4
        4 functions:    H  pz  1+2-3-4
        1 functions:    H  dxx 1+2+3+4
        1 functions:    H  dxy 1+2-3-4
        1 functions:    H  dxz 1-2-3+4
        1 functions:    H  dyy 1+2+3+4
        1 functions:    H  dyz 1-2+3-4
        1 functions:    H  dzz 1+2+3+4

  Symmetry  B3 ( 2)

       12 functions:    C  px  
        5 functions:    C  dyz 
        2 functions:    C  fxxx
        2 functions:    C  fxyy
        2 functions:    C  fxzz
        1 functions:    H  s   1-2+3-4
        4 functions:    H  px  1+2+3+4
        4 functions:    H  py  1+2-3-4
        4 functions:    H  pz  1-2-3+4
        1 functions:    H  dxx 1-2+3-4
        1 functions:    H  dxy 1-2-3+4
        1 functions:    H  dxz 1+2-3-4
        1 functions:    H  dyy 1-2+3-4
        1 functions:    H  dyz 1+2+3+4
        1 functions:    H  dzz 1-2+3-4

  Symmetry  B1 ( 3)

       12 functions:    C  pz  
        5 functions:    C  dxy 
        2 functions:    C  fxxz
        2 functions:    C  fyyz
        2 functions:    C  fzzz
        1 functions:    H  s   1+2-3-4
        4 functions:    H  px  1-2-3+4
        4 functions:    H  py  1-2+3-4
        4 functions:    H  pz  1+2+3+4
        1 functions:    H  dxx 1+2-3-4
        1 functions:    H  dxy 1+2+3+4
        1 functions:    H  dxz 1-2+3-4
        1 functions:    H  dyy 1+2-3-4
        1 functions:    H  dyz 1-2-3+4
        1 functions:    H  dzz 1+2-3-4

  Symmetry  B2 ( 4)

       12 functions:    C  py  
        5 functions:    C  dxz 
        2 functions:    C  fxxy
        2 functions:    C  fyyy
        2 functions:    C  fyzz
        1 functions:    H  s   1-2-3+4
        4 functions:    H  px  1+2-3-4
        4 functions:    H  py  1+2+3+4
        4 functions:    H  pz  1-2+3-4
        1 functions:    H  dxx 1-2-3+4
        1 functions:    H  dxy 1-2+3-4
        1 functions:    H  dxz 1+2+3+4
        1 functions:    H  dyy 1-2-3+4
        1 functions:    H  dyz 1+2-3-4
        1 functions:    H  dzz 1-2-3+4


   ***************************************************************************
   *************************** Hamiltonian defined ***************************
   ***************************************************************************

 * Print level:    0
 * Dirac-Coulomb Hamiltonian
   with the following modifications:
 * Default integral flags passed to all modules
   - LL-integrals:     1
   - LS-integrals:     1
   - SS-integrals:     1
   - GT-integrals:     0
 * Basis set:
   - contracted large component basis set
   - uncontracted small component basis set


 Information about the restricted kinetic balance scheme:
 * Default RKB projection:
   1: Pre-projection in scalar basis
   2: Removal of unphysical solutions (via diagonalization of free particle Hamiltonian)


 *******************************************************************************
 ************************** Memory required by HERMIT **************************
 *******************************************************************************

===========================================================================
 Maximum memory load for two-electron integral processing:
===========================================================================
 * LL-integrals:
   2(C  1 Lp)   1(C  1 Ls)   2(C  1 Lp)   1(C  1 Ls)               72810
 * SL-integrals:
   9(C  1 Sd)   7(C  1 Sp)   2(C  1 Lp)   2(C  1 Lp)              478067
 * SS-integrals:
   9(C  1 Sd)   7(C  1 Sp)   9(C  1 Sd)   7(C  1 Sp)             2999455


 ********************************************************************************
 *************************** Input consistency checks ***************************
 ********************************************************************************



    *************************************************************************
    ************************ End of input processing ************************
    *************************************************************************


 
     Date and time (Linux)  : Wed Oct 14 16:05:42 2009 
     Host name              :                                         
>>>> Node 0, utime: 0, stime: 0, minflt: 52806, majflt: 0, nvcsw: 10, nivcsw: 42
>>>> Total WALL time used in DIRAC: 1s
*****************************************************
********** E N D   of   D I R A C  output  **********
*****************************************************

