
 =========================================================================
 Version           : Dirac 8.0 (patchlevel 0) 
 Hostname          : larry
 Operating system  : Linux 2.6.32-24-generic
 Machine           : i686
 Run               : Sequential
 Last compilation  : 16:57:11 Jul 29 2010 (by bast@larry:/home/bast/dirac/intel_mkl)
 FORTRAN compiler  : /opt/intel/Compiler/11.1/072/bin/ia32/ifort -O3 -ip  -g -fpp1 -w -assume byterecl -Iinclude -module modules -DARCH32BIT -DVAR_IFC -DPRG_DIRAC -DSYS_LINUX -DINSTALL_WRKMEM 64000000 -DVAR_MKL -DVAR_MFDS -DMOD_AMFI -DMOD_MAGNETIZ -DMOD_LONDON -DMOD_DNF -DMOD_ESR -DMOD_MATRIX_OPERATIONS -DMOD_ADC -DMOD_KRMC -DMOD_OPENRSP -DMOD_VISUAL -DMOD_IHFSCC -DMOD_XPP -DMOD_STEX -DMOD_EMB -DMOD_ERI -DMOD_UNRELEASED   
$ERROR 1.E-6
$SIGNCHECK
@ gamma (w     -0.0886   0.0886   0.0000   0.0000)        FxFxFxFx            139.6775159679
$ERROR 1.E-6
$SIGNCHECK
@ gamma (w     -0.0886   0.0886   0.0000   0.0000)        FxFzFzFx             60.2228962394
$ERROR 1.E-6
$SIGNCHECK
@ gamma (w     -0.0886   0.0886   0.0000   0.0000)        FxFxFzFz             62.3497509756
$ERROR 1.E-6
$SIGNCHECK
@ gamma (w     -0.0886   0.0886   0.0000   0.0000)        FzFzFxFx             59.8136900349
$ERROR 1.E-6
$SIGNCHECK
@ gamma (w     -0.0886   0.0886   0.0000   0.0000)        FzFzFzFz            215.7233636365
$ERROR 1.0e-4
$SIGNCHECK
      @ averaged gamma dc Kerr (w     -0.0886   0.0886   0.0000   0.0000):            166.0466847059
$ERROR 1.E-6
$SIGNCHECK
@ gamma (w     -0.1771   0.0886   0.0886   0.0000)        FxFxFxFx            163.1033696634
$ERROR 1.E-6
$SIGNCHECK
@ gamma (w     -0.1771   0.0886   0.0886   0.0000)        FxFzFzFx             68.9873519301
$ERROR 1.E-6
$SIGNCHECK
@ gamma (w     -0.1771   0.0886   0.0886   0.0000)        FzFxFxFz             65.8419716112
$ERROR 1.E-6
$SIGNCHECK
@ gamma (w     -0.1771   0.0886   0.0886   0.0000)        FxFxFzFz             74.1908023299
$ERROR 1.E-6
$SIGNCHECK
@ gamma (w     -0.1771   0.0886   0.0886   0.0000)        FzFzFxFx             67.4100517252
$ERROR 1.E-6
$SIGNCHECK
@ gamma (w     -0.1771   0.0886   0.0886   0.0000)        FzFzFzFz            241.7196533236
$ERROR 1.0e-4
$SIGNCHECK
       @ averaged gamma dc SHG (w     -0.1771   0.0886   0.0886   0.0000):            191.0698653721
$ERROR 1.E-6
$SIGNCHECK
@ gamma (w     -0.2657   0.0886   0.0886   0.0886)        FxFxFxFx            213.5286248730
$ERROR 1.E-6
$SIGNCHECK
@ gamma (w     -0.2657   0.0886   0.0886   0.0886)        FxFxFzFz             99.8086369843
$ERROR 1.E-6
$SIGNCHECK
@ gamma (w     -0.2657   0.0886   0.0886   0.0886)        FzFzFxFx             78.4870410233
$ERROR 1.E-6
$SIGNCHECK
@ gamma (w     -0.2657   0.0886   0.0886   0.0886)        FzFzFzFz            290.1955272460
$ERROR 1.0e-4
$SIGNCHECK
       @ averaged gamma dc THG (w     -0.2657   0.0886   0.0886   0.0886):            243.2393099179
$ERROR 1.E-6
$SIGNCHECK
@ gamma (w     -0.0886   0.0886  -0.0886   0.0886)        FxFxFxFx            150.5479101892
$ERROR 1.E-6
$SIGNCHECK
@ gamma (w     -0.0886   0.0886  -0.0886   0.0886)        FxFxFzFz             66.0516929857
$ERROR 1.E-6
$SIGNCHECK
@ gamma (w     -0.0886   0.0886  -0.0886   0.0886)        FxFzFxFz             62.3484589333
$ERROR 1.E-6
$SIGNCHECK
@ gamma (w     -0.0886   0.0886  -0.0886   0.0886)        FzFzFzFz            228.2462322134
$ERROR 1.0e-4
$SIGNCHECK
      @ averaged gamma dc IDRI (w     -0.0886   0.0886  -0.0886   0.0886):            177.7952905182
$ERROR 1.E-6
$SIGNCHECK
@ gamma (w      0.0000   0.0000   0.0000   0.0000)        FxFxFxFx            129.8677117459
$ERROR 1.E-6
$SIGNCHECK
@ gamma (w      0.0000   0.0000   0.0000   0.0000)        FxFxFzFz             56.6711201328
$ERROR 1.E-6
$SIGNCHECK
@ gamma (w      0.0000   0.0000   0.0000   0.0000)        FzFzFzFz            204.2441669181
