DIRAC serial allocating 64000000 words (488 MB) of memory
 ******************************************************************************
 *                                                                            *
 *                                O U T P U T                                 *
 *                                   from                                     *
 *                                                                            *
 *                   @@@@@    @@   @@@@@     @@@@     @@@@@                   *
 *                   @@  @@        @@  @@   @@  @@   @@                       *
 *                   @@  @@   @@   @@@@@    @@@@@@   @@                       *
 *                   @@  @@   @@   @@ @@    @@  @@   @@                       *
 *                   @@@@@    @@   @@  @@   @@  @@    @@@@@                   *
 *                                                                            *
 *                                                                            *
 %}ZS)S?$=$)]S?$%%>SS$%S$ZZ6cHHMHHHHHHHHMHHM&MHbHH6$L/:<S///</:|/:|:/::!:.::--:
 $?S$$%$$$$?%?$(SSS$SSSHMMMMMMMMMMMMMMMMMM6H&6S&SH&&k?6$r~::://///::::::.:::-::
 (%?)Z??$$$(S%$>$)S6HMMMMMMMMMMMMMMMMMMMMMMR6M]&&$6HR$&6(i::::::|i|:::::::-:-::
 $S?$$)$?$%?))?S/]#MMMMMMMMMMMMMMMMMMMMMMMMMMHM1HRH9R&$$$|):?:/://|:/::/:/.::.:
 SS$%%?$%((S)?Z[6MMMMMMMMMMMMMMMMMMMMMMMMMMMMMMMMM&HF$$&/)S?<~::!!:::::::/:-:|.
 SS%%%%S$%%%$$MMMMMMMMMMMMMMMMMMMMMMMMMMMMMMMMMMMHHHHHHM>?/S/:/:::`:/://:/::-::
 ?$SSSS?%SS$)MMMMMMMMMMMMMMMMMMMMMMMMMMMMMMMMMMMMMMMMMMM/4?:S:/:::/:::/:/:::.::
 S$(S?S$%(?$HMMMMMMMMMMMMMMMMM#&7RH99MMMMMMMMMMMMMMMMMMHHHd$/:::::/::::::-//.:.
 (?SS(%)S&HMMMMMMMMMMMMMMMMM#S|///???$9HHMMMMMMMMMDSZ&1S/?</>?~:///::|/!:/-:-:.
 $S?%?<H(MMMMMMMMMMMMMMMMR?`. :.:`::<>:``?/*?##*)$:/>       `((%://::/:::::/::/
 S$($$)HdMMMMMMMMMMMMMMMP: . `   `  `    `      `-            `Z<:>?::/:::::|:i
 c%%%&HMMMMMMMMMMMMMMMM6:                                      `$%)>%%</>!:::::
 S?%/MMMMMMMMMMMMMMMMMMH-                                        /ZSS>?:?~:;/::
 $SZ?MMMMMMMMMMMMMMMMMH?.                                        \"&((/?//?|:::
 $%$%&MMMMMMMMMMMMMMMMM:.                                          ?%/S:</::/::
 ($?}&HMMMMMMMMMMMMMMMM>:                                          $%%<?/i:|i::
 Z$($&MMMMMMMMMMMMMMMMHk(:.  . -                                   .S/\?\?/!:/:
 (??$<HMMMMMMMMMMMMMMMFk|:   -.-.                                  :%/%/(:/:ii|
 SZ(S?]MMMMMMMMMMMMMMHS?:- -  ::.:                                  |/S:</::?||
 $%)$$(MMMMMMMMMMMMMMR):`:. :.:::`,,/bcokb/_                       :S?%?|~:/:/:
 %$$%$)[[?$?MMMMMMMMMM: :.:-.::::$7?<&7&MMMMMMM#/           _ .. ..:</?:(:/::::
 $$$?Z?HHH~|/MMMMMMMMM/`.-.:.:/:%%%%?dHMMMMMMMMMMH?,-   .,bMMMM6//./i~/~:<:::/:
 $($S$M//::S?ZHMMMMMH/:.`:::.:/%S/&MMHMMMMMMMMRM&><   ,HMMMMMMMF  :::?:///:|:::
 )[$S$S($|_i:#>::*H&?/::.::/:\"://:?>>`:&HMHSMMMM$:`-   MMHMMMMHHT .)i/?////::/
 $$[$$>$}:dHH&$$--?S::-:.:::--/-:``./::>%Zi?)&/?`:.`   `H?$T*\" `  /%?>%:)://ii|
 $&=&/ZS}$RF<:?/-.|%r/:::/:/:`.-.-..|::S//!`\"``          >??:    `SS<S:)!/////|
 Z&]>b[Z(Z?&%:::../S$$:>:::i`.`. `-.`  `                         ,>%%%:>/>/!|:/
 $$&/F&1$c$?>:>?/,>?$$ZS/::/:-: ...                              |S?S)S?<~:::::
 &$&$&$k&>>|?<:<?((/$[/?)i~/:/. - -                              S?:%%%?/:::/::
 =[/Z[[Fp[MMH$>?Z&S$$$/$S///||..-           -.-                  /((S$:%<:///:/
 $&>1MHHMMMM6M9MMMM$Z$}$S%/:::.`.            .:/,,,dcb>/:.       ((SSSS%:)!//i|
 MMMMMMMMMMMR&&RRRHR&&($(?:|i::-             .:%&S&$[&H&``     ../>%;/?>??:<::>
 MMMMMMMMMMMMS/}S$&&H&[$SS//:::.:.   . . .v</Jq1&&D]&M&<,      :/::/?%%)S>?://:
 MMMMMMMMMMMM?}$/$$kMM&&$(%/?//:..`.  .|//1d/`://?*/*/\"` `     .:/(SS$%(S%)):%
 MMMMMMMMMMMM(}$$>&&MMHR#$S%%:?::.:|-.`:;&&b/D/$p=qpv//b/~`   :/~~%%??$=$)Z$S+;
 MMMMMMMMMMMM[|S$$Z1]MMMMD[$?$:>)/::: :/?:``???bD&{b<<-`     .,:/)|SS(}Z/$$?/<S
 MMMMMMMMMMMM||$)&7k&MMMMH9]$$??Z%|!/:i::`  `` .             SS?SS?Z/]1$/&$c/$S
 MMMMMMMMMMMM| -?>[&]HMMMMMMMH1[/7SS(?:/..-` ::/Sc,/_,     _<$?SS%$S/&c&&$&>//<
 MMMMMMMMMMMMR  `$&&&HMM9MMMMMMM&&c$%%:/:/:.:.:/\?\?/\    _MMHk/7S/]dq&1S<&&></
 MMMMMMMMMMMMM?  :&96MHMMMMMMMMMMMHHk[S%(<<:// `         ,MMMMMMM&/Z6H]DkH]1$&&
 MMMMMMMMMMMMMD    99H9HMMMMMMMMMMMMMMMb&%$<:i.:....    .MMMMMMMMM6HHHRH&H&H1SF
 MMMMMMMMMMMMMM|   `?HMMMMMMMMMMMMMMMMMMMHk6k&>$&Z$/?_.bHMMMMMMMMMMM&6HRM9H6]Zk
 MMMMMMMMMMMMMMM/    `TMMMMMMMMMMMMMMMMMMMMMMMMMMMMMMMMMMMMMMMMMMMMMMHMH6RH&R6&
 MMMMMMMMMMMMMMMM    -|?HMMMMMMMMMMMMMMMMMMMMMMMMMMMMMMMMMMMMMMMMMMMMMFHH6HMD&&
 MMMMMMMMMMMMMMMMk  ..:~?9MMMMMMMMMMMMM#`:MMMMMMMMMMMMMMMMMMMMMMMMMMMMM9MHkR6&F
 MMMMMMMMMMMMMMMMM/  .-!:%$ZHMMMMMMMMMR` dMMMMMMMMMMMMMMMMMMMMMMMMMMMMM9MRMHH9&
 MMMMMMMMMMMMMMMMMML,:.-|::/?&&MMMMMM` .MMMMMMMMMMMMMMMMMMMMMMMMMMMMMMMMHRMH&&6
 MMMMMMMMMMMMMMMMMMMc%>/:::i<:SMMMMMMHdMMMMMMMMMMMMMMMMMMMMMMMMMMMMMMMMHHM&969k
 MMMMMMMMMMMMMMMMMMMMSS/$$/(|HMMMMMMMMMMMMMMMMMMMMMMMMMMMMMMMMMMMMMMMMMMMHH&HH&
 MMMMMMMMMMMMMMMMMMMM6S/?/MMMMMMMMMMMMMMMMMMMMMMMMMMMMMMMMMMMMMMMMMMMMMR96H1DR1
 MMMMMMMMMMMMMMMMMMMMM&$MHMMMMMMMMMMMMMMMMMMMMMMMMMMMMMMMMMMMMMMMMMMMMMHMH691&&
 MMMMMMMMMMMMMMMMMMMMMMMMMMMMMMMMMMMMMMMMMMMMMMMMMMMMMMMMMMMMMMMMMMMMMMMMH&R&9Z
 MMMMMMMMMMMMMMMMMMMMMMMMMRHMMMMMMMMMMMMMMMMMMMMMMMMMMMMMMMMMMMMMMMMMMMMH&96][6
 MMMMMMMMMMMMMMMMMMMMMMMMp?:MMMMMMMMMMMMMMMMMMMMMMMMMMMMMMMMMMMMMMMMMMM96HH1][F
 MMMMMMMMMMMMMMMMMMMMMMMM> -HMMMMMMMMMMMMMMMMMMMMMMMMMMMMMMMMMMMMMMMMMMMH&1k&$&
 ******************************************************************************
 *                                                                            *
 *         =======================================================            *
 *                     Program for Atomic and Molecular                       *
 *          Direct Iterative Relativistic Allelectron Calculations            *
 *         =======================================================            *
 *                                                                            *
 *                        VERSION 08.00  17 September 2008                    *
 *                                                                            *
 ******************************************************************************
 *                                                                            *
 *    Written by:                                                             *
 *                                                                            *
 *    Lucas Visscher           VU University Amsterdam           Netherlands  *
 *    Hans Joergen Aa. Jensen  University of Southern Denmark    Denmark      *
 *    Trond Saue               CNRS/ULP Strasbourg               France       *
 *                                                                            *
 *    with new contributions to DIRAC08 from:                                 *
 *                                                                            *
 *    Radovan Bast             University of Tromsoe             Norway       *
 *    Sebastien Dubillard      CNRS/ULP Strasbourg               France       *
 *    Kenneth G. Dyall         Schrodinger, Inc., Portland       USA          *
 *    Ulf Ekstrom              VU University Amsterdam           Netherlands  *
 *    Ephraim Eliav            University of Tel Aviv            Israel       *
 *    Timo Fleig               Universit√© P. Sabatier, Toulouse  France       *
 *    Andre S. P. Gomes        VU University Amsterdam           Netherlands  *
 *    Trygve U. Helgaker       University of Oslo                Norway       *
 *    Johan Henriksson         Linkoeping University             Sweden       *
 *    Miroslav Ilias           University of Zilina              Slovakia     *
 *    Christoph R. Jacob       ETH Zurich                        Switzerland  *
 *    Stefan Knecht            University of Duesseldorf         Germany      *
 *    Patrick Norman           Linkoeping University             Sweden       *
 *    Jeppe Olsen              Aarhus University                 Denmark      *
 *    Markus Pernpointner      University of Heidelberg          Germany      *
 *    Kenneth Ruud             University of Tromsoe             Norway       *
 *    Pawel Salek              Stockholm Inst. of Technology     Sweden       *
 *    Jetze Sikkema            VU University Amsterdam           Netherlands  *
 *                                                                            *
 *    For the complete list of contributors to the DIRAC code see our         *
 *    website http://dirac.chem.sdu.dk                                        *
 *                                                                            *
 *    This is an experimental code. The authors accept no responsibility      *
 *    for the performance of the code or for the correctness of the results.  *
 *                                                                            *
 *    The code (in whole or part) is not to be reproduced for further         *
 *    distribution without the written permission of the authors or           *
 *    their representatives.                                                  *
 *                                                                            *
 *    If results obtained with this code are published, an                    *
 *    appropriate citation would be:                                          *
 *                                                                            *
 *    DIRAC, a relativistic ab initio electronic structure program,           *
 *    Release DIRAC08 (2008),                                                 *
 *    written by L. Visscher, H. J. Aa. Jensen, and T. Saue,                  *
 *    with new contributions from R. Bast, S. Dubillard, K. G. Dyall,         *
 *    U. Ekstrom, E. Eliav, T. Fleig, A. S. P. Gomes, T. U. Helgaker,         *
 *    J. Henriksson, M. Ilias, Ch. R. Jacob, S. Knecht, P. Norman,            *
 *    J. Olsen, M. Pernpointner, K. Ruud, P. Salek, and J. Sikkema            *
 *    (see http://dirac.chem.sdu.dk).                                         *
 *                                                                            *
 ******************************************************************************
 Version           : Dirac 8.0 (patchlevel 0) 
 Hostname          : larry
 Operating system  : Linux 2.6.24-23-generic
 Machine           : i686
 Run               : Sequential
 Last compilation  : 11:59:38 Feb 12 2009 (by bast@)
 FORTRAN compiler  : /opt/intel/fc/10.1.015/bin/ifort -g -O3 -ip -w -assume byterecl -Iinclude -module modules -DPRG_DIRAC -DSYS_LINUX -DINSTALL_WRKMEM=64000000 -DVAR_MFDS -DMOD_ERI -DMOD_DNF -DMOD_DFT -DMOD_KRMC -DMOD_ESR -DMOD_XPP -DMOD_STEX -DMOD_CDFT -DMOD_VISUAL -DMOD_AORESPONSE -DMOD_IHFSCC -DMOD_AMFI -DMOD_LONDON 
 C compiler        : /opt/intel/cc/10.1.015/bin/icc -g -O3 -ip -w -Iinclude -D_FILE_OFFSET_BITS=64 -D_LARGEFILE_SOURCE  -D_LARGEFILE64_SOURCE -DMOD_ERI -DMOD_DNF -DMOD_DFT -DMOD_KRMC -DMOD_ESR -DMOD_XPP -DMOD_STEX -DMOD_CDFT -DMOD_VISUAL -DMOD_AORESPONSE -DMOD_IHFSCC -DMOD_AMFI -DMOD_LONDON -DSYS_LINUX -DINSTALL_WRKMEM=64000000 -DSYS_FLAVOR=LINUX 
 External libraries: -L/usr/lib -lblas -L/usr/lib -llapack -lcblas -lf77blas -latlas -L/usr/lib -llapack 
 ILP data model    : ILP32 
 Changeset         : '8446' 

 
     Date and time (Linux)  : Thu Feb 12 12:01:49 2009
     Host name              :                                         


 *******************************************************************************
 ************************** Input read from DIRAC.INP **************************
 *                   @@@@@    @@   @@@@@     @@@@     @@@@@                   *
 *                   @@  @@        @@  @@   @@  @@   @@                       *
 *                   @@  @@   @@   @@@@@    @@@@@@   @@                       *
 *                   @@  @@   @@   @@ @@    @@  @@   @@                       *
 *                   @@@@@    @@   @@  @@   @@  @@    @@@@@                   *
 Last compilation  : 11:59:38 Feb 12 2009 (by bast@)
                       *** PROGRAM AT34 - ALLIANT - @V ***
                       *** PROGRAM AT34 - ALLIANT - @V ***
@ -< x > =               0.0000000000
@ -< y > =               0.0000000000
@ -< z > =              -0.7455442244
@ gamma (w =   -0.0886   0.0886   0.0000   0.0000)         x x x x            141.7323589692
@ gamma (w =   -0.0886   0.0886   0.0000   0.0000)         x z z x             60.5148357401
@ gamma (w =   -0.0886   0.0886   0.0000   0.0000)         x x z z             62.7109544740
@ gamma (w =   -0.0886   0.0886   0.0000   0.0000)         z z x x             60.0712014157
@ gamma (w =   -0.0886   0.0886   0.0000   0.0000)         z z z z            211.0225972919
      @ averaged gamma dc Kerr (w =   -0.0886   0.0886   0.0000   0.0000):            166.4406440886
@ gamma (w =   -0.1771   0.0886   0.0886   0.0000)         x x x x            165.5837337391
@ gamma (w =   -0.1771   0.0886   0.0886   0.0000)         x z z x             69.4460281826
@ gamma (w =   -0.1771   0.0886   0.0886   0.0000)         z x x z             66.1752023622
@ gamma (w =   -0.1771   0.0886   0.0886   0.0000)         x x z z             74.7894529637
@ gamma (w =   -0.1771   0.0886   0.0886   0.0000)         z z x x             67.7427417584
@ gamma (w =   -0.1771   0.0886   0.0886   0.0000)         z z z z            236.7520607066
       @ averaged gamma dc SHG (w =   -0.1771   0.0886   0.0886   0.0000):            191.7531528007
@ gamma (w =   -0.2657   0.0886   0.0886   0.0886)         x x x x            217.0146684199
@ gamma (w =   -0.2657   0.0886   0.0886   0.0886)         x x z z            101.0188661766
@ gamma (w =   -0.2657   0.0886   0.0886   0.0886)         z z x x             78.8917391373
@ gamma (w =   -0.2657   0.0886   0.0886   0.0886)         z z z z            284.8158396650
       @ averaged gamma dc THG (w =   -0.2657   0.0886   0.0886   0.0886):            244.6685665492
@ gamma (w =   -0.0886   0.0886  -0.0886   0.0886)         x x x x            152.7959949971
@ gamma (w =   -0.0886   0.0886  -0.0886   0.0886)         x x z z             66.4412127260
@ gamma (w =   -0.0886   0.0886  -0.0886   0.0886)         x z x z             62.6614728604
@ gamma (w =   -0.0886   0.0886  -0.0886   0.0886)         z z z z            223.4127632243
         @ averaged gamma IDRI (w =   -0.0886   0.0886  -0.0886   0.0886):            178.3187895266
@ gamma (w =    0.0000   0.0000   0.0000   0.0000)         x x x x            131.7517521061
@ gamma (w =    0.0000   0.0000   0.0000   0.0000)         x x z z             56.9140373156
@ gamma (w =    0.0000   0.0000   0.0000   0.0000)         z z z z            199.6730322802
       @ averaged static gamma (w =    0.0000   0.0000   0.0000   0.0000):            155.7334374317
