
 =========================================================================
 Version           : Dirac 8.0 (patchlevel 0) 
 Hostname          : larry
 Operating system  : Linux 2.6.32-24-generic
 Machine           : i686
 Run               : Sequential
 Last compilation  : 16:57:11 Jul 29 2010 (by bast@larry:/home/bast/dirac/intel_mkl)
 FORTRAN compiler  : /opt/intel/Compiler/11.1/072/bin/ia32/ifort -O3 -ip  -g -fpp1 -w -assume byterecl -Iinclude -module modules -DARCH32BIT -DVAR_IFC -DPRG_DIRAC -DSYS_LINUX -DINSTALL_WRKMEM 64000000 -DVAR_MKL -DVAR_MFDS -DMOD_AMFI -DMOD_MAGNETIZ -DMOD_LONDON -DMOD_DNF -DMOD_ESR -DMOD_MATRIX_OPERATIONS -DMOD_ADC -DMOD_KRMC -DMOD_OPENRSP -DMOD_VISUAL -DMOD_IHFSCC -DMOD_XPP -DMOD_STEX -DMOD_EMB -DMOD_ERI -DMOD_UNRELEASED   
$ERROR 1.E-6
$SIGNCHECK
@ gamma (w     -0.0886   0.0886   0.0000   0.0000)        FxFxFxFx            139.6698302094
$ERROR 1.E-6
$SIGNCHECK
@ gamma (w     -0.0886   0.0886   0.0000   0.0000)        FxFzFzFx             60.2180301281
$ERROR 1.E-6
$SIGNCHECK
@ gamma (w     -0.0886   0.0886   0.0000   0.0000)        FxFxFzFz             62.3446189587
$ERROR 1.E-6
$SIGNCHECK
@ gamma (w     -0.0886   0.0886   0.0000   0.0000)        FzFzFxFx             59.8087156590
$ERROR 1.E-6
$SIGNCHECK
@ gamma (w     -0.0886   0.0886   0.0000   0.0000)        FzFzFzFz            215.6940487730
$ERROR 1.0e-4
$SIGNCHECK
      @ averaged gamma dc Kerr (w     -0.0886   0.0886   0.0000   0.0000):            166.0327798836
$ERROR 1.E-6
$SIGNCHECK
@ gamma (w     -0.1771   0.0886   0.0886   0.0000)        FxFxFxFx            163.0928265321
$ERROR 1.E-6
$SIGNCHECK
@ gamma (w     -0.1771   0.0886   0.0886   0.0000)        FxFzFzFx             68.9811216702
$ERROR 1.E-6
$SIGNCHECK
@ gamma (w     -0.1771   0.0886   0.0886   0.0000)        FzFxFxFz             65.8359374653
$ERROR 1.E-6
$SIGNCHECK
@ gamma (w     -0.1771   0.0886   0.0886   0.0000)        FxFxFzFz             74.1835634881
$ERROR 1.E-6
$SIGNCHECK
@ gamma (w     -0.1771   0.0886   0.0886   0.0000)        FzFzFxFx             67.4034125398
$ERROR 1.E-6
$SIGNCHECK
@ gamma (w     -0.1771   0.0886   0.0886   0.0000)        FzFzFzFz            241.6792311129
$ERROR 1.0e-4
$SIGNCHECK
       @ averaged gamma dc SHG (w     -0.1771   0.0886   0.0886   0.0000):            191.0508218652
$ERROR 1.E-6
$SIGNCHECK
@ gamma (w     -0.2657   0.0886   0.0886   0.0886)        FxFxFxFx            213.5094328025
$ERROR 1.E-6
$SIGNCHECK
@ gamma (w     -0.2657   0.0886   0.0886   0.0886)        FxFxFzFz             99.7954357545
$ERROR 1.E-6
$SIGNCHECK
@ gamma (w     -0.2657   0.0886   0.0886   0.0886)        FzFzFxFx             78.4767001314
$ERROR 1.E-6
$SIGNCHECK
@ gamma (w     -0.2657   0.0886   0.0886   0.0886)        FzFzFzFz            290.1248869362
$ERROR 1.0e-4
$SIGNCHECK
       @ averaged gamma dc THG (w     -0.2657   0.0886   0.0886   0.0886):            243.2055292362
$ERROR 1.E-6
$SIGNCHECK
@ gamma (w     -0.0886   0.0886  -0.0886   0.0886)        FxFxFxFx            150.5389995187
$ERROR 1.E-6
$SIGNCHECK
@ gamma (w     -0.0886   0.0886  -0.0886   0.0886)        FxFxFzFz             66.0457308732
$ERROR 1.E-6
$SIGNCHECK
@ gamma (w     -0.0886   0.0886  -0.0886   0.0886)        FxFzFxFz             62.3432864966
$ERROR 1.E-6
$SIGNCHECK
@ gamma (w     -0.0886   0.0886  -0.0886   0.0886)        FzFzFzFz            228.2118428051
$ERROR 1.0e-4
$SIGNCHECK
      @ averaged gamma dc IDRI (w     -0.0886   0.0886  -0.0886   0.0886):            177.7791011691
$ERROR 1.E-6
$SIGNCHECK
@ gamma (w      0.0000   0.0000   0.0000   0.0000)        FxFxFxFx            129.8610681327
$ERROR 1.E-6
$SIGNCHECK
@ gamma (w      0.0000   0.0000   0.0000   0.0000)        FxFxFzFz             56.6668231126
$ERROR 1.E-6
$SIGNCHECK
@ gamma (w      0.0000   0.0000   0.0000   0.0000)        FzFzFzFz            204.2188881820
