10944 pts/0    00:00:00 dirac.x compute-0-1.local
Master : HOST = compute-0-1.local
Master : DIRAC allocating 30000000 words of memory
******************************************************************************
*                                                                            *
*                                O U T P U T                                 *
*                                   from                                     *
*                                                                            *
*                   @@@@@    @@   @@@@@     @@@@     @@@@@                   *
*                   @@  @@        @@  @@   @@  @@   @@                       *
*                   @@  @@   @@   @@@@@    @@@@@@   @@                       *
*                   @@  @@   @@   @@ @@    @@  @@   @@                       *
*                   @@@@@    @@   @@  @@   @@  @@    @@@@@                   *
*                                                                            *
*                                                                            *
%}ZS)S?$=$)]S?$%%>SS$%S$ZZ6cHHMHHHHHHHHMHHM&MHbHH6$L/:<S///</:|/:|:/::!:.::--:
$?S$$%$$$$?%?$(SSS$SSSHMMMMMMMMMMMMMMMMMM6H&6S&SH&&k?6$r~::://///::::::.:::-::
(%?)Z??$$$(S%$>$)S6HMMMMMMMMMMMMMMMMMMMMMMR6M]&&$6HR$&6(i::::::|i|:::::::-:-::
$S?$$)$?$%?))?S/]#MMMMMMMMMMMMMMMMMMMMMMMMMMHM1HRH9R&$$$|):?:/://|:/::/:/.::.:
SS$%%?$%((S)?Z[6MMMMMMMMMMMMMMMMMMMMMMMMMMMMMMMMM&HF$$&/)S?<~::!!:::::::/:-:|.
SS%%%%S$%%%$$MMMMMMMMMMMMMMMMMMMMMMMMMMMMMMMMMMMHHHHHHM>?/S/:/:::':/://:/::-::
?$SSSS?%SS$)MMMMMMMMMMMMMMMMMMMMMMMMMMMMMMMMMMMMMMMMMMM/4?:S:/:::/:::/:/:::.::
S$(S?S$%(?$HMMMMMMMMMMMMMMMMM#&7RH99MMMMMMMMMMMMMMMMMMHHHd$/:::::/::::::-//.:.
(?SS(%)S&HMMMMMMMMMMMMMMMMM#S|///???$9HHMMMMMMMMMDSZ&1S/?</>?~:///::|/!:/-:-:.
$S?%?<H(MMMMMMMMMMMMMMMMR?`. :.:'::<>:``?/*?##*)$:/>       `((%://::/:::::/::/
S$($$)HdMMMMMMMMMMMMMMMP: . `   `  `    `      `-            `Z<:>?::/:::::|:i
c%%%&HMMMMMMMMMMMMMMMM6:                                      `$%)>%%</>!:::::
S?%/MMMMMMMMMMMMMMMMMMH-                                        /ZSS>?:?~:;/::
$SZ?MMMMMMMMMMMMMMMMMH?.                                        "&((/?//?|::::
$%$%&MMMMMMMMMMMMMMMMM:.                                          ?%/S:</::/::
($?}&HMMMMMMMMMMMMMMMM>:                                          $%%<?/i:|i::
Z$($&MMMMMMMMMMMMMMMMHk(:.  . -                                   .S/??/!:/:|:
(??$<HMMMMMMMMMMMMMMMFk|:   -.-.                                  :%/%/(:/:ii|
SZ(S?]MMMMMMMMMMMMMMHS?:- -  ::.:                                  |/S:</::?||
$%)$$(MMMMMMMMMMMMMMR):`:. :.:::`,,/bcokb/_                       :S?%?|~:/:/:
%$$%$)[[?$?MMMMMMMMMM: :.:-.::::$7?<&7&MMMMMMM#/           _ .. ..:</?:(:/::::
$$$?Z?HHH~|/MMMMMMMMM/`.-.:.:/:%%%%?dHMMMMMMMMMMH?,-   .,bMMMM6//./i~/~:<:::/:
4$($S$M//::S?ZHMMMMMH/:.':::.:/%S/&MMHMMMMMMMMRM&><   ,HMMMMMMMF  :::?:///:|::
)[$S$S($|_i:#>::*H&?/::.::/:"://:?>>':&HMHSMMMM$:'-   MMHMMMMHHT .)i/?////:::/
$$[$$>$}:dHH&$$--?S::-:.:::--/-:``./::>%Zi?)&/?`:.'   `H?$T*" `  /%?>%:)://ii|
$&=&/ZS}$RF<:?/-.|%r/:::/:/:'.-.-..|::S//!`"``          >??:    `SS<S:)!/////|
Z&]>b[Z(Z?&%:::../S$$:>:::i`.`. '-.'  `                         ,>%%%:>/>/!|:/
$$&/F&1$c$?>:>?/,>?$$ZS/::/:-: ...                              |S?S)S?<~:::::
&$&$&$k&>>|?<:<?((/$[/?)i~/:/. - -                              S?:%%%?/:::/::
=[/Z[[Fp[MMH$>?Z&S$$$/$S///||..-           -.-                  /((S$:%<:///:/
$&>1MHHMMMM6M9MMMM$Z$}$S%/:::.'.            .:/,,,dcb>/:.       ((SSSS%:)!//i|
MMMMMMMMMMMR&&RRRHR&&($(?:|i::-             .:%&S&$[&H&''     ../>%;/?>??:<::>
MMMMMMMMMMMMS/}S$&&H&[$SS//:::.:.   . . .v</Jq1&&D]&M&<,      :/::/?%%)S>?://:
MMMMMMMMMMMM?}$/$$kMM&&$(%/?//:..'.  .|//1d/`://?*/*/"` '     .:/(SS$%(S%)):%~
MMMMMMMMMMMM(}$$>&&MMHR#$S%%:?::.:|-.':;&&b/D/$p=qpv//b/~'   :/~~%%??$=$)Z$S+;
MMMMMMMMMMMM[|S$$Z1]MMMMD[$?$:>)/::: :/?:`'???bD&{b<<-'     .,:/)|SS(}Z/$$?/<S
MMMMMMMMMMMM||$)&7k&MMMMH9]$$??Z%|!/:i::'  `` .             SS?SS?Z/]1$/&$c/$S
MMMMMMMMMMMM| -?>[&]HMMMMMMMH1[/7SS(?:/..-` ::/Sc,/_,     _<$?SS%$S/&c&&$&>//<
MMMMMMMMMMMMR  `$&&&HMM9MMMMMMM&&c$%%:/:/:.:.:/??/''"    _MMHk/7S/]dq&1S<&&></
MMMMMMMMMMMMM?  :&96MHMMMMMMMMMMMHHk[S%(<<:// '         ,MMMMMMM&/Z6H]DkH]1$&&
MMMMMMMMMMMMMD    99H9HMMMMMMMMMMMMMMMb&%$<:i.:....    .MMMMMMMMM6HHHRH&H&H1SF
MMMMMMMMMMMMMM|   `?HMMMMMMMMMMMMMMMMMMMHk6k&>$&Z$/?_.bHMMMMMMMMMMM&6HRM9H6]Zk
MMMMMMMMMMMMMMM/    `TMMMMMMMMMMMMMMMMMMMMMMMMMMMMMMMMMMMMMMMMMMMMMMHMH6RH&R6&
MMMMMMMMMMMMMMMM    -|?HMMMMMMMMMMMMMMMMMMMMMMMMMMMMMMMMMMMMMMMMMMMMMFHH6HMD&&
MMMMMMMMMMMMMMMMk  ..:~?9MMMMMMMMMMMMM#':MMMMMMMMMMMMMMMMMMMMMMMMMMMMM9MHkR6&F
MMMMMMMMMMMMMMMMM/  .-!:%$ZHMMMMMMMMMR' dMMMMMMMMMMMMMMMMMMMMMMMMMMMMM9MRMHH9&
MMMMMMMMMMMMMMMMMML,:.-|::/?&&MMMMMM' .MMMMMMMMMMMMMMMMMMMMMMMMMMMMMMMMHRMH&&6
MMMMMMMMMMMMMMMMMMMc%>/:::i<:SMMMMMMHdMMMMMMMMMMMMMMMMMMMMMMMMMMMMMMMMHHM&969k
MMMMMMMMMMMMMMMMMMMMSS/$$/(|HMMMMMMMMMMMMMMMMMMMMMMMMMMMMMMMMMMMMMMMMMMMHH&HH&
MMMMMMMMMMMMMMMMMMMM6S/?/MMMMMMMMMMMMMMMMMMMMMMMMMMMMMMMMMMMMMMMMMMMMMR96H1DR1
MMMMMMMMMMMMMMMMMMMMM&$MHMMMMMMMMMMMMMMMMMMMMMMMMMMMMMMMMMMMMMMMMMMMMMHMH691&&
MMMMMMMMMMMMMMMMMMMMMMMMMMMMMMMMMMMMMMMMMMMMMMMMMMMMMMMMMMMMMMMMMMMMMMMMH&R&9Z
MMMMMMMMMMMMMMMMMMMMMMMMMRHMMMMMMMMMMMMMMMMMMMMMMMMMMMMMMMMMMMMMMMMMMMMH&96][6
MMMMMMMMMMMMMMMMMMMMMMMMp?:MMMMMMMMMMMMMMMMMMMMMMMMMMMMMMMMMMMMMMMMMMM96HH1][F
MMMMMMMMMMMMMMMMMMMMMMMM> -HMMMMMMMMMMMMMMMMMMMMMMMMMMMMMMMMMMMMMMMMMMMH&1k&$&
******************************************************************************
*                                                                            *
*         =======================================================            *
*                     Program for Atomic and Molecular                       *
*          Direct Iterative Relativistic Allelectron Calculations            *
*         =======================================================            *
*                                                                            *
*                        VERSION 3.2     OCTOBER 2000                        *
*                                                                            *
******************************************************************************
*                                                                            *
* Written by:                                                                *
*    Trond Saue,              University of Tromsoe,            Norway       *
*    Vebjoern Bakken,         University of Oslo,               Norway       *
*    Thomas Enevoldsen,       SDU, Odense University,           Denmark      *
*    Trygve Helgaker,         University of Oslo,               Norway       *
*    Hans Joergen Aa. Jensen, SDU, Odense University,           Denmark      *
*    Jon K. Laerdahl,         University of Oslo,               Norway       *
*    Kenneth Ruud,            University of Tromsoe,            Norway       *
*    Joern Thyssen,           SDU, Odense University,           Denmark      *
*    Luuk Visscher,           Vrije Universiteit Amsterdam,     Netherlands  *
*                                                                            *
*                                                                            *
* Note:                                                                      *
*    This is an experimental code. The authors accept no responsibility      *
*    for the performance of the code or for the correctness of the results.  *
*                                                                            *
*    The code (in whole or part) is not to be reproduced for further         *
*    distribution without the written permission of the authors or           *
*    their representatives.                                                  *
*                                                                            *
*    If results obtained with this code are published, an                    *
*    appropriate citation would be:                                          *
*                                                                            *
*    T. Saue, V. Bakken, T. Enevoldsen, T. Helgaker, H. J. Aa. Jensen,       *
*    J. Laerdahl, K. Ruud, J. Thyssen, and L. Visscher:                      *
*    "Dirac, a relativistic ab initio electronic structure program,          *
*    Release 3.2 (2000)"                                                     *
*    (for a suitable BibTEX entry, see                                       *
*    <URL:"http://dirac.chem.sdu.dk/doc/reference.shtml">)                   *
*                                                                            *
******************************************************************************
 Version           : Dirac 3.2 (patchlevel 1) 
 Hostname          : compute-0-1.local
 Operating system  : Linux 2.4.21-4.0.1.ELsmp
 Machine           : i686
 Run               : Sequential
 Last compilation  : 09:58:31 Apr 16 2004 (by saue@quantanamera.u-strasbg.fr)
 Basis set dir.    : /home/saue/Dirac/test/33.frozen/:/home/saue/Dirac/basis/:/home/saue/Dirac/basis_dalton/

 Date and time (Linux) : Fri Apr 16 10:00:27 2004


 *************************************************************************
 ****************************** Oxygen atom ******************************
 *************************************************************************

 Jobs in this run:
   * Wave function
   * Analysis


 **************************************************************************
 ************************** General DIRAC set-up **************************
 **************************************************************************

 * The speed of light :        137.0359998
 * Direct evaluation of the following two-electron integrals:
   - LL-integrals
   - SL-integrals
   - SS-integrals
 * SS integrals neglected:
   Interatomic Coulombic SS-contributions modelled by
   classical repulsion of small component atomic charges
   using tabulated charges.
 * Default integral flags passed to all modules
   - LL-integrals: T
   - LS-integrals: T
   - SS-integrals: F
   - GT-integrals: F
 * Spherical transformation embedded in MO-transformation
   for large components
 * Transformation to scalar RKB basis embedded in
   MO-transformation for small components
 * Thresholds for linear dependence:
   Large components:   1.00E-06
   Small components:   1.00E-08
 * General print level   :   0


 *************************************************************************
 ****************** Output from HERMIT input processing ******************
 *************************************************************************



 *************************************************************************
 ****************** Output from READIN input processing ******************
 *************************************************************************



  Title Cards
  -----------

  Water                                                                   
  cc-pVDZ basis (note that a tight p has NOT been added)                  

  Nuclear Gaussian exponent for atom of charge   8.000 :    5.8631436655E+08


  Symmetry Operations
  -------------------

  Symmetry operations: 2



                      SYMGRP:Point group information
                      ------------------------------

Point group: C2v

   * The point group was generated by:

      Reflection in the yz-plane
      Reflection in the xz-plane

   * Group multiplication table

        |  E   C2z  Oxz  Oyz
   -----+--------------------
     E  |  E 
    C2z | C2z   E 
    Oxz | Oxz  Oyz   E 
    Oyz | Oyz  Oxz  C2z   E 

   * Character table

        |  E   C2z  Oxz  Oyz
   -----+--------------------
    A1  |   1    1    1    1
    B1  |   1   -1    1   -1
    B2  |   1   -1   -1    1
    A2  |   1    1   -1   -1

   * Direct product table

        | A1   B1   B2   A2 
   -----+--------------------
    A1  | A1 
    B1  | B1   A1 
    B2  | B2   A2   A1 
    A2  | A2   B2   B1   A1 


                        **************************
                        *** Output from DBLGRP ***
                        **************************

   * One fermion irrep:   E1 
   * Real group. NZ = 1
   * Direct product decomposition:
          E1  x E1  : A1  + A2  + B1  + B2 


                             Spinor structure
                             ----------------


   * Fermion irrep no.: 1
      La  |  A1 (1)  A2 (2)  |
      Sa  |  A2 (1)  A1 (2)  |
      Lb  |  B1 (3)  B2 (4)  |
      Sb  |  B2 (3)  B1 (4)  |


                          Quaternion symmetries
                          ---------------------

    Rep  T(+)
    -----------------------------
    A1   1
    B1   j
    B2   k
    A2   i


  Atoms and basis sets
  --------------------

  Number of atom types:     1
  Total number of atoms:    1

  label    atoms   charge   prim    cont     basis   
  ----------------------------------------------------------------------
  O           1       8      27      27      L  - [9s4p1d|9s4p1d]                                    
                             68      68      S  - [4s10p4d1f|4s10p4d1f]                              
  ----------------------------------------------------------------------
                             27      27   L - large components
                             68      68   S - small components
  ----------------------------------------------------------------------
  total:      1       8      95      95

  Cartesian basis used.
  Threshold for integrals:  1.00E-15


  References for the basis sets
  -----------------------------

  Atom type   1
  Basis set typed explicitly in input file                                        


  Cartesian Coordinates
  ---------------------

  Total number of coordinates:  3


   1   O        x      0.0000000000
   2            y      0.0000000000
   3            z      0.0000000000



  Symmetry Coordinates
  --------------------

  Number of coordinates in each symmetry:   1  1  1  0


  Symmetry 1

   1   O     z    3


  Symmetry 2

   2   O     x    1


  Symmetry 3

   3   O     y    2
  Nuclear repulsion energy :    0.000000000000


                            GETLAB: AO-labels
                            -----------------

   * Large components:   10
     1  L O     s        2  L O     px       3  L O     py       4  L O     pz       5  L O     dxx      6  L O     dxy 
     7  L O     dxz      8  L O     dyy      9  L O     dyz     10  L O     dzz 
   * Small components:   20
    11  S O     s       12  S O     px      13  S O     py      14  S O     pz      15  S O     dxx     16  S O     dxy 
    17  S O     dxz     18  S O     dyy     19  S O     dyz     20  S O     dzz     21  S O     fxxx    22  S O     fxxy
    23  S O     fxxz    24  S O     fxyy    25  S O     fxyz    26  S O     fxzz    27  S O     fyyy    28  S O     fyyz
    29  S O     fyzz    30  S O     fzzz


                            GETLAB: SO-labels
                            -----------------

   * Large components:   10
     1  L A1 O  s        2  L A1 O  pz       3  L A1 O  dxx      4  L A1 O  dyy      5  L A1 O  dzz      6  L B1 O  px  
     7  L B1 O  dxz      8  L B2 O  py       9  L B2 O  dyz     10  L A2 O  dxy 
   * Small components:   20
    11  S A1 O  s       12  S A1 O  pz      13  S A1 O  dxx     14  S A1 O  dyy     15  S A1 O  dzz     16  S A1 O  fxxz
    17  S A1 O  fyyz    18  S A1 O  fzzz    19  S B1 O  px      20  S B1 O  dxz     21  S B1 O  fxxx    22  S B1 O  fxyy
    23  S B1 O  fxzz    24  S B2 O  py      25  S B2 O  dyz     26  S B2 O  fxxy    27  S B2 O  fyyy    28  S B2 O  fyzz
    29  S A2 O  dxy     30  S A2 O  fxyz


  Symmetry Orbitals
  -----------------

  Number of orbitals in each symmetry:           45    22    22     6
  Number of large orbitals in each symmetry:     16     5     5     1
  Number of small orbitals in each symmetry:     29    17    17     5

* Large component functions

  Symmetry  A1 ( 1)

        9 functions:    O  s   
        4 functions:    O  pz  
        1 functions:    O  dxx 
        1 functions:    O  dyy 
        1 functions:    O  dzz 

  Symmetry  B1 ( 2)

        4 functions:    O  px  
        1 functions:    O  dxz 

  Symmetry  B2 ( 3)

        4 functions:    O  py  
        1 functions:    O  dyz 

  Symmetry  A2 ( 4)

        1 functions:    O  dxy 

* Small component functions

  Symmetry  A1 ( 1)

        4 functions:    O  s   
       10 functions:    O  pz  
        4 functions:    O  dxx 
        4 functions:    O  dyy 
        4 functions:    O  dzz 
        1 functions:    O  fxxz
        1 functions:    O  fyyz
        1 functions:    O  fzzz

  Symmetry  B1 ( 2)

       10 functions:    O  px  
        4 functions:    O  dxz 
        1 functions:    O  fxxx
        1 functions:    O  fxyy
        1 functions:    O  fxzz

  Symmetry  B2 ( 3)

       10 functions:    O  py  
        4 functions:    O  dyz 
        1 functions:    O  fxxy
        1 functions:    O  fyyy
        1 functions:    O  fyzz

  Symmetry  A2 ( 4)

        4 functions:    O  dxy 
        1 functions:    O  fxyz


 ***************************************************************************
 *************************** Hamiltonian defined ***************************
 ***************************************************************************

 * Print level :    0
 * Dirac-Coulomb Hamiltonian
   with the following modifications:
 * Basis set:
   - uncontracted large component basis set
   - uncontracted small component basis set


 Information about the restricted kinetic balance scheme:
 * Default RKB projection:
   1: Pre-projection in scalar basis
   2: Removal of unphysical solutions (via diagonalization of free particle Hamiltonian)


 *********************************************************************************
 *************************** Memory required by HERMIT ***************************
 *********************************************************************************

===========================================================================
 Maximum memory load for two-electron integral processing:
===========================================================================
 * LL-integrals:
   2(O    Lp)   1(O    Ls)   2(O    Lp)   1(O    Ls)               66113
 * SL-integrals:
   7(O    Sd)   5(O    Sp)   2(O    Lp)   1(O    Ls)              332225
 * SS-integrals:
   7(O    Sd)   5(O    Sp)   7(O    Sd)   5(O    Sp)             1558241


 **************************************************************************
 ************************** Wave function module **************************
 **************************************************************************

 Jobs in this run (in execution order):
 * Hartree-Fock calculation
===========================================================================
 DHFINP: Set-up for Hartree-Fock calculation:
===========================================================================
 * Number of fermion irreps: 1
 * Open shell DHF calculation.
 * Shell specifications:

                                        Orbitals
                        #electrons  irrep 1  irrep 2     f        a      alpha
                        ----------  -------  -------  -------  -------  -------
   Closed shell               4          2      N/A    1.0000   1.0000   0.0000
   Open shell no. 1           4          3      N/A    0.6667   0.9000   0.3000
   ----------------------------------------------------------------------------
   Total                      8          5

   f is the fraction occupation; a and alpha open shell coupling coefficients.

 * General print level   :   0
 ***** TRIAL FUNCTION *****
 * Trial vectors read from file DFCOEF
 ***** CONVERGENCE CRITERIA *****
 * Convergence on norm of error vector (gradient).
   Desired convergence:1.000E-06
   Allowed convergence:1.000E-06

 ***** CONVERGENCE CONTROL *****
 * Fock matrix constructed using differential density matrix
    with optimal parameter.
 * DIIS (in MO basis)
 * DIIS will be activated when convergence reaches : 1.00E+20
   - Maximum size of B-matrix:   10
 * Damping of Fock matrix when DIIS is not activated. 
   Weight of old matrix    : 0.250
 * Maximum number of SCF iterations  :   50
 * Quadratic convergent Hartree-Fock
   - Maximum number of macro iterations: 25
   - Maximum number of micro iterations: 25
 * Contributions from 2-electron integrals to Fock matrix:
   LL-integrals.
   SL-integrals  below SCF convergence  1.0E-02
 ***** OUTPUT CONTROL *****
 * Only electron eigenvalues written out.


 ***************************************************************************
 ***************************** Analysis module *****************************
 ***************************************************************************

 Jobs in this run:
 * Mulliken population analysis
===========================================================================
 POPINP: Mulliken population analysis
===========================================================================
 * Gross populations
 * Label definitions based on SO-labels
   (default small component groups labels will be added)
 * Number of spinors analyzed:
    - Orbitals in fermion ircop E1  :   1..   5                                                              
 * Print level:    0


 ********************************************************************************
 *************************** Input consistency checks ***************************
 ********************************************************************************



 *************************************************************************
 ************************ End of input processing ************************
 *************************************************************************



                        Generating Lowdin matrix:
                        -------------------------

   L   A1    * Deleted:          1(Proj:          1, Lindep:          0)
   L   B1    * Deleted:          0(Proj:          0, Lindep:          0)
   L   B2    * Deleted:          0(Proj:          0, Lindep:          0)
   L   A2    * Deleted:          0(Proj:          0, Lindep:          0)
   S   A1    * Deleted:          5(Proj:          5, Lindep:          0)
   S   B1    * Deleted:          1(Proj:          1, Lindep:          0)
   S   B2    * Deleted:          1(Proj:          1, Lindep:          0)
   S   A2    * Deleted:          0(Proj:          0, Lindep:          0)


                            Output from DELPOS
                            ------------------

* Applied strict kinetic balance !


  **********************************************************************
  ************************* Orbital dimensions *************************
  **********************************************************************

No. of electronic orbitals (NESH):    26
No. of positronic orbitals (NPSH):    26
Total no. of orbitals      (NORB):    52


 **********************************************************************************
 ************************* Dirac-Hartree-Fock calculation *************************
 **********************************************************************************


*** WARNING *** No trial vectors found.Using bare nucleus approximation instead.
                Improved by a crude estimate of the two-electron repulsion.


########## START ITERATION NO.   1 ##########   Fri Apr 16 10:00:27 2004

It.   1    -42.79994988095      1.00E+20  0.00E+00  0.00E+00               0.02000000s   Bare nuc.   Fri Apr 16

########## START ITERATION NO.   2##########   Fri Apr 16 10:00:27 2004


* GETGAB: label "GABAOXXX" not found; calling GABGEN.
SCR        scr.thr.    Step1    Step2  Coulomb  Exchange    CPU-time
SOfock:LL  1.00E-12    3.28%    0.63%   32.75%   39.82%   0.01000000s
>>> Total wall time: 0.00000000s
>>> Total CPU-time : 0.04000000s

########## END ITERATION NO.   2 ##########   Fri Apr 16 10:00:27 2004

It.   2    -74.54481794959      3.17E+01 -1.36E+01  1.51E+00               0.04000000s   LL          Fri Apr 16

########## START ITERATION NO.   3##########   Fri Apr 16 10:00:27 2004

    3 *** Differential density matrix. DCOVLP     = 0.9573
    3 *** Differential density matrix. DVOVLP( 1) = 1.0011
SCR        scr.thr.    Step1    Step2  Coulomb  Exchange    CPU-time
SOfock:LL  1.00E-12    1.67%    0.66%   30.57%   36.78%   0.01000000s
>>> Total wall time: 0.00000000s
>>> Total CPU-time : 0.02000000s

########## END ITERATION NO.   3 ##########   Fri Apr 16 10:00:27 2004

It.   3    -74.78324207041      2.38E-01 -1.06E+00  3.17E-01   DIIS   3    0.02000000s   LL          Fri Apr 16

########## START ITERATION NO.   4##########   Fri Apr 16 10:00:27 2004

    4 *** Differential density matrix. DCOVLP     = 0.9994
    4 *** Differential density matrix. DVOVLP( 1) = 0.9560
SCR        scr.thr.    Step1    Step2  Coulomb  Exchange    CPU-time
SOfock:LL  1.00E-12    2.07%    3.49%   32.23%   39.11%   0.01000000s
>>> Total wall time: 0.00000000s
>>> Total CPU-time : 0.02000000s

########## END ITERATION NO.   4 ##########   Fri Apr 16 10:00:27 2004

It.   4    -74.82144607054      3.82E-02  3.57E-01  5.78E-02   DIIS   4    0.02000000s   LL          Fri Apr 16

########## START ITERATION NO.   5##########   Fri Apr 16 10:00:27 2004

    5 *** Differential density matrix. DCOVLP     = 0.9982
    5 *** Differential density matrix. DVOVLP( 1) = 1.0030
SCR        scr.thr.    Step1    Step2  Coulomb  Exchange    CPU-time
SOfock:LL  1.00E-12    1.67%    1.13%   33.24%   39.99%   0.00000000s
>>> Total wall time: 0.00000000s
>>> Total CPU-time : 0.02000001s

########## END ITERATION NO.   5 ##########   Fri Apr 16 10:00:27 2004

It.   5    -74.82292090678      1.47E-03 -6.11E-02  3.36E-03   DIIS   5    0.02000001s   LL          Fri Apr 16

########## START ITERATION NO.   6##########   Fri Apr 16 10:00:27 2004

SCR        scr.thr.    Step1    Step2  Coulomb  Exchange    CPU-time
SOfock:LL  1.00E-12    7.41%    0.60%   31.36%   41.25%   0.00000000s
SOfock:SL  1.00E-12    7.09%    2.87%   26.67%   50.04%   0.05000000s
>>> Total wall time: 0.00000000s
>>> Total CPU-time : 0.06999999s

########## END ITERATION NO.   6 ##########   Fri Apr 16 10:00:27 2004

It.   6    -74.80115519611     -2.18E-02  2.22E+01  6.73E-01               0.06999999s   LL SL       Fri Apr 16

########## START ITERATION NO.   7##########   Fri Apr 16 10:00:27 2004

    7 *** Differential density matrix. DCOVLP     = 1.0000
    7 *** Differential density matrix. DVOVLP( 1) = 1.0003
SCR        scr.thr.    Step1    Step2  Coulomb  Exchange    CPU-time
SOfock:LL  1.00E-12    4.60%    3.88%   31.38%   36.90%   0.01000001s
SOfock:SL  1.00E-12    4.74%   11.11%   24.17%   47.97%   0.03999999s
>>> Total wall time: 0.00000000s
>>> Total CPU-time : 0.06000002s

########## END ITERATION NO.   7 ##########   Fri Apr 16 10:00:27 2004

It.   7    -74.80116272746      7.53E-06 -1.20E-02  1.32E-03   DIIS   3    0.06000002s   LL SL       Fri Apr 16

########## START ITERATION NO.   8##########   Fri Apr 16 10:00:27 2004

    8 *** Differential density matrix. DCOVLP     = 1.0000
    8 *** Differential density matrix. DVOVLP( 1) = 0.9999
SCR        scr.thr.    Step1    Step2  Coulomb  Exchange    CPU-time
SOfock:LL  1.00E-12    2.07%    4.32%   29.40%   35.34%   0.00000000s
SOfock:SL  1.00E-12    4.89%   12.83%   21.79%   47.24%   0.04999998s
>>> Total wall time: 0.00000000s
>>> Total CPU-time : 0.06999999s

########## END ITERATION NO.   8 ##########   Fri Apr 16 10:00:27 2004

It.   8    -74.80116372229      9.95E-07  2.66E-03  6.92E-04   DIIS   4    0.06999999s   LL SL       Fri Apr 16

########## START ITERATION NO.   9##########   Fri Apr 16 10:00:27 2004

    9 *** Differential density matrix. DCOVLP     = 1.0000
    9 *** Differential density matrix. DVOVLP( 1) = 1.0000
SCR        scr.thr.    Step1    Step2  Coulomb  Exchange    CPU-time
SOfock:LL  1.00E-12    5.80%    2.09%   31.54%   39.64%   0.00999999s
SOfock:SL  1.00E-12    6.22%   15.31%   23.43%   45.57%   0.04999998s
>>> Total wall time: 0.00000000s
>>> Total CPU-time : 0.06999999s

########## END ITERATION NO.   9 ##########   Fri Apr 16 10:00:27 2004

It.   9    -74.80116390232      1.80E-07 -7.18E-04  7.81E-05   DIIS   5    0.06999999s   LL SL       Fri Apr 16

########## START ITERATION NO.  10##########   Fri Apr 16 10:00:27 2004

   10 *** Differential density matrix. DCOVLP     = 1.0000
   10 *** Differential density matrix. DVOVLP( 1) = 1.0000
SCR        scr.thr.    Step1    Step2  Coulomb  Exchange    CPU-time
SOfock:LL  1.00E-12    3.28%    4.03%   29.18%   38.12%   0.00999999s
SOfock:SL  1.00E-12    8.34%   21.59%   20.39%   41.64%   0.03999999s
>>> Total wall time: 0.00000000s
>>> Total CPU-time : 0.06000000s

########## END ITERATION NO.  10 ##########   Fri Apr 16 10:00:27 2004

It.  10    -74.80116390383      1.51E-09 -5.76E-05  1.42E-05   DIIS   6    0.06000000s   LL SL       Fri Apr 16

########## START ITERATION NO.  11##########   Fri Apr 16 10:00:27 2004

   11 *** Differential density matrix. DCOVLP     = 1.0000
   11 *** Differential density matrix. DVOVLP( 1) = 1.0000
SCR        scr.thr.    Step1    Step2  Coulomb  Exchange    CPU-time
SOfock:LL  1.00E-12    1.67%    6.57%   28.83%   37.36%   0.00000000s
SOfock:SL  1.00E-12    6.15%   27.25%   19.43%   39.89%   0.04999995s
>>> Total wall time: 0.00000000s
>>> Total CPU-time : 0.05999994s

########## END ITERATION NO.  11 ##########   Fri Apr 16 10:00:27 2004

It.  11    -74.80116390389      5.42E-11 -1.23E-05  2.23E-07   DIIS   6    0.05999994s   LL SL       Fri Apr 16


                               SCF - CYCLE
                               -----------

* Convergence on norm of error vector (gradient).
  Desired convergence:1.000E-06
  Allowed convergence:1.000E-06

* ERGVAL - convergence in total energy
* FCKVAL - convergence in maximum change in total Fock matrix
* EVCVAL - convergence in error vector (gradient)
--------------------------------------------------------------------------------------------------------------------------------
           Energy               ERGVAL    FCKVAL    EVCVAL      Conv.acc    CPU          Integrals   Time stamp
--------------------------------------------------------------------------------------------------------------------------------
It.   1    -42.79994988095      1.00E+20  0.00E+00  0.00E+00               0.02000000s   Bare nuc.   Fri Apr 16
It.   2    -74.54481794959      3.17E+01 -1.36E+01  1.51E+00               0.04000000s   LL          Fri Apr 16
It.   3    -74.78324207041      2.38E-01 -1.06E+00  3.17E-01   DIIS   3    0.02000000s   LL          Fri Apr 16
It.   4    -74.82144607054      3.82E-02  3.57E-01  5.78E-02   DIIS   4    0.02000000s   LL          Fri Apr 16
It.   5    -74.82292090678      1.47E-03 -6.11E-02  3.36E-03   DIIS   5    0.02000001s   LL          Fri Apr 16
It.   6    -74.80115519611     -2.18E-02  2.22E+01  6.73E-01               0.06999999s   LL SL       Fri Apr 16
It.   7    -74.80116272746      7.53E-06 -1.20E-02  1.32E-03   DIIS   3    0.06000002s   LL SL       Fri Apr 16
It.   8    -74.80116372229      9.95E-07  2.66E-03  6.92E-04   DIIS   4    0.06999999s   LL SL       Fri Apr 16
It.   9    -74.80116390232      1.80E-07 -7.18E-04  7.81E-05   DIIS   5    0.06999999s   LL SL       Fri Apr 16
It.  10    -74.80116390383      1.51E-09 -5.76E-05  1.42E-05   DIIS   6    0.06000000s   LL SL       Fri Apr 16
It.  11    -74.80116390389      5.42E-11 -1.23E-05  2.23E-07   DIIS   6    0.05999994s   LL SL       Fri Apr 16
--------------------------------------------------------------------------------------------------------------------------------
* Convergence after   11 iterations.
* Average elapsed time per iteration: 
      No 2-ints :    0.00000000s
      LL        :    0.00000000s
      LL SL     :    0.00000000s


                               TOTAL ENERGY
                               ------------

   Electronic energy                        :    -74.801163903887911

   Other contributions to the total energy
   Nuclear repulsion energy                 :      0.000000000000000
   SS Coulombic correction                  :      0.000000000000000

   Sum of all contributions to the energy
   Total energy                             :    -74.801163903887911


                               Eigenvalues
                               -----------


* Fermion symmetry E1 
  * Closed shell, f = 1.0000
   -20.69382149788  ( 2)       -1.24566854784  ( 2)
  * Open shell #1, f = 0.6667
    -0.36409428249  ( 2)       -0.36289812469  ( 4)
  * Virtual eigenvalues, f = 0.0000
     1.07664672006  ( 2)        1.07778984566  ( 4)        1.27672266519  ( 2)        2.89149231502  ( 4)        2.89176938048  ( 6)
     6.00763936807  ( 2)        6.01261931102  ( 4)       12.52053263289  ( 2)       33.25337847643  ( 2)       33.29802299033  ( 4)
    61.05555980231  ( 2)      230.15522127743  ( 2)      851.64215813717  ( 2)     3409.62601350799  ( 2)    15466.11776308272  ( 2)


* HOMO - LUMO gap:

    E(LUMO) :     1.07664672 au (symmetry E1 )
  - E(HOMO) :    -0.36289812 au (symmetry E1 )
  ------------------------------------------
    gap     :     1.43954484 au



 **************************************************************************
 ********************** Mulliken population analysis **********************
 **************************************************************************



                            Fermion ircop E1 
                            -----------------


* Electronic eigenvalue nr.  1: -20.693821497884       (Occupation : f = 1.0000)
================================================================================

* Gross populations greater than 0.00010

Gross     Total   |    L A1 O  s      A1 O  _small   B1 O  _small   B2 O  _small
-----------------------------------------------------------------------------------
 alpha    0.9995  |      0.9992         0.0003         0.0000         0.0000
 beta     0.0005  |      0.0000         0.0000         0.0003         0.0003

* Electronic eigenvalue nr.  2: -1.2456685478428       (Occupation : f = 1.0000)
================================================================================

* Gross populations greater than 0.00010

Gross     Total   |    L A1 O  s   
--------------------------------------
 alpha    0.9999  |      0.9999
 beta     0.0001  |      0.0000

* Electronic eigenvalue nr.  3: -0.3640942824868       (Occupation : f = 0.6667)
================================================================================

* Gross populations greater than 0.00010

Gross     Total   |    L A1 O  pz     L B1 O  px     L B2 O  py  
--------------------------------------------------------------------
 alpha    0.3334  |      0.3333         0.0000         0.0000
 beta     0.6666  |      0.0000         0.3333         0.3333

* Electronic eigenvalue nr.  4: -0.3628981246866       (Occupation : f = 0.6667)
================================================================================

* Gross populations greater than 0.00010

Gross     Total   |    L A1 O  pz     L B1 O  px     L B2 O  py  
--------------------------------------------------------------------
 alpha    0.0086  |      0.0086         0.0000         0.0000
 beta     0.9914  |      0.0000         0.5608         0.4305

* Electronic eigenvalue nr.  5: -0.3628981246820       (Occupation : f = 0.6667)
================================================================================

* Gross populations greater than 0.00010

Gross     Total   |    L A1 O  pz     L B1 O  px     L B2 O  py  
--------------------------------------------------------------------
 alpha    0.6581  |      0.6580         0.0000         0.0000
 beta     0.3419  |      0.0000         0.1058         0.2361


*** Total gross population ***

Gross      Total    |    L A1 O  s      L A1 O  pz     L B1 O  px     L B2 O  py     A1 O  _small   B1 O  _small   B2 O  _small
--------------------------------------------------------------------------------------------------------------------------------
 total     8.00000  |      3.99828        1.33324        1.33324        1.33324        0.00074        0.00061        0.00061

 Date and time (Linux) : Fri Apr 16 10:00:27 2004
*****************************************************
>>>> Total CPU  time used in DIRAC:  0.54999994s
>>>> Total WALL time used in DIRAC:  1.00000000s
********** E N D   of   D I R A C  output  **********
