$ERROR 1.E-7
Nlines 8:* Dipole moment:

$ERROR 1.E-7
Nlines 1:   Test: imported frozen density integrates to

$ERROR 1.E-5
From: Energy eigenvalues in atomic units
ToRe: Relative real eigenvalues in other units;
