DIRAC pam run in /Users/behe/Projects/DIRAC_WORK/test/import_mos
DIRAC serial starts by allocating 64000000 words (488 MB) of memory
             out of the allowed maximum of 2147483648 words (16384 MB)

Note: maximum allocatable memory for serial run can be set by pam --aw

 *******************************************************************************
 *                                                                             *
 *                                O U T P U T                                  *
 *                                   from                                      *
 *                                                                             *
 *                   @@@@@    @@   @@@@@     @@@@     @@@@@                    *
 *                   @@  @@        @@  @@   @@  @@   @@                        *
 *                   @@  @@   @@   @@@@@    @@@@@@   @@                        *
 *                   @@  @@   @@   @@ @@    @@  @@   @@                        *
 *                   @@@@@    @@   @@  @@   @@  @@    @@@@@                    *
 *                                                                             *
 *                                                                             *
 %}ZS)S?$=$)]S?$%%>SS$%S$ZZ6cHHMHHHHHHHHMHHM&MHbHH6$L/:<S///</:|/:|:/::!:.::--:%
 $?S$$%$$$$?%?$(SSS$SSSHMMMMMMMMMMMMMMMMMM6H&6S&SH&&k?6$r~::://///::::::.:::-::$
 (%?)Z??$$$(S%$>$)S6HMMMMMMMMMMMMMMMMMMMMMMR6M]&&$6HR$&6(i::::::|i|:::::::-:-::(
 $S?$$)$?$%?))?S/]#MMMMMMMMMMMMMMMMMMMMMMMMMMHM1HRH9R&$$$|):?:/://|:/::/:/.::.:$
 SS$%%?$%((S)?Z[6MMMMMMMMMMMMMMMMMMMMMMMMMMMMMMMMM&HF$$&/)S?<~::!!:::::::/:-:|.S
 SS%%%%S$%%%$$MMMMMMMMMMMMMMMMMMMMMMMMMMMMMMMMMMMHHHHHHM>?/S/:/:::`:/://:/::-::S
 ?$SSSS?%SS$)MMMMMMMMMMMMMMMMMMMMMMMMMMMMMMMMMMMMMMMMMMM/4?:S:/:::/:::/:/:::.::?
 S$(S?S$%(?$HMMMMMMMMMMMMMMMMM#&7RH99MMMMMMMMMMMMMMMMMMHHHd$/:::::/::::::-//.:.S
 (?SS(%)S&HMMMMMMMMMMMMMMMMM#S|///???$9HHMMMMMMMMMDSZ&1S/?</>?~:///::|/!:/-:-:.(
 $S?%?<H(MMMMMMMMMMMMMMMMR?`. :.:`::<>:``?/*?##*)$:/>       `((%://::/:::::/::/$
 S$($$)HdMMMMMMMMMMMMMMMP: . `   `  `    `      `-            `Z<:>?::/:::::|:iS
 c%%%&HMMMMMMMMMMMMMMMM6:                                      `$%)>%%</>!:::::c
 S?%/MMMMMMMMMMMMMMMMMMH-                                        /ZSS>?:?~:;/::S
 $SZ?MMMMMMMMMMMMMMMMMH?.                                        \"&((/?//?|:::$
 $%$%&MMMMMMMMMMMMMMMMM:.                                          ?%/S:</::/::$
 ($?}&HMMMMMMMMMMMMMMMM>:                                          $%%<?/i:|i::(
 Z$($&MMMMMMMMMMMMMMMMHk(:.  . -                                   .S/\?\?/!:/:Z
 (??$<HMMMMMMMMMMMMMMMFk|:   -.-.                                  :%/%/(:/:ii|(
 SZ(S?]MMMMMMMMMMMMMMHS?:- -  ::.:                                  |/S:</::?||S
 $%)$$(MMMMMMMMMMMMMMR):`:. :.:::`,,/bcokb/_                       :S?%?|~:/:/:$
 %$$%$)[[?$?MMMMMMMMMM: :.:-.::::$7?<&7&MMMMMMM#/           _ .. ..:</?:(:/::::%
 $$$?Z?HHH~|/MMMMMMMMM/`.-.:.:/:%%%%?dHMMMMMMMMMMH?,-   .,bMMMM6//./i~/~:<:::/:$
 $($S$M//::S?ZHMMMMMH/:.`:::.:/%S/&MMHMMMMMMMMRM&><   ,HMMMMMMMF  :::?:///:|:::$
 )[$S$S($|_i:#>::*H&?/::.::/:\"://:?>>`:&HMHSMMMM$:`-   MMHMMMMHHT .)i/?////::/)
 $$[$$>$}:dHH&$$--?S::-:.:::--/-:``./::>%Zi?)&/?`:.`   `H?$T*\" `  /%?>%:)://ii$
 $&=&/ZS}$RF<:?/-.|%r/:::/:/:`.-.-..|::S//!`\"``          >??:    `SS<S:)!/////$
 Z&]>b[Z(Z?&%:::../S$$:>:::i`.`. `-.`  `                         ,>%%%:>/>/!|:/Z
 $$&/F&1$c$?>:>?/,>?$$ZS/::/:-: ...                              |S?S)S?<~:::::$
 &$&$&$k&>>|?<:<?((/$[/?)i~/:/. - -                              S?:%%%?/:::/::&
 =[/Z[[Fp[MMH$>?Z&S$$$/$S///||..-           -.-                  /((S$:%<:///:/=
 $&>1MHHMMMM6M9MMMM$Z$}$S%/:::.`.            .:/,,,dcb>/:.       ((SSSS%:)!//i|$
 MMMMMMMMMMMR&&RRRHR&&($(?:|i::-             .:%&S&$[&H&``     ../>%;/?>??:<::>M
 MMMMMMMMMMMMS/}S$&&H&[$SS//:::.:.   . . .v</Jq1&&D]&M&<,      :/::/?%%)S>?://:M
 MMMMMMMMMMMM?}$/$$kMM&&$(%/?//:..`.  .|//1d/`://?*/*/\"` `     .:/(SS$%(S%)):%M
 MMMMMMMMMMMM(}$$>&&MMHR#$S%%:?::.:|-.`:;&&b/D/$p=qpv//b/~`   :/~~%%??$=$)Z$S+;M
 MMMMMMMMMMMM[|S$$Z1]MMMMD[$?$:>)/::: :/?:``???bD&{b<<-`     .,:/)|SS(}Z/$$?/<SM
 MMMMMMMMMMMM||$)&7k&MMMMH9]$$??Z%|!/:i::`  `` .             SS?SS?Z/]1$/&$c/$SM
 MMMMMMMMMMMM| -?>[&]HMMMMMMMH1[/7SS(?:/..-` ::/Sc,/_,     _<$?SS%$S/&c&&$&>//<M
 MMMMMMMMMMMMR  `$&&&HMM9MMMMMMM&&c$%%:/:/:.:.:/\?\?/\    _MMHk/7S/]dq&1S<&&></M
 MMMMMMMMMMMMM?  :&96MHMMMMMMMMMMMHHk[S%(<<:// `         ,MMMMMMM&/Z6H]DkH]1$&&M
 MMMMMMMMMMMMMD    99H9HMMMMMMMMMMMMMMMb&%$<:i.:....    .MMMMMMMMM6HHHRH&H&H1SFM
 MMMMMMMMMMMMMM|   `?HMMMMMMMMMMMMMMMMMMMHk6k&>$&Z$/?_.bHMMMMMMMMMMM&6HRM9H6]ZkM
 MMMMMMMMMMMMMMM/    `TMMMMMMMMMMMMMMMMMMMMMMMMMMMMMMMMMMMMMMMMMMMMMMHMH6RH&R6&M
 MMMMMMMMMMMMMMMM    -|?HMMMMMMMMMMMMMMMMMMMMMMMMMMMMMMMMMMMMMMMMMMMMMFHH6HMD&&M
 MMMMMMMMMMMMMMMMk  ..:~?9MMMMMMMMMMMMM#`:MMMMMMMMMMMMMMMMMMMMMMMMMMMMM9MHkR6&FM
 MMMMMMMMMMMMMMMMM/  .-!:%$ZHMMMMMMMMMR` dMMMMMMMMMMMMMMMMMMMMMMMMMMMMM9MRMHH9&M
 MMMMMMMMMMMMMMMMMML,:.-|::/?&&MMMMMM` .MMMMMMMMMMMMMMMMMMMMMMMMMMMMMMMMHRMH&&6M
 MMMMMMMMMMMMMMMMMMMc%>/:::i<:SMMMMMMHdMMMMMMMMMMMMMMMMMMMMMMMMMMMMMMMMHHM&969kM
 MMMMMMMMMMMMMMMMMMMMSS/$$/(|HMMMMMMMMMMMMMMMMMMMMMMMMMMMMMMMMMMMMMMMMMMMHH&HH&M
 MMMMMMMMMMMMMMMMMMMM6S/?/MMMMMMMMMMMMMMMMMMMMMMMMMMMMMMMMMMMMMMMMMMMMMR96H1DR1M
 MMMMMMMMMMMMMMMMMMMMM&$MHMMMMMMMMMMMMMMMMMMMMMMMMMMMMMMMMMMMMMMMMMMMMMHMH691&&M
 MMMMMMMMMMMMMMMMMMMMMMMMMMMMMMMMMMMMMMMMMMMMMMMMMMMMMMMMMMMMMMMMMMMMMMMMH&R&9ZM
 MMMMMMMMMMMMMMMMMMMMMMMMMRHMMMMMMMMMMMMMMMMMMMMMMMMMMMMMMMMMMMMMMMMMMMMH&96][6M
 MMMMMMMMMMMMMMMMMMMMMMMMp?:MMMMMMMMMMMMMMMMMMMMMMMMMMMMMMMMMMMMMMMMMMM96HH1][FM
 MMMMMMMMMMMMMMMMMMMMMMMM> -HMMMMMMMMMMMMMMMMMMMMMMMMMMMMMMMMMMMMMMMMMMMH&1k&$&M
 *******************************************************************************
 *                                                                             *
 *         =========================================================           *
 *                     Program for Atomic and Molecular                        *
 *          Direct Iterative Relativistic All-electron Calculations            *
 *         =========================================================           *
 *                                                                             *
 *                                                                             *
 *    Written by:                                                              *
 *                                                                             *
 *    Lucas Visscher           VU University Amsterdam           Netherlands   *
 *    Hans Joergen Aa. Jensen  University of Southern Denmark    Denmark       *
 *    Radovan Bast             UiT The Arctic University of      Norway        *
 *    Trond Saue               Universite Toulouse III           France        *
 *                                                                             *
 *    with contributions from:                                                 *
 *                                                                             *
 *    Vebjoern Bakken          University of Oslo                Norway        *
 *    Kenneth G. Dyall         Schrodinger, Inc., Portland       USA           *
 *    Sebastien Dubillard      University of Strasbourg          France        *
 *    Ulf Ekstroem             University of Oslo                Norway        *
 *    Ephraim Eliav            University of Tel Aviv            Israel        *
 *    Thomas Enevoldsen        University of Southern Denmark    Denmark       *
 *    Elke Fasshauer           UiT The Arctic University of      Norway        *
 *    Timo Fleig               Universite Toulouse III           France        *
 *    Olav Fossgaard           UiT The Arctic University of      Norway        *
 *    Andre S. P. Gomes        CNRS/Universite de Lille          France        *
 *    Trygve Helgaker          University of Oslo                Norway        *
 *    Johan Henriksson         Linkoeping University             Sweden        *
 *    Miroslav Ilias           Matej Bel University              Slovakia      *
 *    Christoph R. Jacob       TU Braunschweig                   Germany       *
 *    Stefan Knecht            ETH Zuerich                       Switzerland   *
 *    Stanislav Komorovsky     UiT The Arctic University of      Norway        *
 *    Ossama Kullie            University of Kassel              Germany       *
 *    Jon K. Laerdahl          University of Oslo                Norway        *
 *    Christoffer V. Larsen    University of Southern Denmark    Denmark       *
 *    Yoon Sup Lee             KAIST, Daejeon                    South Korea   *
 *    Huliyar S. Nataraj       BME/Budapest Univ. Tech. & Econ.  Hungary       *
 *    Malaya Kumar Nayak       Bhabha Atomic Research Centre     India         *
 *    Patrick Norman           Linkoeping University             Sweden        *
 *    Malgorzata Olejniczak    CNRS/Universite de Lille          France        *
 *    Jeppe Olsen              Aarhus University                 Denmark       *
 *    Young Choon Park         KAIST, Daejeon                    South Korea   *
 *    Jesper K. Pedersen       University of Southern Denmark    Denmark       *
 *    Markus Pernpointner      University of Heidelberg          Germany       *
 *    Roberto Di Remigio       UiT The Arctic University of      Norway        *
 *    Kenneth Ruud             UiT The Arctic University of      Norway        *
 *    Pawel Salek              Stockholm Inst. of Technology     Sweden        *
 *    Bernd Schimmelpfennig    Karlsruhe Institute of Technology Germany       *
 *    Jetze Sikkema            VU University Amsterdam           Netherlands   *
 *    Andreas J. Thorvaldsen   UiT The Arctic University of      Norway        *
 *    Joern Thyssen            University of Southern Denmark    Denmark       *
 *    Joost van Stralen        VU University Amsterdam           Netherlands   *
 *    Sebastien Villaume       Linkoeping University             Sweden        *
 *    Olivier Visser           University of Groningen           Netherlands   *
 *    Toke Winther             University of Southern Denmark    Denmark       *
 *    Shigeyoshi Yamamoto      Chukyo University                 Japan         *
 *                                                                             *
 *    For the complete list of contributors to the DIRAC code see our          *
 *    website http://www.diracprogram.org                                      *
 *                                                                             *
 *    This is an experimental code. The authors accept no responsibility       *
 *    for the performance of the code or for the correctness of the results.   *
 *                                                                             *
 *    The code (in whole or part) is not to be reproduced for further          *
 *    distribution without the written permission of the authors or            *
 *    their representatives.                                                   *
 *                                                                             *
 *    If results obtained with this code are published, an                     *
 *    appropriate citation would be:                                           *
 *                                                                             *
 *    DIRAC, a relativistic ab initio electronic structure program,            *
 *    Release DIRAC17 (2017),                                                  *
 *    written by L. Visscher, H. J. Aa. Jensen, R. Bast, and T. Saue,          *
 *    with contributions from V. Bakken, K. G. Dyall, S. Dubillard,            *
 *    U. Ekstroem, E. Eliav, T. Enevoldsen, E. Fasshauer, T. Fleig,            *
 *    O. Fossgaard, A. S. P. Gomes, T. Helgaker, J. Henriksson, M. Ilias,      *
 *    Ch. R. Jacob, S. Knecht, S. Komorovsky, O. Kullie, J. K. Laerdahl,       *
 *    C. V. Larsen, Y. S. Lee, H. S. Nataraj, M. K. Nayak, P. Norman,          *
 *    G. Olejniczak, J. Olsen, Y. C. Park, J. K. Pedersen, M. Pernpointner,    *
 *    R. Di Remigio, K. Ruud, P. Salek, B. Schimmelpfennig, J. Sikkema,        *
 *    A. J. Thorvaldsen, J. Thyssen, J. van Stralen, S. Villaume, O. Visser,   *
 *    T. Winther, and S. Yamamoto (see http://www.diracprogram.org).           *
 *                                                                             *
 *******************************************************************************

 ---  Git version information  ---
                Git branch : inpmos
      Last git commit hash : 553fabe
    Last git commit author : Benjamin Helmich-Paris
      Last git commit date : Wed Dec 14 18:41:23 2016 +0100

---  Configuration and build info  ---
              Who compiled : behe
        Compiled on server : lapbhp
          Operating system : Darwin-15.6.0
            Python version : 2.7.1
             CMake version : 3.4.0-rc1
           CMake generator : Unix Makefiles
          CMake build type : release
       MPI parallelization : False
              MPI launcher : unknown
           64-bit integers : False
          Fortran compiler : /opt/local/bin/gfortran
  Fortran compiler version : 5.4.0
    Fortran compiler flags :   -g -fcray-pointer -fbacktrace -fno-range-check -DVAR_GFORTRAN -DVAR_MFDS  -g -fcray-pointer -fbacktrace -fno-range-check -DVAR_GFORTRAN -DVAR_MFDS
                C compiler : /opt/local/bin/gcc
        C compiler version : 5.4.0
          C compiler flags :   -g  -g
              C++ compiler : /opt/local/bin/g++
      C++ compiler version : 5.4.0
        C++ compiler flags :   -g -Wall -Wno-unknown-pragmas -Wno-sign-compare -Woverloaded-virtual -Wwrite-strings -Wno-unused  -g -Wall -Wno-unknown-pragmas -Wno-sign-compare -Woverloaded-virtual -Wwrite-strings -Wno-unused
            Static linking : False
      Builtin BLAS library : OFF
    Builtin LAPACK library : OFF
    Mathematical libraries : /usr/lib/liblapack.dylib;/usr/lib/libblas.dylib
        Explicit libraries : unknown
       Modules definitions : MOD_UNRELEASED;SYS_DARWIN;VAR_MFDS;PRG_DIRAC;INSTALL_WRKMEM=64000000;MOD_QCORR;MOD_INTEREST;MOD_LAO_REARRANGED;MOD_MCSCF_spinfree;MOD_AOOSOC;MOD_ESR;MOD_KRCC;MOD_SRDFT
       Configuration time :  2016-12-15 15:32:18.744574
-----------------------------------------------------------------
 Selftest of ISO_C_BINDING Fortran - C/C++ interoperability PASSED

Execution time and host
-----------------------

 
     Date and time (Mac OSX): Fri Dec 16 10:53:07 2016
     Host name              : lapbhp                                  


Contents of the input file
--------------------------

**DIRAC INPUT                                                                                       
.WAVE FUNCTION                                                                                      
**HAMILTONIAN                                                                                       
.NONREL                                                                                             
**WAVE FUNCTIONS                                                                                    
#.SCF                                                                                               
**INTEGRALS                                                                                         
.NUCMOD                                                                                             
 1                                                                                                  
**GENERAL                                                                                           
.IMPMOS                                                                                             
 Molcas  ScfOrb                                                                                     
*END OF DIRAC INPUT                                                                                 


Contents of the molecule file
-----------------------------

INTGRL                                                                                              
..                                                                                                  
..                                                                                                  
C   2   0                                                                                           
        8.    1                                                                                     
O        0.00000  -0.2249058930   0.00000                                                           
LARGE BASIS cc-pV5Z                                                                                 
        1.    2                                                                                     
H        1.45235   0.8996230000   0.00000                                                           
H       -1.45235   0.8996230000   0.00000                                                           
LARGE BASIS cc-pV5Z                                                                                 
FINISH                                                                                              


    *************************************************************************
    ********************* DIRAC: No title specified !!! *********************
    *************************************************************************

 Jobs in this run:
   * Wave function

import scalar-relativistic MO coefficients from

  MOLCAS file ScfOrb



    **************************************************************************
    ************************** General DIRAC set-up **************************
    **************************************************************************

   CODATA Recommended Values of the Fundamental Physical Constants: 1998  
                Peter J. Mohr and Barry N. Taylor                         
   Journal of Physical and Chemical Reference Data, Vol. 28, No. 6, 1999  
 * The speed of light :        137.0359998
 * Running in two-component mode
 * Direct evaluation of the following two-electron integrals:
   - LL-integrals
 * Spherical transformation embedded in MO-transformation
   for large components
 * Transformation to scalar RKB basis embedded in
   MO-transformation for small components
 * Thresholds for linear dependence:
   Large components:   1.00D-06
   Small components:   1.00D-08
 * General print level   :   0


    *************************************************************************
    ****************** Output from HERMIT input processing ******************
    *************************************************************************

 Default print level:        1
 Nuclear model: Point charge.

 Two-electron integrals not calculated.


 Ordinary (field-free non-relativistic) Hamiltonian integrals not calculated.



   ***************************************************************************
   ****************** Output from MOLECULE input processing ******************
   ***************************************************************************



  Title Cards
  -----------

  ..                                                                      
  ..                                                                      


                          SYMGRP:Point group information
                          ------------------------------

Point group: C1 

   * Character table

        |  E 
   -----+-----
    A   |   1

   * Direct product table

        | A  
   -----+-----
    A   | A  


                            **************************
                            *** Output from DBLGRP ***
                            **************************

   * One fermion irrep:   E1 
   * Quaternionic group. NZ = 4
   * Direct product decomposition:
          E1  x E1  : A   + A   + A   + A  


                                 Spinor structure
                                 ----------------


   * Fermion irrep no.: 1
      La  |  A  (1)  A  (1)  |
      Sa  |  A  (1)  A  (1)  |
      Lb  |  A  (1)  A  (1)  |
      Sb  |  A  (1)  A  (1)  |


                              Quaternion symmetries
                              ---------------------

    Rep  T(+)
    -----------------------------
    A    1  i  j  k

  QM-QM nuclear repulsion energy :      9.055004525638



                                 Isotopic Masses
                                 ---------------

                           O          15.994915
                           H           1.007825
                           H           1.007825

                       Total mass:    18.010565 amu
                       Natural abundance:  99.730 %

 Center-of-mass coordinates (a.u.):    0.000000   -0.099054    0.000000


  Atoms and basis sets
  --------------------

  Number of atom types :    2
  Total number of atoms:    3

  label    atoms   charge   prim    cont     basis   
  ----------------------------------------------------------------------
  O           1       8     143     126      L  - [14s8p4d3f2g1h|6s5p4d3f2g1h]                                   
                              0       0      S  - No small component basis functions attached                    
  H           2       1      73      70      L  - [8s4p3d2f1g|5s4p3d2f1g]                                        
                              0       0      S  - No small component basis functions attached                    
  ----------------------------------------------------------------------
                            289     266      L  - large components
  ----------------------------------------------------------------------
  total:      3      10     289     266

  Cartesian basis used.
  Threshold for integrals (to be written to file):  1.00D-15


  References for the basis sets
  -----------------------------

  Atom type   1   2
   Elements                             References                                
   --------                             ----------                                
   H      : T.H. Dunning, Jr. J. Chem. Phys. 90, 1007 (1989).                     
   He     : D.E. Woon and T.H. Dunning, Jr. J. Chem. Phys. 100, 2975 (1994).      
   Li - Ne: T.H. Dunning, Jr. J. Chem. Phys. 90, 1007 (1989).                     
   Na - Mg: D.E. Woon and T.H. Dunning, Jr.  (to be published)                    
   Al - Ar: D.E. Woon and T.H. Dunning, Jr.  J. Chem. Phys. 98, 1358 (1993).      
   Ca     : J. Koput and K.A. Peterson, J. Phys. Chem. A, 106, 9595 (2002).       
   Ga - Kr: A.K. Wilson, D.E. Woon, K.A. Peterson, T.H. Dunning, Jr.,             
            J. Chem. Phys., 110, 7667 (1999)                                      


  Cartesian Coordinates (bohr)
  ----------------------------

  Total number of coordinates:  9


   1   O        x      0.0000000000
   2            y     -0.2249058930
   3            z      0.0000000000

   4   H        x      1.4523500000
   5            y      0.8996230000
   6            z      0.0000000000

   7   H        x     -1.4523500000
   8            y      0.8996230000
   9            z      0.0000000000



  Cartesian coordinates in XYZ format (Angstrom)
  ----------------------------------------------

    3

O      0.0000000000  -0.1190150726   0.0000000000
H      0.7685505185   0.4760599877   0.0000000000
H     -0.7685505185   0.4760599877   0.0000000000


   Interatomic separations (in Angstroms):
   ---------------------------------------

            O           H           H   

   O       0.000000
   H       0.972000    0.000000
   H       0.972000    1.537101    0.000000




  Bond distances (angstroms):
  ---------------------------

                  atom 1     atom 2                           distance
                  ------     ------                           --------
  bond distance:    H          O                              0.972000
  bond distance:    H          O                              0.972000


  Bond angles (degrees):
  ----------------------

                  atom 1     atom 2     atom 3                   angle
                  ------     ------     ------                   -----
  bond angle:       H          O          H                    104.500



   Nuclear repulsion energy :    9.055004525638 Hartree


                                GETLAB: AO-labels
                                -----------------

   * Large components:  126
     1  L O   1 s        2  L O   1 px       3  L O   1 py       4  L O   1 pz       5  L O   1 dxx      6  L O   1 dxy 
     7  L O   1 dxz      8  L O   1 dyy      9  L O   1 dyz     10  L O   1 dzz     11  L O   1 fxxx    12  L O   1 fxxy
    13  L O   1 fxxz    14  L O   1 fxyy    15  L O   1 fxyz    16  L O   1 fxzz    17  L O   1 fyyy    18  L O   1 fyyz
    19  L O   1 fyzz    20  L O   1 fzzz    21  L O   1 g400    22  L O   1 g310    23  L O   1 g301    24  L O   1 g220
    25  L O   1 g211    26  L O   1 g202    27  L O   1 g130    28  L O   1 g121    29  L O   1 g112    30  L O   1 g103
    31  L O   1 g040    32  L O   1 g031    33  L O   1 g022    34  L O   1 g013    35  L O   1 g004    36  L O   1 h500
    37  L O   1 h410    38  L O   1 h401    39  L O   1 h320    40  L O   1 h311    41  L O   1 h302    42  L O   1 h230
    43  L O   1 h221    44  L O   1 h212    45  L O   1 h203    46  L O   1 h140    47  L O   1 h131    48  L O   1 h122
    49  L O   1 h113    50  L O   1 h104    51  L O   1 h050    52  L O   1 h041    53  L O   1 h032    54  L O   1 h023
    55  L O   1 h014    56  L O   1 h005    57  L H   1 s       58  L H   1 px      59  L H   1 py      60  L H   1 pz  
    61  L H   1 dxx     62  L H   1 dxy     63  L H   1 dxz     64  L H   1 dyy     65  L H   1 dyz     66  L H   1 dzz 
    67  L H   1 fxxx    68  L H   1 fxxy    69  L H   1 fxxz    70  L H   1 fxyy    71  L H   1 fxyz    72  L H   1 fxzz
    73  L H   1 fyyy    74  L H   1 fyyz    75  L H   1 fyzz    76  L H   1 fzzz    77  L H   1 g400    78  L H   1 g310
    79  L H   1 g301    80  L H   1 g220    81  L H   1 g211    82  L H   1 g202    83  L H   1 g130    84  L H   1 g121
    85  L H   1 g112    86  L H   1 g103    87  L H   1 g040    88  L H   1 g031    89  L H   1 g022    90  L H   1 g013
    91  L H   1 g004    92  L H   1 s       93  L H   1 px      94  L H   1 py      95  L H   1 pz      96  L H   1 dxx 
    97  L H   1 dxy     98  L H   1 dxz     99  L H   1 dyy    100  L H   1 dyz    101  L H   1 dzz    102  L H   1 fxxx
   103  L H   1 fxxy   104  L H   1 fxxz   105  L H   1 fxyy   106  L H   1 fxyz   107  L H   1 fxzz   108  L H   1 fyyy
   109  L H   1 fyyz   110  L H   1 fyzz   111  L H   1 fzzz   112  L H   1 g400   113  L H   1 g310   114  L H   1 g301
   115  L H   1 g220   116  L H   1 g211   117  L H   1 g202   118  L H   1 g130   119  L H   1 g121   120  L H   1 g112
   121  L H   1 g103   122  L H   1 g040   123  L H   1 g031   124  L H   1 g022   125  L H   1 g013   126  L H   1 g004
   * Small components:    0



  Symmetry Orbitals
  -----------------

  Number of orbitals in each symmetry:          266
  Number of large orbitals in each symmetry:    266
  Number of small orbitals in each symmetry:      0

* Large component functions

  Symmetry  A  ( 1)

        6 functions:    O  s   
        5 functions:    O  px  
        5 functions:    O  py  
        5 functions:    O  pz  
        4 functions:    O  dxx 
        4 functions:    O  dxy 
        4 functions:    O  dxz 
        4 functions:    O  dyy 
        4 functions:    O  dyz 
        4 functions:    O  dzz 
        3 functions:    O  fxxx
        3 functions:    O  fxxy
        3 functions:    O  fxxz
        3 functions:    O  fxyy
        3 functions:    O  fxyz
        3 functions:    O  fxzz
        3 functions:    O  fyyy
        3 functions:    O  fyyz
        3 functions:    O  fyzz
        3 functions:    O  fzzz
        2 functions:    O  g400
        2 functions:    O  g310
        2 functions:    O  g301
        2 functions:    O  g220
        2 functions:    O  g211
        2 functions:    O  g202
        2 functions:    O  g130
        2 functions:    O  g121
        2 functions:    O  g112
        2 functions:    O  g103
        2 functions:    O  g040
        2 functions:    O  g031
        2 functions:    O  g022
        2 functions:    O  g013
        2 functions:    O  g004
        1 functions:    O  h500
        1 functions:    O  h410
        1 functions:    O  h401
        1 functions:    O  h320
        1 functions:    O  h311
        1 functions:    O  h302
        1 functions:    O  h230
        1 functions:    O  h221
        1 functions:    O  h212
        1 functions:    O  h203
        1 functions:    O  h140
        1 functions:    O  h131
        1 functions:    O  h122
        1 functions:    O  h113
        1 functions:    O  h104
        1 functions:    O  h050
        1 functions:    O  h041
        1 functions:    O  h032
        1 functions:    O  h023
        1 functions:    O  h014
        1 functions:    O  h005
        5 functions:    H  s   
        4 functions:    H  px  
        4 functions:    H  py  
        4 functions:    H  pz  
        3 functions:    H  dxx 
        3 functions:    H  dxy 
        3 functions:    H  dxz 
        3 functions:    H  dyy 
        3 functions:    H  dyz 
        3 functions:    H  dzz 
        2 functions:    H  fxxx
        2 functions:    H  fxxy
        2 functions:    H  fxxz
        2 functions:    H  fxyy
        2 functions:    H  fxyz
        2 functions:    H  fxzz
        2 functions:    H  fyyy
        2 functions:    H  fyyz
        2 functions:    H  fyzz
        2 functions:    H  fzzz
        1 functions:    H  g400
        1 functions:    H  g310
        1 functions:    H  g301
        1 functions:    H  g220
        1 functions:    H  g211
        1 functions:    H  g202
        1 functions:    H  g130
        1 functions:    H  g121
        1 functions:    H  g112
        1 functions:    H  g103
        1 functions:    H  g040
        1 functions:    H  g031
        1 functions:    H  g022
        1 functions:    H  g013
        1 functions:    H  g004
        5 functions:    H  s   
        4 functions:    H  px  
        4 functions:    H  py  
        4 functions:    H  pz  
        3 functions:    H  dxx 
        3 functions:    H  dxy 
        3 functions:    H  dxz 
        3 functions:    H  dyy 
        3 functions:    H  dyz 
        3 functions:    H  dzz 
        2 functions:    H  fxxx
        2 functions:    H  fxxy
        2 functions:    H  fxxz
        2 functions:    H  fxyy
        2 functions:    H  fxyz
        2 functions:    H  fxzz
        2 functions:    H  fyyy
        2 functions:    H  fyyz
        2 functions:    H  fyzz
        2 functions:    H  fzzz
        1 functions:    H  g400
        1 functions:    H  g310
        1 functions:    H  g301
        1 functions:    H  g220
        1 functions:    H  g211
        1 functions:    H  g202
        1 functions:    H  g130
        1 functions:    H  g121
        1 functions:    H  g112
        1 functions:    H  g103
        1 functions:    H  g040
        1 functions:    H  g031
        1 functions:    H  g022
        1 functions:    H  g013
        1 functions:    H  g004


   ***************************************************************************
   *************************** Hamiltonian defined ***************************
   ***************************************************************************

 * Print level:    0
 * Non-relativistic Hamiltonian
   - Spin-orbit interactions neglected
 * Default integral flags passed to all modules
   - LL-integrals:     1
   - LS-integrals:     0
   - SS-integrals:     0
   - GT-integrals:     0
 * Basis set:
   - contracted large component basis set


    **************************************************************************
    ************************** Wave function module **************************
    **************************************************************************


 * Initial Automatic occupation based on:
   Total charge of atoms =  10
   Charge of molecule    =   0
   i.e. no. of electrons =  10
===========================================================================
 *SCF: Set-up for Hartree-Fock calculation:
===========================================================================
 * Number of fermion irreps: 1
 * Closed shell SCF calculation with    10 electrons in    5 orbitals.


 ********************************************************************************
 *************************** Input consistency checks ***************************
 ********************************************************************************



    *************************************************************************
    ************************ End of input processing ************************
    *************************************************************************



                      Nuclear contribution to dipole moments
                      --------------------------------------

                               au             Debye

                    x      0.00000000      0.00000000
                    y     -0.00000114     -0.00000291
                    z      0.00000000      0.00000000

                        1 Debye =   2.54177000 a.u. 


                       Generating Lowdin canonical matrix:
                       -----------------------------------

   L   A     * Deleted:         65(Proj:         65, Lindep:          0) Smin: 0.47E-04


      **********************************************************************
      ************************* Orbital dimensions *************************
      **********************************************************************

No. of positive energy orbitals (NESH):   201
No. of negative energy orbitals (NPSH):     0
Total no. of orbitals           (NORB):   201

    !!!!!!!!!!!!!!!!!!!!!!!!!!!!!!!!
    !!!        W A R N I N G     !!!
    !!!!!!!!!!!!!!!!!!!!!!!!!!!!!!!!

    import (N/S)R MO energies and coefficients from MOLCAS                                                          

checksum of imported and converted MOs: 0.1568037147679E+04

  Reading formatted DFPCMO file...Done.
===========================================================================
* PCMOIN: Coefficients read from formatted DFPCMO 
          and written to unformatted DFCOEF
===========================================================================

*****************************************************
********** E N D   of   D I R A C  output  **********
*****************************************************


 
     Date and time (Mac OSX): Fri Dec 16 10:53:08 2016
     Host name              : lapbhp                                  

>>>> Node 0, utime: 0, stime: 0, minflt: 4046, majflt: 44, nvcsw: 7, nivcsw: 193, maxrss: 10858496
>>>> Total WALL time used in DIRAC: 1s
  
  Dynamical Memory Usage Summary for Master
  
  Mean allocation size (Mb) :       122.31
  
  Largest          10  allocations
  
      488.28 Mb at subroutine unknown                                    for WORK in PAMSET - 2                        
      488.28 Mb at subroutine unknown                                    for WORK in GMOTRA                            
      488.28 Mb at subroutine unknown                                    for WORK in PAMSET - 1                        
      488.28 Mb at subroutine unknown                                    for test allocation of work array in DIRAC mai
        2.16 Mb at subroutine unknown                                    for CMO in PCMOIN                             
        0.76 Mb at subroutine unknown                                    for PAMINP WORK array                         
        0.54 Mb at subroutine unknown                                    for buf in butobs                             
        0.27 Mb at subroutine unknown                                    for unnamed variable                          
        0.02 Mb at subroutine unknown                                    for INTADR in XPLDEF                          
        0.02 Mb at subroutine unknown                                    for INTREP in XPLDEF                          
  
  Peak memory usage    (Mb) :       489.00
       reached at subroutine : unknown                                   
              for variable   : buf in butobs                             
  
 MEMGET high-water mark:     0.00 MB

*****************************************************
