gen1int_host_test>> test of INT_KIN_ENERGY.Gen1Int passed!
gen1int_host_test>> test of INT_OVERLAP.Gen1Int passed!
gen1int_host_test>> test of INT_CART_MULTIPOLE.Gen1Int passed!
gen1int_host_test>> test of INT_ANGMOM.Gen1Int passed!
gen1int_host_test>> test of INT_ONE_HAMIL.Gen1Int passed!
gen1int_host_test>> test of INT_ONE_HAMIL.Gen1Int passed!
gen1int_host_test>> test of INT_OVERLAP.Gen1Int passed!
gen1int_host_test>> test of INT_OVERLAP.Gen1Int passed!
gen1int_host_test>> test of INT_OVERLAP.Gen1Int passed!
