                         +--------------------------------+
                         ! Summary of chemical shieldings !
                         +--------------------------------+

 Definitions from J.Mason, Solid state Nuc.Magn.Res. 2 (1993), 285

@            isotropic shielding
@        ----------------------------
@atom          total          dia         para            skew            span            anis            asym
@----------------------------------------------------------------------------
@C           101.6491      266.5035     -164.8544        1.0000      261.5627      261.5627        0.0000
@O           253.9075      426.1663     -172.2589        1.0000      222.9170      222.9170        0.0000
@O           253.9075      426.1663     -172.2589        1.0000      222.9170      222.9170        0.0000
@----------------------------------------------------------------------------
