                         +--------------------------------+
                         ! Summary of chemical shieldings !
                         +--------------------------------+

 Definitions from J.Mason, Solid state Nuc.Magn.Res. 2 (1993), 285

@            isotropic shielding
@        ----------------------------
@atom          total          dia         para            skew            span            anis            asym
@----------------------------------------------------------------------------
@C           101.6560      266.5042     -164.8482        1.0000      261.5524      261.5524        0.0000
@O           253.9120      426.1666     -172.2545        1.0000      222.9101      222.9101        0.0000
@O           253.9120      426.1666     -172.2545        1.0000      222.9101      222.9101        0.0000
@----------------------------------------------------------------------------
