DIRAC launched (pam script) by bast@larry at Tue Dec 15 15:16:42 CET 2009
in : /home/bast/dirac/gfortran_gcc_a/test/040.vo_density
===========================================================================================
Size of all static allocations (pam script) : 71.5048 MB
DIRAC serial allocating 64000000 words (488 MB) of memory
 ******************************************************************************
 *                                                                            *
 *                                O U T P U T                                 *
 *                                   from                                     *
 *                                                                            *
 *                   @@@@@    @@   @@@@@     @@@@     @@@@@                   *
 *                   @@  @@        @@  @@   @@  @@   @@                       *
 *                   @@  @@   @@   @@@@@    @@@@@@   @@                       *
 *                   @@  @@   @@   @@ @@    @@  @@   @@                       *
 *                   @@@@@    @@   @@  @@   @@  @@    @@@@@                   *
 *                                                                            *
 *                                                                            *
 %}ZS)S?$=$)]S?$%%>SS$%S$ZZ6cHHMHHHHHHHHMHHM&MHbHH6$L/:<S///</:|/:|:/::!:.::--:
 $?S$$%$$$$?%?$(SSS$SSSHMMMMMMMMMMMMMMMMMM6H&6S&SH&&k?6$r~::://///::::::.:::-::
 (%?)Z??$$$(S%$>$)S6HMMMMMMMMMMMMMMMMMMMMMMR6M]&&$6HR$&6(i::::::|i|:::::::-:-::
 $S?$$)$?$%?))?S/]#MMMMMMMMMMMMMMMMMMMMMMMMMMHM1HRH9R&$$$|):?:/://|:/::/:/.::.:
 SS$%%?$%((S)?Z[6MMMMMMMMMMMMMMMMMMMMMMMMMMMMMMMMM&HF$$&/)S?<~::!!:::::::/:-:|.
 SS%%%%S$%%%$$MMMMMMMMMMMMMMMMMMMMMMMMMMMMMMMMMMMHHHHHHM>?/S/:/:::`:/://:/::-::
 ?$SSSS?%SS$)MMMMMMMMMMMMMMMMMMMMMMMMMMMMMMMMMMMMMMMMMMM/4?:S:/:::/:::/:/:::.::
 S$(S?S$%(?$HMMMMMMMMMMMMMMMMM#&7RH99MMMMMMMMMMMMMMMMMMHHHd$/:::::/::::::-//.:.
 (?SS(%)S&HMMMMMMMMMMMMMMMMM#S|///???$9HHMMMMMMMMMDSZ&1S/?</>?~:///::|/!:/-:-:.
 $S?%?<H(MMMMMMMMMMMMMMMMR?`. :.:`::<>:``?/*?##*)$:/>       `((%://::/:::::/::/
 S$($$)HdMMMMMMMMMMMMMMMP: . `   `  `    `      `-            `Z<:>?::/:::::|:i
 c%%%&HMMMMMMMMMMMMMMMM6:                                      `$%)>%%</>!:::::
 S?%/MMMMMMMMMMMMMMMMMMH-                                        /ZSS>?:?~:;/::
 $SZ?MMMMMMMMMMMMMMMMMH?.                                        \"&((/?//?|:::
 $%$%&MMMMMMMMMMMMMMMMM:.                                          ?%/S:</::/::
 ($?}&HMMMMMMMMMMMMMMMM>:                                          $%%<?/i:|i::
 Z$($&MMMMMMMMMMMMMMMMHk(:.  . -                                   .S/\?\?/!:/:
 (??$<HMMMMMMMMMMMMMMMFk|:   -.-.                                  :%/%/(:/:ii|
 SZ(S?]MMMMMMMMMMMMMMHS?:- -  ::.:                                  |/S:</::?||
 $%)$$(MMMMMMMMMMMMMMR):`:. :.:::`,,/bcokb/_                       :S?%?|~:/:/:
 %$$%$)[[?$?MMMMMMMMMM: :.:-.::::$7?<&7&MMMMMMM#/           _ .. ..:</?:(:/::::
 $$$?Z?HHH~|/MMMMMMMMM/`.-.:.:/:%%%%?dHMMMMMMMMMMH?,-   .,bMMMM6//./i~/~:<:::/:
 $($S$M//::S?ZHMMMMMH/:.`:::.:/%S/&MMHMMMMMMMMRM&><   ,HMMMMMMMF  :::?:///:|:::
 )[$S$S($|_i:#>::*H&?/::.::/:\"://:?>>`:&HMHSMMMM$:`-   MMHMMMMHHT .)i/?////::/
 $$[$$>$}:dHH&$$--?S::-:.:::--/-:``./::>%Zi?)&/?`:.`   `H?$T*\" `  /%?>%:)://ii|
 $&=&/ZS}$RF<:?/-.|%r/:::/:/:`.-.-..|::S//!`\"``          >??:    `SS<S:)!/////|
 Z&]>b[Z(Z?&%:::../S$$:>:::i`.`. `-.`  `                         ,>%%%:>/>/!|:/
 $$&/F&1$c$?>:>?/,>?$$ZS/::/:-: ...                              |S?S)S?<~:::::
 &$&$&$k&>>|?<:<?((/$[/?)i~/:/. - -                              S?:%%%?/:::/::
 =[/Z[[Fp[MMH$>?Z&S$$$/$S///||..-           -.-                  /((S$:%<:///:/
 $&>1MHHMMMM6M9MMMM$Z$}$S%/:::.`.            .:/,,,dcb>/:.       ((SSSS%:)!//i|
 MMMMMMMMMMMR&&RRRHR&&($(?:|i::-             .:%&S&$[&H&``     ../>%;/?>??:<::>
 MMMMMMMMMMMMS/}S$&&H&[$SS//:::.:.   . . .v</Jq1&&D]&M&<,      :/::/?%%)S>?://:
 MMMMMMMMMMMM?}$/$$kMM&&$(%/?//:..`.  .|//1d/`://?*/*/\"` `     .:/(SS$%(S%)):%
 MMMMMMMMMMMM(}$$>&&MMHR#$S%%:?::.:|-.`:;&&b/D/$p=qpv//b/~`   :/~~%%??$=$)Z$S+;
 MMMMMMMMMMMM[|S$$Z1]MMMMD[$?$:>)/::: :/?:``???bD&{b<<-`     .,:/)|SS(}Z/$$?/<S
 MMMMMMMMMMMM||$)&7k&MMMMH9]$$??Z%|!/:i::`  `` .             SS?SS?Z/]1$/&$c/$S
 MMMMMMMMMMMM| -?>[&]HMMMMMMMH1[/7SS(?:/..-` ::/Sc,/_,     _<$?SS%$S/&c&&$&>//<
 MMMMMMMMMMMMR  `$&&&HMM9MMMMMMM&&c$%%:/:/:.:.:/\?\?/\    _MMHk/7S/]dq&1S<&&></
 MMMMMMMMMMMMM?  :&96MHMMMMMMMMMMMHHk[S%(<<:// `         ,MMMMMMM&/Z6H]DkH]1$&&
 MMMMMMMMMMMMMD    99H9HMMMMMMMMMMMMMMMb&%$<:i.:....    .MMMMMMMMM6HHHRH&H&H1SF
 MMMMMMMMMMMMMM|   `?HMMMMMMMMMMMMMMMMMMMHk6k&>$&Z$/?_.bHMMMMMMMMMMM&6HRM9H6]Zk
 MMMMMMMMMMMMMMM/    `TMMMMMMMMMMMMMMMMMMMMMMMMMMMMMMMMMMMMMMMMMMMMMMHMH6RH&R6&
 MMMMMMMMMMMMMMMM    -|?HMMMMMMMMMMMMMMMMMMMMMMMMMMMMMMMMMMMMMMMMMMMMMFHH6HMD&&
 MMMMMMMMMMMMMMMMk  ..:~?9MMMMMMMMMMMMM#`:MMMMMMMMMMMMMMMMMMMMMMMMMMMMM9MHkR6&F
 MMMMMMMMMMMMMMMMM/  .-!:%$ZHMMMMMMMMMR` dMMMMMMMMMMMMMMMMMMMMMMMMMMMMM9MRMHH9&
 MMMMMMMMMMMMMMMMMML,:.-|::/?&&MMMMMM` .MMMMMMMMMMMMMMMMMMMMMMMMMMMMMMMMHRMH&&6
 MMMMMMMMMMMMMMMMMMMc%>/:::i<:SMMMMMMHdMMMMMMMMMMMMMMMMMMMMMMMMMMMMMMMMHHM&969k
 MMMMMMMMMMMMMMMMMMMMSS/$$/(|HMMMMMMMMMMMMMMMMMMMMMMMMMMMMMMMMMMMMMMMMMMMHH&HH&
 MMMMMMMMMMMMMMMMMMMM6S/?/MMMMMMMMMMMMMMMMMMMMMMMMMMMMMMMMMMMMMMMMMMMMMR96H1DR1
 MMMMMMMMMMMMMMMMMMMMM&$MHMMMMMMMMMMMMMMMMMMMMMMMMMMMMMMMMMMMMMMMMMMMMMHMH691&&
 MMMMMMMMMMMMMMMMMMMMMMMMMMMMMMMMMMMMMMMMMMMMMMMMMMMMMMMMMMMMMMMMMMMMMMMMH&R&9Z
 MMMMMMMMMMMMMMMMMMMMMMMMMRHMMMMMMMMMMMMMMMMMMMMMMMMMMMMMMMMMMMMMMMMMMMMH&96][6
 MMMMMMMMMMMMMMMMMMMMMMMMp?:MMMMMMMMMMMMMMMMMMMMMMMMMMMMMMMMMMMMMMMMMMM96HH1][F
 MMMMMMMMMMMMMMMMMMMMMMMM> -HMMMMMMMMMMMMMMMMMMMMMMMMMMMMMMMMMMMMMMMMMMMH&1k&$&
 ******************************************************************************
 *                                                                            *
 *         =======================================================            *
 *                     Program for Atomic and Molecular                       *
 *          Direct Iterative Relativistic Allelectron Calculations            *
 *         =======================================================            *
 *                                                                            *
 *                        VERSION 08.00  17 September 2008                    *
 *                                                                            *
 ******************************************************************************
 *                                                                            *
 *    Written by:                                                             *
 *                                                                            *
 *    Lucas Visscher           VU University Amsterdam           Netherlands  *
 *    Hans Joergen Aa. Jensen  University of Southern Denmark    Denmark      *
 *    Trond Saue               CNRS/ULP Strasbourg               France       *
 *                                                                            *
 *    with new contributions to DIRAC08 from:                                 *
 *                                                                            *
 *    Radovan Bast             University of Tromsoe             Norway       *
 *    Sebastien Dubillard      CNRS/ULP Strasbourg               France       *
 *    Kenneth G. Dyall         Schrodinger, Inc., Portland       USA          *
 *    Ulf Ekstrom              VU University Amsterdam           Netherlands  *
 *    Ephraim Eliav            University of Tel Aviv            Israel       *
 *    Timo Fleig               Universit√© P. Sabatier, Toulouse  France       *
 *    Andre S. P. Gomes        VU University Amsterdam           Netherlands  *
 *    Trygve U. Helgaker       University of Oslo                Norway       *
 *    Johan Henriksson         Linkoeping University             Sweden       *
 *    Miroslav Ilias           University of Zilina              Slovakia     *
 *    Christoph R. Jacob       ETH Zurich                        Switzerland  *
 *    Stefan Knecht            University of Duesseldorf         Germany      *
 *    Patrick Norman           Linkoeping University             Sweden       *
 *    Jeppe Olsen              Aarhus University                 Denmark      *
 *    Markus Pernpointner      University of Heidelberg          Germany      *
 *    Kenneth Ruud             University of Tromsoe             Norway       *
 *    Pawel Salek              Stockholm Inst. of Technology     Sweden       *
 *    Jetze Sikkema            VU University Amsterdam           Netherlands  *
 *                                                                            *
 *    For the complete list of contributors to the DIRAC code see our         *
 *    website http://dirac.chem.sdu.dk                                        *
 *                                                                            *
 *    This is an experimental code. The authors accept no responsibility      *
 *    for the performance of the code or for the correctness of the results.  *
 *                                                                            *
 *    The code (in whole or part) is not to be reproduced for further         *
 *    distribution without the written permission of the authors or           *
 *    their representatives.                                                  *
 *                                                                            *
 *    If results obtained with this code are published, an                    *
 *    appropriate citation would be:                                          *
 *                                                                            *
 *    DIRAC, a relativistic ab initio electronic structure program,           *
 *    Release DIRAC08 (2008),                                                 *
 *    written by L. Visscher, H. J. Aa. Jensen, and T. Saue,                  *
 *    with new contributions from R. Bast, S. Dubillard, K. G. Dyall,         *
 *    U. Ekstrom, E. Eliav, T. Fleig, A. S. P. Gomes, T. U. Helgaker,         *
 *    J. Henriksson, M. Ilias, Ch. R. Jacob, S. Knecht, P. Norman,            *
 *    J. Olsen, M. Pernpointner, K. Ruud, P. Salek, and J. Sikkema            *
 *    (see http://dirac.chem.sdu.dk).                                         *
 *                                                                            *
 ******************************************************************************
 Version           : Dirac 8.0 (patchlevel 0) 
 Hostname          : larry
 Operating system  : Linux 2.6.27-15-generic
 Machine           : i686
 Run               : Sequential
 Last compilation  : 15:03:34 Dec 15 2009 (by bast@larry:/home/bast/dirac/gfortran_gcc_a)
 FORTRAN compiler  : /usr/bin/gfortran -g -fno-range-check -O3 -ffast-math -funroll-loops -Iinclude -Jmodules -DARCH32BIT -DGFORTRAN=432 -DPRG_DIRAC -DSYS_LINUX -DINSTALL_WRKMEM=64000000 -DVAR_MFDS -DMOD_ERI -DMOD_DNF -DMOD_DFT -DMOD_KRMC -DMOD_ESR -DMOD_XPP -DMOD_STEX -DMOD_EMB -DMOD_ADC -DMOD_VISUAL -DMOD_AORESPONSE -DMOD_MATRIX_OPERATIONS -DMOD_IHFSCC -DMOD_AMFI -DMOD_LONDON 
 C compiler        : /usr/bin/gcc -g -O3 -ffast-math -Iinclude -D_FILE_OFFSET_BITS=64 -D_LARGEFILE_SOURCE  -D_LARGEFILE64_SOURCE -DMOD_ERI -DMOD_DNF -DMOD_DFT -DMOD_KRMC -DMOD_ESR -DMOD_XPP -DMOD_STEX -DMOD_EMB -DMOD_ADC -DMOD_VISUAL -DMOD_AORESPONSE -DMOD_MATRIX_OPERATIONS -DMOD_IHFSCC -DMOD_AMFI -DMOD_LONDON -DSYS_LINUX -DINSTALL_WRKMEM=64000000 -DSYS_FLAVOR=LINUX 
 External libraries: -L/usr/lib -lblas -L/usr/lib -llapack -lcblas -lf77blas -latlas -L/usr/lib -llapack 
 Internal libraries: DIRAC_BLAS=NO  DIRAC_LAPACK=NO 
 ILP data model    : ILP32 
 SVN URL:          : 'http://dirac.chem.sdu.dk/svnDirac/Dirac/trunk' 
 SVN Changeset     : '10102' 

 
     Date and time (Linux)  : Tue Dec 15 15:16:43 2009 
     Host name              :                                         


 *******************************************************************************
 ************************** Input read from DIRAC.INP **************************
 *******************************************************************************

**DIRAC
.WAVE FUNCTION
.ANALYZE
**HAMILTONIAN
.LVCORR
.INTFLG
 1 0 0
**INTEGRALS
*READIN
.UNCONTRACT
**WAVE FUNCTION
.DHF
**ANALYZE
.VISUAL
*VISUAL
.3D
.INTEGRATE
.DENSITY
.CUBE
 25 25 25
*END OF


    *************************************************************************
    ********************* DIRAC: No title specified !!! *********************
    *************************************************************************

 Jobs in this run:
   * Wave function
   * Analysis
   * If crash, end with the segment.fault. Worth for debugging.


    **************************************************************************
    ************************** General DIRAC set-up **************************
    **************************************************************************

   CODATA Recommended Values of the Fundamental Physical Constants: 1998  
                Peter J. Mohr and Barry N. Taylor                         
   Journal of Physical and Chemical Reference Data, Vol. 28, No. 6, 1999  
 * The speed of light :        137.0359998
 * Running in the four-component mode
 * Direct evaluation of the following two-electron integrals:
   - LL-integrals
   - SL-integrals
   - SS-integrals
   - GT-integrals
 * Spherical transformation embedded in MO-transformation
   for large components
 * Transformation to scalar RKB basis embedded in
   MO-transformation for small components
 * Thresholds for linear dependence:
   Large components:   1.00D-06
   Small components:   1.00D-08
 DFPCMO: IBEIG read in I2 format.
 * General print level   :   0


    *************************************************************************
    ****************** Output from HERMIT input processing ******************
    *************************************************************************

 Default print level:        1
 Nuclear model: Gaussian charge distribution.

 Two-electron integrals not calculated.


 Ordinary (field-free non-relativistic) Hamiltonian integrals not calculated.



 Changes of defaults for READIN:
 -------------------------------


 Uncontracted basis forced, irrespective of basis input file.



 Settings for FCK3 calculation:
 ------------------------------

Dynamical threshold is not (yet) implemented in DIRAC


    *************************************************************************
    ****************** Output from READIN input processing ******************
    *************************************************************************



  Title Cards
  -----------

                                                                          
                                                                          

  Nuclear Gaussian exponent for atom of charge   2.000 :    1.1671538870D+09


                      SYMADD: Requested addition of symmetry
                      --------------------------------------

 Symmetry threshold:  0.50E-05

 Original Coordinates                    
 --------------------                    
    2         0.00000000     0.00000000     0.00000000       1

 Symmetry class found: D(oo,h)

 Centered and Rotated                    
 --------------------                    
    2         0.00000000     0.00000000     0.00000000       1

 The following elements were found:   X  Y  Z  


  Symmetry Operations
  -------------------

  Symmetry operations: 3



                          SYMGRP:Point group information
                          ------------------------------

Full group is:  D(oo,h)        
Represented as: D2h

   * The point group was generated by:

      Reflection in the yz-plane
      Reflection in the xz-plane
      Reflection in the xy-plane

   * Group multiplication table

        |  E   C2z  C2y  C2x   i   Oxy  Oxz  Oyz
   -----+----------------------------------------
     E  |  E   C2z  C2y  C2x   i   Oxy  Oxz  Oyz
    C2z | C2z   E   C2x  C2y  Oxy   i   Oyz  Oxz
    C2y | C2y  C2x   E   C2z  Oxz  Oyz   i   Oxy
    C2x | C2x  C2y  C2z   E   Oyz  Oxz  Oxy   i 
     i  |  i   Oxy  Oxz  Oyz   E   C2z  C2y  C2x
    Oxy | Oxy   i   Oyz  Oxz  C2z   E   C2x  C2y
    Oxz | Oxz  Oyz   i   Oxy  C2y  C2x   E   C2z
    Oyz | Oyz  Oxz  Oxy   i   C2x  C2y  C2z   E 

   * Character table

        |  E   C2z  C2y  C2x   i   Oxy  Oxz  Oyz
   -----+----------------------------------------
    Ag  |   1    1    1    1    1    1    1    1
    B3u |   1   -1   -1    1   -1    1    1   -1
    B2u |   1   -1    1   -1   -1    1   -1    1
    B1g |   1    1   -1   -1    1    1   -1   -1
    B1u |   1    1   -1   -1   -1   -1    1    1
    B2g |   1   -1    1   -1    1   -1    1   -1
    B3g |   1   -1   -1    1    1   -1   -1    1
    Au  |   1    1    1    1   -1   -1   -1   -1

   * Direct product table

        | Ag   B3u  B2u  B1g  B1u  B2g  B3g  Au 
   -----+----------------------------------------
    Ag  | Ag   B3u  B2u  B1g  B1u  B2g  B3g  Au 
    B3u | B3u  Ag   B1g  B2u  B2g  B1u  Au   B3g
    B2u | B2u  B1g  Ag   B3u  B3g  Au   B1u  B2g
    B1g | B1g  B2u  B3u  Ag   Au   B3g  B2g  B1u
    B1u | B1u  B2g  B3g  Au   Ag   B3u  B2u  B1g
    B2g | B2g  B1u  Au   B3g  B3u  Ag   B1g  B2u
    B3g | B3g  Au   B1u  B2g  B2u  B1g  Ag   B3u
    Au  | Au   B3g  B2g  B1u  B1g  B2u  B3u  Ag 


                            **************************
                            *** Output from DBLGRP ***
                            **************************

   * Two fermion irreps:  E1g  E1u
   * Real group. NZ = 1
   * Direct product decomposition:
          E1g x E1g : Ag  + B1g + B2g + B3g
          E1u x E1g : Au  + B1u + B2u + B3u
          E1u x E1u : Ag  + B1g + B2g + B3g


                                 Spinor structure
                                 ----------------


   * Fermion irrep no.: 1            * Fermion irrep no.: 2

      La  |  Ag (1)  B1g(2)  |                La  |  Au (1)  B1u(2)  |
      Sa  |  Au (1)  B1u(2)  |                Sa  |  Ag (1)  B1g(2)  |
      Lb  |  B2g(3)  B3g(4)  |                Lb  |  B2u(3)  B3u(4)  |
      Sb  |  B2u(3)  B3u(4)  |                Sb  |  B2g(3)  B3g(4)  |


                              Quaternion symmetries
                              ---------------------

    Rep  T(+)
    -----------------------------
    Ag   1
    B3u  k
    B2u  j
    B1g  i
    B1u  i
    B2g  j
    B3g  k
    Au   1


  Atoms and basis sets
  --------------------

  Number of atom types:     1
  Total number of atoms:    1

  label    atoms   charge   prim    cont     basis   
  ----------------------------------------------------------------------
  He          1       2       7       7      L  - [4s1p|4s1p]                                                    
                             19      19      S  - [1s4p1d|1s4p1d]                                                
  ----------------------------------------------------------------------
                              7       7      L  - large components
                             19      19      S  - small components
  ----------------------------------------------------------------------
  total:      1       2      26      26

  Cartesian basis used.
  Threshold for integrals (to be written to file):  1.00D-15

  MNF.INP input file (for the AMFI stuff) is ready.


  References for the basis sets
  -----------------------------

  Atom type   1
   Elements                             References                                
   --------                             ----------                                
   H      : T.H. Dunning, Jr. J. Chem. Phys. 90, 1007 (1989).                     
   He     : D.E. Woon and T.H. Dunning, Jr. J. Chem. Phys. 100, 2975 (1994).      
   Li - Ne: T.H. Dunning, Jr. J. Chem. Phys. 90, 1007 (1989).                     
   Na - Mg: D.E. Woon and T.H. Dunning, Jr.  (to be published)                    
   Al - Ar: D.E. Woon and T.H. Dunning, Jr.  J. Chem. Phys. 98, 1358 (1993).      
   Ca     : J. Koput and K.A. Peterson, J. Phys. Chem. A, 106, 9595 (2002).       
   Ga - Kr: A.K. Wilson, D.E. Woon, K.A. Peterson, T.H. Dunning, Jr.,             
            J. Chem. Phys., 110, 7667 (1999)                                      


  Cartesian Coordinates
  ---------------------

  Total number of coordinates:  3


   1   He       x      0.0000000000
   2            y      0.0000000000
   3            z      0.0000000000



  Symmetry Coordinates
  --------------------

  Number of coordinates in each symmetry:   0  1  1  0  1  0  0  0


  Symmetry 2

   1   He    x    1


  Symmetry 3

   2   He    y    2


  Symmetry 5

   3   He    z    3
  Nuclear repulsion energy :    0.000000000000


                                GETLAB: AO-labels
                                -----------------

   * Large components:    4
     1  L He    s        2  L He    px       3  L He    py       4  L He    pz  
   * Small components:   10
     5  S He    s        6  S He    px       7  S He    py       8  S He    pz       9  S He    dxx     10  S He    dxy 
    11  S He    dxz     12  S He    dyy     13  S He    dyz     14  S He    dzz 


                                GETLAB: SO-labels
                                -----------------

   * Large components:    4
     1  L Ag He s        2  L B3uHe px       3  L B2uHe py       4  L B1uHe pz  
   * Small components:   10
     5  S Ag He s        6  S Ag He dxx      7  S Ag He dyy      8  S Ag He dzz      9  S B3uHe px      10  S B2uHe py  
    11  S B1gHe dxy     12  S B1uHe pz      13  S B2gHe dxz     14  S B3gHe dyz 


  Symmetry Orbitals
  -----------------

  Number of orbitals in each symmetry:            8     5     5     1     5     1     1     0
  Number of large orbitals in each symmetry:      4     1     1     0     1     0     0     0
  Number of small orbitals in each symmetry:      4     4     4     1     4     1     1     0

* Large component functions

  Symmetry  Ag ( 1)

        4 functions:    He s   

  Symmetry  B3u( 2)

        1 functions:    He px  

  Symmetry  B2u( 3)

        1 functions:    He py  

  Symmetry  B1u( 5)

        1 functions:    He pz  

* Small component functions

  Symmetry  Ag ( 1)

        1 functions:    He s   
        1 functions:    He dxx 
        1 functions:    He dyy 
        1 functions:    He dzz 

  Symmetry  B3u( 2)

        4 functions:    He px  

  Symmetry  B2u( 3)

        4 functions:    He py  

  Symmetry  B1g( 4)

        1 functions:    He dxy 

  Symmetry  B1u( 5)

        4 functions:    He pz  

  Symmetry  B2g( 6)

        1 functions:    He dxz 

  Symmetry  B3g( 7)

        1 functions:    He dyz 


   ***************************************************************************
   *************************** Hamiltonian defined ***************************
   ***************************************************************************

 * Print level:    0
 * Dirac-Coulomb Hamiltonian
 * SS integrals neglected:
   Interatomic Coulombic SS-contributions modelled by
   classical repulsion of small component atomic charges
   using tabulated charges.
 * Default integral flags passed to all modules
   - LL-integrals:     1
   - LS-integrals:     0
   - SS-integrals:     0
   - GT-integrals:     0
 * Basis set:
   - uncontracted large component basis set
   - uncontracted small component basis set


 Information about the restricted kinetic balance scheme:
 * Default RKB projection:
   1: Pre-projection in scalar basis
   2: Removal of unphysical solutions (via diagonalization of free particle Hamiltonian)


 *******************************************************************************
 ************************** Memory required by HERMIT **************************
 *******************************************************************************

===========================================================================
 Maximum memory load for two-electron integral processing:
===========================================================================
 * LL-integrals:
   1(He   Ls)   1(He   Ls)   1(He   Ls)   1(He   Ls)                2794


    **************************************************************************
    ************************** Wave function module **************************
    **************************************************************************

 Jobs in this run (in execution order):
 * Hartree-Fock calculation

 * Initial Automatic occupation based on:
   Total charge of atoms =   2
   Charge of molecule    =   0
   i.e. no. of electrons =   2
===========================================================================
 DHFINP: Set-up for Hartree-Fock calculation:
===========================================================================
 * Number of fermion irreps: 2
 * Bare nucleus screening correction used for start guess
 * General print level   :   0
 ***** TRIAL FUNCTION *****
 * Trial vectors read from file DFCOEF
 ***** CONVERGENCE CRITERIA *****
 * Convergence on norm of error vector (gradient).
   Desired convergence:1.000D-07
   Allowed convergence:1.000D-06

 ***** CONVERGENCE CONTROL *****
 * Fock matrix constructed using differential density matrix
    with optimal parameter.
 * DIIS (in MO basis)
 * DIIS will be activated when convergence reaches : 1.00D+20
   - Maximum size of B-matrix:   10
 * Damping of Fock matrix when DIIS is not activated. 
   Weight of old matrix    : 0.250
 * Maximum number of SCF iterations  :   50
 * No quadratic convergent Hartree-Fock
 * DHF occupation is allowed to change during SCF cycles.
 * Contributions from 2-electron integrals to Fock matrix:
   LL-integrals.
 ***** OUTPUT CONTROL *****
 * Only electron eigenvalues written out.


   ***************************************************************************
   ***************************** Analysis module *****************************
   ***************************************************************************



 ********************************************************************************
 *************************** Input consistency checks ***************************
 ********************************************************************************



    *************************************************************************
    ************************ End of input processing ************************
    *************************************************************************



                       Generating Lowdin canonical matrix:
                       -----------------------------------

   L   Ag    * Deleted:          0(Proj:          0, Lindep:          0)
   S   B3u   * Deleted:          0(Proj:          0, Lindep:          0)
   S   B2u   * Deleted:          0(Proj:          0, Lindep:          0)
   S   B1u   * Deleted:          0(Proj:          0, Lindep:          0)
   L   B3u   * Deleted:          0(Proj:          0, Lindep:          0)
   L   B2u   * Deleted:          0(Proj:          0, Lindep:          0)
   L   B1u   * Deleted:          0(Proj:          0, Lindep:          0)
   S   Ag    * Deleted:          1(Proj:          1, Lindep:          0)
   S   B1g   * Deleted:          0(Proj:          0, Lindep:          0)
   S   B2g   * Deleted:          0(Proj:          0, Lindep:          0)
   S   B3g   * Deleted:          0(Proj:          0, Lindep:          0)


                                Output from MODHAM
                                ------------------

* Applied strict kinetic balance !


                                Output from LINSYM
                                ------------------


 Parity   MJ  Functions(total) Functions(LC) Functions(SC)
     1    1/2          8            4            4
    -1    1/2          4            2            2
    -1   -3/2          2            1            1


      **********************************************************************
      ************************* Orbital dimensions *************************
      **********************************************************************

                                   Irrep 1 Irrep 2   Sum
No. of electronic orbitals (NESH):     4       3       7
No. of positronic orbitals (NPSH):     4       3       7
Total no. of orbitals      (NORB):     8       6      14


   ****************************************************************************
   ************************* Hartree-Fock calculation *************************
   ****************************************************************************


*** INFO *** No trial vectors found. Using bare nucleus approximation for initial trial vectors.
             Improved by an estimate of the electronic screening (Slater's rules).


########## START ITERATION NO.   1 ##########   Tue Dec 15 15:16:43 2009


* AUTOCC( 0) : Initial occupation:

 * Closed shell SCF calculation with    2 electrons in
       1 orbitals in Fermion irrep 1
       0 orbitals in Fermion irrep 2
It.   1    -1.187991714831      1.00D+20  0.00D+00  0.00D+00               0.00000000s   Scr. nuclei    Tue Dec 15

########## START ITERATION NO.   2##########   Tue Dec 15 15:16:43 2009


* GETGAB: label "GABAO1XX" not found; calling GABGEN.
SCR        scr.thr.    Step1    Step2  Coulomb  Exchange    CPU-time
SOfock:LL  1.00D-12   10.59%    6.49%    0.00%   21.81%   0.00000000s
>>> Total wall time: 0.00000000s
>>> Total CPU-time : 0.01200104s

########## END ITERATION NO.   2 ##########   Tue Dec 15 15:16:43 2009

It.   2    -2.853786648146      1.67D+00 -1.64D+00  1.44D-01               0.01200104s   LL             Tue Dec 15

########## START ITERATION NO.   3##########   Tue Dec 15 15:16:43 2009

    3 *** Differential density matrix. DCOVLP     = 1.0091
SCR        scr.thr.    Step1    Step2  Coulomb  Exchange    CPU-time
SOfock:LL  1.00D-12   10.59%    6.49%    0.00%   21.81%   0.00000000s
>>> Total wall time: 1.00000000s
>>> Total CPU-time : 0.00400001s

########## END ITERATION NO.   3 ##########   Tue Dec 15 15:16:43 2009

It.   3    -2.855362085048      1.58D-03 -3.41D-02  6.44D-03   DIIS   2    0.00400001s   LL             Tue Dec 15

########## START ITERATION NO.   4##########   Tue Dec 15 15:16:44 2009

    4 *** Differential density matrix. DCOVLP     = 1.0005
SCR        scr.thr.    Step1    Step2  Coulomb  Exchange    CPU-time
SOfock:LL  1.00D-12   10.59%    6.49%    0.00%   21.81%   0.00000000s
>>> Total wall time: 0.00000000s
>>> Total CPU-time : 0.00000000s

########## END ITERATION NO.   4 ##########   Tue Dec 15 15:16:44 2009

It.   4    -2.855366159567      4.07D-06 -1.89D-03  1.16D-04   DIIS   3    0.00000000s   LL             Tue Dec 15

########## START ITERATION NO.   5##########   Tue Dec 15 15:16:44 2009

    5 *** Differential density matrix. DCOVLP     = 1.0000
SCR        scr.thr.    Step1    Step2  Coulomb  Exchange    CPU-time
SOfock:LL  1.00D-12   10.59%    6.49%    0.00%   21.81%   0.00000000s
>>> Total wall time: 0.00000000s
>>> Total CPU-time : 0.00000000s

########## END ITERATION NO.   5 ##########   Tue Dec 15 15:16:44 2009

It.   5    -2.855366162107      2.54D-09 -3.21D-05  9.95D-06   DIIS   4    0.00000000s   LL             Tue Dec 15

########## START ITERATION NO.   6##########   Tue Dec 15 15:16:44 2009

    6 *** Differential density matrix. DCOVLP     = 1.0000
SCR        scr.thr.    Step1    Step2  Coulomb  Exchange    CPU-time
SOfock:LL  1.00D-12   10.59%    6.49%    0.00%   21.81%   0.00000000s
>>> Total wall time: 0.00000000s
>>> Total CPU-time : 0.00000000s

########## END ITERATION NO.   6 ##########   Tue Dec 15 15:16:44 2009

It.   6    -2.855366162124      1.69D-11 -2.41D-06  5.80D-08   DIIS   4    0.00000000s   LL             Tue Dec 15


                                   SCF - CYCLE
                                   -----------

* Convergence on norm of error vector (gradient).
  Desired convergence:1.000D-07
  Allowed convergence:1.000D-06

* ERGVAL - convergence in total energy
* FCKVAL - convergence in maximum change in total Fock matrix
* EVCVAL - convergence in error vector (gradient)
--------------------------------------------------------------------------------------------------------------------------------
           Energy               ERGVAL    FCKVAL    EVCVAL      Conv.acc    CPU          Integrals   Time stamp
--------------------------------------------------------------------------------------------------------------------------------
It.   1    -1.187991714831      1.00D+20  0.00D+00  0.00D+00               0.00000000s   Scr. nuclei    Tue Dec 15
It.   2    -2.853786648146      1.67D+00 -1.64D+00  1.44D-01               0.01200104s   LL             Tue Dec 15
It.   3    -2.855362085048      1.58D-03 -3.41D-02  6.44D-03   DIIS   2    0.00400001s   LL             Tue Dec 15
It.   4    -2.855366159567      4.07D-06 -1.89D-03  1.16D-04   DIIS   3    0.00000000s   LL             Tue Dec 15
It.   5    -2.855366162107      2.54D-09 -3.21D-05  9.95D-06   DIIS   4    0.00000000s   LL             Tue Dec 15
It.   6    -2.855366162124      1.69D-11 -2.41D-06  5.80D-08   DIIS   4    0.00000000s   LL             Tue Dec 15
--------------------------------------------------------------------------------------------------------------------------------
* Convergence after    6 iterations.
* Average elapsed time per iteration: 
      No 2-ints    :    0.00000000s
      LL           :    0.20000000s


                                   TOTAL ENERGY
                                   ------------

   Electronic energy                        :    -2.8553661621238970

   Other contributions to the total energy
   Nuclear repulsion energy                 :     0.0000000000000000

   Sum of all contributions to the energy
   Total energy                             :    -2.8553661621238970


                                   Eigenvalues
                                   -----------


* Block   1 in E1g:  Omega =  1/2
  * Closed shell, f = 1.0000
 -0.91424243275029  ( 2)
  * Virtual eigenvalues, f = 0.0000
  1.15977638951606  ( 2)     8.57555481962294  ( 2)    62.15608779978743  ( 2)

* Block   1 in E1u:  Omega =  1/2
  * Virtual eigenvalues, f = 0.0000
  2.52374672088959  ( 2)     2.52399130204614  ( 2)

* Block   2 in E1u:  Omega =  3/2
  * Virtual eigenvalues, f = 0.0000
  2.52399130204867  ( 2)

* Occupation in fermion symmetry E1g
  * Inactive orbitals
     1/2
  * Virtual orbitals
     1/2 1/2 1/2

* Occupation in fermion symmetry E1u
  * Virtual orbitals
     1/2 1/2 3/2

* Occupation of subblocks
                       E1g:  1/2                                                                            
  closed shells (f=1.0000):    1
 virtual shells (f=0.0000):    3
tot.num. of pos.erg shells:    4
                       E1u:  1/2  3/2                                                                       
  closed shells (f=1.0000):    0    0
 virtual shells (f=0.0000):    2    1
tot.num. of pos.erg shells:    2    1


* HOMO - LUMO gap:

    E(LUMO) :     1.15977639 au (symmetry E1g)
  - E(HOMO) :    -0.91424243 au (symmetry E1g)
  ------------------------------------------
    gap     :     2.07401882 au

 blub   0.0000000000000000        0.0000000000000000        0.0000000000000000        0.0000000000000000       1.00000000000000000        0.0000000000000000        0.0000000000000000        0.0000000000000000        0.0000000000000000        0.0000000000000000        0.0000000000000000        0.0000000000000000        0.0000000000000000        0.0000000000000000     
 >>>> time used in plot:   0.17 seconds


                            +--------------------------+
                            ! 3D numerical integration !
                            +--------------------------+



 ********************************************************************************
 ********************** Slater-Bragg atomic size estimates **********************
 ********************************************************************************



                        Slater-Bragg relative atomic sizes
                        ----------------------------------


               Column   1
       1       1.00000000

DFTGRD: ATSIZE not requested or no trial vectors found. Slater-Bragg radii will be used.

Atom  Deg   Rmin        Rmax        Step size     #rp     #tp
=============================================================
He      1   0.998E-05   0.773E+01   0.123E+00      94   27308

   Number of grid points in quadrature:     27308 (100.0%)


 >>>> Time used in DFTGRD:   0.03 seconds


      scalar              x-component         y-component         z-component

    0.2000000000E+01    0.0000000000E+00    0.0000000000E+00    0.0000000000E+00

----------------------------------------------------------------------------------------------------


 >>>> time used in integration:   0.24 seconds

 
     Date and time (Linux)  : Tue Dec 15 15:16:46 2009 
     Host name              :                                         
>>>> Node 0, utime: 0, stime: 0, minflt: 134681, majflt: 0, nvcsw: 87, nivcsw: 46
>>>> Total WALL time used in DIRAC: 4s
*****************************************************
********** E N D   of   D I R A C  output  **********
*****************************************************

