Master : DIRAC allocating 50000000 words of memory
******************************************************************************
*                                                                            *
*                                O U T P U T                                 *
*                                   from                                     *
*                                                                            *
*                   @@@@@    @@   @@@@@     @@@@     @@@@@                   *
*                   @@  @@        @@  @@   @@  @@   @@                       *
*                   @@  @@   @@   @@@@@    @@@@@@   @@                       *
*                   @@  @@   @@   @@ @@    @@  @@   @@                       *
*                   @@@@@    @@   @@  @@   @@  @@    @@@@@                   *
*                                                                            *
*                                                                            *
%}ZS)S?$=$)]S?$%%>SS$%S$ZZ6cHHMHHHHHHHHMHHM&MHbHH6$L/:<S///</:|/:|:/::!:.::--:
$?S$$%$$$$?%?$(SSS$SSSHMMMMMMMMMMMMMMMMMM6H&6S&SH&&k?6$r~::://///::::::.:::-::
(%?)Z??$$$(S%$>$)S6HMMMMMMMMMMMMMMMMMMMMMMR6M]&&$6HR$&6(i::::::|i|:::::::-:-::
$S?$$)$?$%?))?S/]#MMMMMMMMMMMMMMMMMMMMMMMMMMHM1HRH9R&$$$|):?:/://|:/::/:/.::.:
SS$%%?$%((S)?Z[6MMMMMMMMMMMMMMMMMMMMMMMMMMMMMMMMM&HF$$&/)S?<~::!!:::::::/:-:|.
SS%%%%S$%%%$$MMMMMMMMMMMMMMMMMMMMMMMMMMMMMMMMMMMHHHHHHM>?/S/:/:::':/://:/::-::
?$SSSS?%SS$)MMMMMMMMMMMMMMMMMMMMMMMMMMMMMMMMMMMMMMMMMMM/4?:S:/:::/:::/:/:::.::
S$(S?S$%(?$HMMMMMMMMMMMMMMMMM#&7RH99MMMMMMMMMMMMMMMMMMHHHd$/:::::/::::::-//.:.
(?SS(%)S&HMMMMMMMMMMMMMMMMM#S|///???$9HHMMMMMMMMMDSZ&1S/?</>?~:///::|/!:/-:-:.
$S?%?<H(MMMMMMMMMMMMMMMMR?`. :.:'::<>:``?/*?##*)$:/>       `((%://::/:::::/::/
S$($$)HdMMMMMMMMMMMMMMMP: . `   `  `    `      `-            `Z<:>?::/:::::|:i
c%%%&HMMMMMMMMMMMMMMMM6:                                      `$%)>%%</>!:::::
S?%/MMMMMMMMMMMMMMMMMMH-                                        /ZSS>?:?~:;/::
$SZ?MMMMMMMMMMMMMMMMMH?.                                        "&((/?//?|::::
$%$%&MMMMMMMMMMMMMMMMM:.                                          ?%/S:</::/::
($?}&HMMMMMMMMMMMMMMMM>:                                          $%%<?/i:|i::
Z$($&MMMMMMMMMMMMMMMMHk(:.  . -                                   .S/??/!:/:|:
(??$<HMMMMMMMMMMMMMMMFk|:   -.-.                                  :%/%/(:/:ii|
SZ(S?]MMMMMMMMMMMMMMHS?:- -  ::.:                                  |/S:</::?||
$%)$$(MMMMMMMMMMMMMMR):`:. :.:::`,,/bcokb/_                       :S?%?|~:/:/:
%$$%$)[[?$?MMMMMMMMMM: :.:-.::::$7?<&7&MMMMMMM#/           _ .. ..:</?:(:/::::
$$$?Z?HHH~|/MMMMMMMMM/`.-.:.:/:%%%%?dHMMMMMMMMMMH?,-   .,bMMMM6//./i~/~:<:::/:
4$($S$M//::S?ZHMMMMMH/:.':::.:/%S/&MMHMMMMMMMMRM&><   ,HMMMMMMMF  :::?:///:|::
)[$S$S($|_i:#>::*H&?/::.::/:"://:?>>':&HMHSMMMM$:'-   MMHMMMMHHT .)i/?////:::/
$$[$$>$}:dHH&$$--?S::-:.:::--/-:``./::>%Zi?)&/?`:.'   `H?$T*" `  /%?>%:)://ii|
$&=&/ZS}$RF<:?/-.|%r/:::/:/:'.-.-..|::S//!`"``          >??:    `SS<S:)!/////|
Z&]>b[Z(Z?&%:::../S$$:>:::i`.`. '-.'  `                         ,>%%%:>/>/!|:/
$$&/F&1$c$?>:>?/,>?$$ZS/::/:-: ...                              |S?S)S?<~:::::
&$&$&$k&>>|?<:<?((/$[/?)i~/:/. - -                              S?:%%%?/:::/::
=[/Z[[Fp[MMH$>?Z&S$$$/$S///||..-           -.-                  /((S$:%<:///:/
$&>1MHHMMMM6M9MMMM$Z$}$S%/:::.'.            .:/,,,dcb>/:.       ((SSSS%:)!//i|
MMMMMMMMMMMR&&RRRHR&&($(?:|i::-             .:%&S&$[&H&''     ../>%;/?>??:<::>
MMMMMMMMMMMMS/}S$&&H&[$SS//:::.:.   . . .v</Jq1&&D]&M&<,      :/::/?%%)S>?://:
MMMMMMMMMMMM?}$/$$kMM&&$(%/?//:..'.  .|//1d/`://?*/*/"` '     .:/(SS$%(S%)):%~
MMMMMMMMMMMM(}$$>&&MMHR#$S%%:?::.:|-.':;&&b/D/$p=qpv//b/~'   :/~~%%??$=$)Z$S+;
MMMMMMMMMMMM[|S$$Z1]MMMMD[$?$:>)/::: :/?:`'???bD&{b<<-'     .,:/)|SS(}Z/$$?/<S
MMMMMMMMMMMM||$)&7k&MMMMH9]$$??Z%|!/:i::'  `` .             SS?SS?Z/]1$/&$c/$S
MMMMMMMMMMMM| -?>[&]HMMMMMMMH1[/7SS(?:/..-` ::/Sc,/_,     _<$?SS%$S/&c&&$&>//<
MMMMMMMMMMMMR  `$&&&HMM9MMMMMMM&&c$%%:/:/:.:.:/??/''"    _MMHk/7S/]dq&1S<&&></
MMMMMMMMMMMMM?  :&96MHMMMMMMMMMMMHHk[S%(<<:// '         ,MMMMMMM&/Z6H]DkH]1$&&
MMMMMMMMMMMMMD    99H9HMMMMMMMMMMMMMMMb&%$<:i.:....    .MMMMMMMMM6HHHRH&H&H1SF
MMMMMMMMMMMMMM|   `?HMMMMMMMMMMMMMMMMMMMHk6k&>$&Z$/?_.bHMMMMMMMMMMM&6HRM9H6]Zk
MMMMMMMMMMMMMMM/    `TMMMMMMMMMMMMMMMMMMMMMMMMMMMMMMMMMMMMMMMMMMMMMMHMH6RH&R6&
MMMMMMMMMMMMMMMM    -|?HMMMMMMMMMMMMMMMMMMMMMMMMMMMMMMMMMMMMMMMMMMMMMFHH6HMD&&
MMMMMMMMMMMMMMMMk  ..:~?9MMMMMMMMMMMMM#':MMMMMMMMMMMMMMMMMMMMMMMMMMMMM9MHkR6&F
MMMMMMMMMMMMMMMMM/  .-!:%$ZHMMMMMMMMMR' dMMMMMMMMMMMMMMMMMMMMMMMMMMMMM9MRMHH9&
MMMMMMMMMMMMMMMMMML,:.-|::/?&&MMMMMM' .MMMMMMMMMMMMMMMMMMMMMMMMMMMMMMMMHRMH&&6
MMMMMMMMMMMMMMMMMMMc%>/:::i<:SMMMMMMHdMMMMMMMMMMMMMMMMMMMMMMMMMMMMMMMMHHM&969k
MMMMMMMMMMMMMMMMMMMMSS/$$/(|HMMMMMMMMMMMMMMMMMMMMMMMMMMMMMMMMMMMMMMMMMMMHH&HH&
MMMMMMMMMMMMMMMMMMMM6S/?/MMMMMMMMMMMMMMMMMMMMMMMMMMMMMMMMMMMMMMMMMMMMMR96H1DR1
MMMMMMMMMMMMMMMMMMMMM&$MHMMMMMMMMMMMMMMMMMMMMMMMMMMMMMMMMMMMMMMMMMMMMMHMH691&&
MMMMMMMMMMMMMMMMMMMMMMMMMMMMMMMMMMMMMMMMMMMMMMMMMMMMMMMMMMMMMMMMMMMMMMMMH&R&9Z
MMMMMMMMMMMMMMMMMMMMMMMMMRHMMMMMMMMMMMMMMMMMMMMMMMMMMMMMMMMMMMMMMMMMMMMH&96][6
MMMMMMMMMMMMMMMMMMMMMMMMp?:MMMMMMMMMMMMMMMMMMMMMMMMMMMMMMMMMMMMMMMMMMM96HH1][F
MMMMMMMMMMMMMMMMMMMMMMMM> -HMMMMMMMMMMMMMMMMMMMMMMMMMMMMMMMMMMMMMMMMMMMH&1k&$&
******************************************************************************
*                                                                            *
*         =======================================================            *
*                     Program for Atomic and Molecular                       *
*          Direct Iterative Relativistic Allelectron Calculations            *
*         =======================================================            *
*                                                                            *
*                        VERSION 04.1    SEPTEMBER 2004                      *
*                                                                            *
******************************************************************************
*                                                                            *
*    Written by:                                                             *
*                                                                            *
*    Hans Joergen Aa. Jensen  University of Southern Denmark    Denmark      *
*    Trond Saue               CNRS/ULP Strasbourg               France       *
*    Lucas Visscher           Vrije Universiteit Amsterdam      Netherlands  *
*                                                                            *
*    with contributions from:                                                *
*                                                                            *
*    Vebjoern Bakken          University of Oslo                Norway       *
*    Ephraim Eliav            University of Tel Aviv            Israel       *
*    Thomas Enevoldsen        University of Southern Denmark    Denmark      *
*    Timo Fleig               University of Duesseldorf         Germany      *
*    Olav Fossgaard           University of Tromsoe             Norway       *
*    Trygve Helgaker          University of Oslo                Norway       *
*    Jon K. Laerdahl          University of Oslo                Norway       *
*    Christoffer V. Larsen    University of Southern Denmark    Denmark      *
*    Patrick Norman           Linkoeping University             Sweden       *
*    Jeppe Olsen              Aarhus University                 Denmark      *
*    Markus Pernpointner      Vrije Universiteit Amsterdam      Netherlands  *
*    Jesper K. Pedersen       University of Southern Denmark    Denmark      *
*    Kenneth Ruud             University of Tromsoe             Norway       *
*    Pawel Salek              Stockholm Inst. of Technology     Sweden       *
*    Joost van Stralen        Vrije Universiteit Amsterdam      Netherlands  *
*    Joern Thyssen            University of Southern Denmark    Denmark      *
*    Olivier Visser           University of Groningen           Netherlands  *
*    Toke Winther             University of Southern Denmark    Denmark      *
*                                                                            *
*    This is an experimental code. The authors accept no responsibility      *
*    for the performance of the code or for the correctness of the results.  *
*                                                                            *
*    The code (in whole or part) is not to be reproduced for further         *
*    distribution without the written permission of the authors or           *
*    their representatives.                                                  *
*                                                                            *
*    If results obtained with this code are published, an                    *
*    appropriate citation would be:                                          *
*                                                                            *
*    "Dirac, a relativistic ab initio electronic structure program",         *
*    release DIRAC04.1 (2004),                                               *
*    written by H. J. Aa. Jensen, T. Saue, and L. Visscher                   *
*    with contributions from V. Bakken, E. Eliav, T. Enevoldsen, T. Fleig,   *
*    O. Fossgaard, T. Helgaker, J. K. Laerdahl, C. V. Larsen, P. Norman,     *
*    J. Olsen, M. Pernpointner, J. K. Pedersen, K. Ruud, P. Salek,           *
*    J. N. P. van Stralen, J. Thyssen, O. Visser, and T. Winther             *
*    (http://dirac.chem.sdu.dk).                                             *
*                                                                            *
*    (for a suitable BibTEX entry, see                                       *
*    <URL:"http://dirac.chem.sdu.dk/doc/reference.shtml">)                   *
*                                                                            *
******************************************************************************
 Version           : Dirac 4.1 (patchlevel 0) 
 Hostname          : radon.chem.vu.nl
 Operating system  : Darwin 8.8.0
 Machine           : Power Macintosh
 Run               : Sequential
 Last compilation  : 04:17:35 Oct 19 2006 (by visscher@radon.chem.vu.nl)
 FORTRAN compiler  : xlf -O3 -qstrict -qextname 
 C compiler        : /usr/bin/gcc-3.3 -O3 
 Size of COMMON= 192
 Basis set dir.    : /Users/visscher/sources/Dirac.autotrunk.serial/test/32.prjana/:/Users/visscher/sources/Dirac.autotrunk.serial/basis/:/Users/visscher/sources/Dirac.autotrunk.serial/basis_dalton/

 Date and time (IBM-AIX): Thu Oct 19 08:40:42 2006


 **************************************************************************
 ******************************* Fragment C *******************************
 **************************************************************************

 Jobs in this run:
   * Wave function
   * Analysis
HAMSCAN: Found keyword .LVCORR


 **************************************************************************
 ************************** General DIRAC set-up **************************
 **************************************************************************

 * The speed of light :        137.0359998
 * Direct evaluation of the following two-electron integrals:
   - LL-integrals
   - SL-integrals
   - SS-integrals
   - GT-integrals
 * Spherical transformation embedded in MO-transformation
   for large components
 * Transformation to scalar RKB basis embedded in
   MO-transformation for small components
 * Thresholds for linear dependence:
   Large components:   1.00D-06
   Small components:   1.00D-08
 * General print level   :   0


 *************************************************************************
 ****************** Output from HERMIT input processing ******************
 *************************************************************************

 Default print level:        1
 Nuclear model: Gaussian charge distribution.

 Two-electron integrals not calculated.


 Ordinary (field-free non-relativistic) Hamiltonian integrals not calculated.



  Set-up from HR2INP:
  -------------------

 Print level in TWOINT:    1
 * Direct calculation of Fock matrices in SO-basis.
 * User specified screening threshold in direct Fock matrix construction: 1.00E-11
 * Separate density screening of Coulomb integral batches
 * Separate density screening of exchange integral batches


 *************************************************************************
 ****************** Output from READIN input processing ******************
 *************************************************************************



  Title Cards
  -----------

  Fragment C                                                              
  Base : cc-pVDZ                                                          

  Nuclear Gaussian exponent for atom of charge   6.000 :    6.8077502929D+08


                      SYMGRP:Point group information
                      ------------------------------

Point group: C1 

   * Character table

        |  E 
   -----+-----
    A   |   1

   * Direct product table

        | A  
   -----+-----
    A   | A  


                        **************************
                        *** Output from DBLGRP ***
                        **************************

   * One fermion irrep:   E1 
   * Quaternionic group. NZ = 4
   * Direct product decomposition:
          E1  x E1  : A   + A   + A   + A  


                             Spinor structure
                             ----------------


   * Fermion irrep no.: 1
      La  |  A  (1)  A  (1)  |
      Sa  |  A  (1)  A  (1)  |
      Lb  |  A  (1)  A  (1)  |
      Sb  |  A  (1)  A  (1)  |


                          Quaternion symmetries
                          ---------------------

    Rep  T(+)
    -----------------------------
    A    1  i  j  k


  Atoms and basis sets
  --------------------

  Number of atom types:     1
  Total number of atoms:    1

  label    atoms   charge   prim    cont     basis   
  ----------------------------------------------------------------------
  C           1       6      27      15      L  - [9s4p1d|3s2p1d]                                    
                             68      68      S  - [4s10p4d1f|4s10p4d1f]                              
  ----------------------------------------------------------------------
                             27      15      L  - large components
                             68      68      S  - small components
  ----------------------------------------------------------------------
  total:      1       6      95      83

  Cartesian basis used.
  Threshold for integrals (to be written to file):  1.00D-15

  MNF.INP input file (for the AMFI stuff) is ready.


  References for the basis sets
  -----------------------------

  Atom type   1
   Elements                             References                                
   --------                             ----------                                
   H      : T.H. Dunning, Jr. J. Chem. Phys. 90, 1007 (1989).                     
   He     : D.E. Woon and T.H. Dunning, Jr. J. Chem. Phys. 100, 2975 (1994).      
   Li - Ne: T.H. Dunning, Jr. J. Chem. Phys. 90, 1007 (1989).                     
   Na - Mg: D.E. Woon and T.H. Dunning, Jr.  (to be published)                    
   Al - Ar: D.E. Woon and T.H. Dunning, Jr.  J. Chem. Phys. 98, 1358 (1993).      
   Ca     : J. Koput and K.A. Peterson, J. Phys. Chem. A, 106, 9595 (2002).       
   Ga - Kr: A.K. Wilson, D.E. Woon, K.A. Peterson, T.H. Dunning, Jr.,             
            J. Chem. Phys., 110, 7667 (1999)                                      


  Cartesian Coordinates
  ---------------------

  Total number of coordinates:  3


   1   C        x       .0000000000
   2            y       .0000000000
   3            z       .0000000000

  Nuclear repulsion energy :     .000000000000


                            GETLAB: AO-labels
                            -----------------

   * Large components:   10
     1  L C     s        2  L C     px       3  L C     py       4  L C     pz       5  L C     dxx      6  L C     dxy 
     7  L C     dxz      8  L C     dyy      9  L C     dyz     10  L C     dzz 
   * Small components:   20
    11  S C     s       12  S C     px      13  S C     py      14  S C     pz      15  S C     dxx     16  S C     dxy 
    17  S C     dxz     18  S C     dyy     19  S C     dyz     20  S C     dzz     21  S C     fxxx    22  S C     fxxy
    23  S C     fxxz    24  S C     fxyy    25  S C     fxyz    26  S C     fxzz    27  S C     fyyy    28  S C     fyyz
    29  S C     fyzz    30  S C     fzzz


  Symmetry Orbitals
  -----------------

  Number of orbitals in each symmetry:           83
  Number of large orbitals in each symmetry:     15
  Number of small orbitals in each symmetry:     68

* Large component functions

  Symmetry  A  ( 1)

        3 functions:    C  s   
        2 functions:    C  px  
        2 functions:    C  py  
        2 functions:    C  pz  
        1 functions:    C  dxx 
        1 functions:    C  dxy 
        1 functions:    C  dxz 
        1 functions:    C  dyy 
        1 functions:    C  dyz 
        1 functions:    C  dzz 

* Small component functions

  Symmetry  A  ( 1)

        4 functions:    C  s   
       10 functions:    C  px  
       10 functions:    C  py  
       10 functions:    C  pz  
        4 functions:    C  dxx 
        4 functions:    C  dxy 
        4 functions:    C  dxz 
        4 functions:    C  dyy 
        4 functions:    C  dyz 
        4 functions:    C  dzz 
        1 functions:    C  fxxx
        1 functions:    C  fxxy
        1 functions:    C  fxxz
        1 functions:    C  fxyy
        1 functions:    C  fxyz
        1 functions:    C  fxzz
        1 functions:    C  fyyy
        1 functions:    C  fyyz
        1 functions:    C  fyzz
        1 functions:    C  fzzz


 ***************************************************************************
 *************************** Hamiltonian defined ***************************
 ***************************************************************************

 * Print level :    0
 * Dirac-Coulomb Hamiltonian
   with the following modifications:
 * SS integrals neglected:
   Interatomic Coulombic SS-contributions modelled by
   classical repulsion of small component atomic charges
   using tabulated charges.
 * Default integral flags passed to all modules
   - LL-integrals:     1
   - LS-integrals:     1
   - SS-integrals:     0
   - GT-integrals:     0
 * Basis set:
   - contracted large component basis set
   - uncontracted small component basis set


 Information about the restricted kinetic balance scheme:
 * Default RKB projection:
   1: Pre-projection in scalar basis
   2: Removal of unphysical solutions (via diagonalization of free particle Hamiltonian)
   - The following one-electron operators have been added:
---------------------------------------------------------------------------
    Operator no.  1:   ZDIPLEN         
---------------------------------------------------------------------------
    1  ZDIPLEN              A       T+
...........................................................................
      Operator type DIAGONAL : scalar operator
      Labels and factors     : ZDIPLEN       .100000000D-03 (real)     
...........................................................................


 *********************************************************************************
 *************************** Memory required by HERMIT ***************************
 *********************************************************************************

===========================================================================
 Maximum memory load for two-electron integral processing:
===========================================================================
 * LL-integrals:
   2(C    Lp)   1(C    Ls)   2(C    Lp)   1(C    Ls)               39598
 * SL-integrals:
   7(C    Sd)   5(C    Sp)   2(C    Lp)   1(C    Ls)              241534


 **************************************************************************
 ************************** Wave function module **************************
 **************************************************************************

 Jobs in this run (in execution order):
 * Hartree-Fock calculation
===========================================================================
 DHFINP: Set-up for Hartree-Fock calculation:
===========================================================================
 * Number of fermion irreps: 1
 * Open shell SCF calculation using Average-of-Configuration

 * Shell specifications:

                                        Orbitals
                        #electrons  irrep 1  irrep 2     f        a      alpha
                        ----------  -------  -------  -------  -------  -------
   Closed shell               4          2      N/A    1.0000   1.0000    .0000
   Open shell no. 1           2          3      N/A     .3333    .6000    .6000
   ----------------------------------------------------------------------------
   Total                      6          5

   f is the fraction occupation; a and alpha open shell coupling coefficients.

 * Bare nucleus screening correction used for start guess
 * General print level   :   0
 ***** TRIAL FUNCTION *****
 * Trial vectors read from file DFCOEF
 ***** CONVERGENCE CRITERIA *****
 * Convergence on norm of error vector (gradient).
   Desired convergence:1.000D-07
   Allowed convergence:1.000D-06

 ***** CONVERGENCE CONTROL *****
 * Fock matrix constructed using differential density matrix
    with optimal parameter.
 * DIIS (in MO basis)
 * DIIS will be activated when convergence reaches : 1.00D+20
   - Maximum size of B-matrix:   10
 * Damping of Fock matrix when DIIS is not activated. 
   Weight of old matrix    :  .250
 * Maximum number of SCF iterations  :   50
 * No quadratic convergent Hartree-Fock
 * Contributions from 2-electron integrals to Fock matrix:
   LL-integrals.
   SL-integrals from iteration    1
 ***** OUTPUT CONTROL *****
 * Only electron eigenvalues written out.


 ***************************************************************************
 ***************************** Analysis module *****************************
 ***************************************************************************

 Jobs in this run:
 * Mulliken population analysis
===========================================================================
 POPINP: Mulliken population analysis
===========================================================================
 * Gross populations
 * Label definitions based on SO-labels
 * Number of spinors analyzed:
    - Orbitals in fermion ircop E1  :   1..   5                                                              
 * Print level:    0


 ********************************************************************************
 *************************** Input consistency checks ***************************
 ********************************************************************************



 *************************************************************************
 ************************ End of input processing ************************
 *************************************************************************



                        Generating Lowdin matrix:
                        -------------------------

   L   A     * Deleted:          1(Proj:          1, Lindep:          0)
   S   A     * Deleted:          7(Proj:          7, Lindep:          0)


                            Output from MODHAM
                            ------------------

* Applied strict kinetic balance !


  **********************************************************************
  ************************* Orbital dimensions *************************
  **********************************************************************

No. of electronic orbitals (NESH):    14
No. of positronic orbitals (NPSH):    14
Total no. of orbitals      (NORB):    28


 ****************************************************************************
 ************************* Hartree-Fock calculation *************************
 ****************************************************************************


*** INFO *** No trial vectors found. Using bare nucleus approximation for initial trial vectors.
             Improved by an estimate of the electronic screening (Slater's rules).


########## START ITERATION NO.   1 ##########   Thu Oct 19 08:40:42 2006

It.   1    -22.97604856555      1.00D+20  0.00D+00  0.00D+00                .01000000s   Bare nuclei    Thu Oct 19

########## START ITERATION NO.   2##########   Thu Oct 19 08:40:42 2006


* GETGAB: label "GABAO1XX" not found; calling GABGEN.
SCR        scr.thr.    Step1    Step2  Coulomb  Exchange    CPU-time
SOfock:LL  1.00D-11     .00%   67.86%    3.53%   12.72%    .00000000s
SOfock:SL  1.00D-11     .00%   73.74%    2.72%    6.83%    .05000000s
>>> Total wall time:  .00000000s
>>> Total CPU-time :  .11000000s

########## END ITERATION NO.   2 ##########   Thu Oct 19 08:40:42 2006

It.   2    -37.59314710375      1.46D+01  3.53D+00  3.33D-01                .11000000s   LL SL          Thu Oct 19

########## START ITERATION NO.   3##########   Thu Oct 19 08:40:42 2006

    3 *** Differential density matrix. DCOVLP     =  .6279
    3 *** Differential density matrix. DVOVLP( 1) =  .6364
SCR        scr.thr.    Step1    Step2  Coulomb  Exchange    CPU-time
SOfock:LL  1.00D-11     .00%   67.86%    3.53%   13.53%    .01000001s
SOfock:SL  1.00D-11     .00%   74.12%    2.67%    7.48%    .03000000s
>>> Total wall time:  .00000000s
>>> Total CPU-time :  .07999998s

########## END ITERATION NO.   3 ##########   Thu Oct 19 08:40:42 2006

It.   3    -37.66875021129      7.56D-02 -3.25D-01  3.02D-02   DIIS   2     .07999998s   LL SL          Thu Oct 19

########## START ITERATION NO.   4##########   Thu Oct 19 08:40:42 2006

    4 *** Differential density matrix. DCOVLP     = 1.0148
    4 *** Differential density matrix. DVOVLP( 1) =  .9638
SCR        scr.thr.    Step1    Step2  Coulomb  Exchange    CPU-time
SOfock:LL  1.00D-11     .00%   67.86%    3.53%   13.66%    .00000000s
SOfock:SL  1.00D-11     .00%   74.94%    2.64%    7.38%    .03000000s
>>> Total wall time:  .00000000s
>>> Total CPU-time :  .08000001s

########## END ITERATION NO.   4 ##########   Thu Oct 19 08:40:42 2006

It.   4    -37.66935809490      6.08D-04 -1.09D-02  1.03D-02   DIIS   3     .08000001s   LL SL          Thu Oct 19

########## START ITERATION NO.   5##########   Thu Oct 19 08:40:42 2006

    5 *** Differential density matrix. DCOVLP     = 1.0115
    5 *** Differential density matrix. DVOVLP( 1) =  .9845
SCR        scr.thr.    Step1    Step2  Coulomb  Exchange    CPU-time
SOfock:LL  1.00D-11     .00%   67.86%    3.53%   13.66%    .00000000s
SOfock:SL  1.00D-11     .00%   75.10%    2.62%    7.56%    .03000000s
>>> Total wall time:  .00000000s
>>> Total CPU-time :  .06999999s

########## END ITERATION NO.   5 ##########   Thu Oct 19 08:40:42 2006

It.   5    -37.66945521606      9.71D-05 -3.03D-03  2.10D-03   DIIS   4     .06999999s   LL SL          Thu Oct 19

########## START ITERATION NO.   6##########   Thu Oct 19 08:40:42 2006

    6 *** Differential density matrix. DCOVLP     = 1.0032
    6 *** Differential density matrix. DVOVLP( 1) =  .9960
SCR        scr.thr.    Step1    Step2  Coulomb  Exchange    CPU-time
SOfock:LL  1.00D-11     .00%   67.86%    3.53%   13.66%    .00000000s
SOfock:SL  1.00D-11     .00%   75.25%    2.63%    6.90%    .02999997s
>>> Total wall time:  .00000000s
>>> Total CPU-time :  .08000001s

########## END ITERATION NO.   6 ##########   Thu Oct 19 08:40:42 2006

It.   6    -37.66945956155      4.35D-06 -7.44D-04  1.10D-04   DIIS   5     .08000001s   LL SL          Thu Oct 19

########## START ITERATION NO.   7##########   Thu Oct 19 08:40:42 2006

    7 *** Differential density matrix. DCOVLP     = 1.0000
    7 *** Differential density matrix. DVOVLP( 1) = 1.0000
SCR        scr.thr.    Step1    Step2  Coulomb  Exchange    CPU-time
SOfock:LL  1.00D-11     .00%   67.86%    3.53%   13.66%    .00000000s
SOfock:SL  1.00D-11     .00%   77.02%    2.63%    6.85%    .03000003s
>>> Total wall time:  .00000000s
>>> Total CPU-time :  .08000004s

########## END ITERATION NO.   7 ##########   Thu Oct 19 08:40:42 2006

It.   7    -37.66945957271      1.12D-08  2.61D-05  1.96D-06   DIIS   6     .08000004s   LL SL          Thu Oct 19

########## START ITERATION NO.   8##########   Thu Oct 19 08:40:42 2006

    8 *** Differential density matrix. DCOVLP     = 1.0000
    8 *** Differential density matrix. DVOVLP( 1) = 1.0000
SCR        scr.thr.    Step1    Step2  Coulomb  Exchange    CPU-time
SOfock:LL  1.00D-11     .00%   70.70%    4.42%   12.64%    .00000000s
SOfock:SL  1.00D-11     .00%   80.68%    5.08%    8.32%    .02999997s
>>> Total wall time:  .00000000s
>>> Total CPU-time :  .07999998s

########## END ITERATION NO.   8 ##########   Thu Oct 19 08:40:42 2006

It.   8    -37.66945957271      3.10D-12 -4.10D-07  3.47D-08   DIIS   6     .07999998s   LL SL          Thu Oct 19


                               SCF - CYCLE
                               -----------

* Convergence on norm of error vector (gradient).
  Desired convergence:1.000D-07
  Allowed convergence:1.000D-06

* ERGVAL - convergence in total energy
* FCKVAL - convergence in maximum change in total Fock matrix
* EVCVAL - convergence in error vector (gradient)
--------------------------------------------------------------------------------------------------------------------------------
           Energy               ERGVAL    FCKVAL    EVCVAL      Conv.acc    CPU          Integrals   Time stamp
--------------------------------------------------------------------------------------------------------------------------------
It.   1    -22.97604856555      1.00D+20  0.00D+00  0.00D+00                .01000000s   Bare nuclei    Thu Oct 19
It.   2    -37.59314710375      1.46D+01  3.53D+00  3.33D-01                .11000000s   LL SL          Thu Oct 19
It.   3    -37.66875021129      7.56D-02 -3.25D-01  3.02D-02   DIIS   2     .07999998s   LL SL          Thu Oct 19
It.   4    -37.66935809490      6.08D-04 -1.09D-02  1.03D-02   DIIS   3     .08000001s   LL SL          Thu Oct 19
It.   5    -37.66945521606      9.71D-05 -3.03D-03  2.10D-03   DIIS   4     .06999999s   LL SL          Thu Oct 19
It.   6    -37.66945956155      4.35D-06 -7.44D-04  1.10D-04   DIIS   5     .08000001s   LL SL          Thu Oct 19
It.   7    -37.66945957271      1.12D-08  2.61D-05  1.96D-06   DIIS   6     .08000004s   LL SL          Thu Oct 19
It.   8    -37.66945957271      3.10D-12 -4.10D-07  3.47D-08   DIIS   6     .07999998s   LL SL          Thu Oct 19
--------------------------------------------------------------------------------------------------------------------------------
* Convergence after    8 iterations.
* Average elapsed time per iteration: 
      No 2-ints    :     .00000000s
      LL SL        :     .00000000s


                               TOTAL ENERGY
                               ------------

   Electronic energy                        :    -37.669459572714580

   Other contributions to the total energy
   Nuclear repulsion energy                 :       .000000000000000
   SS Coulombic correction                  :       .000000000000000

   Sum of all contributions to the energy
   Total energy                             :    -37.669459572714580


                               Eigenvalues
                               -----------


* Fermion symmetry E1 
  * Closed shell, f = 1.0000
-11.34335652722802  ( 2)     -.70929225592408  ( 2)
  * Open shell #1, f =  .3333
  -.40299475559051  ( 2)     -.40273002482325  ( 4)
  * Virtual eigenvalues, f =  .0000
   .69690252283192  ( 2)      .69736755961142  ( 4)      .75061005920610  ( 2)     1.40741488566919  ( 4)     1.40747080425384  ( 6)
* HOMO - LUMO gap:

    E(LUMO) :      .69690252 au (symmetry E1 )
  - E(HOMO) :     -.40273002 au (symmetry E1 )
  ------------------------------------------
    gap     :     1.09963255 au



 **************************************************************************
 ********************** Mulliken population analysis **********************
 **************************************************************************



                            Fermion ircop E1 
                            -----------------


* Electronic eigenvalue nr.  1: -11.343356527228       (Occupation : f = 1.0000)
================================================================================

* Gross populations greater than  .00010

Gross     Total   |    L A  C  s      A  C  _small
-----------------------------------------------------
 alpha     .9997  |       .9996          .0001
 beta      .0003  |       .0000          .0003

* Electronic eigenvalue nr.  2:  -.7092922559241       (Occupation : f = 1.0000)
================================================================================

* Gross populations greater than  .00010

Gross     Total   |    L A  C  s   
--------------------------------------
 alpha    1.0000  |      1.0000
 beta      .0000  |       .0000

* Electronic eigenvalue nr.  3:  -.4029947555905       (Occupation : f =  .3333)
================================================================================

* Gross populations greater than  .00010

Gross     Total   |    L A  C  px     L A  C  py     L A  C  pz  
--------------------------------------------------------------------
 alpha     .3333  |       .0000          .0000          .3333
 beta      .6667  |       .3333          .3333          .0000

* Electronic eigenvalue nr.  4:  -.4027300248233       (Occupation : f =  .3333)
================================================================================

* Gross populations greater than  .00010

Gross     Total   |    L A  C  px     L A  C  py  
-----------------------------------------------------
 alpha     .0000  |       .0000          .0000
 beta     1.0000  |       .5002          .4998

* Electronic eigenvalue nr.  5:  -.4027300224248       (Occupation : f =  .3333)
================================================================================

* Gross populations greater than  .00010

Gross     Total   |    L A  C  px     L A  C  py     L A  C  pz  
--------------------------------------------------------------------
 alpha     .6667  |       .0000          .0000          .6667
 beta      .3333  |       .1665          .1668          .0000


*** Total gross population ***

Gross      Total    |    L A  C  s      L A  C  px     L A  C  py     L A  C  pz     A  C  _small
--------------------------------------------------------------------------------------------------
 total     6.00000  |      3.99906         .66664         .66664         .66664         .00100

 Date and time (IBM-AIX): Thu Oct 19 08:40:42 2006
*****************************************************
>>>> Total CPU  time used in DIRAC:  0.65000003s
>>>> Total WALL time used in DIRAC:  1.00000000s
********** E N D   of   D I R A C  output  **********
