DIRAC serial starts by allocating 64000000 words (    488.28 MB -  0.477 GB)
 of memory    out of the allowed maximum of 256000000 words (   1953.12 MB -  1.907 GB)

Note: maximum allocatable memory for serial run can be set by pam --aw/--ag

 *******************************************************************************
 *                                                                             *
 *                                O U T P U T                                  *
 *                                   from                                      *
 *                                                                             *
 *                   @@@@@    @@   @@@@@     @@@@     @@@@@                    *
 *                   @@  @@        @@  @@   @@  @@   @@                        *
 *                   @@  @@   @@   @@@@@    @@@@@@   @@                        *
 *                   @@  @@   @@   @@ @@    @@  @@   @@                        *
 *                   @@@@@    @@   @@  @@   @@  @@    @@@@@                    *
 *                                                                             *
 *                                                                             *
 %}ZS)S?$=$)]S?$%%>SS$%S$ZZ6cHHMHHHHHHHHMHHM&MHbHH6$L/:<S///</:|/:|:/::!:.::--:%
 $?S$$%$$$$?%?$(SSS$SSSHMMMMMMMMMMMMMMMMMM6H&6S&SH&&k?6$r~::://///::::::.:::-::$
 (%?)Z??$$$(S%$>$)S6HMMMMMMMMMMMMMMMMMMMMMMR6M]&&$6HR$&6(i::::::|i|:::::::-:-::(
 $S?$$)$?$%?))?S/]#MMMMMMMMMMMMMMMMMMMMMMMMMMHM1HRH9R&$$$|):?:/://|:/::/:/.::.:$
 SS$%%?$%((S)?Z[6MMMMMMMMMMMMMMMMMMMMMMMMMMMMMMMMM&HF$$&/)S?<~::!!:::::::/:-:|.S
 SS%%%%S$%%%$$MMMMMMMMMMMMMMMMMMMMMMMMMMMMMMMMMMMHHHHHHM>?/S/:/:::`:/://:/::-::S
 ?$SSSS?%SS$)MMMMMMMMMMMMMMMMMMMMMMMMMMMMMMMMMMMMMMMMMMM/4?:S:/:::/:::/:/:::.::?
 S$(S?S$%(?$HMMMMMMMMMMMMMMMMM#&7RH99MMMMMMMMMMMMMMMMMMHHHd$/:::::/::::::-//.:.S
 (?SS(%)S&HMMMMMMMMMMMMMMMMM#S|///???$9HHMMMMMMMMMDSZ&1S/?</>?~:///::|/!:/-:-:.(
 $S?%?<H(MMMMMMMMMMMMMMMMR?`. :.:`::<>:``?/*?##*)$:/>       `((%://::/:::::/::/$
 S$($$)HdMMMMMMMMMMMMMMMP: . `   `  `    `      `-            `Z<:>?::/:::::|:iS
 c%%%&HMMMMMMMMMMMMMMMM6:                                      `$%)>%%</>!:::::c
 S?%/MMMMMMMMMMMMMMMMMMH-                                        /ZSS>?:?~:;/::S
 $SZ?MMMMMMMMMMMMMMMMMH?.                                        \"&((/?//?|:::$
 $%$%&MMMMMMMMMMMMMMMMM:.                                          ?%/S:</::/::$
 ($?}&HMMMMMMMMMMMMMMMM>:                                          $%%<?/i:|i::(
 Z$($&MMMMMMMMMMMMMMMMHk(:.  . -                                   .S/\?\?/!:/:Z
 (??$<HMMMMMMMMMMMMMMMFk|:   -.-.                                  :%/%/(:/:ii|(
 SZ(S?]MMMMMMMMMMMMMMHS?:- -  ::.:                                  |/S:</::?||S
 $%)$$(MMMMMMMMMMMMMMR):`:. :.:::`,,/bcokb/_                       :S?%?|~:/:/:$
 %$$%$)[[?$?MMMMMMMMMM: :.:-.::::$7?<&7&MMMMMMM#/           _ .. ..:</?:(:/::::%
 $$$?Z?HHH~|/MMMMMMMMM/`.-.:.:/:%%%%?dHMMMMMMMMMMH?,-   .,bMMMM6//./i~/~:<:::/:$
 $($S$M//::S?ZHMMMMMH/:.`:::.:/%S/&MMHMMMMMMMMRM&><   ,HMMMMMMMF  :::?:///:|:::$
 )[$S$S($|_i:#>::*H&?/::.::/:\"://:?>>`:&HMHSMMMM$:`-   MMHMMMMHHT .)i/?////::/)
 $$[$$>$}:dHH&$$--?S::-:.:::--/-:``./::>%Zi?)&/?`:.`   `H?$T*\" `  /%?>%:)://ii$
 $&=&/ZS}$RF<:?/-.|%r/:::/:/:`.-.-..|::S//!`\"``          >??:    `SS<S:)!/////$
 Z&]>b[Z(Z?&%:::../S$$:>:::i`.`. `-.`  `                         ,>%%%:>/>/!|:/Z
 $$&/F&1$c$?>:>?/,>?$$ZS/::/:-: ...                              |S?S)S?<~:::::$
 &$&$&$k&>>|?<:<?((/$[/?)i~/:/. - -                              S?:%%%?/:::/::&
 =[/Z[[Fp[MMH$>?Z&S$$$/$S///||..-           -.-                  /((S$:%<:///:/=
 $&>1MHHMMMM6M9MMMM$Z$}$S%/:::.`.            .:/,,,dcb>/:.       ((SSSS%:)!//i|$
 MMMMMMMMMMMR&&RRRHR&&($(?:|i::-             .:%&S&$[&H&``     ../>%;/?>??:<::>M
 MMMMMMMMMMMMS/}S$&&H&[$SS//:::.:.   . . .v</Jq1&&D]&M&<,      :/::/?%%)S>?://:M
 MMMMMMMMMMMM?}$/$$kMM&&$(%/?//:..`.  .|//1d/`://?*/*/\"` `     .:/(SS$%(S%)):%M
 MMMMMMMMMMMM(}$$>&&MMHR#$S%%:?::.:|-.`:;&&b/D/$p=qpv//b/~`   :/~~%%??$=$)Z$S+;M
 MMMMMMMMMMMM[|S$$Z1]MMMMD[$?$:>)/::: :/?:``???bD&{b<<-`     .,:/)|SS(}Z/$$?/<SM
 MMMMMMMMMMMM||$)&7k&MMMMH9]$$??Z%|!/:i::`  `` .             SS?SS?Z/]1$/&$c/$SM
 MMMMMMMMMMMM| -?>[&]HMMMMMMMH1[/7SS(?:/..-` ::/Sc,/_,     _<$?SS%$S/&c&&$&>//<M
 MMMMMMMMMMMMR  `$&&&HMM9MMMMMMM&&c$%%:/:/:.:.:/\?\?/\    _MMHk/7S/]dq&1S<&&></M
 MMMMMMMMMMMMM?  :&96MHMMMMMMMMMMMHHk[S%(<<:// `         ,MMMMMMM&/Z6H]DkH]1$&&M
 MMMMMMMMMMMMMD    99H9HMMMMMMMMMMMMMMMb&%$<:i.:....    .MMMMMMMMM6HHHRH&H&H1SFM
 MMMMMMMMMMMMMM|   `?HMMMMMMMMMMMMMMMMMMMHk6k&>$&Z$/?_.bHMMMMMMMMMMM&6HRM9H6]ZkM
 MMMMMMMMMMMMMMM/    `TMMMMMMMMMMMMMMMMMMMMMMMMMMMMMMMMMMMMMMMMMMMMMMHMH6RH&R6&M
 MMMMMMMMMMMMMMMM    -|?HMMMMMMMMMMMMMMMMMMMMMMMMMMMMMMMMMMMMMMMMMMMMMFHH6HMD&&M
 MMMMMMMMMMMMMMMMk  ..:~?9MMMMMMMMMMMMM#`:MMMMMMMMMMMMMMMMMMMMMMMMMMMMM9MHkR6&FM
 MMMMMMMMMMMMMMMMM/  .-!:%$ZHMMMMMMMMMR` dMMMMMMMMMMMMMMMMMMMMMMMMMMMMM9MRMHH9&M
 MMMMMMMMMMMMMMMMMML,:.-|::/?&&MMMMMM` .MMMMMMMMMMMMMMMMMMMMMMMMMMMMMMMMHRMH&&6M
 MMMMMMMMMMMMMMMMMMMc%>/:::i<:SMMMMMMHdMMMMMMMMMMMMMMMMMMMMMMMMMMMMMMMMHHM&969kM
 MMMMMMMMMMMMMMMMMMMMSS/$$/(|HMMMMMMMMMMMMMMMMMMMMMMMMMMMMMMMMMMMMMMMMMMMHH&HH&M
 MMMMMMMMMMMMMMMMMMMM6S/?/MMMMMMMMMMMMMMMMMMMMMMMMMMMMMMMMMMMMMMMMMMMMMR96H1DR1M
 MMMMMMMMMMMMMMMMMMMMM&$MHMMMMMMMMMMMMMMMMMMMMMMMMMMMMMMMMMMMMMMMMMMMMMHMH691&&M
 MMMMMMMMMMMMMMMMMMMMMMMMMMMMMMMMMMMMMMMMMMMMMMMMMMMMMMMMMMMMMMMMMMMMMMMMH&R&9ZM
 MMMMMMMMMMMMMMMMMMMMMMMMMRHMMMMMMMMMMMMMMMMMMMMMMMMMMMMMMMMMMMMMMMMMMMMH&96][6M
 MMMMMMMMMMMMMMMMMMMMMMMMp?:MMMMMMMMMMMMMMMMMMMMMMMMMMMMMMMMMMMMMMMMMMM96HH1][FM
 MMMMMMMMMMMMMMMMMMMMMMMM> -HMMMMMMMMMMMMMMMMMMMMMMMMMMMMMMMMMMMMMMMMMMMH&1k&$&M
 *******************************************************************************
 *                                                                             *
 *         =========================================================           *
 *                     Program for Atomic and Molecular                        *
 *          Direct Iterative Relativistic All-electron Calculations            *
 *         =========================================================           *
 *                                                                             *
 *                                                                             *
 *    Written by:                                                              *
 *                                                                             *
 *    Lucas Visscher           Vrije Universiteit Amsterdam      Netherlands   *
 *    Hans Joergen Aa. Jensen  University of Southern Denmark    Denmark       *
 *    Radovan Bast             UiT The Arctic University of      Norway        *
 *    Trond Saue               Universite Toulouse III           France        *
 *                                                                             *
 *    with contributions from:                                                 *
 *                                                                             *
 *    Vebjoern Bakken          University of Oslo                Norway        *
 *    Kenneth G. Dyall         Schrodinger, Inc., Portland       USA           *
 *    Sebastien Dubillard      University of Strasbourg          France        *
 *    Ulf Ekstroem             University of Oslo                Norway        *
 *    Ephraim Eliav            University of Tel Aviv            Israel        *
 *    Thomas Enevoldsen        University of Southern Denmark    Denmark       *
 *    Elke Fasshauer           University of Aarhus              Denmark       *
 *    Timo Fleig               Universite Toulouse III           France        *
 *    Olav Fossgaard           UiT The Arctic University of      Norway        *
 *    Andre S. P. Gomes        CNRS/Universite de Lille          France        *
 *    Erik D. Hedegaard        Lund University                   Sweden        *
 *    Trygve Helgaker          University of Oslo                Norway        *
 *    Benjamin Helmich-Paris   Vrije Universiteit Amsterdam      Netherlands   *
 *    Johan Henriksson         Linkoeping University             Sweden        *
 *    Miroslav Ilias           Matej Bel University              Slovakia      *
 *    Christoph R. Jacob       TU Braunschweig                   Germany       *
 *    Stefan Knecht            ETH Zuerich                       Switzerland   *
 *    Stanislav Komorovsky     UiT The Arctic University of      Norway        *
 *    Ossama Kullie            University of Kassel              Germany       *
 *    Jon K. Laerdahl          University of Oslo                Norway        *
 *    Christoffer V. Larsen    University of Southern Denmark    Denmark       *
 *    Yoon Sup Lee             KAIST, Daejeon                    South Korea   *
 *    Huliyar S. Nataraj       BME/Budapest Univ. Tech. & Econ.  Hungary       *
 *    Malaya Kumar Nayak       Bhabha Atomic Research Centre     India         *
 *    Patrick Norman           Linkoeping University             Sweden        *
 *    Malgorzata Olejniczak    CNRS/Universite de Lille          France        *
 *    Jeppe Olsen              Aarhus University                 Denmark       *
 *    Jogvan Magnus H. Olsen   University of Southern Denmark    Denmark       *
 *    Young Choon Park         KAIST, Daejeon                    South Korea   *
 *    Jesper K. Pedersen       University of Southern Denmark    Denmark       *
 *    Markus Pernpointner      University of Heidelberg          Germany       *
 *    Roberto Di Remigio       UiT The Arctic University of      Norway        *
 *    Kenneth Ruud             UiT The Arctic University of      Norway        *
 *    Pawel Salek              Stockholm Inst. of Technology     Sweden        *
 *    Bernd Schimmelpfennig    Karlsruhe Institute of Technology Germany       *
 *    Avijit Shee              University of Michigan            USA           *
 *    Jetze Sikkema            Vrije Universiteit Amsterdam      Netherlands   *
 *    Andreas J. Thorvaldsen   UiT The Arctic University of      Norway        *
 *    Joern Thyssen            University of Southern Denmark    Denmark       *
 *    Joost van Stralen        Vrije Universiteit Amsterdam      Netherlands   *
 *    Sebastien Villaume       Linkoeping University             Sweden        *
 *    Olivier Visser           University of Groningen           Netherlands   *
 *    Toke Winther             University of Southern Denmark    Denmark       *
 *    Shigeyoshi Yamamoto      Chukyo University                 Japan         *
 *                                                                             *
 *    For more information about the DIRAC code see http://diracprogram.org    *
 *                                                                             *
 *    This is an experimental code. The authors accept no responsibility       *
 *    for the performance of the code or for the correctness of the results.   *
 *                                                                             *
 *    The code (in whole or part) is not to be reproduced for further          *
 *    distribution without the written permission of the authors or            *
 *    their representatives.                                                   *
 *                                                                             *
 *    If results obtained with this code are published, an                     *
 *    appropriate citation would be:                                           *
 *                                                                             *
 *    DIRAC, a relativistic ab initio electronic structure program,            *
 *    Release DIRAC17 (2017),                                                  *
 *    written by L. Visscher, H. J. Aa. Jensen, R. Bast, and T. Saue,          *
 *    with contributions from V. Bakken, K. G. Dyall, S. Dubillard,            *
 *    U. Ekstroem, E. Eliav, T. Enevoldsen, E. Fasshauer, T. Fleig,            *
 *    O. Fossgaard, A. S. P. Gomes, E. D. Hedegrd, T. Helgaker,               *
 *    J. Henriksson, M. Ilias, Ch. R. Jacob, S. Knecht, S. Komorovsky,         *
 *    O. Kullie, J. K. Laerdahl, C. V. Larsen, Y. S. Lee, H. S. Nataraj,       *
 *    M. K. Nayak, P. Norman, G. Olejniczak, J. Olsen, J. M. H. Olsen,         *
 *    Y. C. Park, J. K. Pedersen, M. Pernpointner, R. Di Remigio, K. Ruud,     *
 *    P. Salek, B. Schimmelpfennig, A. Shee, J. Sikkema, A. J. Thorvaldsen,    *
 *    J. Thyssen, J. van Stralen, S. Villaume, O. Visser,T. Winther,           *
 *    and S. Yamamoto (see http://diracprogram.org).                           *
 *                                                                             *
 *******************************************************************************


Version information
-------------------

Branch        | avijit/eomcc
Commit hash   | c6a334f
Commit author | Avijit Shee
Commit date   | Thu Dec 28 18:31:47 2017 -0500


Configuration and build information
-----------------------------------

Who compiled             | andre
Compiled on server       | fpcmtaspg.univ-lille1.fr
Operating system         | Darwin-15.6.0
CMake version            | 3.6.1
CMake generator          | Unix Makefiles
CMake build type         | debug
Configuration time       | 2018-01-04 13:20:38.976077
Python version           | 2.7.1
Fortran compiler         | /opt/local/bin/gfortran
Fortran compiler version | 5.4.0
Fortran compiler flags   |  -g -fcray-pointer -fbacktrace -fno-range-check -DVAR_GFORTRAN -DVAR_MFDS -g -fcray-pointer -fbacktrace -fno-range-check -DVAR_GFORTRAN -DVAR_MFDS
C compiler               | /opt/local/bin/gcc
C compiler version       | 5.4.0
C compiler flags         |  -g -g
C++ compiler             | /opt/local/bin/g++
C++ compiler version     | 5.4.0
C++ compiler flags       |  -g -Wall -Wno-unknown-pragmas -Wno-sign-compare -Woverloaded-virtual -Wwrite-strings -Wno-unused -g -Wall -Wno-unknown-pragmas -Wno-sign-compare -Woverloaded-virtual -Wwrite-strings -Wno-unused
Static linking           | False
64-bit integers          | False
MPI parallelization      | False
MPI launcher             | unknown
Math libraries           | /usr/lib/liblapack.dylib;/usr/lib/libblas.dylib
Builtin BLAS library     | OFF
Builtin LAPACK library   | OFF
Explicit libraries       | unknown
Compile definitions      | MOD_UNRELEASED;SYS_DARWIN;VAR_MFDS;PRG_DIRAC;INSTALL_WRKMEM=64000000;HAS_PCMSOLVER;BUILD_GEN1INT;HAS_PELIB;MOD_QCORR;HAS_STIELTJES;MOD_INTEREST;MOD_LAO_REARRANGED;MOD_MCSCF_spinfree;MOD_AOOSOC;MOD_ESR;MOD_KRCC;MOD_SRDFT


 Selftest of ISO_C_BINDING Fortran - C/C++ interoperability PASSED

Execution time and host
-----------------------

 
     Date and time (Mac OSX): Mon Jan 15 14:37:40 2018
     Host name              : fpcmtaspg.univ-lille1.fr                


Contents of the input file
--------------------------

**DIRAC                                                                                             
.WAVE FUNCTION                                                                                      
.4INDEX                                                                                             
**WAVE FUNCTION                                                                                     
.SCF                                                                                                
.RELCCSD                                                                                            
*SCF                                                                                                
.FCKCNV                                                                                             
1.0D-9                                                                                              
.MAXITR                                                                                             
70                                                                                                  
**INTEGRALS                                                                                         
.NUCMOD                                                                                             
1                                                                                                   
*TWOINT                                                                                             
.SCREEN                                                                                             
-1                                                                                                  
*READIN                                                                                             
.CONTRA                                                                                             
**GENERAL                                                                                           
.SPHTRA                                                                                             
1 1                                                                                                 
**HAMILTONIAN                                                                                       
**RELCCSD                                                                                           
.PRINT                                                                                              
2                                                                                                   
.ENERGY                                                                                             
.EOMCC                                                                                              
*EOMCC                                                                                              
.EE                                                                                                 
1 8                                                                                                 
.EE                                                                                                 
2 8                                                                                                 
.EE                                                                                                 
3 8                                                                                                 
.EE                                                                                                 
4 8                                                                                                 
*CCENER                                                                                             
.MAXIT                                                                                              
45                                                                                                  
*CCDIAG                                                                                             
.CONVERG                                                                                            
1.0D-7                                                                                              
.MAXSIZE                                                                                            
1024                                                                                                
.MAXITER                                                                                            
80                                                                                                  
**MOLTRA                                                                                            
.ACTIVE                                                                                             
all                                                                                                 
*END OF                                                                                             


Contents of the molecule file
-----------------------------

INTGRL                                                                                              
F2 molecule                                                                                         
explicitly using d2h symmetry                                                                       
C   1    3  X  Y  Z                                                                                 
        9.    1                                                                                     
F      .0000000000        0.0000000000        0.70850                                               
LARGE BASIS cc-pVDZ                                                                                 
FINISH                                                                                              
                                                                                                    


    *************************************************************************
    ********************* DIRAC: No title specified !!! *********************
    *************************************************************************

DIRAC pam run in /Users/andre/Desktop/dirac-tests/dirac_eomcc_avijit_bugfix/build_eomcc/test/eomee_energy_symmetry

pam: Caught signal #2(SIGINT) but dirac.x process group is going to be terminated with stronger ammunution - signal #9 (SIGKILL). 
