DIRAC pam run in /home/bast/dirac/git/test/visual_general
-e Size of all static allocations :108.447 MB 
DIRAC serial starts by allocating 64000000 words (488 MB) of memory
DIRAC serial has no limitations in place for the amount of dynamically allocated memory
 
Note: maximum allocatable memory for serial run can be set by -aw flag (MW) in pam
 
 ******************************************************************************
 *                                                                            *
 *                                O U T P U T                                 *
 *                                   from                                     *
 *                                                                            *
 *                   @@@@@    @@   @@@@@     @@@@     @@@@@                   *
 *                   @@  @@        @@  @@   @@  @@   @@                       *
 *                   @@  @@   @@   @@@@@    @@@@@@   @@                       *
 *                   @@  @@   @@   @@ @@    @@  @@   @@                       *
 *                   @@@@@    @@   @@  @@   @@  @@    @@@@@                   *
 *                                                                            *
 *                                                                            *
 %}ZS)S?$=$)]S?$%%>SS$%S$ZZ6cHHMHHHHHHHHMHHM&MHbHH6$L/:<S///</:|/:|:/::!:.::--:
 $?S$$%$$$$?%?$(SSS$SSSHMMMMMMMMMMMMMMMMMM6H&6S&SH&&k?6$r~::://///::::::.:::-::
 (%?)Z??$$$(S%$>$)S6HMMMMMMMMMMMMMMMMMMMMMMR6M]&&$6HR$&6(i::::::|i|:::::::-:-::
 $S?$$)$?$%?))?S/]#MMMMMMMMMMMMMMMMMMMMMMMMMMHM1HRH9R&$$$|):?:/://|:/::/:/.::.:
 SS$%%?$%((S)?Z[6MMMMMMMMMMMMMMMMMMMMMMMMMMMMMMMMM&HF$$&/)S?<~::!!:::::::/:-:|.
 SS%%%%S$%%%$$MMMMMMMMMMMMMMMMMMMMMMMMMMMMMMMMMMMHHHHHHM>?/S/:/:::`:/://:/::-::
 ?$SSSS?%SS$)MMMMMMMMMMMMMMMMMMMMMMMMMMMMMMMMMMMMMMMMMMM/4?:S:/:::/:::/:/:::.::
 S$(S?S$%(?$HMMMMMMMMMMMMMMMMM#&7RH99MMMMMMMMMMMMMMMMMMHHHd$/:::::/::::::-//.:.
 (?SS(%)S&HMMMMMMMMMMMMMMMMM#S|///???$9HHMMMMMMMMMDSZ&1S/?</>?~:///::|/!:/-:-:.
 $S?%?<H(MMMMMMMMMMMMMMMMR?`. :.:`::<>:``?/*?##*)$:/>       `((%://::/:::::/::/
 S$($$)HdMMMMMMMMMMMMMMMP: . `   `  `    `      `-            `Z<:>?::/:::::|:i
 c%%%&HMMMMMMMMMMMMMMMM6:                                      `$%)>%%</>!:::::
 S?%/MMMMMMMMMMMMMMMMMMH-                                        /ZSS>?:?~:;/::
 $SZ?MMMMMMMMMMMMMMMMMH?.                                        \"&((/?//?|:::
 $%$%&MMMMMMMMMMMMMMMMM:.                                          ?%/S:</::/::
 ($?}&HMMMMMMMMMMMMMMMM>:                                          $%%<?/i:|i::
 Z$($&MMMMMMMMMMMMMMMMHk(:.  . -                                   .S/\?\?/!:/:
 (??$<HMMMMMMMMMMMMMMMFk|:   -.-.                                  :%/%/(:/:ii|
 SZ(S?]MMMMMMMMMMMMMMHS?:- -  ::.:                                  |/S:</::?||
 $%)$$(MMMMMMMMMMMMMMR):`:. :.:::`,,/bcokb/_                       :S?%?|~:/:/:
 %$$%$)[[?$?MMMMMMMMMM: :.:-.::::$7?<&7&MMMMMMM#/           _ .. ..:</?:(:/::::
 $$$?Z?HHH~|/MMMMMMMMM/`.-.:.:/:%%%%?dHMMMMMMMMMMH?,-   .,bMMMM6//./i~/~:<:::/:
 $($S$M//::S?ZHMMMMMH/:.`:::.:/%S/&MMHMMMMMMMMRM&><   ,HMMMMMMMF  :::?:///:|:::
 )[$S$S($|_i:#>::*H&?/::.::/:\"://:?>>`:&HMHSMMMM$:`-   MMHMMMMHHT .)i/?////::/
 $$[$$>$}:dHH&$$--?S::-:.:::--/-:``./::>%Zi?)&/?`:.`   `H?$T*\" `  /%?>%:)://ii|
 $&=&/ZS}$RF<:?/-.|%r/:::/:/:`.-.-..|::S//!`\"``          >??:    `SS<S:)!/////|
 Z&]>b[Z(Z?&%:::../S$$:>:::i`.`. `-.`  `                         ,>%%%:>/>/!|:/
 $$&/F&1$c$?>:>?/,>?$$ZS/::/:-: ...                              |S?S)S?<~:::::
 &$&$&$k&>>|?<:<?((/$[/?)i~/:/. - -                              S?:%%%?/:::/::
 =[/Z[[Fp[MMH$>?Z&S$$$/$S///||..-           -.-                  /((S$:%<:///:/
 $&>1MHHMMMM6M9MMMM$Z$}$S%/:::.`.            .:/,,,dcb>/:.       ((SSSS%:)!//i|
 MMMMMMMMMMMR&&RRRHR&&($(?:|i::-             .:%&S&$[&H&``     ../>%;/?>??:<::>
 MMMMMMMMMMMMS/}S$&&H&[$SS//:::.:.   . . .v</Jq1&&D]&M&<,      :/::/?%%)S>?://:
 MMMMMMMMMMMM?}$/$$kMM&&$(%/?//:..`.  .|//1d/`://?*/*/\"` `     .:/(SS$%(S%)):%
 MMMMMMMMMMMM(}$$>&&MMHR#$S%%:?::.:|-.`:;&&b/D/$p=qpv//b/~`   :/~~%%??$=$)Z$S+;
 MMMMMMMMMMMM[|S$$Z1]MMMMD[$?$:>)/::: :/?:``???bD&{b<<-`     .,:/)|SS(}Z/$$?/<S
 MMMMMMMMMMMM||$)&7k&MMMMH9]$$??Z%|!/:i::`  `` .             SS?SS?Z/]1$/&$c/$S
 MMMMMMMMMMMM| -?>[&]HMMMMMMMH1[/7SS(?:/..-` ::/Sc,/_,     _<$?SS%$S/&c&&$&>//<
 MMMMMMMMMMMMR  `$&&&HMM9MMMMMMM&&c$%%:/:/:.:.:/\?\?/\    _MMHk/7S/]dq&1S<&&></
 MMMMMMMMMMMMM?  :&96MHMMMMMMMMMMMHHk[S%(<<:// `         ,MMMMMMM&/Z6H]DkH]1$&&
 MMMMMMMMMMMMMD    99H9HMMMMMMMMMMMMMMMb&%$<:i.:....    .MMMMMMMMM6HHHRH&H&H1SF
 MMMMMMMMMMMMMM|   `?HMMMMMMMMMMMMMMMMMMMHk6k&>$&Z$/?_.bHMMMMMMMMMMM&6HRM9H6]Zk
 MMMMMMMMMMMMMMM/    `TMMMMMMMMMMMMMMMMMMMMMMMMMMMMMMMMMMMMMMMMMMMMMMHMH6RH&R6&
 MMMMMMMMMMMMMMMM    -|?HMMMMMMMMMMMMMMMMMMMMMMMMMMMMMMMMMMMMMMMMMMMMMFHH6HMD&&
 MMMMMMMMMMMMMMMMk  ..:~?9MMMMMMMMMMMMM#`:MMMMMMMMMMMMMMMMMMMMMMMMMMMMM9MHkR6&F
 MMMMMMMMMMMMMMMMM/  .-!:%$ZHMMMMMMMMMR` dMMMMMMMMMMMMMMMMMMMMMMMMMMMMM9MRMHH9&
 MMMMMMMMMMMMMMMMMML,:.-|::/?&&MMMMMM` .MMMMMMMMMMMMMMMMMMMMMMMMMMMMMMMMHRMH&&6
 MMMMMMMMMMMMMMMMMMMc%>/:::i<:SMMMMMMHdMMMMMMMMMMMMMMMMMMMMMMMMMMMMMMMMHHM&969k
 MMMMMMMMMMMMMMMMMMMMSS/$$/(|HMMMMMMMMMMMMMMMMMMMMMMMMMMMMMMMMMMMMMMMMMMMHH&HH&
 MMMMMMMMMMMMMMMMMMMM6S/?/MMMMMMMMMMMMMMMMMMMMMMMMMMMMMMMMMMMMMMMMMMMMMR96H1DR1
 MMMMMMMMMMMMMMMMMMMMM&$MHMMMMMMMMMMMMMMMMMMMMMMMMMMMMMMMMMMMMMMMMMMMMMHMH691&&
 MMMMMMMMMMMMMMMMMMMMMMMMMMMMMMMMMMMMMMMMMMMMMMMMMMMMMMMMMMMMMMMMMMMMMMMMH&R&9Z
 MMMMMMMMMMMMMMMMMMMMMMMMMRHMMMMMMMMMMMMMMMMMMMMMMMMMMMMMMMMMMMMMMMMMMMMH&96][6
 MMMMMMMMMMMMMMMMMMMMMMMMp?:MMMMMMMMMMMMMMMMMMMMMMMMMMMMMMMMMMMMMMMMMMM96HH1][F
 MMMMMMMMMMMMMMMMMMMMMMMM> -HMMMMMMMMMMMMMMMMMMMMMMMMMMMMMMMMMMMMMMMMMMMH&1k&$&
 ******************************************************************************
 *                                                                            *
 *         =========================================================          *
 *                     Program for Atomic and Molecular                       *
 *          Direct Iterative Relativistic All-electron Calculations           *
 *         =========================================================          *
 *                                                                            *
 *                      VERSION 10.00  10 October 2010                        *
 *                                                                            *
 ******************************************************************************
 *                                                                            *
 *    Written by:                                                             *
 *                                                                            *
 *    Trond Saue               Université P. Sabatier, Toulouse  France       *
 *    Lucas Visscher           VU University Amsterdam           Netherlands  *
 *    Hans Jørgen Aa. Jensen   University of Southern Denmark    Denmark      *
 *                                                                            *
 *    with new contributions since the DIRAC08 release from:                  *
 *                                                                            *
 *    Radovan Bast             University of Tromsø              Norway       *
 *    Kenneth G. Dyall         Schrodinger, Inc., Portland       USA          *
 *    Ulf Ekström              VU University Amsterdam           Netherlands  *
 *    Ephraim Eliav            University of Tel Aviv            Israel       *
 *    Thomas Enevoldsen        University of Southern Denmark    Denmark      *
 *    Timo Fleig               Université P. Sabatier, Toulouse  France       *
 *    Andre S. P. Gomes        CNRS/Universite Lille 1           France       *
 *    Johan Henriksson         Linkôping University              Sweden       *
 *    Miroslav Ilias           Matej Bel University              Slovakia     *
 *    Christoph R. Jacob       Karlsruhe Institute of Technology Germany      *
 *    Stefan Knecht            CNRS/Université de Strasbourg     France       *
 *    Huliyar Nataraj          BME/Budapest Univ. Tech. & Econ.  Hungary      *
 *    Patrick Norman           Linköping University              Sweden       *
 *    Jeppe Olsen              Aarhus University                 Denmark      *
 *    Markus Pernpointner      University of Heidelberg          Germany      *
 *    Kenneth Ruud             University of Tromsø              Norway       *
 *    Bernd Schimmelpfennig    Forschungszentrum Karlsruhe       Germany      *
 *    Jetze Sikkema            VU University Amsterdam           Netherlands  *
 *    Andreas Thorvaldsen      University of Tromsø              Norway       *
 *    Jørn Thyssen             University of Southern Denmark    Denmark      *
 *    Sebastien Villaume       Linköping University              Sweden       *
 *    Shigeyoshi Yamamoto      Chukyo University                 Japan        *
 *                                                                            *
 *    For the complete list of contributors to the DIRAC code see our         *
 *    website http://dirac.chem.vu.nl                                         *
 *                                                                            *
 *    This is an experimental code. The authors accept no responsibility      *
 *    for the performance of the code or for the correctness of the results.  *
 *                                                                            *
 *    The code (in whole or part) is not to be reproduced for further         *
 *    distribution without the written permission of the authors or           *
 *    their representatives.                                                  *
 *                                                                            *
 *    If results obtained with this code are published, an                    *
 *    appropriate citation would be:                                          *
 *                                                                            *
 *    DIRAC, a relativistic ab initio electronic structure program,           *
 *    Release DIRAC10 (2010),                                                 *
 *    written by T. Saue, L. Visscher, and H. J. Aa. Jensen,                  *
 *    with new contributions from R. Bast, K. G. Dyall, U. Ekström, E. Eliav, *
 *    T. Enevoldsen, T. Fleig, A. S. P. Gomes, J. Henriksson, M. Ilias,       *
 *    Ch. R. Jacob, S. Knecht, H. S. Nataraj, P. Norman, J. Olsen,            *
 *    M. Pernpointner, K. Ruud, B. Schimmelpfennig, J. Sikkema,               *
 *    A. Thorvaldsen, J.  Thyssen, S. Villaume, and S. Yamamoto               *
 *    (see http://dirac.chem.vu.nl).                                          *
 *                                                                            *
 ******************************************************************************
 Version           : Dirac 8.0 (patchlevel 0) 
 Hostname          : larry
 Operating system  : Linux 2.6.35-24-generic
 Machine           : i686
 Run               : Sequential
 Last compilation  : 09:12:46 Jan 19 2011 (by foo@foo:foo)
 FORTRAN compiler  : foo 
 C compiler        : foo 
 External libraries: foo 
 Internal libraries: DIRAC_BLAS=foo  DIRAC_LAPACK=foo 
 ILP data model    : foo 
 SVN URL           : foo 
 SVN Revision      : foo 

 
     Date and time (Linux)  : Wed Jan 19 10:16:30 2011
     Host name              :                                         


 *******************************************************************************
 ************************** Input read from DIRAC.INP **************************
 *******************************************************************************

**DIRAC
#.WAVE FUNCTION
**HAMILTONIAN
.LVCORR
.INTFLG
 1 0 0
**INTEGRALS
*READIN
.UNCONTRACT
**WAVE FUNCTION
.DHF
**VISUAL
.3D
.INTEGRATE
.QUANTITIES
1
PAMXVC 1 18 1
.CUBE
25 25 25
*END OF


    *************************************************************************
    ********************* DIRAC: No title specified !!! *********************
    *************************************************************************



    **************************************************************************
    ************************** General DIRAC set-up **************************
    **************************************************************************

   CODATA Recommended Values of the Fundamental Physical Constants: 1998  
                Peter J. Mohr and Barry N. Taylor                         
   Journal of Physical and Chemical Reference Data, Vol. 28, No. 6, 1999  
 * The speed of light :        137.0359998
 * Running in the four-component mode
 * Direct evaluation of the following two-electron integrals:
   - LL-integrals
   - SL-integrals
   - SS-integrals
   - GT-integrals
 * Spherical transformation embedded in MO-transformation
   for large components
 * Transformation to scalar RKB basis embedded in
   MO-transformation for small components
 * Thresholds for linear dependence:
   Large components:   1.00D-06
   Small components:   1.00D-08
 DFPCMO: IBEIG read in I2 format.
 * General print level   :   0


    *************************************************************************
    ****************** Output from HERMIT input processing ******************
    *************************************************************************

 Default print level:        1
 Nuclear model: Gaussian charge distribution.

 Two-electron integrals not calculated.


 Ordinary (field-free non-relativistic) Hamiltonian integrals not calculated.



 Changes of defaults for READIN:
 -------------------------------


 Uncontracted basis forced, irrespective of basis input file.



 Settings for FCK3 calculation:
 ------------------------------

Dynamical threshold is not (yet) implemented in DIRAC


    *************************************************************************
    ****************** Output from READIN input processing ******************
    *************************************************************************



  Title Cards
  -----------

  .                                                                       
  .                                                                       

  Coordinates are entered in Angstroms and converted to atomic units.
          - Conversion factor : 1 bohr = 0.52917721 A

  Nuclear Gaussian exponent for atom of charge   6.000 :    6.8077502929D+08

  Nuclear Gaussian exponent for atom of charge   8.000 :    5.8631436655D+08


                          SYMGRP:Point group information
                          ------------------------------

Point group: C1 

   * Character table

        |  E 
   -----+-----
    A   |   1

   * Direct product table

        | A  
   -----+-----
    A   | A  


                            **************************
                            *** Output from DBLGRP ***
                            **************************

   * One fermion irrep:   E1 
   * Quaternionic group. NZ = 4
   * Direct product decomposition:
          E1  x E1  : A   + A   + A   + A  


                                 Spinor structure
                                 ----------------


   * Fermion irrep no.: 1
      La  |  A  (1)  A  (1)  |
      Sa  |  A  (1)  A  (1)  |
      Lb  |  A  (1)  A  (1)  |
      Sb  |  A  (1)  A  (1)  |


                              Quaternion symmetries
                              ---------------------

    Rep  T(+)
    -----------------------------
    A    1  i  j  k

  QM-QM nuclear repulsion energy :   22.518179076596
  QM-pc interaction energy       :    0.000000000000
  pc-pc interaction energy       :    0.000000000000
  Total interaction energy       :   22.518179076596


  Atoms and basis sets
  --------------------

  Number of atom types:     2
  Total number of atoms:    2

  label    atoms   charge   prim    cont     basis   
  ----------------------------------------------------------------------
  C           1       6      27      27      L  - [9s4p1d|9s4p1d]                                                
                             68      68      S  - [4s10p4d1f|4s10p4d1f]                                          
  O           1       8      27      27      L  - [9s4p1d|9s4p1d]                                                
                             68      68      S  - [4s10p4d1f|4s10p4d1f]                                          
  ----------------------------------------------------------------------
                             54      54      L  - large components
                            136     136      S  - small components
  ----------------------------------------------------------------------
  total:      2      14     190     190

  Cartesian basis used.
  Threshold for integrals (to be written to file):  1.00D-15

  MNF.INP input file (for the AMFI stuff) is ready.
  CAPOUT: preparing the "CAPDIR.inp" file with DIRAC unique order of atomic basis functions. 


  References for the basis sets
  -----------------------------

  Atom type   1   2
   Elements                             References                                
   --------                             ----------                                
   H      : T.H. Dunning, Jr. J. Chem. Phys. 90, 1007 (1989).                     
   He     : D.E. Woon and T.H. Dunning, Jr. J. Chem. Phys. 100, 2975 (1994).      
   Li - Ne: T.H. Dunning, Jr. J. Chem. Phys. 90, 1007 (1989).                     
   Na - Mg: D.E. Woon and T.H. Dunning, Jr.  (to be published)                    
   Al - Ar: D.E. Woon and T.H. Dunning, Jr.  J. Chem. Phys. 98, 1358 (1993).      
   Ca     : J. Koput and K.A. Peterson, J. Phys. Chem. A, 106, 9595 (2002).       
   Ga - Kr: A.K. Wilson, D.E. Woon, K.A. Peterson, T.H. Dunning, Jr.,             
            J. Chem. Phys., 110, 7667 (1999)                                      


  Cartesian Coordinates
  ---------------------

  Total number of coordinates:  6


   1   C        x      0.0000000000
   2            y      0.0000000000
   3            z      0.0000000000

   4   O        x      0.0000000000
   5            y      0.0000000000
   6            z      2.1316110791



   Interatomic separations (in Angstroms):
   ---------------------------------------

            C           O   

   C       0.000000
   O       1.128000    0.000000




  Bond distances (angstroms):
  ---------------------------

                  atom 1     atom 2                           distance
                  ------     ------                           --------
  bond distance:    O          C                              1.128000


  Nuclear repulsion energy :   22.518179076596


                                GETLAB: AO-labels
                                -----------------

   * Large components:   20
     1  L C     s        2  L C     px       3  L C     py       4  L C     pz       5  L C     dxx      6  L C     dxy 
     7  L C     dxz      8  L C     dyy      9  L C     dyz     10  L C     dzz     11  L O     s       12  L O     px  
    13  L O     py      14  L O     pz      15  L O     dxx     16  L O     dxy     17  L O     dxz     18  L O     dyy 
    19  L O     dyz     20  L O     dzz 
   * Small components:   40
    21  S C     s       22  S C     px      23  S C     py      24  S C     pz      25  S C     dxx     26  S C     dxy 
    27  S C     dxz     28  S C     dyy     29  S C     dyz     30  S C     dzz     31  S C     fxxx    32  S C     fxxy
    33  S C     fxxz    34  S C     fxyy    35  S C     fxyz    36  S C     fxzz    37  S C     fyyy    38  S C     fyyz
    39  S C     fyzz    40  S C     fzzz    41  S O     s       42  S O     px      43  S O     py      44  S O     pz  
    45  S O     dxx     46  S O     dxy     47  S O     dxz     48  S O     dyy     49  S O     dyz     50  S O     dzz 
    51  S O     fxxx    52  S O     fxxy    53  S O     fxxz    54  S O     fxyy    55  S O     fxyz    56  S O     fxzz
    57  S O     fyyy    58  S O     fyyz    59  S O     fyzz    60  S O     fzzz


  Symmetry Orbitals
  -----------------

  Number of orbitals in each symmetry:          190
  Number of large orbitals in each symmetry:     54
  Number of small orbitals in each symmetry:    136

* Large component functions

  Symmetry  A  ( 1)

        9 functions:    C  s   
        4 functions:    C  px  
        4 functions:    C  py  
        4 functions:    C  pz  
        1 functions:    C  dxx 
        1 functions:    C  dxy 
        1 functions:    C  dxz 
        1 functions:    C  dyy 
        1 functions:    C  dyz 
        1 functions:    C  dzz 
        9 functions:    O  s   
        4 functions:    O  px  
        4 functions:    O  py  
        4 functions:    O  pz  
        1 functions:    O  dxx 
        1 functions:    O  dxy 
        1 functions:    O  dxz 
        1 functions:    O  dyy 
        1 functions:    O  dyz 
        1 functions:    O  dzz 

* Small component functions

  Symmetry  A  ( 1)

        4 functions:    C  s   
       10 functions:    C  px  
       10 functions:    C  py  
       10 functions:    C  pz  
        4 functions:    C  dxx 
        4 functions:    C  dxy 
        4 functions:    C  dxz 
        4 functions:    C  dyy 
        4 functions:    C  dyz 
        4 functions:    C  dzz 
        1 functions:    C  fxxx
        1 functions:    C  fxxy
        1 functions:    C  fxxz
        1 functions:    C  fxyy
        1 functions:    C  fxyz
        1 functions:    C  fxzz
        1 functions:    C  fyyy
        1 functions:    C  fyyz
        1 functions:    C  fyzz
        1 functions:    C  fzzz
        4 functions:    O  s   
       10 functions:    O  px  
       10 functions:    O  py  
       10 functions:    O  pz  
        4 functions:    O  dxx 
        4 functions:    O  dxy 
        4 functions:    O  dxz 
        4 functions:    O  dyy 
        4 functions:    O  dyz 
        4 functions:    O  dzz 
        1 functions:    O  fxxx
        1 functions:    O  fxxy
        1 functions:    O  fxxz
        1 functions:    O  fxyy
        1 functions:    O  fxyz
        1 functions:    O  fxzz
        1 functions:    O  fyyy
        1 functions:    O  fyyz
        1 functions:    O  fyzz
        1 functions:    O  fzzz


   ***************************************************************************
   *************************** Hamiltonian defined ***************************
   ***************************************************************************

 * Print level:    0
 * Dirac-Coulomb Hamiltonian
 * SS integrals neglected:
   Interatomic Coulombic SS-contributions modelled by
   classical repulsion of small component atomic charges
   using tabulated charges.
 * Default integral flags passed to all modules
   - LL-integrals:     1
   - LS-integrals:     0
   - SS-integrals:     0
   - GT-integrals:     0
 * Basis set:
   - uncontracted large component basis set
   - uncontracted small component basis set


 Information about the restricted kinetic balance scheme:
 * Default RKB projection:
   1: Pre-projection in scalar basis
   2: Removal of unphysical solutions (via diagonalization of free particle Hamiltonian)


    **************************************************************************
    ************************** Wave function module **************************
    **************************************************************************

 Jobs in this run (in execution order):
 * Hartree-Fock calculation

 * Initial Automatic occupation based on:
   Total charge of atoms =  14
   Charge of molecule    =   0
   i.e. no. of electrons =  14
===========================================================================
 DHFINP: Set-up for Hartree-Fock calculation:
===========================================================================
 * Number of fermion irreps: 1
 * Closed shell SCF calculation with   14 electrons in
       7 orbitals in Fermion irrep 1
 * Bare nucleus screening correction used for start guess
 * General print level   :   0
 ***** TRIAL FUNCTION *****
 * Trial vectors read from file DFCOEF
 ***** CONVERGENCE CRITERIA *****
 * Convergence on norm of error vector (gradient).
   Desired convergence:1.000D-07
   Allowed convergence:1.000D-06

 ***** CONVERGENCE CONTROL *****
 * Fock matrix constructed using differential density matrix
    with optimal parameter.
 * DIIS (in MO basis)
 * DIIS will be activated when convergence reaches : 1.00D+20
   - Maximum size of B-matrix:   10
 * Damping of Fock matrix when DIIS is not activated. 
   Weight of old matrix    : 0.250
 * Maximum number of SCF iterations  :   50
 * No quadratic convergent Hartree-Fock
 * Contributions from 2-electron integrals to Fock matrix:
   LL-integrals.
 ***** OUTPUT CONTROL *****
 * Only electron eigenvalues written out.
 LWORK,LFREE    64000000    64000000


 ********************************************************************************
 *************************** Input consistency checks ***************************
 ********************************************************************************



    *************************************************************************
    ************************ End of input processing ************************
    *************************************************************************



                       Generating Lowdin canonical matrix:
                       -----------------------------------

   L   A     * Deleted:          2(Proj:          2, Lindep:          0)
   S   A     * Deleted:         14(Proj:         14, Lindep:          0)


                                Output from MODHAM
                                ------------------

* Applied strict kinetic balance !


      **********************************************************************
      ************************* Orbital dimensions *************************
      **********************************************************************

No. of positive energy orbitals (NESH):    52
No. of negative energy orbitals (NPSH):    52
Total no. of orbitals           (NORB):   104

  *** Visualisation module ***
  Visualisation : DFCOEF file read
 >>>> time used in plot:   1.46 seconds


                            +--------------------------+
                            ! 3D numerical integration !
                            +--------------------------+



 ********************************************************************************
 ********************** Slater-Bragg atomic size estimates **********************
 ********************************************************************************



                        Slater-Bragg relative atomic sizes
                        ----------------------------------


               Column   1     Column   2
       1       1.00000000     1.16666667
       2       0.85714286     1.00000000

DFTGRD: ATSIZE not requested or no trial vectors found. Slater-Bragg radii will be used.
 
Atom  Deg   Rmin        Rmax        Step size     #rp     #tp
=============================================================
C       1   0.757E-06   0.115E+02   0.117E+00     124   29732
O       1   0.571E-06   0.856E+01   0.117E+00     124   29156

   Number of grid points in quadrature:     58888 (100.0%)


 >>>> Time used in DFTGRD:   0.04 seconds


      scalar              x-component         y-component         z-component

    0.6508945401E-01    0.0000000000E+00    0.0000000000E+00    0.0000000000E+00

----------------------------------------------------------------------------------------------------


 >>>> time used in integration:   5.00 seconds

 
     Date and time (Linux)  : Wed Jan 19 10:16:36 2011
     Host name              :                                         
********** E N D   of   D I R A C  output  **********
*****************************************************

  
  Dynamical Memory Usage Summary
  
  Mean allocation size (Mb) :        13.71
  
  Largest          10  allocations
  
      488.28 Mb at subroutine                                            for work array at main                        
        7.63 Mb at subroutine                                            for unnamed variable                          
        7.63 Mb at subroutine                                            for unnamed variable                          
        7.63 Mb at subroutine                                            for unnamed variable                          
        7.63 Mb at subroutine                                            for unnamed variable                          
        0.28 Mb at subroutine                                            for unnamed variable                          
        0.28 Mb at subroutine                                            for unnamed variable                          
        0.23 Mb at subroutine                                            for unnamed variable                          
        0.23 Mb at subroutine                                            for unnamed variable                          
        0.23 Mb at subroutine                                            for unnamed variable                          
  
  Peak memory usage    (Mb) :       519.00
       reached at subroutine :                                           
              for variable   : unnamed variable                          
  
 MEMGET high-water mark:     5.10 MB

*****************************************************
>>>> Node 0, utime: 6, stime: 0, minflt: 137277, majflt: 0, nvcsw: 0, nivcsw: 617, maxrss: 539520
>>>> Total WALL time used in DIRAC: 7s
