DIRAC pam run in /home/bast/dirac/git/test/visual_general
-e Size of all static allocations :108.447 MB 
DIRAC serial starts by allocating 64000000 words (488 MB) of memory
DIRAC serial has no limitations in place for the amount of dynamically allocated memory
 
Note: maximum allocatable memory for serial run can be set by -aw flag (MW) in pam
 
 ******************************************************************************
 *                                                                            *
 *                                O U T P U T                                 *
 *                                   from                                     *
 *                                                                            *
 *                   @@@@@    @@   @@@@@     @@@@     @@@@@                   *
 *                   @@  @@        @@  @@   @@  @@   @@                       *
 *                   @@  @@   @@   @@@@@    @@@@@@   @@                       *
 *                   @@  @@   @@   @@ @@    @@  @@   @@                       *
 *                   @@@@@    @@   @@  @@   @@  @@    @@@@@                   *
 *                                                                            *
 *                                                                            *
 %}ZS)S?$=$)]S?$%%>SS$%S$ZZ6cHHMHHHHHHHHMHHM&MHbHH6$L/:<S///</:|/:|:/::!:.::--:
 $?S$$%$$$$?%?$(SSS$SSSHMMMMMMMMMMMMMMMMMM6H&6S&SH&&k?6$r~::://///::::::.:::-::
 (%?)Z??$$$(S%$>$)S6HMMMMMMMMMMMMMMMMMMMMMMR6M]&&$6HR$&6(i::::::|i|:::::::-:-::
 $S?$$)$?$%?))?S/]#MMMMMMMMMMMMMMMMMMMMMMMMMMHM1HRH9R&$$$|):?:/://|:/::/:/.::.:
 SS$%%?$%((S)?Z[6MMMMMMMMMMMMMMMMMMMMMMMMMMMMMMMMM&HF$$&/)S?<~::!!:::::::/:-:|.
 SS%%%%S$%%%$$MMMMMMMMMMMMMMMMMMMMMMMMMMMMMMMMMMMHHHHHHM>?/S/:/:::`:/://:/::-::
 ?$SSSS?%SS$)MMMMMMMMMMMMMMMMMMMMMMMMMMMMMMMMMMMMMMMMMMM/4?:S:/:::/:::/:/:::.::
 S$(S?S$%(?$HMMMMMMMMMMMMMMMMM#&7RH99MMMMMMMMMMMMMMMMMMHHHd$/:::::/::::::-//.:.
 (?SS(%)S&HMMMMMMMMMMMMMMMMM#S|///???$9HHMMMMMMMMMDSZ&1S/?</>?~:///::|/!:/-:-:.
 $S?%?<H(MMMMMMMMMMMMMMMMR?`. :.:`::<>:``?/*?##*)$:/>       `((%://::/:::::/::/
 S$($$)HdMMMMMMMMMMMMMMMP: . `   `  `    `      `-            `Z<:>?::/:::::|:i
 c%%%&HMMMMMMMMMMMMMMMM6:                                      `$%)>%%</>!:::::
 S?%/MMMMMMMMMMMMMMMMMMH-                                        /ZSS>?:?~:;/::
 $SZ?MMMMMMMMMMMMMMMMMH?.                                        \"&((/?//?|:::
 $%$%&MMMMMMMMMMMMMMMMM:.                                          ?%/S:</::/::
 ($?}&HMMMMMMMMMMMMMMMM>:                                          $%%<?/i:|i::
 Z$($&MMMMMMMMMMMMMMMMHk(:.  . -                                   .S/\?\?/!:/:
 (??$<HMMMMMMMMMMMMMMMFk|:   -.-.                                  :%/%/(:/:ii|
 SZ(S?]MMMMMMMMMMMMMMHS?:- -  ::.:                                  |/S:</::?||
 $%)$$(MMMMMMMMMMMMMMR):`:. :.:::`,,/bcokb/_                       :S?%?|~:/:/:
 %$$%$)[[?$?MMMMMMMMMM: :.:-.::::$7?<&7&MMMMMMM#/           _ .. ..:</?:(:/::::
 $$$?Z?HHH~|/MMMMMMMMM/`.-.:.:/:%%%%?dHMMMMMMMMMMH?,-   .,bMMMM6//./i~/~:<:::/:
 $($S$M//::S?ZHMMMMMH/:.`:::.:/%S/&MMHMMMMMMMMRM&><   ,HMMMMMMMF  :::?:///:|:::
 )[$S$S($|_i:#>::*H&?/::.::/:\"://:?>>`:&HMHSMMMM$:`-   MMHMMMMHHT .)i/?////::/
 $$[$$>$}:dHH&$$--?S::-:.:::--/-:``./::>%Zi?)&/?`:.`   `H?$T*\" `  /%?>%:)://ii|
 $&=&/ZS}$RF<:?/-.|%r/:::/:/:`.-.-..|::S//!`\"``          >??:    `SS<S:)!/////|
 Z&]>b[Z(Z?&%:::../S$$:>:::i`.`. `-.`  `                         ,>%%%:>/>/!|:/
 $$&/F&1$c$?>:>?/,>?$$ZS/::/:-: ...                              |S?S)S?<~:::::
 &$&$&$k&>>|?<:<?((/$[/?)i~/:/. - -                              S?:%%%?/:::/::
 =[/Z[[Fp[MMH$>?Z&S$$$/$S///||..-           -.-                  /((S$:%<:///:/
 $&>1MHHMMMM6M9MMMM$Z$}$S%/:::.`.            .:/,,,dcb>/:.       ((SSSS%:)!//i|
 MMMMMMMMMMMR&&RRRHR&&($(?:|i::-             .:%&S&$[&H&``     ../>%;/?>??:<::>
 MMMMMMMMMMMMS/}S$&&H&[$SS//:::.:.   . . .v</Jq1&&D]&M&<,      :/::/?%%)S>?://:
 MMMMMMMMMMMM?}$/$$kMM&&$(%/?//:..`.  .|//1d/`://?*/*/\"` `     .:/(SS$%(S%)):%
 MMMMMMMMMMMM(}$$>&&MMHR#$S%%:?::.:|-.`:;&&b/D/$p=qpv//b/~`   :/~~%%??$=$)Z$S+;
 MMMMMMMMMMMM[|S$$Z1]MMMMD[$?$:>)/::: :/?:``???bD&{b<<-`     .,:/)|SS(}Z/$$?/<S
 MMMMMMMMMMMM||$)&7k&MMMMH9]$$??Z%|!/:i::`  `` .             SS?SS?Z/]1$/&$c/$S
 MMMMMMMMMMMM| -?>[&]HMMMMMMMH1[/7SS(?:/..-` ::/Sc,/_,     _<$?SS%$S/&c&&$&>//<
 MMMMMMMMMMMMR  `$&&&HMM9MMMMMMM&&c$%%:/:/:.:.:/\?\?/\    _MMHk/7S/]dq&1S<&&></
 MMMMMMMMMMMMM?  :&96MHMMMMMMMMMMMHHk[S%(<<:// `         ,MMMMMMM&/Z6H]DkH]1$&&
 MMMMMMMMMMMMMD    99H9HMMMMMMMMMMMMMMMb&%$<:i.:....    .MMMMMMMMM6HHHRH&H&H1SF
 MMMMMMMMMMMMMM|   `?HMMMMMMMMMMMMMMMMMMMHk6k&>$&Z$/?_.bHMMMMMMMMMMM&6HRM9H6]Zk
 MMMMMMMMMMMMMMM/    `TMMMMMMMMMMMMMMMMMMMMMMMMMMMMMMMMMMMMMMMMMMMMMMHMH6RH&R6&
 MMMMMMMMMMMMMMMM    -|?HMMMMMMMMMMMMMMMMMMMMMMMMMMMMMMMMMMMMMMMMMMMMMFHH6HMD&&
 MMMMMMMMMMMMMMMMk  ..:~?9MMMMMMMMMMMMM#`:MMMMMMMMMMMMMMMMMMMMMMMMMMMMM9MHkR6&F
 MMMMMMMMMMMMMMMMM/  .-!:%$ZHMMMMMMMMMR` dMMMMMMMMMMMMMMMMMMMMMMMMMMMMM9MRMHH9&
 MMMMMMMMMMMMMMMMMML,:.-|::/?&&MMMMMM` .MMMMMMMMMMMMMMMMMMMMMMMMMMMMMMMMHRMH&&6
 MMMMMMMMMMMMMMMMMMMc%>/:::i<:SMMMMMMHdMMMMMMMMMMMMMMMMMMMMMMMMMMMMMMMMHHM&969k
 MMMMMMMMMMMMMMMMMMMMSS/$$/(|HMMMMMMMMMMMMMMMMMMMMMMMMMMMMMMMMMMMMMMMMMMMHH&HH&
 MMMMMMMMMMMMMMMMMMMM6S/?/MMMMMMMMMMMMMMMMMMMMMMMMMMMMMMMMMMMMMMMMMMMMMR96H1DR1
 MMMMMMMMMMMMMMMMMMMMM&$MHMMMMMMMMMMMMMMMMMMMMMMMMMMMMMMMMMMMMMMMMMMMMMHMH691&&
 MMMMMMMMMMMMMMMMMMMMMMMMMMMMMMMMMMMMMMMMMMMMMMMMMMMMMMMMMMMMMMMMMMMMMMMMH&R&9Z
 MMMMMMMMMMMMMMMMMMMMMMMMMRHMMMMMMMMMMMMMMMMMMMMMMMMMMMMMMMMMMMMMMMMMMMMH&96][6
 MMMMMMMMMMMMMMMMMMMMMMMMp?:MMMMMMMMMMMMMMMMMMMMMMMMMMMMMMMMMMMMMMMMMMM96HH1][F
 MMMMMMMMMMMMMMMMMMMMMMMM> -HMMMMMMMMMMMMMMMMMMMMMMMMMMMMMMMMMMMMMMMMMMMH&1k&$&
 ******************************************************************************
 *                                                                            *
 *         =========================================================          *
 *                     Program for Atomic and Molecular                       *
 *          Direct Iterative Relativistic All-electron Calculations           *
 *         =========================================================          *
 *                                                                            *
 *                      VERSION 10.00  10 October 2010                        *
 *                                                                            *
 ******************************************************************************
 *                                                                            *
 *    Written by:                                                             *
 *                                                                            *
 *    Trond Saue               Université P. Sabatier, Toulouse  France       *
 *    Lucas Visscher           VU University Amsterdam           Netherlands  *
 *    Hans Jørgen Aa. Jensen   University of Southern Denmark    Denmark      *
 *                                                                            *
 *    with new contributions since the DIRAC08 release from:                  *
 *                                                                            *
 *    Radovan Bast             University of Tromsø              Norway       *
 *    Kenneth G. Dyall         Schrodinger, Inc., Portland       USA          *
 *    Ulf Ekström              VU University Amsterdam           Netherlands  *
 *    Ephraim Eliav            University of Tel Aviv            Israel       *
 *    Thomas Enevoldsen        University of Southern Denmark    Denmark      *
 *    Timo Fleig               Université P. Sabatier, Toulouse  France       *
 *    Andre S. P. Gomes        CNRS/Universite Lille 1           France       *
 *    Johan Henriksson         Linkôping University              Sweden       *
 *    Miroslav Ilias           Matej Bel University              Slovakia     *
 *    Christoph R. Jacob       Karlsruhe Institute of Technology Germany      *
 *    Stefan Knecht            CNRS/Université de Strasbourg     France       *
 *    Huliyar Nataraj          BME/Budapest Univ. Tech. & Econ.  Hungary      *
 *    Patrick Norman           Linköping University              Sweden       *
 *    Jeppe Olsen              Aarhus University                 Denmark      *
 *    Markus Pernpointner      University of Heidelberg          Germany      *
 *    Kenneth Ruud             University of Tromsø              Norway       *
 *    Bernd Schimmelpfennig    Forschungszentrum Karlsruhe       Germany      *
 *    Jetze Sikkema            VU University Amsterdam           Netherlands  *
 *    Andreas Thorvaldsen      University of Tromsø              Norway       *
 *    Jørn Thyssen             University of Southern Denmark    Denmark      *
 *    Sebastien Villaume       Linköping University              Sweden       *
 *    Shigeyoshi Yamamoto      Chukyo University                 Japan        *
 *                                                                            *
 *    For the complete list of contributors to the DIRAC code see our         *
 *    website http://dirac.chem.vu.nl                                         *
 *                                                                            *
 *    This is an experimental code. The authors accept no responsibility      *
 *    for the performance of the code or for the correctness of the results.  *
 *                                                                            *
 *    The code (in whole or part) is not to be reproduced for further         *
 *    distribution without the written permission of the authors or           *
 *    their representatives.                                                  *
 *                                                                            *
 *    If results obtained with this code are published, an                    *
 *    appropriate citation would be:                                          *
 *                                                                            *
 *    DIRAC, a relativistic ab initio electronic structure program,           *
 *    Release DIRAC10 (2010),                                                 *
 *    written by T. Saue, L. Visscher, and H. J. Aa. Jensen,                  *
 *    with new contributions from R. Bast, K. G. Dyall, U. Ekström, E. Eliav, *
 *    T. Enevoldsen, T. Fleig, A. S. P. Gomes, J. Henriksson, M. Ilias,       *
 *    Ch. R. Jacob, S. Knecht, H. S. Nataraj, P. Norman, J. Olsen,            *
 *    M. Pernpointner, K. Ruud, B. Schimmelpfennig, J. Sikkema,               *
 *    A. Thorvaldsen, J.  Thyssen, S. Villaume, and S. Yamamoto               *
 *    (see http://dirac.chem.vu.nl).                                          *
 *                                                                            *
 ******************************************************************************
 Version           : Dirac 8.0 (patchlevel 0) 
 Hostname          : larry
 Operating system  : Linux 2.6.35-24-generic
 Machine           : i686
 Run               : Sequential
 Last compilation  : 09:12:46 Jan 19 2011 (by foo@foo:foo)
 FORTRAN compiler  : foo 
 C compiler        : foo 
 External libraries: foo 
 Internal libraries: DIRAC_BLAS=foo  DIRAC_LAPACK=foo 
 ILP data model    : foo 
 SVN URL           : foo 
 SVN Revision      : foo 

 
     Date and time (Linux)  : Wed Jan 19 10:16:08 2011
     Host name              :                                         


 *******************************************************************************
 ************************** Input read from DIRAC.INP **************************
 *******************************************************************************

**DIRAC
#.WAVE FUNCTION
**HAMILTONIAN
.LVCORR
.INTFLG
 1 0 0
**INTEGRALS
*READIN
.UNCONTRACT
**WAVE FUNCTION
.DHF
**VISUAL
.3D
.INTEGRATE
.QUANTITIES
1
ZORDER 1 1 0
.CUBE
 25 25 25
*END OF


    *************************************************************************
    ********************* DIRAC: No title specified !!! *********************
    *************************************************************************



    **************************************************************************
    ************************** General DIRAC set-up **************************
    **************************************************************************

   CODATA Recommended Values of the Fundamental Physical Constants: 1998  
                Peter J. Mohr and Barry N. Taylor                         
   Journal of Physical and Chemical Reference Data, Vol. 28, No. 6, 1999  
 * The speed of light :        137.0359998
 * Running in the four-component mode
 * Direct evaluation of the following two-electron integrals:
   - LL-integrals
   - SL-integrals
   - SS-integrals
   - GT-integrals
 * Spherical transformation embedded in MO-transformation
   for large components
 * Transformation to scalar RKB basis embedded in
   MO-transformation for small components
 * Thresholds for linear dependence:
   Large components:   1.00D-06
   Small components:   1.00D-08
 DFPCMO: IBEIG read in I2 format.
 * General print level   :   0


    *************************************************************************
    ****************** Output from HERMIT input processing ******************
    *************************************************************************

 Default print level:        1
 Nuclear model: Gaussian charge distribution.

 Two-electron integrals not calculated.


 Ordinary (field-free non-relativistic) Hamiltonian integrals not calculated.



 Changes of defaults for READIN:
 -------------------------------


 Uncontracted basis forced, irrespective of basis input file.



 Settings for FCK3 calculation:
 ------------------------------

Dynamical threshold is not (yet) implemented in DIRAC


    *************************************************************************
    ****************** Output from READIN input processing ******************
    *************************************************************************



  Title Cards
  -----------

                                                                          
                                                                          

  Nuclear Gaussian exponent for atom of charge  10.000 :    5.2105715255D+08


  Symmetry Operations
  -------------------

  Symmetry operations: 3



                          SYMGRP:Point group information
                          ------------------------------

Point group: D2h

   * The point group was generated by:

      Reflection in the xy-plane
      Reflection in the xz-plane
      Reflection in the yz-plane

   * Group multiplication table

        |  E   C2z  C2y  C2x   i   Oxy  Oxz  Oyz
   -----+----------------------------------------
     E  |  E   C2z  C2y  C2x   i   Oxy  Oxz  Oyz
    C2z | C2z   E   C2x  C2y  Oxy   i   Oyz  Oxz
    C2y | C2y  C2x   E   C2z  Oxz  Oyz   i   Oxy
    C2x | C2x  C2y  C2z   E   Oyz  Oxz  Oxy   i 
     i  |  i   Oxy  Oxz  Oyz   E   C2z  C2y  C2x
    Oxy | Oxy   i   Oyz  Oxz  C2z   E   C2x  C2y
    Oxz | Oxz  Oyz   i   Oxy  C2y  C2x   E   C2z
    Oyz | Oyz  Oxz  Oxy   i   C2x  C2y  C2z   E 

   * Character table

        |  E   C2z  C2y  C2x   i   Oxy  Oxz  Oyz
   -----+----------------------------------------
    Ag  |   1    1    1    1    1    1    1    1
    B1u |   1    1   -1   -1   -1   -1    1    1
    B2u |   1   -1    1   -1   -1    1   -1    1
    B3g |   1   -1   -1    1    1   -1   -1    1
    B3u |   1   -1   -1    1   -1    1    1   -1
    B2g |   1   -1    1   -1    1   -1    1   -1
    B1g |   1    1   -1   -1    1    1   -1   -1
    Au  |   1    1    1    1   -1   -1   -1   -1

   * Direct product table

        | Ag   B1u  B2u  B3g  B3u  B2g  B1g  Au 
   -----+----------------------------------------
    Ag  | Ag   B1u  B2u  B3g  B3u  B2g  B1g  Au 
    B1u | B1u  Ag   B3g  B2u  B2g  B3u  Au   B1g
    B2u | B2u  B3g  Ag   B1u  B1g  Au   B3u  B2g
    B3g | B3g  B2u  B1u  Ag   Au   B1g  B2g  B3u
    B3u | B3u  B2g  B1g  Au   Ag   B1u  B2u  B3g
    B2g | B2g  B3u  Au   B1g  B1u  Ag   B3g  B2u
    B1g | B1g  Au   B3u  B2g  B2u  B3g  Ag   B1u
    Au  | Au   B1g  B2g  B3u  B3g  B2u  B1u  Ag 


                            **************************
                            *** Output from DBLGRP ***
                            **************************

   * Two fermion irreps:  E1g  E1u
   * Real group. NZ = 1
   * Direct product decomposition:
          E1g x E1g : Ag  + B1g + B2g + B3g
          E1u x E1g : Au  + B1u + B2u + B3u
          E1u x E1u : Ag  + B1g + B2g + B3g


                                 Spinor structure
                                 ----------------


   * Fermion irrep no.: 1            * Fermion irrep no.: 2

      La  |  Ag (1)  B1g(2)  |                La  |  Au (1)  B1u(2)  |
      Sa  |  Au (1)  B1u(2)  |                Sa  |  Ag (1)  B1g(2)  |
      Lb  |  B2g(3)  B3g(4)  |                Lb  |  B2u(3)  B3u(4)  |
      Sb  |  B2u(3)  B3u(4)  |                Sb  |  B2g(3)  B3g(4)  |


                              Quaternion symmetries
                              ---------------------

    Rep  T(+)
    -----------------------------
    Ag   1
    B1u  i
    B2u  j
    B3g  k
    B3u  k
    B2g  j
    B1g  i
    Au   1


  Atoms and basis sets
  --------------------

  Number of atom types:     1
  Total number of atoms:    1

  label    atoms   charge   prim    cont     basis   
  ----------------------------------------------------------------------
  Ne          1      10      27      27      L  - [9s4p1d|9s4p1d]                                                
                             68      68      S  - [4s10p4d1f|4s10p4d1f]                                          
  ----------------------------------------------------------------------
                             27      27      L  - large components
                             68      68      S  - small components
  ----------------------------------------------------------------------
  total:      1      10      95      95

  Cartesian basis used.
  Threshold for integrals (to be written to file):  1.00D-15

  MNF.INP input file (for the AMFI stuff) is ready.
  CAPOUT: preparing the "CAPDIR.inp" file with DIRAC unique order of atomic basis functions. 


  References for the basis sets
  -----------------------------

  Atom type   1
   Elements                             References                                
   --------                             ----------                                
   H      : T.H. Dunning, Jr. J. Chem. Phys. 90, 1007 (1989).                     
   He     : D.E. Woon and T.H. Dunning, Jr. J. Chem. Phys. 100, 2975 (1994).      
   Li - Ne: T.H. Dunning, Jr. J. Chem. Phys. 90, 1007 (1989).                     
   Na - Mg: D.E. Woon and T.H. Dunning, Jr.  (to be published)                    
   Al - Ar: D.E. Woon and T.H. Dunning, Jr.  J. Chem. Phys. 98, 1358 (1993).      
   Ca     : J. Koput and K.A. Peterson, J. Phys. Chem. A, 106, 9595 (2002).       
   Ga - Kr: A.K. Wilson, D.E. Woon, K.A. Peterson, T.H. Dunning, Jr.,             
            J. Chem. Phys., 110, 7667 (1999)                                      


  Cartesian Coordinates
  ---------------------

  Total number of coordinates:  3


   1   Ne       x      0.0000000000
   2            y      0.0000000000
   3            z      0.0000000000



  Symmetry Coordinates
  --------------------

  Number of coordinates in each symmetry:   0  1  1  0  1  0  0  0


  Symmetry 2

   1   Ne    z    3


  Symmetry 3

   2   Ne    y    2


  Symmetry 5

   3   Ne    x    1
  Nuclear repulsion energy :    0.000000000000


                                GETLAB: AO-labels
                                -----------------

   * Large components:   10
     1  L Ne    s        2  L Ne    px       3  L Ne    py       4  L Ne    pz       5  L Ne    dxx      6  L Ne    dxy 
     7  L Ne    dxz      8  L Ne    dyy      9  L Ne    dyz     10  L Ne    dzz 
   * Small components:   20
    11  S Ne    s       12  S Ne    px      13  S Ne    py      14  S Ne    pz      15  S Ne    dxx     16  S Ne    dxy 
    17  S Ne    dxz     18  S Ne    dyy     19  S Ne    dyz     20  S Ne    dzz     21  S Ne    fxxx    22  S Ne    fxxy
    23  S Ne    fxxz    24  S Ne    fxyy    25  S Ne    fxyz    26  S Ne    fxzz    27  S Ne    fyyy    28  S Ne    fyyz
    29  S Ne    fyzz    30  S Ne    fzzz


                                GETLAB: SO-labels
                                -----------------

   * Large components:   10
     1  L Ag Ne s        2  L Ag Ne dxx      3  L Ag Ne dyy      4  L Ag Ne dzz      5  L B1uNe pz       6  L B2uNe py  
     7  L B3gNe dyz      8  L B3uNe px       9  L B2gNe dxz     10  L B1gNe dxy 
   * Small components:   20
    11  S Ag Ne s       12  S Ag Ne dxx     13  S Ag Ne dyy     14  S Ag Ne dzz     15  S B1uNe pz      16  S B1uNe fxxz
    17  S B1uNe fyyz    18  S B1uNe fzzz    19  S B2uNe py      20  S B2uNe fxxy    21  S B2uNe fyyy    22  S B2uNe fyzz
    23  S B3gNe dyz     24  S B3uNe px      25  S B3uNe fxxx    26  S B3uNe fxyy    27  S B3uNe fxzz    28  S B2gNe dxz 
    29  S B1gNe dxy     30  S Au Ne fxyz


  Symmetry Orbitals
  -----------------

  Number of orbitals in each symmetry:           28    17    17     5    17     5     5     1
  Number of large orbitals in each symmetry:     12     4     4     1     4     1     1     0
  Number of small orbitals in each symmetry:     16    13    13     4    13     4     4     1

* Large component functions

  Symmetry  Ag ( 1)

        9 functions:    Ne s   
        1 functions:    Ne dxx 
        1 functions:    Ne dyy 
        1 functions:    Ne dzz 

  Symmetry  B1u( 2)

        4 functions:    Ne pz  

  Symmetry  B2u( 3)

        4 functions:    Ne py  

  Symmetry  B3g( 4)

        1 functions:    Ne dyz 

  Symmetry  B3u( 5)

        4 functions:    Ne px  

  Symmetry  B2g( 6)

        1 functions:    Ne dxz 

  Symmetry  B1g( 7)

        1 functions:    Ne dxy 

* Small component functions

  Symmetry  Ag ( 1)

        4 functions:    Ne s   
        4 functions:    Ne dxx 
        4 functions:    Ne dyy 
        4 functions:    Ne dzz 

  Symmetry  B1u( 2)

       10 functions:    Ne pz  
        1 functions:    Ne fxxz
        1 functions:    Ne fyyz
        1 functions:    Ne fzzz

  Symmetry  B2u( 3)

       10 functions:    Ne py  
        1 functions:    Ne fxxy
        1 functions:    Ne fyyy
        1 functions:    Ne fyzz

  Symmetry  B3g( 4)

        4 functions:    Ne dyz 

  Symmetry  B3u( 5)

       10 functions:    Ne px  
        1 functions:    Ne fxxx
        1 functions:    Ne fxyy
        1 functions:    Ne fxzz

  Symmetry  B2g( 6)

        4 functions:    Ne dxz 

  Symmetry  B1g( 7)

        4 functions:    Ne dxy 

  Symmetry  Au ( 8)

        1 functions:    Ne fxyz


   ***************************************************************************
   *************************** Hamiltonian defined ***************************
   ***************************************************************************

 * Print level:    0
 * Dirac-Coulomb Hamiltonian
 * SS integrals neglected:
   Interatomic Coulombic SS-contributions modelled by
   classical repulsion of small component atomic charges
   using tabulated charges.
 * Default integral flags passed to all modules
   - LL-integrals:     1
   - LS-integrals:     0
   - SS-integrals:     0
   - GT-integrals:     0
 * Basis set:
   - uncontracted large component basis set
   - uncontracted small component basis set


 Information about the restricted kinetic balance scheme:
 * Default RKB projection:
   1: Pre-projection in scalar basis
   2: Removal of unphysical solutions (via diagonalization of free particle Hamiltonian)


    **************************************************************************
    ************************** Wave function module **************************
    **************************************************************************

 Jobs in this run (in execution order):
 * Hartree-Fock calculation

 * Initial Automatic occupation based on:
   Total charge of atoms =  10
   Charge of molecule    =   0
   i.e. no. of electrons =  10
===========================================================================
 DHFINP: Set-up for Hartree-Fock calculation:
===========================================================================
 * Number of fermion irreps: 2
 * Bare nucleus screening correction used for start guess
 * General print level   :   0
 ***** TRIAL FUNCTION *****
 * Trial vectors read from file DFCOEF
 ***** CONVERGENCE CRITERIA *****
 * Convergence on norm of error vector (gradient).
   Desired convergence:1.000D-07
   Allowed convergence:1.000D-06

 ***** CONVERGENCE CONTROL *****
 * Fock matrix constructed using differential density matrix
    with optimal parameter.
 * DIIS (in MO basis)
 * DIIS will be activated when convergence reaches : 1.00D+20
   - Maximum size of B-matrix:   10
 * Damping of Fock matrix when DIIS is not activated. 
   Weight of old matrix    : 0.250
 * Maximum number of SCF iterations  :   50
 * No quadratic convergent Hartree-Fock
 * DHF occupation is allowed to change during SCF cycles.
 * Contributions from 2-electron integrals to Fock matrix:
   LL-integrals.
 ***** OUTPUT CONTROL *****
 * Only electron eigenvalues written out.
 LWORK,LFREE    64000000    64000000


 ********************************************************************************
 *************************** Input consistency checks ***************************
 ********************************************************************************



    *************************************************************************
    ************************ End of input processing ************************
    *************************************************************************



                       Generating Lowdin canonical matrix:
                       -----------------------------------

   L   Ag    * Deleted:          1(Proj:          1, Lindep:          0)
   L   B3g   * Deleted:          0(Proj:          0, Lindep:          0)
   L   B2g   * Deleted:          0(Proj:          0, Lindep:          0)
   L   B1g   * Deleted:          0(Proj:          0, Lindep:          0)
   S   B1u   * Deleted:          1(Proj:          1, Lindep:          0)
   S   B2u   * Deleted:          1(Proj:          1, Lindep:          0)
   S   B3u   * Deleted:          1(Proj:          1, Lindep:          0)
   S   Au    * Deleted:          0(Proj:          0, Lindep:          0)
   L   B1u   * Deleted:          0(Proj:          0, Lindep:          0)
   L   B2u   * Deleted:          0(Proj:          0, Lindep:          0)
   L   B3u   * Deleted:          0(Proj:          0, Lindep:          0)
   S   Ag    * Deleted:          4(Proj:          4, Lindep:          0)
   S   B3g   * Deleted:          0(Proj:          0, Lindep:          0)
   S   B2g   * Deleted:          0(Proj:          0, Lindep:          0)
   S   B1g   * Deleted:          0(Proj:          0, Lindep:          0)


                                Output from MODHAM
                                ------------------

* Applied strict kinetic balance !


      **********************************************************************
      ************************* Orbital dimensions *************************
      **********************************************************************

                                   Irrep 1 Irrep 2   Sum
No. of electronic orbitals (NESH):    14      12      26
No. of positronic orbitals (NPSH):    14      12      26
Total no. of orbitals      (NORB):    28      24      52

  *** Visualisation module ***
  Visualisation : DFCOEF file read
 >>>> time used in plot:   0.26 seconds


                            +--------------------------+
                            ! 3D numerical integration !
                            +--------------------------+



 ********************************************************************************
 ********************** Slater-Bragg atomic size estimates **********************
 ********************************************************************************



                        Slater-Bragg relative atomic sizes
                        ----------------------------------


               Column   1
       1       1.00000000

DFTGRD: ATSIZE not requested or no trial vectors found. Slater-Bragg radii will be used.
 
Atom  Deg   Rmin        Rmax        Step size     #rp     #tp
=============================================================
Ne      1   0.462E-06   0.684E+01   0.117E+00     123    4464

   Number of grid points in quadrature:      4464 ( 15.5%)


 >>>> Time used in DFTGRD:   0.03 seconds


      scalar              x-component         y-component         z-component

    0.1000000000E+02    0.0000000000E+00    0.0000000000E+00    0.0000000000E+00

----------------------------------------------------------------------------------------------------


 >>>> time used in integration:   0.07 seconds

 
     Date and time (Linux)  : Wed Jan 19 10:16:08 2011
     Host name              :                                         
********** E N D   of   D I R A C  output  **********
*****************************************************

  
  Dynamical Memory Usage Summary
  
  Mean allocation size (Mb) :        16.22
  
  Largest          10  allocations
  
      488.28 Mb at subroutine                                            for work array at main                        
        7.63 Mb at subroutine                                            for unnamed variable                          
        7.63 Mb at subroutine                                            for unnamed variable                          
        7.63 Mb at subroutine                                            for unnamed variable                          
        7.63 Mb at subroutine                                            for unnamed variable                          
        0.07 Mb at subroutine                                            for unnamed variable                          
        0.07 Mb at subroutine                                            for unnamed variable                          
        0.03 Mb at subroutine                                            for unnamed variable                          
        0.03 Mb at subroutine                                            for unnamed variable                          
        0.03 Mb at subroutine                                            for unnamed variable                          
  
  Peak memory usage    (Mb) :       519.00
       reached at subroutine :                                           
              for variable   : unnamed variable                          
  
 MEMGET high-water mark:     0.35 MB

*****************************************************
>>>> Node 0, utime: 0, stime: 0, minflt: 134484, majflt: 0, nvcsw: 0, nivcsw: 80, maxrss: 537044
>>>> Total WALL time used in DIRAC: 1s
