
  ** notice ** integer kinds do not match: dirac --> kind = 8 MPI library --> kind =  4
  ** interface to 32-bit integer MPI enabled **

DIRAC master    (lxir127) starts by allocating       64000000 r*8 words (   0.477 GB) of memory
DIRAC nodes 1 to 3 starts by allocating            64000000 r*8 words (   0.477 GB) of memory
DIRAC nodes 1 to 3 to allocate at most           2147483648 r*8 words (  16.000 GB) of memory
DIRAC master    (lxir127) to allocate at most      2147483648 r*8 words (  16.000 GB) of memory
 
Note: maximum allocatable memory for master+nodes can be set by -aw (MW)/-ag (GB) flags in pam
 
 *******************************************************************************
 *                                                                             *
 *                                O U T P U T                                  *
 *                                   from                                      *
 *                                                                             *
 *                   @@@@@    @@   @@@@@     @@@@     @@@@@                    *
 *                   @@  @@        @@  @@   @@  @@   @@                        *
 *                   @@  @@   @@   @@@@@    @@@@@@   @@                        *
 *                   @@  @@   @@   @@ @@    @@  @@   @@                        *
 *                   @@@@@    @@   @@  @@   @@  @@    @@@@@                    *
 *                                                                             *
 *                                                                             *
 %}ZS)S?$=$)]S?$%%>SS$%S$ZZ6cHHMHHHHHHHHMHHM&MHbHH6$L/:<S///</:|/:|:/::!:.::--:%
 $?S$$%$$$$?%?$(SSS$SSSHMMMMMMMMMMMMMMMMMM6H&6S&SH&&k?6$r~::://///::::::.:::-::$
 (%?)Z??$$$(S%$>$)S6HMMMMMMMMMMMMMMMMMMMMMMR6M]&&$6HR$&6(i::::::|i|:::::::-:-::(
 $S?$$)$?$%?))?S/]#MMMMMMMMMMMMMMMMMMMMMMMMMMHM1HRH9R&$$$|):?:/://|:/::/:/.::.:$
 SS$%%?$%((S)?Z[6MMMMMMMMMMMMMMMMMMMMMMMMMMMMMMMMM&HF$$&/)S?<~::!!:::::::/:-:|.S
 SS%%%%S$%%%$$MMMMMMMMMMMMMMMMMMMMMMMMMMMMMMMMMMMHHHHHHM>?/S/:/:::`:/://:/::-::S
 ?$SSSS?%SS$)MMMMMMMMMMMMMMMMMMMMMMMMMMMMMMMMMMMMMMMMMMM/4?:S:/:::/:::/:/:::.::?
 S$(S?S$%(?$HMMMMMMMMMMMMMMMMM#&7RH99MMMMMMMMMMMMMMMMMMHHHd$/:::::/::::::-//.:.S
 (?SS(%)S&HMMMMMMMMMMMMMMMMM#S|///???$9HHMMMMMMMMMDSZ&1S/?</>?~:///::|/!:/-:-:.(
 $S?%?<H(MMMMMMMMMMMMMMMMR?`. :.:`::<>:``?/*?##*)$:/>       `((%://::/:::::/::/$
 S$($$)HdMMMMMMMMMMMMMMMP: . `   `  `    `      `-            `Z<:>?::/:::::|:iS
 c%%%&HMMMMMMMMMMMMMMMM6:                                      `$%)>%%</>!:::::c
 S?%/MMMMMMMMMMMMMMMMMMH-                                        /ZSS>?:?~:;/::S
 $SZ?MMMMMMMMMMMMMMMMMH?.                                        \"&((/?//?|:::$
 $%$%&MMMMMMMMMMMMMMMMM:.                                          ?%/S:</::/::$
 ($?}&HMMMMMMMMMMMMMMMM>:                                          $%%<?/i:|i::(
 Z$($&MMMMMMMMMMMMMMMMHk(:.  . -                                   .S/\?\?/!:/:Z
 (??$<HMMMMMMMMMMMMMMMFk|:   -.-.                                  :%/%/(:/:ii|(
 SZ(S?]MMMMMMMMMMMMMMHS?:- -  ::.:                                  |/S:</::?||S
 $%)$$(MMMMMMMMMMMMMMR):`:. :.:::`,,/bcokb/_                       :S?%?|~:/:/:$
 %$$%$)[[?$?MMMMMMMMMM: :.:-.::::$7?<&7&MMMMMMM#/           _ .. ..:</?:(:/::::%
 $$$?Z?HHH~|/MMMMMMMMM/`.-.:.:/:%%%%?dHMMMMMMMMMMH?,-   .,bMMMM6//./i~/~:<:::/:$
 $($S$M//::S?ZHMMMMMH/:.`:::.:/%S/&MMHMMMMMMMMRM&><   ,HMMMMMMMF  :::?:///:|:::$
 )[$S$S($|_i:#>::*H&?/::.::/:\"://:?>>`:&HMHSMMMM$:`-   MMHMMMMHHT .)i/?////::/)
 $$[$$>$}:dHH&$$--?S::-:.:::--/-:``./::>%Zi?)&/?`:.`   `H?$T*\" `  /%?>%:)://ii$
 $&=&/ZS}$RF<:?/-.|%r/:::/:/:`.-.-..|::S//!`\"``          >??:    `SS<S:)!/////$
 Z&]>b[Z(Z?&%:::../S$$:>:::i`.`. `-.`  `                         ,>%%%:>/>/!|:/Z
 $$&/F&1$c$?>:>?/,>?$$ZS/::/:-: ...                              |S?S)S?<~:::::$
 &$&$&$k&>>|?<:<?((/$[/?)i~/:/. - -                              S?:%%%?/:::/::&
 =[/Z[[Fp[MMH$>?Z&S$$$/$S///||..-           -.-                  /((S$:%<:///:/=
 $&>1MHHMMMM6M9MMMM$Z$}$S%/:::.`.            .:/,,,dcb>/:.       ((SSSS%:)!//i|$
 MMMMMMMMMMMR&&RRRHR&&($(?:|i::-             .:%&S&$[&H&``     ../>%;/?>??:<::>M
 MMMMMMMMMMMMS/}S$&&H&[$SS//:::.:.   . . .v</Jq1&&D]&M&<,      :/::/?%%)S>?://:M
 MMMMMMMMMMMM?}$/$$kMM&&$(%/?//:..`.  .|//1d/`://?*/*/\"` `     .:/(SS$%(S%)):%M
 MMMMMMMMMMMM(}$$>&&MMHR#$S%%:?::.:|-.`:;&&b/D/$p=qpv//b/~`   :/~~%%??$=$)Z$S+;M
 MMMMMMMMMMMM[|S$$Z1]MMMMD[$?$:>)/::: :/?:``???bD&{b<<-`     .,:/)|SS(}Z/$$?/<SM
 MMMMMMMMMMMM||$)&7k&MMMMH9]$$??Z%|!/:i::`  `` .             SS?SS?Z/]1$/&$c/$SM
 MMMMMMMMMMMM| -?>[&]HMMMMMMMH1[/7SS(?:/..-` ::/Sc,/_,     _<$?SS%$S/&c&&$&>//<M
 MMMMMMMMMMMMR  `$&&&HMM9MMMMMMM&&c$%%:/:/:.:.:/\?\?/\    _MMHk/7S/]dq&1S<&&></M
 MMMMMMMMMMMMM?  :&96MHMMMMMMMMMMMHHk[S%(<<:// `         ,MMMMMMM&/Z6H]DkH]1$&&M
 MMMMMMMMMMMMMD    99H9HMMMMMMMMMMMMMMMb&%$<:i.:....    .MMMMMMMMM6HHHRH&H&H1SFM
 MMMMMMMMMMMMMM|   `?HMMMMMMMMMMMMMMMMMMMHk6k&>$&Z$/?_.bHMMMMMMMMMMM&6HRM9H6]ZkM
 MMMMMMMMMMMMMMM/    `TMMMMMMMMMMMMMMMMMMMMMMMMMMMMMMMMMMMMMMMMMMMMMMHMH6RH&R6&M
 MMMMMMMMMMMMMMMM    -|?HMMMMMMMMMMMMMMMMMMMMMMMMMMMMMMMMMMMMMMMMMMMMMFHH6HMD&&M
 MMMMMMMMMMMMMMMMk  ..:~?9MMMMMMMMMMMMM#`:MMMMMMMMMMMMMMMMMMMMMMMMMMMMM9MHkR6&FM
 MMMMMMMMMMMMMMMMM/  .-!:%$ZHMMMMMMMMMR` dMMMMMMMMMMMMMMMMMMMMMMMMMMMMM9MRMHH9&M
 MMMMMMMMMMMMMMMMMML,:.-|::/?&&MMMMMM` .MMMMMMMMMMMMMMMMMMMMMMMMMMMMMMMMHRMH&&6M
 MMMMMMMMMMMMMMMMMMMc%>/:::i<:SMMMMMMHdMMMMMMMMMMMMMMMMMMMMMMMMMMMMMMMMHHM&969kM
 MMMMMMMMMMMMMMMMMMMMSS/$$/(|HMMMMMMMMMMMMMMMMMMMMMMMMMMMMMMMMMMMMMMMMMMMHH&HH&M
 MMMMMMMMMMMMMMMMMMMM6S/?/MMMMMMMMMMMMMMMMMMMMMMMMMMMMMMMMMMMMMMMMMMMMMR96H1DR1M
 MMMMMMMMMMMMMMMMMMMMM&$MHMMMMMMMMMMMMMMMMMMMMMMMMMMMMMMMMMMMMMMMMMMMMMHMH691&&M
 MMMMMMMMMMMMMMMMMMMMMMMMMMMMMMMMMMMMMMMMMMMMMMMMMMMMMMMMMMMMMMMMMMMMMMMMH&R&9ZM
 MMMMMMMMMMMMMMMMMMMMMMMMMRHMMMMMMMMMMMMMMMMMMMMMMMMMMMMMMMMMMMMMMMMMMMMH&96][6M
 MMMMMMMMMMMMMMMMMMMMMMMMp?:MMMMMMMMMMMMMMMMMMMMMMMMMMMMMMMMMMMMMMMMMMM96HH1][FM
 MMMMMMMMMMMMMMMMMMMMMMMM> -HMMMMMMMMMMMMMMMMMMMMMMMMMMMMMMMMMMMMMMMMMMMH&1k&$&M
 *******************************************************************************
 *                                                                             *
 *         =========================================================           *
 *                     Program for Atomic and Molecular                        *
 *          Direct Iterative Relativistic All-electron Calculations            *
 *         =========================================================           *
 *                                                                             *
 *                                                                             *
 *    Written by:                                                              *
 *                                                                             *
 *    Trond Saue               Universite Toulouse III           France        *
 *    Lucas Visscher           Vrije Universiteit Amsterdam      Netherlands   *
 *    Hans Joergen Aa. Jensen  University of Southern Denmark    Denmark       *
 *    Radovan Bast             UiT The Arctic University of      Norway        *
 *                                                                             *
 *    with contributions from:                                                 *
 *                                                                             *
 *    Vebjoern Bakken          University of Oslo                Norway        *
 *    Kenneth G. Dyall         Schrodinger, Inc., Portland       USA           *
 *    Sebastien Dubillard      University of Strasbourg          France        *
 *    Ulf Ekstroem             University of Oslo                Norway        *
 *    Ephraim Eliav            University of Tel Aviv            Israel        *
 *    Thomas Enevoldsen        University of Southern Denmark    Denmark       *
 *    Elke Fasshauer           University of Aarhus              Denmark       *
 *    Timo Fleig               Universite Toulouse III           France        *
 *    Olav Fossgaard           UiT The Arctic University of      Norway        *
 *    Andre S. P. Gomes        CNRS/Universite de Lille          France        *
 *    Loic Halbert             Universite de Lille               France        *
 *    Erik D. Hedegaard        Lund University                   Sweden        *
 *    Trygve Helgaker          University of Oslo                Norway        *
 *    Benjamin Helmich-Paris   Max Planck Institute f. Coal Res. Germany       *
 *    Johan Henriksson         Linkoeping University             Sweden        *
 *    Miroslav Ilias           Matej Bel University              Slovakia      *
 *    Christoph R. Jacob       TU Braunschweig                   Germany       *
 *    Stefan Knecht            ETH Zuerich                       Switzerland   *
 *    Stanislav Komorovsky     UiT The Arctic University of      Norway        *
 *    Ossama Kullie            University of Kassel              Germany       *
 *    Jon K. Laerdahl          University of Oslo                Norway        *
 *    Christoffer V. Larsen    University of Southern Denmark    Denmark       *
 *    Yoon Sup Lee             KAIST, Daejeon                    South Korea   *
 *    Huliyar S. Nataraj       BME/Budapest Univ. Tech. & Econ.  Hungary       *
 *    Malaya Kumar Nayak       Bhabha Atomic Research Centre     India         *
 *    Patrick Norman           Stockholm Inst. of Technology     Sweden        *
 *    Malgorzata Olejniczak    University of Warsaw              Poland        *
 *    Jeppe Olsen              Aarhus University                 Denmark       *
 *    Jogvan Magnus H. Olsen   University of Southern Denmark    Denmark       *
 *    Young Choon Park         KAIST, Daejeon                    South Korea   *
 *    Jesper K. Pedersen       University of Southern Denmark    Denmark       *
 *    Markus Pernpointner      University of Heidelberg          Germany       *
 *    Roberto Di Remigio       UiT The Arctic University of      Norway        *
 *    Kenneth Ruud             UiT The Arctic University of      Norway        *
 *    Pawel Salek              Stockholm Inst. of Technology     Sweden        *
 *    Bernd Schimmelpfennig    Karlsruhe Institute of Technology Germany       *
 *    Avijit Shee              University of Michigan            USA           *
 *    Jetze Sikkema            Vrije Universiteit Amsterdam      Netherlands   *
 *    Andreas J. Thorvaldsen   UiT The Arctic University of      Norway        *
 *    Joern Thyssen            University of Southern Denmark    Denmark       *
 *    Joost van Stralen        Vrije Universiteit Amsterdam      Netherlands   *
 *    Marta Lopez Vidal        Technical University of Denmark   Denmark       *
 *    Sebastien Villaume       Linkoeping University             Sweden        *
 *    Olivier Visser           University of Groningen           Netherlands   *
 *    Toke Winther             University of Southern Denmark    Denmark       *
 *    Shigeyoshi Yamamoto      Chukyo University                 Japan         *
 *                                                                             *
 *    For more information about the DIRAC code see http://diracprogram.org    *
 *                                                                             *
 *    This is an experimental code. The authors accept no responsibility       *
 *    for the performance of the code or for the correctness of the results.   *
 *                                                                             *
 *    The code (in whole or part) is not to be reproduced for further          *
 *    distribution without the written permission of the authors or            *
 *    their representatives.                                                   *
 *                                                                             *
 *    If results obtained with this code are published, an                     *
 *    appropriate citation would be:                                           *
 *                                                                             *
 *    DIRAC, a relativistic ab initio electronic structure program,            *
 *    Release DIRAC18 (2018),                                                  *
 *    written by T. Saue, L. Visscher, H. J. Aa. Jensen, and R. Bast,          *
 *    with contributions from V. Bakken, K. G. Dyall, S. Dubillard,            *
 *    U. Ekstroem, E. Eliav, T. Enevoldsen, E. Fasshauer, T. Fleig,            *
 *    O. Fossgaard, A. S. P. Gomes, E. D. Hedegaard, T. Helgaker,              *
 *    J. Henriksson, M. Ilias, Ch. R. Jacob, S. Knecht, S. Komorovsky,         *
 *    O. Kullie, J. K. Laerdahl, C. V. Larsen, Y. S. Lee, H. S. Nataraj,       *
 *    M. K. Nayak, P. Norman, G. Olejniczak, J. Olsen, J. M. H. Olsen,         *
 *    Y. C. Park, J. K. Pedersen, M. Pernpointner, R. Di Remigio, K. Ruud,     *
 *    P. Salek, B. Schimmelpfennig, A. Shee, J. Sikkema, A. J. Thorvaldsen,    *
 *    J. Thyssen, J. van Stralen, S. Villaume, O. Visser,T. Winther,           *
 *    and S. Yamamoto (see http://diracprogram.org).                           *
 *                                                                             *
 *******************************************************************************


Version information
-------------------

Branch        | miro/fix_pam
Commit hash   | 281d6f0
Commit author | Miroslav Ilias
Commit date   | Sat Jul 6 14:45:47 2019 +0200


Configuration and build information
-----------------------------------

Who compiled             | milias
Compiled on server       | lxir127
Operating system         | Linux-3.16.0-4-amd64
CMake version            | 3.12.0
CMake generator          | Unix Makefiles
CMake build type         | release
Configuration time       | 2019-07-06 12:47:32.825688
Python version           | 2.7.9
Fortran compiler         | /cvmfs/it.gsi.de/openmpi/intel/4.0.1_intel17.4/bin/mpif90
Fortran compiler version | 17.0
Fortran compiler flags   |  -w -assume byterecl -g -traceback -DVAR_IFORT  -i8 -w -assume byterecl -g -traceback -DVAR_IFORT  -i8
C compiler               | /cvmfs/it.gsi.de/openmpi/intel/4.0.1_intel17.4/bin/mpicc
C compiler version       | 17.0
C compiler flags         |  -g -wd981 -wd279 -wd383 -wd1572 -wd177  -g -wd981 -wd279 -wd383 -wd1572 -wd177 
C++ compiler             | /cvmfs/it.gsi.de/openmpi/intel/4.0.1_intel17.4/bin/mpicxx
C++ compiler version     | 17.0.4
C++ compiler flags       |  -Wno-unknown-pragmas  -Wno-unknown-pragmas 
Static linking           | False
64-bit integers          | True
MPI parallelization      | True
MPI launcher             | /cvmfs/it.gsi.de/openmpi/intel/4.0.1_intel17.4/bin/mpiexec
Math libraries           | unknown
Builtin BLAS library     | OFF
Builtin LAPACK library   | OFF
Explicit libraries       | unknown
Compile definitions      | HAVE_MKL_BLAS;HAVE_MKL_LAPACK;HAVE_MPI;VAR_MPI;VAR_MPI2;VAR_MPI_32BIT_INT;MOD_UNRELEASED;SYS_LINUX;PRG_DIRAC;INT_STAR8;INSTALL_WRKMEM=64000000;HAS_PCMSOLVER;BUILD_GEN1INT;HAS_PELIB;MOD_QCORR;HAS_STIELTJES;MOD_INTEREST;MOD_LAO_REARRANGED;MOD_MCSCF_spinfree;MOD_AOOSOC;MOD_ESR;MOD_KRCC;MOD_SRDFT


 LAPACK integer*4/8 selftest passed
 Selftest of ISO_C_BINDING Fortran - C/C++ interoperability PASSED
 MPI selftest passed with MPI_INTEGER of the size 4 bytes

Execution time and host
-----------------------

 
     Date and time (Linux)  : Tue Jul  9 11:25:31 2019
     Host name              : lxir127                                 


Contents of the input file
--------------------------

**DIRAC                                                                                             
.TITLE                                                                                              
 CN molecule (S=1/2)                                                                                
.WAVE F                                                                                             
.INPTEST                                                                                            
**HAMILTIONIAN                                                                                      
.X2C                                                                                                
**INTEGRALS                                                                                         
*READIN                                                                                             
.UNCONTRACT                                                                                         
*TWOINT                                                                                             
.SOFOCK                                                                                             
.SCREEN                                                                                             
1.0D-11                                                                                             
**WAVE FUNCTIONS                                                                                    
.SCF                                                                                                
*SCF                                                                                                
.OPENFA                                                                                             
 0                                                                                                  
.CLOSED SHELL                                                                                       
 12                                                                                                 
.OPEN S                                                                                             
1                                                                                                   
1/2                                                                                                 
**END OF DIRAC INPUT                                                                                


Contents of the molecule file
-----------------------------

INTGRL                                                                                              
CN  molecule(S=1/2)                                                                                 
basis: STO-2G (too small for production use, but OK for testing)                                    
C   2    2  Y  X   A                                                                                
        6.    1                                                                                     
C        0.0000000    0.0000000  -0.63                                                              
LARGE BASIS STO-2G                                                                                  
        7.    1                                                                                     
N        0.0000000    0.0000000   0.545                                                             
LARGE BASIS STO-2G                                                                                  
FINISH                                                                                              
                                                                                                    


    **************************************************************************
    **************************  CN molecule (S=1/2) **************************
    **************************************************************************

 Jobs in this run:
   * Wave function
   * Input test run only


    **************************************************************************
    ************************** General DIRAC set-up **************************
    **************************************************************************

   CODATA Recommended Values of the Fundamental Physical Constants: 1998  
                Peter J. Mohr and Barry N. Taylor                         
   Journal of Physical and Chemical Reference Data, Vol. 28, No. 6, 1999  
 * The speed of light :        137.0359998
 * Running in two-component mode
 * Parallel run with 3 slaves.
 * Direct evaluation of the following two-electron integrals:
   - LL-integrals
 * Spherical transformation embedded in MO-transformation
   for large components
 * Transformation to scalar RKB basis embedded in
   MO-transformation for small components
 * Thresholds for linear dependence:
   Large components:   1.00D-06
   Small components:   1.00D-08
 * General print level   :   0


    *************************************************************************
    ****************** Output from HERMIT input processing ******************
    *************************************************************************

 Default print level:        1
 Nuclear model: Gaussian charge distribution.

 Two-electron integrals not calculated.


 Ordinary (field-free non-relativistic) Hamiltonian integrals not calculated.



 Changes of defaults for *READIN
 -------------------------------


 Uncontracted basis forced, irrespective of basis input file.



  Set-up from HR2INP:
  -------------------

 Print level in TWOINT:    1
 * Direct calculation of Fock matrices in SO-basis.
 * User specified screening threshold in direct Fock matrix construction: 1.00E-11
 * Separate density screening of Coulomb integral batches
 * Separate density screening of exchange integral batches


   ***************************************************************************
   ****************** Output from MOLECULE input processing ******************
   ***************************************************************************



  Title Cards
  -----------

  CN  molecule(S=1/2)                                                     
  basis: STO-2G (too small for production use, but OK for testing)        

  Coordinates are entered in Angstroms and converted to atomic units.
          - Conversion factor : 1 bohr = 0.52917721 A

  Nuclear Gaussian exponent for atom of charge   6.000 :    6.8077492457D+08
  Nuclear Gaussian exponent for atom of charge   7.000 :    6.2865606054D+08


  Symmetry Operations
  -------------------

  Symmetry operations: 2



                          SYMGRP:Point group information
                          ------------------------------

Point group: C2v

   * The point group was generated by:

      Reflection in the xz-plane
      Reflection in the yz-plane

   * Group multiplication table

        |  E   C2z  Oxz  Oyz
   -----+--------------------
     E  |  E   C2z  Oxz  Oyz
    C2z | C2z   E   Oyz  Oxz
    Oxz | Oxz  Oyz   E   C2z
    Oyz | Oyz  Oxz  C2z   E 

   * Character table

        |  E   C2z  Oxz  Oyz
   -----+--------------------
    A1  |   1    1    1    1
    B2  |   1   -1   -1    1
    B1  |   1   -1    1   -1
    A2  |   1    1   -1   -1

   * Direct product table

        | A1   B2   B1   A2 
   -----+--------------------
    A1  | A1   B2   B1   A2 
    B2  | B2   A1   A2   B1 
    B1  | B1   A2   A1   B2 
    A2  | A2   B1   B2   A1 


                            **************************
                            *** Output from DBLGRP ***
                            **************************

   * One fermion irrep:   E1 
   * Real group. NZ = 1
   * Direct product decomposition:
          E1  x E1  : A1  + A2  + B1  + B2 


                                 Spinor structure
                                 ----------------


   * Fermion irrep no.: 1
      La  |  A1 (1)  A2 (2)  |
      Sa  |  A2 (1)  A1 (2)  |
      Lb  |  B1 (3)  B2 (4)  |
      Sb  |  B2 (3)  B1 (4)  |


                              Quaternion symmetries
                              ---------------------

    Rep  T(+)
    -----------------------------
    A1   1
    B2   k
    B1   j
    A2   i

  QM-QM nuclear repulsion energy :     18.915270424340



                                 Isotopic Masses
                                 ---------------

                           C          12.000000
                           N          14.003074

                       Total mass:    26.003074 amu
                       Natural abundance:  98.534 %

 Center-of-mass coordinates (a.u.):    0.000000    0.000000    0.005209


  Atoms and basis sets
  --------------------

  Number of atom types :    2
  Total number of atoms:    2

  label    atoms   charge   prim    cont     basis   
  ----------------------------------------------------------------------
  C           1       6      10      10      L  - [4s2p|4s2p]                                                    
  N           1       7      10      10      L  - [4s2p|4s2p]                                                    
  ----------------------------------------------------------------------
                             20      20      L  - large components
  ----------------------------------------------------------------------
  total:      2      13      20      20

  Threshold for integrals (to be written to file):  1.00D-15


  References for the basis sets
  -----------------------------

  Atom type   1   2
   Elements                             References                                
   --------                             ----------                                
    H - He: W.J. Hehre, R.F. Stewart and J.A. Pople, J. Chem.Phys. 2657 (1969).   
   Li - Ne, W.J. Hehre, R. Ditchfield, R.F. Stewart, J.A. Pople,                  
   Na - Ar, J. Chem. Phys. 52, 2769 (1970).                                       
    K - Kr:                                                                       
  ***********************************************************************         


  Cartesian Coordinates (bohr)
  ----------------------------

  Total number of coordinates:  6


   1   C        x      0.0000000000
   2            y      0.0000000000
   3            z     -1.1905274644

   4   N        x      0.0000000000
   5            y      0.0000000000
   6            z      1.0299007430



  Cartesian coordinates in XYZ format (Angstrom)
  ----------------------------------------------

    2
 
C      0.0000000000   0.0000000000  -0.6300000000
N      0.0000000000   0.0000000000   0.5450000000


  Symmetry Coordinates
  --------------------

  Number of coordinates in each symmetry:     2    2    2    0


  Symmetry  A1 ( 1)

    1   C     z    3
    2   N     z    6


  Symmetry  B2 ( 2)

    3   C     y    2
    4   N     y    5


  Symmetry  B1 ( 3)

    5   C     x    1
    6   N     x    4


   Interatomic separations (in Angstroms):
   ---------------------------------------

            C           N   

   C       0.000000
   N       1.175000    0.000000




  Bond distances (angstroms):
  ---------------------------

                  atom 1     atom 2                           distance
                  ------     ------                           --------
  bond distance:    N          C                              1.175000



   Nuclear repulsion energy :   18.915270424340 Hartree


                                GETLAB: AO-labels
                                -----------------

   * Large components:    8
     1  L C   1 s        2  L C   1 px       3  L C   1 py       4  L C   1 pz       5  L N   1 s        6  L N   1 px  
     7  L N   1 py       8  L N   1 pz  
   * Small components:    0



                                GETLAB: SO-labels
                                -----------------

   * Large components:    8
     1  L A1 C  s        2  L A1 C  pz       3  L A1 N  s        4  L A1 N  pz       5  L B2 C  py       6  L B2 N  py  
     7  L B1 C  px       8  L B1 N  px  
   * Small components:    0



  Symmetry Orbitals
  -----------------

  Number of orbitals in each symmetry:           12     4     4     0
  Number of large orbitals in each symmetry:     12     4     4     0
  Number of small orbitals in each symmetry:      0     0     0     0

* Large component functions

  Symmetry  A1 ( 1)

        4 functions:    C  s   
        2 functions:    C  pz  
        4 functions:    N  s   
        2 functions:    N  pz  

  Symmetry  B2 ( 2)

        2 functions:    C  py  
        2 functions:    N  py  

  Symmetry  B1 ( 3)

        2 functions:    C  px  
        2 functions:    N  px  


   ***************************************************************************
   *************************** Hamiltonian defined ***************************
   ***************************************************************************

 * Print level:    0
 * Exact-Two-Component (X2C) Hamiltonian
   Reference: 
    M. Ilias and T. Saue:
    "Implementation of an infinite-order two-component relativistic Hamiltonian 
    by a simple one-step transformation." 
    J. Chem. Phys., 126 (2007) 064102.
   additional reference for the new X2C module:
    S. Knecht and T. Saue:
    manuscript in preparation, Strasbourg 2010.

 * Running in two-component mode
 * Default integral flags passed to all modules
   - LL-integrals:     1
   - LS-integrals:     0
   - SS-integrals:     0
   - GT-integrals:     0
 * Basis set:
   - uncontracted large component basis set
===========================================================================
   Set-up for AMFI/RELSCF calculations
===========================================================================
  ...no reading under "*AMFI  ", thus default settings
 * AMFI   code print level:    0
 * RELSCF code print level:    0
 * RELSCF maximum number of iterations:   50
 * All AMFI mean-field summations are on neutral individual atoms.
 * order of AMFI contributions to the X2C Hamiltonian:  2
  --> adding spin-same orbit MFSSO2 terms.


    **************************************************************************
    ************************** Wave function module **************************
    **************************************************************************

 Wave function types requested (in input order):
     HF        

 Wave function jobs in execution order (expanded):
 * Hartree-Fock calculation
===========================================================================
 *SCF: Set-up for Hartree-Fock calculation:
===========================================================================
 * Number of fermion irreps: 1
 * Open shell SCF calculation using Average-of-Configuration

 * Shell specifications:

                                        Orbitals
                        #electrons  irrep 1  irrep 2     f        a      alpha
                        ----------  -------  -------  -------  -------  -------
   Closed shell           12             6      N/A    1.0000   1.0000   0.0000
   Open shell no. 1        1.00          1      N/A    0.5000   0.0000   2.0000
   ----------------------------------------------------------------------------
   Total                  13.00          7

   f is the fraction occupation; a and alpha open shell coupling coefficients.

 * Sum of atomic potentials used for start guess
 * General print level   :   0

 ***** INITIAL TRIAL SCF FUNCTION *****
 * Trial vectors read from file DFCOEF
 * Scaling of active-active block correction to open shell Fock operator    0.000000

 ***** SCF CONVERGENCE CRITERIA *****
 * Convergence on norm of error vector (gradient).
   Desired convergence:1.000D-07
   Allowed convergence:1.000D-06

 ***** CONVERGENCE CONTROL *****
 * Fock matrix constructed using differential density matrix
    with optimal parameter.
 * DIIS (in MO basis)
 * DIIS will be activated when convergence reaches : 1.00D+20
   - Maximum size of B-matrix:   10
 * Damping of Fock matrix when DIIS is not activated. 
   Weight of old matrix    : 0.250
 * Maximum number of SCF iterations  :   50
 * No quadratic convergent Hartree-Fock
 * Contributions from 2-electron integrals to Fock matrix:
   LL-integrals.
    ---> this is default setting from Hamiltonian input
 * NB!!! No e-p rotations in 2nd order optimization.
 ***** OUTPUT CONTROL *****
 * Only electron eigenvalues written out.


 ********************************************************************************
 *************************** Input consistency checks ***************************
 ********************************************************************************



    *************************************************************************
    ************************ End of input processing ************************
    *************************************************************************


*****************************************************
********** E N D   of   D I R A C  output  **********
*****************************************************


 
     Date and time (Linux)  : Tue Jul  9 11:25:31 2019
     Host name              : lxir127                                 

>>>> Node 0, utime: 0, stime: 0, minflt: 4479, majflt: 175, nvcsw: 970, nivcsw: 726, maxrss: 41952
>>>> Total WALL time used in DIRAC: 0s
[1562664331.760235] [lxir127:31218:0]          mpool.c:38   UCX  WARN  object 0x3221ee80 was not returned to mpool ucp_requests
  
  Dynamical Memory Usage Summary for Master
  
  Mean allocation size (Mb) :        48.90
  
  Largest                    10  allocations
  
      488.28 Mb at subroutine MAIN__+0x617                               for test allocation of work array in DIRAC mai
        0.76 Mb at subroutine paminp_+0x8a                               for PAMINP WORK array                         
        0.03 Mb at subroutine xpldef_+0x203                              for INTADR in XPLDEF                          
        0.03 Mb at subroutine xpldef_+0x1e9                              for INTREP in XPLDEF                          
        0.03 Mb at subroutine xpldef_+0x203                              for INTADR in XPLDEF                          
        0.03 Mb at subroutine xpldef_+0x1e9                              for INTREP in XPLDEF                          
        0.03 Mb at subroutine xpldef_+0x203                              for INTADR in XPLDEF                          
        0.03 Mb at subroutine xpldef_+0x1e9                              for INTREP in XPLDEF                          
        0.03 Mb at subroutine xpldef_+0x203                              for INTADR in XPLDEF                          
        0.03 Mb at subroutine xpldef_+0x1e9                              for INTREP in XPLDEF                          
  
  Peak memory usage:       488.28 MB
  Peak memory usage:        0.477 GB
       reached at subroutine : MAIN__+0x617                              
              for variable   : test allocation of work array in DIRAC mai
  
 MEMGET high-water mark:     0.00 MB

*****************************************************
DIRAC pam run in /tmp/milias-dirac-software/trunk-devel/test/pam_test

 ====  below this line is the stderr stream  ====
--------------------------------------------------------------------------
By default, for Open MPI 4.0 and later, infiniband ports on a device
are not used by default.  The intent is to use UCX for these devices.
You can override this policy by setting the btl_openib_allow_ib MCA parameter
to true.

  Local host:              lxir127
  Local adapter:           mlx4_0
  Local port:              1

--------------------------------------------------------------------------
--------------------------------------------------------------------------
WARNING: There was an error initializing an OpenFabrics device.

  Local host:   lxir127
  Local device: mlx4_0
--------------------------------------------------------------------------
[lxir127:31213] 3 more processes have sent help message help-mpi-btl-openib.txt / ib port not selected
[lxir127:31213] Set MCA parameter "orte_base_help_aggregate" to 0 to see all help / error messages
[lxir127:31213] 3 more processes have sent help message help-mpi-btl-openib.txt / error in device init
