DIRAC pam run in /home/radovan/dirac/git-repo/test/visual_lao_current
DIRAC serial starts by allocating 64000000 words (488 MB) of memory
DIRAC serial has no limitations in place for the amount of dynamically allocated memory
 
Note: maximum allocatable memory for serial run can be set by -aw flag (MW) in pam
 
 ******************************************************************************
 *                                                                            *
 *                                O U T P U T                                 *
 *                                   from                                     *
 *                                                                            *
 *                   @@@@@    @@   @@@@@     @@@@     @@@@@                   *
 *                   @@  @@        @@  @@   @@  @@   @@                       *
 *                   @@  @@   @@   @@@@@    @@@@@@   @@                       *
 *                   @@  @@   @@   @@ @@    @@  @@   @@                       *
 *                   @@@@@    @@   @@  @@   @@  @@    @@@@@                   *
 *                                                                            *
 *                                                                            *
 %}ZS)S?$=$)]S?$%%>SS$%S$ZZ6cHHMHHHHHHHHMHHM&MHbHH6$L/:<S///</:|/:|:/::!:.::--:
 $?S$$%$$$$?%?$(SSS$SSSHMMMMMMMMMMMMMMMMMM6H&6S&SH&&k?6$r~::://///::::::.:::-::
 (%?)Z??$$$(S%$>$)S6HMMMMMMMMMMMMMMMMMMMMMMR6M]&&$6HR$&6(i::::::|i|:::::::-:-::
 $S?$$)$?$%?))?S/]#MMMMMMMMMMMMMMMMMMMMMMMMMMHM1HRH9R&$$$|):?:/://|:/::/:/.::.:
 SS$%%?$%((S)?Z[6MMMMMMMMMMMMMMMMMMMMMMMMMMMMMMMMM&HF$$&/)S?<~::!!:::::::/:-:|.
 SS%%%%S$%%%$$MMMMMMMMMMMMMMMMMMMMMMMMMMMMMMMMMMMHHHHHHM>?/S/:/:::`:/://:/::-::
 ?$SSSS?%SS$)MMMMMMMMMMMMMMMMMMMMMMMMMMMMMMMMMMMMMMMMMMM/4?:S:/:::/:::/:/:::.::
 S$(S?S$%(?$HMMMMMMMMMMMMMMMMM#&7RH99MMMMMMMMMMMMMMMMMMHHHd$/:::::/::::::-//.:.
 (?SS(%)S&HMMMMMMMMMMMMMMMMM#S|///???$9HHMMMMMMMMMDSZ&1S/?</>?~:///::|/!:/-:-:.
 $S?%?<H(MMMMMMMMMMMMMMMMR?`. :.:`::<>:``?/*?##*)$:/>       `((%://::/:::::/::/
 S$($$)HdMMMMMMMMMMMMMMMP: . `   `  `    `      `-            `Z<:>?::/:::::|:i
 c%%%&HMMMMMMMMMMMMMMMM6:                                      `$%)>%%</>!:::::
 S?%/MMMMMMMMMMMMMMMMMMH-                                        /ZSS>?:?~:;/::
 $SZ?MMMMMMMMMMMMMMMMMH?.                                        \"&((/?//?|:::
 $%$%&MMMMMMMMMMMMMMMMM:.                                          ?%/S:</::/::
 ($?}&HMMMMMMMMMMMMMMMM>:                                          $%%<?/i:|i::
 Z$($&MMMMMMMMMMMMMMMMHk(:.  . -                                   .S/\?\?/!:/:
 (??$<HMMMMMMMMMMMMMMMFk|:   -.-.                                  :%/%/(:/:ii|
 SZ(S?]MMMMMMMMMMMMMMHS?:- -  ::.:                                  |/S:</::?||
 $%)$$(MMMMMMMMMMMMMMR):`:. :.:::`,,/bcokb/_                       :S?%?|~:/:/:
 %$$%$)[[?$?MMMMMMMMMM: :.:-.::::$7?<&7&MMMMMMM#/           _ .. ..:</?:(:/::::
 $$$?Z?HHH~|/MMMMMMMMM/`.-.:.:/:%%%%?dHMMMMMMMMMMH?,-   .,bMMMM6//./i~/~:<:::/:
 $($S$M//::S?ZHMMMMMH/:.`:::.:/%S/&MMHMMMMMMMMRM&><   ,HMMMMMMMF  :::?:///:|:::
 )[$S$S($|_i:#>::*H&?/::.::/:\"://:?>>`:&HMHSMMMM$:`-   MMHMMMMHHT .)i/?////::/
 $$[$$>$}:dHH&$$--?S::-:.:::--/-:``./::>%Zi?)&/?`:.`   `H?$T*\" `  /%?>%:)://ii|
 $&=&/ZS}$RF<:?/-.|%r/:::/:/:`.-.-..|::S//!`\"``          >??:    `SS<S:)!/////|
 Z&]>b[Z(Z?&%:::../S$$:>:::i`.`. `-.`  `                         ,>%%%:>/>/!|:/
 $$&/F&1$c$?>:>?/,>?$$ZS/::/:-: ...                              |S?S)S?<~:::::
 &$&$&$k&>>|?<:<?((/$[/?)i~/:/. - -                              S?:%%%?/:::/::
 =[/Z[[Fp[MMH$>?Z&S$$$/$S///||..-           -.-                  /((S$:%<:///:/
 $&>1MHHMMMM6M9MMMM$Z$}$S%/:::.`.            .:/,,,dcb>/:.       ((SSSS%:)!//i|
 MMMMMMMMMMMR&&RRRHR&&($(?:|i::-             .:%&S&$[&H&``     ../>%;/?>??:<::>
 MMMMMMMMMMMMS/}S$&&H&[$SS//:::.:.   . . .v</Jq1&&D]&M&<,      :/::/?%%)S>?://:
 MMMMMMMMMMMM?}$/$$kMM&&$(%/?//:..`.  .|//1d/`://?*/*/\"` `     .:/(SS$%(S%)):%
 MMMMMMMMMMMM(}$$>&&MMHR#$S%%:?::.:|-.`:;&&b/D/$p=qpv//b/~`   :/~~%%??$=$)Z$S+;
 MMMMMMMMMMMM[|S$$Z1]MMMMD[$?$:>)/::: :/?:``???bD&{b<<-`     .,:/)|SS(}Z/$$?/<S
 MMMMMMMMMMMM||$)&7k&MMMMH9]$$??Z%|!/:i::`  `` .             SS?SS?Z/]1$/&$c/$S
 MMMMMMMMMMMM| -?>[&]HMMMMMMMH1[/7SS(?:/..-` ::/Sc,/_,     _<$?SS%$S/&c&&$&>//<
 MMMMMMMMMMMMR  `$&&&HMM9MMMMMMM&&c$%%:/:/:.:.:/\?\?/\    _MMHk/7S/]dq&1S<&&></
 MMMMMMMMMMMMM?  :&96MHMMMMMMMMMMMHHk[S%(<<:// `         ,MMMMMMM&/Z6H]DkH]1$&&
 MMMMMMMMMMMMMD    99H9HMMMMMMMMMMMMMMMb&%$<:i.:....    .MMMMMMMMM6HHHRH&H&H1SF
 MMMMMMMMMMMMMM|   `?HMMMMMMMMMMMMMMMMMMMHk6k&>$&Z$/?_.bHMMMMMMMMMMM&6HRM9H6]Zk
 MMMMMMMMMMMMMMM/    `TMMMMMMMMMMMMMMMMMMMMMMMMMMMMMMMMMMMMMMMMMMMMMMHMH6RH&R6&
 MMMMMMMMMMMMMMMM    -|?HMMMMMMMMMMMMMMMMMMMMMMMMMMMMMMMMMMMMMMMMMMMMMFHH6HMD&&
 MMMMMMMMMMMMMMMMk  ..:~?9MMMMMMMMMMMMM#`:MMMMMMMMMMMMMMMMMMMMMMMMMMMMM9MHkR6&F
 MMMMMMMMMMMMMMMMM/  .-!:%$ZHMMMMMMMMMR` dMMMMMMMMMMMMMMMMMMMMMMMMMMMMM9MRMHH9&
 MMMMMMMMMMMMMMMMMML,:.-|::/?&&MMMMMM` .MMMMMMMMMMMMMMMMMMMMMMMMMMMMMMMMHRMH&&6
 MMMMMMMMMMMMMMMMMMMc%>/:::i<:SMMMMMMHdMMMMMMMMMMMMMMMMMMMMMMMMMMMMMMMMHHM&969k
 MMMMMMMMMMMMMMMMMMMMSS/$$/(|HMMMMMMMMMMMMMMMMMMMMMMMMMMMMMMMMMMMMMMMMMMMHH&HH&
 MMMMMMMMMMMMMMMMMMMM6S/?/MMMMMMMMMMMMMMMMMMMMMMMMMMMMMMMMMMMMMMMMMMMMMR96H1DR1
 MMMMMMMMMMMMMMMMMMMMM&$MHMMMMMMMMMMMMMMMMMMMMMMMMMMMMMMMMMMMMMMMMMMMMMHMH691&&
 MMMMMMMMMMMMMMMMMMMMMMMMMMMMMMMMMMMMMMMMMMMMMMMMMMMMMMMMMMMMMMMMMMMMMMMMH&R&9Z
 MMMMMMMMMMMMMMMMMMMMMMMMMRHMMMMMMMMMMMMMMMMMMMMMMMMMMMMMMMMMMMMMMMMMMMMH&96][6
 MMMMMMMMMMMMMMMMMMMMMMMMp?:MMMMMMMMMMMMMMMMMMMMMMMMMMMMMMMMMMMMMMMMMMM96HH1][F
 MMMMMMMMMMMMMMMMMMMMMMMM> -HMMMMMMMMMMMMMMMMMMMMMMMMMMMMMMMMMMMMMMMMMMMH&1k&$&
 ******************************************************************************
 *                                                                            *
 *         =========================================================          *
 *                     Program for Atomic and Molecular                       *
 *          Direct Iterative Relativistic All-electron Calculations           *
 *         =========================================================          *
 *                                                                            *
 *                      VERSION 10.00  10 October 2010                        *
 *                                                                            *
 ******************************************************************************
 *                                                                            *
 *    Written by:                                                             *
 *                                                                            *
 *    Trond Saue               Université P. Sabatier, Toulouse  France       *
 *    Lucas Visscher           VU University Amsterdam           Netherlands  *
 *    Hans Jørgen Aa. Jensen   University of Southern Denmark    Denmark      *
 *                                                                            *
 *    with new contributions since the DIRAC08 release from:                  *
 *                                                                            *
 *    Radovan Bast             University of Tromsø              Norway       *
 *    Kenneth G. Dyall         Schrodinger, Inc., Portland       USA          *
 *    Ulf Ekström              VU University Amsterdam           Netherlands  *
 *    Ephraim Eliav            University of Tel Aviv            Israel       *
 *    Thomas Enevoldsen        University of Southern Denmark    Denmark      *
 *    Timo Fleig               Université P. Sabatier, Toulouse  France       *
 *    Andre S. P. Gomes        CNRS/Universite Lille 1           France       *
 *    Johan Henriksson         Linkôping University              Sweden       *
 *    Miroslav Ilias           Matej Bel University              Slovakia     *
 *    Christoph R. Jacob       Karlsruhe Institute of Technology Germany      *
 *    Stefan Knecht            CNRS/Université de Strasbourg     France       *
 *    Huliyar Nataraj          BME/Budapest Univ. Tech. & Econ.  Hungary      *
 *    Patrick Norman           Linköping University              Sweden       *
 *    Jeppe Olsen              Aarhus University                 Denmark      *
 *    Markus Pernpointner      University of Heidelberg          Germany      *
 *    Kenneth Ruud             University of Tromsø              Norway       *
 *    Bernd Schimmelpfennig    Forschungszentrum Karlsruhe       Germany      *
 *    Jetze Sikkema            VU University Amsterdam           Netherlands  *
 *    Andreas Thorvaldsen      University of Tromsø              Norway       *
 *    Jørn Thyssen             University of Southern Denmark    Denmark      *
 *    Sebastien Villaume       Linköping University              Sweden       *
 *    Shigeyoshi Yamamoto      Chukyo University                 Japan        *
 *                                                                            *
 *    For the complete list of contributors to the DIRAC code see our         *
 *    website http://dirac.chem.vu.nl                                         *
 *                                                                            *
 *    This is an experimental code. The authors accept no responsibility      *
 *    for the performance of the code or for the correctness of the results.  *
 *                                                                            *
 *    The code (in whole or part) is not to be reproduced for further         *
 *    distribution without the written permission of the authors or           *
 *    their representatives.                                                  *
 *                                                                            *
 *    If results obtained with this code are published, an                    *
 *    appropriate citation would be:                                          *
 *                                                                            *
 *    DIRAC, a relativistic ab initio electronic structure program,           *
 *    Release DIRAC10 (2010),                                                 *
 *    written by T. Saue, L. Visscher, and H. J. Aa. Jensen,                  *
 *    with new contributions from R. Bast, K. G. Dyall, U. Ekström, E. Eliav, *
 *    T. Enevoldsen, T. Fleig, A. S. P. Gomes, J. Henriksson, M. Ilias,       *
 *    Ch. R. Jacob, S. Knecht, H. S. Nataraj, P. Norman, J. Olsen,            *
 *    M. Pernpointner, K. Ruud, B. Schimmelpfennig, J. Sikkema,               *
 *    A. Thorvaldsen, J.  Thyssen, S. Villaume, and S. Yamamoto               *
 *    (see http://dirac.chem.vu.nl).                                          *
 *                                                                            *
 ******************************************************************************


Compilation settings
--------------------

CMAKE_SYSTEM_NAME           : Linux 

ENABLE_INTERNAL_MATH       : ON 
ENABLE_64BIT_INTEGERS       : OFF 
ENABLE_MPI                  : OFF 
ENABLE_XCFUN                : ON 
ENABLE_LOCAL_DISKS          :  
NO_SSH_ACCESS_TO_NODES      :  

CMAKE_BUILD_TYPE            : Debug 

CMAKE_Fortran_COMPILER      : /usr/bin/f95 
FORTRAN_COMPILER_VERSION    : GNU Fortran (Ubuntu/Linaro 4.5.2-8ubuntu4) 4.5.2 
CMAKE_Fortran_FLAGS         : -g -fcray-pointer -fbacktrace -DVAR_GFORTRAN -DVAR_MFDS -fno-range-check 
CMAKE_Fortran_FLAGS_DEBUG   : -O0 -g 
CMAKE_Fortran_FLAGS_RELEASE : -O3 -funroll-all-loops 

CMAKE_C_COMPILER            : /usr/bin/gcc 
C_COMPILER_VERSION          : gcc (Ubuntu/Linaro 4.5.2-8ubuntu4) 4.5.2 
CMAKE_C_FLAGS               :   
CMAKE_C_FLAGS_DEBUG         : -O0 -g3 
CMAKE_C_FLAGS_RELEASE       : -g -O2 -Wno-unused 

BLAS_LIBRARIES              :  
LAPACK_LIBRARIES            :  

SVN_REVISION                :  
GIT_REVISION                : 016f153014f0de66a21a42455edd9a2ea29ed221 

Compilation time            : Thu Jul 21 16:14:07 CEST 2011 


Execution time and host
-----------------------

 
     Date and time (Linux)  : Thu Jul 21 16:23:49 2011 
     Host name              :                                         


Contents of the input file
--------------------------

**DIRAC                                                                                             
.ANALYZE                                                                                            
**GENERAL                                                                                           
.CVALUE                                                                                             
 7000.0                                                                                             
**HAMILTONIAN                                                                                       
.LVCORR                                                                                             
**INTEGRALS                                                                                         
*READIN                                                                                             
.CONTRACT                                                                                           
**WAVE FUNCTION                                                                                     
.SCF                                                                                                
**ANALYZE                                                                                           
.VISUAL                                                                                             
*VISUAL                                                                                             
.LIST                                                                                               
3                                                                                                   
 1.0  1.0  0.0                                                                                      
-1.0 -1.0  0.0                                                                                      
-1.0  1.0  0.0                                                                                      
.J                                                                                                  
 PAMXVC 1                                                                                           
.J                                                                                                  
 PAMXVC 2                                                                                           
.LONDON                                                                                             
 Z                                                                                                  
.SYMMETRIC                                                                                          
.NODIRECT                                                                                           
.NOREORTHO                                                                                          
*END OF                                                                                             


Contents of the molecule file
-----------------------------

INTGRL                                                                                              
..                                                                                                  
..                                                                                                  
C   2    0                                                                                          
        8.    1                                                                                     
O        0.00000  -0.2249058930   0.00000                                                           
LARGE BASIS cc-pVDZ                                                                                 
        1.    2                                                                                     
H        1.45235   0.8996230000   0.00000                                                           
H       -1.45235   0.8996230000   0.00000                                                           
LARGE BASIS cc-pVDZ                                                                                 
FINISH                                                                                              


    *************************************************************************
    ********************* DIRAC: No title specified !!! *********************
    *************************************************************************

 Jobs in this run:
   * Analysis


    **************************************************************************
    ************************** General DIRAC set-up **************************
    **************************************************************************

   CODATA Recommended Values of the Fundamental Physical Constants: 1998  
                Peter J. Mohr and Barry N. Taylor                         
   Journal of Physical and Chemical Reference Data, Vol. 28, No. 6, 1999  
 * The speed of light :        137.0359998
   * The speed of light scaled by  5.11D+01 to :  7000.00000000
 * running in four-component mode
 * Direct evaluation of the following two-electron integrals:
   - LL-integrals
   - SL-integrals
   - SS-integrals
   - GT-integrals
 * Spherical transformation embedded in MO-transformation
   for large components
 * Transformation to scalar RKB basis embedded in
   MO-transformation for small components
 * Thresholds for linear dependence:
   Large components:   1.00D-06
   Small components:   1.00D-08
 DFPCMO: IBEIG read in I2 format.
 * General print level   :   0


    *************************************************************************
    ****************** Output from HERMIT input processing ******************
    *************************************************************************

 Default print level:        1
 Nuclear model: Gaussian charge distribution.

 Two-electron integrals not calculated.


 Ordinary (field-free non-relativistic) Hamiltonian integrals not calculated.



 Changes of defaults for READIN:
 -------------------------------




 Settings for FCK3 calculation:
 ------------------------------

Dynamical threshold is not (yet) implemented in DIRAC


    *************************************************************************
    ****************** Output from READIN input processing ******************
    *************************************************************************



  Title Cards
  -----------

  ..                                                                      
  ..                                                                      

  Nuclear Gaussian exponent for atom of charge   8.000 :    5.8631436655D+08

  Nuclear Gaussian exponent for atom of charge   1.000 :    2.1248239171D+09


                          SYMGRP:Point group information
                          ------------------------------

Point group: C1 

   * Character table

        |  E 
   -----+-----
    A   |   1

   * Direct product table

        | A  
   -----+-----
    A   | A  


                            **************************
                            *** Output from DBLGRP ***
                            **************************

   * One fermion irrep:   E1 
   * Quaternionic group. NZ = 4
   * Direct product decomposition:
          E1  x E1  : A   + A   + A   + A  


                                 Spinor structure
                                 ----------------


   * Fermion irrep no.: 1
      La  |  A  (1)  A  (1)  |
      Sa  |  A  (1)  A  (1)  |
      Lb  |  A  (1)  A  (1)  |
      Sb  |  A  (1)  A  (1)  |


                              Quaternion symmetries
                              ---------------------

    Rep  T(+)
    -----------------------------
    A    1  i  j  k

  QM-QM nuclear repulsion energy :    9.055004525638
  QM-pc interaction energy       :    0.000000000000
  pc-pc interaction energy       :    0.000000000000
  Total interaction energy       :    9.055004525638


  Atoms and basis sets
  --------------------

  Number of atom types:     2
  Total number of atoms:    3

  label    atoms   charge   prim    cont     basis   
  ----------------------------------------------------------------------
  O           1       8      27      15      L  - [9s4p1d|3s2p1d]                                                
                             68      68      S  - [4s10p4d1f|4s10p4d1f]                                          
  H           1       1       7       5      L  - [4s1p|2s1p]                                                    
                             19      19      S  - [1s4p1d|1s4p1d]                                                
  H           1       1       7       5      L  - [4s1p|2s1p]                                                    
                             19      19      S  - [1s4p1d|1s4p1d]                                                
  ----------------------------------------------------------------------
                             41      25      L  - large components
                            106     106      S  - small components
  ----------------------------------------------------------------------
  total:      3      10     147     131

  Cartesian basis used.
  Threshold for integrals (to be written to file):  1.00D-15

  MNF.INP input file (for the AMFI stuff) is ready.
  CAPOUT: preparing the "CAPDIR.inp" file with DIRAC unique order of atomic basis functions. 


  References for the basis sets
  -----------------------------

  Atom type   1   2
   Elements                             References                                
   --------                             ----------                                
   H      : T.H. Dunning, Jr. J. Chem. Phys. 90, 1007 (1989).                     
   He     : D.E. Woon and T.H. Dunning, Jr. J. Chem. Phys. 100, 2975 (1994).      
   Li - Ne: T.H. Dunning, Jr. J. Chem. Phys. 90, 1007 (1989).                     
   Na - Mg: D.E. Woon and T.H. Dunning, Jr.  (to be published)                    
   Al - Ar: D.E. Woon and T.H. Dunning, Jr.  J. Chem. Phys. 98, 1358 (1993).      
   Ca     : J. Koput and K.A. Peterson, J. Phys. Chem. A, 106, 9595 (2002).       
   Ga - Kr: A.K. Wilson, D.E. Woon, K.A. Peterson, T.H. Dunning, Jr.,             
            J. Chem. Phys., 110, 7667 (1999)                                      


  Cartesian Coordinates
  ---------------------

  Total number of coordinates:  9


   1   O        x      0.0000000000
   2            y     -0.2249058930
   3            z      0.0000000000

   4   H        x      1.4523500000
   5            y      0.8996230000
   6            z      0.0000000000

   7   H        x     -1.4523500000
   8            y      0.8996230000
   9            z      0.0000000000



  Cartesian coordinates xyz format (angstrom)
  -------------------------------------------

    3

O      0.0000000000  -0.1190150726   0.0000000000
H      0.7685505185   0.4760599877   0.0000000000
H     -0.7685505185   0.4760599877   0.0000000000


   Interatomic separations (in Angstroms):
   ---------------------------------------

            O           H           H   

   O       0.000000
   H       0.972000    0.000000
   H       0.972000    1.537101    0.000000




  Bond distances (angstroms):
  ---------------------------

                  atom 1     atom 2                           distance
                  ------     ------                           --------
  bond distance:    H          O                              0.972000
  bond distance:    H          O                              0.972000


  Bond angles (degrees):
  ----------------------

                  atom 1     atom 2     atom 3                   angle
                  ------     ------     ------                   -----
  bond angle:       H          O          H                    104.500


  Nuclear repulsion energy :    9.055004525638


                                GETLAB: AO-labels
                                -----------------

   * Large components:   18
     1  L O   1 s        2  L O   1 px       3  L O   1 py       4  L O   1 pz       5  L O   1 dxx      6  L O   1 dxy 
     7  L O   1 dxz      8  L O   1 dyy      9  L O   1 dyz     10  L O   1 dzz     11  L H   1 s       12  L H   1 px  
    13  L H   1 py      14  L H   1 pz      15  L H   1 s       16  L H   1 px      17  L H   1 py      18  L H   1 pz  
   * Small components:   40
    19  S O   1 s       20  S O   1 px      21  S O   1 py      22  S O   1 pz      23  S O   1 dxx     24  S O   1 dxy 
    25  S O   1 dxz     26  S O   1 dyy     27  S O   1 dyz     28  S O   1 dzz     29  S O   1 fxxx    30  S O   1 fxxy
    31  S O   1 fxxz    32  S O   1 fxyy    33  S O   1 fxyz    34  S O   1 fxzz    35  S O   1 fyyy    36  S O   1 fyyz
    37  S O   1 fyzz    38  S O   1 fzzz    39  S H   1 s       40  S H   1 px      41  S H   1 py      42  S H   1 pz  
    43  S H   1 dxx     44  S H   1 dxy     45  S H   1 dxz     46  S H   1 dyy     47  S H   1 dyz     48  S H   1 dzz 
    49  S H   1 s       50  S H   1 px      51  S H   1 py      52  S H   1 pz      53  S H   1 dxx     54  S H   1 dxy 
    55  S H   1 dxz     56  S H   1 dyy     57  S H   1 dyz     58  S H   1 dzz 


  Symmetry Orbitals
  -----------------

  Number of orbitals in each symmetry:          131
  Number of large orbitals in each symmetry:     25
  Number of small orbitals in each symmetry:    106

* Large component functions

  Symmetry  A  ( 1)

        3 functions:    O  s   
        2 functions:    O  px  
        2 functions:    O  py  
        2 functions:    O  pz  
        1 functions:    O  dxx 
        1 functions:    O  dxy 
        1 functions:    O  dxz 
        1 functions:    O  dyy 
        1 functions:    O  dyz 
        1 functions:    O  dzz 
        2 functions:    H  s   
        1 functions:    H  px  
        1 functions:    H  py  
        1 functions:    H  pz  
        2 functions:    H  s   
        1 functions:    H  px  
        1 functions:    H  py  
        1 functions:    H  pz  

* Small component functions

  Symmetry  A  ( 1)

        4 functions:    O  s   
       10 functions:    O  px  
       10 functions:    O  py  
       10 functions:    O  pz  
        4 functions:    O  dxx 
        4 functions:    O  dxy 
        4 functions:    O  dxz 
        4 functions:    O  dyy 
        4 functions:    O  dyz 
        4 functions:    O  dzz 
        1 functions:    O  fxxx
        1 functions:    O  fxxy
        1 functions:    O  fxxz
        1 functions:    O  fxyy
        1 functions:    O  fxyz
        1 functions:    O  fxzz
        1 functions:    O  fyyy
        1 functions:    O  fyyz
        1 functions:    O  fyzz
        1 functions:    O  fzzz
        1 functions:    H  s   
        4 functions:    H  px  
        4 functions:    H  py  
        4 functions:    H  pz  
        1 functions:    H  dxx 
        1 functions:    H  dxy 
        1 functions:    H  dxz 
        1 functions:    H  dyy 
        1 functions:    H  dyz 
        1 functions:    H  dzz 
        1 functions:    H  s   
        4 functions:    H  px  
        4 functions:    H  py  
        4 functions:    H  pz  
        1 functions:    H  dxx 
        1 functions:    H  dxy 
        1 functions:    H  dxz 
        1 functions:    H  dyy 
        1 functions:    H  dyz 
        1 functions:    H  dzz 


   ***************************************************************************
   *************************** Hamiltonian defined ***************************
   ***************************************************************************

 * Print level:    0
 * Dirac-Coulomb Hamiltonian
 * SS integrals neglected:
   Interatomic Coulombic SS-contributions modelled by
   classical repulsion of small component atomic charges
   using tabulated charges.
 * Default integral flags passed to all modules
   - LL-integrals:     1
   - LS-integrals:     1
   - SS-integrals:     0
   - GT-integrals:     0
 * Basis set:
   - contracted large component basis set
   - uncontracted small component basis set


 Information about the restricted kinetic balance scheme:
 * Default RKB projection:
   1: Pre-projection in scalar basis
   2: Removal of unphysical solutions (via diagonalization of free particle Hamiltonian)


    **************************************************************************
    ************************** Wave function module **************************
    **************************************************************************

 Jobs in this run (in execution order):
 * Hartree-Fock calculation

 * Initial Automatic occupation based on:
   Total charge of atoms =  10
   Charge of molecule    =   0
   i.e. no. of electrons =  10
===========================================================================
 SCFINP: Set-up for Hartree-Fock calculation:
===========================================================================
 * Number of fermion irreps: 1
 * Closed shell SCF calculation with   10 electrons in
       5 orbitals in Fermion irrep 1
 * Bare nucleus screening correction used for start guess
 * General print level   :   0
 ***** TRIAL FUNCTION *****
 * Trial vectors read from file DFCOEF
 ***** CONVERGENCE CRITERIA *****
 * Convergence on norm of error vector (gradient).
   Desired convergence:1.000D-07
   Allowed convergence:1.000D-06

 ***** CONVERGENCE CONTROL *****
 * Fock matrix constructed using differential density matrix
    with optimal parameter.
 * DIIS (in MO basis)
 * DIIS will be activated when convergence reaches : 1.00D+20
   - Maximum size of B-matrix:   10
 * Damping of Fock matrix when DIIS is not activated. 
   Weight of old matrix    : 0.250
 * Maximum number of SCF iterations  :   50
 * No quadratic convergent Hartree-Fock
 * Contributions from 2-electron integrals to Fock matrix:
   LL-integrals.
   SL-integrals from iteration    1
 ***** OUTPUT CONTROL *****
 * Only electron eigenvalues written out.


   ***************************************************************************
   ***************************** Analysis module *****************************
   ***************************************************************************



 ********************************************************************************
 *************************** Input consistency checks ***************************
 ********************************************************************************



    *************************************************************************
    ************************ End of input processing ************************
    *************************************************************************



                       Generating Lowdin canonical matrix:
                       -----------------------------------

   L   A     * Deleted:          1(Proj:          1, Lindep:          0)
   S   A     * Deleted:          9(Proj:          9, Lindep:          0)


                                Output from MODHAM
                                ------------------

* Applied strict kinetic balance !


      **********************************************************************
      ************************* Orbital dimensions *************************
      **********************************************************************

No. of positive energy orbitals (NESH):    24
No. of negative energy orbitals (NPSH):    24
Total no. of orbitals           (NORB):    48
 >>> Time used in PAMSET is   0.19 seconds

  *** Visualisation module ***
  Visualisation : DFCOEF file read
 symmetric connection is used in visual_london
 read symmetry info for connection matrices
 entering ivector, p_name, len_trim(p_name) =            1 dS/dBZ           6


                         +-------------------------------+
                         ! Requested density at point(s) !
                         +-------------------------------+


     r_x           r_y           r_z            scalar          x-component       y-component       z-component

  0.100000E+01  0.100000E+01  0.000000E+00  0.0000000000E+00 -0.5127411885E-01 -0.2684387031E-01 -0.3575716652E-10
 -0.100000E+01 -0.100000E+01  0.000000E+00  0.0000000000E+00  0.2152597294E-01  0.2061205333E-01  0.4609940848E-11
 -0.100000E+01  0.100000E+01  0.000000E+00  0.0000000000E+00 -0.5127411890E-01  0.2684387025E-01  0.4986633514E-10

----------------------------------------------------------------------------------------------------


 >>>> time used in plot:   0.00 seconds
 >>>> time used in integration:   0.00 seconds

 
     Date and time (Linux)  : Thu Jul 21 16:23:51 2011 
     Host name              :                                         
>>>> Node 0, utime: 2, stime: 0, minflt: 128195, majflt: 0, nvcsw: 0, nivcsw: 239, maxrss: 512028
>>>> Total WALL time used in DIRAC: 2s
********** E N D   of   D I R A C  output  **********
*****************************************************

  
  Dynamical Memory Usage Summary
  
  Mean allocation size (Mb) :        32.60
  
  Largest          10  allocations
  
      488.28 Mb at subroutine                                            for work array at main                        
        0.13 Mb at subroutine                                            for buf in butobs                             
        0.13 Mb at subroutine                                            for buf in butobs                             
        0.13 Mb at subroutine                                            for unnamed variable                          
        0.07 Mb at subroutine                                            for unnamed variable                          
        0.07 Mb at subroutine                                            for unnamed variable                          
        0.07 Mb at subroutine                                            for unnamed variable                          
        0.00 Mb at subroutine                                            for unnamed variable                          
        0.00 Mb at subroutine                                            for unnamed variable                          
        0.00 Mb at subroutine                                            for unnamed variable                          
  
  Peak memory usage    (Mb) :       488.00
       reached at subroutine :                                           
              for variable   : buf in butobs                             
  
 MEMGET high-water mark:     2.43 MB

*****************************************************
