DIRAC pam run in /home/bast/dirac/master/test/zora
DIRAC serial starts by allocating 64000000 words (488 MB) of memory
DIRAC serial has no limitations in place for the amount of dynamically allocated memory
 
Note: maximum allocatable memory for serial run can be set by pam --aw
 
 ******************************************************************************
 *                                                                            *
 *                                O U T P U T                                 *
 *                                   from                                     *
 *                                                                            *
 *                   @@@@@    @@   @@@@@     @@@@     @@@@@                   *
 *                   @@  @@        @@  @@   @@  @@   @@                       *
 *                   @@  @@   @@   @@@@@    @@@@@@   @@                       *
 *                   @@  @@   @@   @@ @@    @@  @@   @@                       *
 *                   @@@@@    @@   @@  @@   @@  @@    @@@@@                   *
 *                                                                            *
 *                                                                            *
 %}ZS)S?$=$)]S?$%%>SS$%S$ZZ6cHHMHHHHHHHHMHHM&MHbHH6$L/:<S///</:|/:|:/::!:.::--:
 $?S$$%$$$$?%?$(SSS$SSSHMMMMMMMMMMMMMMMMMM6H&6S&SH&&k?6$r~::://///::::::.:::-::
 (%?)Z??$$$(S%$>$)S6HMMMMMMMMMMMMMMMMMMMMMMR6M]&&$6HR$&6(i::::::|i|:::::::-:-::
 $S?$$)$?$%?))?S/]#MMMMMMMMMMMMMMMMMMMMMMMMMMHM1HRH9R&$$$|):?:/://|:/::/:/.::.:
 SS$%%?$%((S)?Z[6MMMMMMMMMMMMMMMMMMMMMMMMMMMMMMMMM&HF$$&/)S?<~::!!:::::::/:-:|.
 SS%%%%S$%%%$$MMMMMMMMMMMMMMMMMMMMMMMMMMMMMMMMMMMHHHHHHM>?/S/:/:::`:/://:/::-::
 ?$SSSS?%SS$)MMMMMMMMMMMMMMMMMMMMMMMMMMMMMMMMMMMMMMMMMMM/4?:S:/:::/:::/:/:::.::
 S$(S?S$%(?$HMMMMMMMMMMMMMMMMM#&7RH99MMMMMMMMMMMMMMMMMMHHHd$/:::::/::::::-//.:.
 (?SS(%)S&HMMMMMMMMMMMMMMMMM#S|///???$9HHMMMMMMMMMDSZ&1S/?</>?~:///::|/!:/-:-:.
 $S?%?<H(MMMMMMMMMMMMMMMMR?`. :.:`::<>:``?/*?##*)$:/>       `((%://::/:::::/::/
 S$($$)HdMMMMMMMMMMMMMMMP: . `   `  `    `      `-            `Z<:>?::/:::::|:i
 c%%%&HMMMMMMMMMMMMMMMM6:                                      `$%)>%%</>!:::::
 S?%/MMMMMMMMMMMMMMMMMMH-                                        /ZSS>?:?~:;/::
 $SZ?MMMMMMMMMMMMMMMMMH?.                                        \"&((/?//?|:::
 $%$%&MMMMMMMMMMMMMMMMM:.                                          ?%/S:</::/::
 ($?}&HMMMMMMMMMMMMMMMM>:                                          $%%<?/i:|i::
 Z$($&MMMMMMMMMMMMMMMMHk(:.  . -                                   .S/\?\?/!:/:
 (??$<HMMMMMMMMMMMMMMMFk|:   -.-.                                  :%/%/(:/:ii|
 SZ(S?]MMMMMMMMMMMMMMHS?:- -  ::.:                                  |/S:</::?||
 $%)$$(MMMMMMMMMMMMMMR):`:. :.:::`,,/bcokb/_                       :S?%?|~:/:/:
 %$$%$)[[?$?MMMMMMMMMM: :.:-.::::$7?<&7&MMMMMMM#/           _ .. ..:</?:(:/::::
 $$$?Z?HHH~|/MMMMMMMMM/`.-.:.:/:%%%%?dHMMMMMMMMMMH?,-   .,bMMMM6//./i~/~:<:::/:
 $($S$M//::S?ZHMMMMMH/:.`:::.:/%S/&MMHMMMMMMMMRM&><   ,HMMMMMMMF  :::?:///:|:::
 )[$S$S($|_i:#>::*H&?/::.::/:\"://:?>>`:&HMHSMMMM$:`-   MMHMMMMHHT .)i/?////::/
 $$[$$>$}:dHH&$$--?S::-:.:::--/-:``./::>%Zi?)&/?`:.`   `H?$T*\" `  /%?>%:)://ii|
 $&=&/ZS}$RF<:?/-.|%r/:::/:/:`.-.-..|::S//!`\"``          >??:    `SS<S:)!/////|
 Z&]>b[Z(Z?&%:::../S$$:>:::i`.`. `-.`  `                         ,>%%%:>/>/!|:/
 $$&/F&1$c$?>:>?/,>?$$ZS/::/:-: ...                              |S?S)S?<~:::::
 &$&$&$k&>>|?<:<?((/$[/?)i~/:/. - -                              S?:%%%?/:::/::
 =[/Z[[Fp[MMH$>?Z&S$$$/$S///||..-           -.-                  /((S$:%<:///:/
 $&>1MHHMMMM6M9MMMM$Z$}$S%/:::.`.            .:/,,,dcb>/:.       ((SSSS%:)!//i|
 MMMMMMMMMMMR&&RRRHR&&($(?:|i::-             .:%&S&$[&H&``     ../>%;/?>??:<::>
 MMMMMMMMMMMMS/}S$&&H&[$SS//:::.:.   . . .v</Jq1&&D]&M&<,      :/::/?%%)S>?://:
 MMMMMMMMMMMM?}$/$$kMM&&$(%/?//:..`.  .|//1d/`://?*/*/\"` `     .:/(SS$%(S%)):%
 MMMMMMMMMMMM(}$$>&&MMHR#$S%%:?::.:|-.`:;&&b/D/$p=qpv//b/~`   :/~~%%??$=$)Z$S+;
 MMMMMMMMMMMM[|S$$Z1]MMMMD[$?$:>)/::: :/?:``???bD&{b<<-`     .,:/)|SS(}Z/$$?/<S
 MMMMMMMMMMMM||$)&7k&MMMMH9]$$??Z%|!/:i::`  `` .             SS?SS?Z/]1$/&$c/$S
 MMMMMMMMMMMM| -?>[&]HMMMMMMMH1[/7SS(?:/..-` ::/Sc,/_,     _<$?SS%$S/&c&&$&>//<
 MMMMMMMMMMMMR  `$&&&HMM9MMMMMMM&&c$%%:/:/:.:.:/\?\?/\    _MMHk/7S/]dq&1S<&&></
 MMMMMMMMMMMMM?  :&96MHMMMMMMMMMMMHHk[S%(<<:// `         ,MMMMMMM&/Z6H]DkH]1$&&
 MMMMMMMMMMMMMD    99H9HMMMMMMMMMMMMMMMb&%$<:i.:....    .MMMMMMMMM6HHHRH&H&H1SF
 MMMMMMMMMMMMMM|   `?HMMMMMMMMMMMMMMMMMMMHk6k&>$&Z$/?_.bHMMMMMMMMMMM&6HRM9H6]Zk
 MMMMMMMMMMMMMMM/    `TMMMMMMMMMMMMMMMMMMMMMMMMMMMMMMMMMMMMMMMMMMMMMMHMH6RH&R6&
 MMMMMMMMMMMMMMMM    -|?HMMMMMMMMMMMMMMMMMMMMMMMMMMMMMMMMMMMMMMMMMMMMMFHH6HMD&&
 MMMMMMMMMMMMMMMMk  ..:~?9MMMMMMMMMMMMM#`:MMMMMMMMMMMMMMMMMMMMMMMMMMMMM9MHkR6&F
 MMMMMMMMMMMMMMMMM/  .-!:%$ZHMMMMMMMMMR` dMMMMMMMMMMMMMMMMMMMMMMMMMMMMM9MRMHH9&
 MMMMMMMMMMMMMMMMMML,:.-|::/?&&MMMMMM` .MMMMMMMMMMMMMMMMMMMMMMMMMMMMMMMMHRMH&&6
 MMMMMMMMMMMMMMMMMMMc%>/:::i<:SMMMMMMHdMMMMMMMMMMMMMMMMMMMMMMMMMMMMMMMMHHM&969k
 MMMMMMMMMMMMMMMMMMMMSS/$$/(|HMMMMMMMMMMMMMMMMMMMMMMMMMMMMMMMMMMMMMMMMMMMHH&HH&
 MMMMMMMMMMMMMMMMMMMM6S/?/MMMMMMMMMMMMMMMMMMMMMMMMMMMMMMMMMMMMMMMMMMMMMR96H1DR1
 MMMMMMMMMMMMMMMMMMMMM&$MHMMMMMMMMMMMMMMMMMMMMMMMMMMMMMMMMMMMMMMMMMMMMMHMH691&&
 MMMMMMMMMMMMMMMMMMMMMMMMMMMMMMMMMMMMMMMMMMMMMMMMMMMMMMMMMMMMMMMMMMMMMMMMH&R&9Z
 MMMMMMMMMMMMMMMMMMMMMMMMMRHMMMMMMMMMMMMMMMMMMMMMMMMMMMMMMMMMMMMMMMMMMMMH&96][6
 MMMMMMMMMMMMMMMMMMMMMMMMp?:MMMMMMMMMMMMMMMMMMMMMMMMMMMMMMMMMMMMMMMMMMM96HH1][F
 MMMMMMMMMMMMMMMMMMMMMMMM> -HMMMMMMMMMMMMMMMMMMMMMMMMMMMMMMMMMMMMMMMMMMMH&1k&$&
 ******************************************************************************
 *                                                                            *
 *         =========================================================          *
 *                     Program for Atomic and Molecular                       *
 *          Direct Iterative Relativistic All-electron Calculations           *
 *         =========================================================          *
 *                                                                            *
 *                                                                            *
 *    Written by:                                                             *
 *                                                                            *
 *    Radovan Bast             Universite P. Sabatier, Toulouse  France       *
 *    Hans Joergen Aa. Jensen  University of Southern Denmark    Denmark      *
 *    Trond Saue               Universite P. Sabatier, Toulouse  France       *
 *    Lucas Visscher           VU University Amsterdam           Netherlands  *
 *                                                                            *
 *    with contributions from:                                                *
 *                                                                            *
 *    Vebjoern Bakken          University of Oslo                Norway       *
 *    Kenneth G. Dyall         Schrodinger, Inc., Portland       USA          *
 *    Sebastien Dubillard      University of Strasbourg          France       *
 *    Ulf Ekstroem             University of Oslo                Norway       *
 *    Ephraim Eliav            University of Tel Aviv            Israel       *
 *    Thomas Enevoldsen        University of Southern Denmark    Denmark      *
 *    Timo Fleig               Universite P. Sabatier, Toulouse  France       *
 *    Olav Fossgaard           University of Tromsoe             Norway       *
 *    Andre S. P. Gomes        CNRS/Universite Lille 1           France       *
 *    Trygve Helgaker          University of Oslo                Norway       *
 *    Jon K. Laerdahl          University of Oslo                Norway       *
 *    Johan Henriksson         Linkoeping University             Sweden       *
 *    Miroslav Ilias           Matej Bel University              Slovakia     *
 *    Christoph R. Jacob       Karlsruhe Institute of Technology Germany      *
 *    Stefan Knecht            University of Southern Denmark    Denmark      *
 *    Christoffer V. Larsen    University of Southern Denmark    Denmark      *
 *    Huliyar S. Nataraj       BME/Budapest Univ. Tech. & Econ.  Hungary      *
 *    Patrick Norman           Linkoeping University             Sweden       *
 *    Gosia Olejniczak         University of Warsaw              Poland       *
 *    Jeppe Olsen              Aarhus University                 Denmark      *
 *    Jesper K. Pedersen       University of Southern Denmark    Denmark      *
 *    Markus Pernpointner      University of Heidelberg          Germany      *
 *    Kenneth Ruud             University of Tromsoe             Norway       *
 *    Pawel Salek              Stockholm Inst. of Technology     Sweden       *
 *    Bernd Schimmelpfennig    Forschungszentrum Karlsruhe       Germany      *
 *    Jetze Sikkema            VU University Amsterdam           Netherlands  *
 *    Andreas J. Thorvaldsen   University of Tromsoe             Norway       *
 *    Joern Thyssen            University of Southern Denmark    Denmark      *
 *    Joost van Stralen        VU University Amsterdam           Netherlands  *
 *    Sebastien Villaume       Linkoeping University             Sweden       *
 *    Olivier Visser           University of Groningen           Netherlands  *
 *    Toke Winther             University of Southern Denmark    Denmark      *
 *    Shigeyoshi Yamamoto      Chukyo University                 Japan        *
 *                                                                            *
 *    For the complete list of contributors to the DIRAC code see our         *
 *    website http://dirac.chem.vu.nl                                         *
 *                                                                            *
 *    This is an experimental code. The authors accept no responsibility      *
 *    for the performance of the code or for the correctness of the results.  *
 *                                                                            *
 *    The code (in whole or part) is not to be reproduced for further         *
 *    distribution without the written permission of the authors or           *
 *    their representatives.                                                  *
 *                                                                            *
 *    If results obtained with this code are published, an                    *
 *    appropriate citation would be:                                          *
 *                                                                            *
 *    DIRAC, a relativistic ab initio electronic structure program,           *
 *    Release DIRAC11 (2011),                                                 *
 *    written by R. Bast, H. J. Aa. Jensen, T. Saue, and L. Visscher,         *
 *    with contributions from V. Bakken, K. G. Dyall, S. Dubillard,           *
 *    U. Ekstroem, E. Eliav, T. Enevoldsen, T. Fleig, O. Fossgaard,           *
 *    A. S. P. Gomes, T. Helgaker, J. K. Laerdahl, J. Henriksson,             *
 *    M. Ilias, Ch. R. Jacob, S. Knecht, C. V. Larsen, H. S. Nataraj,         *
 *    P. Norman, G. Olejniczak, J. Olsen, J. K. Pedersen, M. Pernpointner,    *
 *    K. Ruud, P. Salek, B. Schimmelpfennig, J. Sikkema, A. J. Thorvaldsen,   *
 *    J. Thyssen, J. van Stralen, S. Villaume, O. Visser, T. Winther,         *
 *    and S. Yamamoto (see http://dirac.chem.vu.nl).                          *
 *                                                                            *
 ******************************************************************************


Compilation info
----------------

 User (who compiled)      | bast@lpqlx131
 System                   | Linux-2.6.32-5-amd64
 Processor                | x86_64
 Internal math            | OFF
 64-bit integers          | ON
 MPI                      | OFF
 Fortran compiler         | /usr/bin/gfortran
 Fortran compiler version | GNU Fortran (Debian 4.4.5-8) 4.4.5
 Fortran flags            | -g -fcray-pointer -fbacktrace -DVAR_GFORTRAN -DVAR
                          | _MFDS -fno-range-check -fdefault-integer-8 -O3 -fu
                          | nroll-all-loops
 C compiler               | /usr/bin/gcc
 C compiler version       | gcc (Debian 4.4.5-8) 4.4.5
 C flags                  | -g -O2 -Wno-unused
 BLAS                     | -Wl,--start-group;/opt/intel/mkl/lib/intel64/libmk
                          | l_core.so;/opt/intel/mkl/lib/intel64/libmkl_intel_
                          | ilp64.so;/opt/intel/mkl/lib/intel64/libmkl_sequent
                          | ial.so;-Wl,--end-group
 LAPACK                   | -Wl,--start-group;/opt/intel/mkl/lib/intel64/libmk
                          | l_lapack95_ilp64.a;-Wl,--end-group
 static libraries linking | OFF
 Configuration time       | 2012-01-16 11:38:18.420985
 Git revision             | 52a4bb87d533c7925b97708784ea80aaa7e72cec


Execution time and host
-----------------------

 
     Date and time (Linux)  : Mon Jan 16 13:34:06 2012 
     Host name              : not found                               


Contents of the input file
--------------------------

**DIRAC                                                                                             
.WAVE F                                                                                             
**INTEGRALS                                                                                         
.NUCMOD                                                                                             
1                                                                                                   
**HAMILTONIAN                                                                                       
.ONESYS                                                                                             
**WAVE FUNCTIONS                                                                                    
.SCF                                                                                                
*SCF                                                                                                
.CLOSED                                                                                             
 2 0                                                                                                
*END OF                                                                                             


Contents of the molecule file
-----------------------------

INTGRL                                                                                              
Uranium atom                                                                                        
Dyall basis for n=2.                                                                                
c   1    3  X  Y  Z  0.10D-15  0.10D-15                                                             
      92.00   1                                                                                     
U       .000000000000000    .000000000000000     0.0000000000000       *                            
LARGE    2    1   10                                                                                
h   1    0    3                                                                                     
0.001                                                                                               
h   4    0    3                                                                                     
0.046                                                                                               
0.0805                                                                                              
0.140875                                                                                            
0.24653125                                                                                          
h   4    0    3                                                                                     
0.431429688                                                                                         
0.755001953                                                                                         
1.321253418                                                                                         
2.312193481                                                                                         
h   4    0    3                                                                                     
4.046338593                                                                                         
7.081092537                                                                                         
12.39191194                                                                                         
21.68584589                                                                                         
h   4    0    3                                                                                     
37.95023032                                                                                         
66.41290305                                                                                         
116.2225803                                                                                         
203.3895156                                                                                         
h   4    0    3                                                                                     
355.9316523                                                                                         
622.8803915                                                                                         
1090.040685                                                                                         
1907.571199                                                                                         
h   4    0    3                                                                                     
3338.249598                                                                                         
5841.936797                                                                                         
10223.38939                                                                                         
17890.93144                                                                                         
h   4    0    3                                                                                     
31309.13002                                                                                         
54790.97754                                                                                         
95884.21069                                                                                         
167797.3687                                                                                         
h   4    0    3                                                                                     
293645.3952                                                                                         
513879.4417                                                                                         
899289.0229                                                                                         
1573755.79                                                                                          
h   4    0    3                                                                                     
2754072.633                                                                                         
4819627.107                                                                                         
8434347.438                                                                                         
14760108.02                                                                                         
h   4    0    3                                                                                     
25830189.03                                                                                         
45202830.8                                                                                          
79104953.9                                                                                          
138433669.3                                                                                         
FINISH                                                                                              


    *************************************************************************
    ********************* DIRAC: No title specified !!! *********************
    *************************************************************************

 Jobs in this run:
   * Wave function


    **************************************************************************
    ************************** General DIRAC set-up **************************
    **************************************************************************

   CODATA Recommended Values of the Fundamental Physical Constants: 1998  
                Peter J. Mohr and Barry N. Taylor                         
   Journal of Physical and Chemical Reference Data, Vol. 28, No. 6, 1999  
 * The speed of light :        137.0359998
 * Running in four-component mode
 * Direct evaluation of the following two-electron integrals:
   - LL-integrals
   - SL-integrals
   - SS-integrals
   - GT-integrals
 * Spherical transformation embedded in MO-transformation
   for large components
 * Transformation to scalar RKB basis embedded in
   MO-transformation for small components
 * Thresholds for linear dependence:
   Large components:   1.00D-06
   Small components:   1.00D-08
 DFPCMO: IBEIG read in I2 format.
 * General print level   :   0


    *************************************************************************
    ****************** Output from HERMIT input processing ******************
    *************************************************************************

 Default print level:        1
 Nuclear model: Point charge.

 Two-electron integrals not calculated.


 Ordinary (field-free non-relativistic) Hamiltonian integrals not calculated.



    *************************************************************************
    ****************** Output from READIN input processing ******************
    *************************************************************************



  Title Cards
  -----------

  Uranium atom                                                            
  Dyall basis for n=2.                                                    

  *** WARNING from READIN ***

  Threshold for discarding integrals was    1.00D-16
  Threshold is reset to minimum value       1.00D-15


  Symmetry Operations
  -------------------

  Symmetry operations: 3



                          SYMGRP:Point group information
                          ------------------------------

Point group: D2h

   * The point group was generated by:

      Reflection in the yz-plane
      Reflection in the xz-plane
      Reflection in the xy-plane

   * Group multiplication table

        |  E   C2z  C2y  C2x   i   Oxy  Oxz  Oyz
   -----+----------------------------------------
     E  |  E   C2z  C2y  C2x   i   Oxy  Oxz  Oyz
    C2z | C2z   E   C2x  C2y  Oxy   i   Oyz  Oxz
    C2y | C2y  C2x   E   C2z  Oxz  Oyz   i   Oxy
    C2x | C2x  C2y  C2z   E   Oyz  Oxz  Oxy   i 
     i  |  i   Oxy  Oxz  Oyz   E   C2z  C2y  C2x
    Oxy | Oxy   i   Oyz  Oxz  C2z   E   C2x  C2y
    Oxz | Oxz  Oyz   i   Oxy  C2y  C2x   E   C2z
    Oyz | Oyz  Oxz  Oxy   i   C2x  C2y  C2z   E 

   * Character table

        |  E   C2z  C2y  C2x   i   Oxy  Oxz  Oyz
   -----+----------------------------------------
    Ag  |   1    1    1    1    1    1    1    1
    B3u |   1   -1   -1    1   -1    1    1   -1
    B2u |   1   -1    1   -1   -1    1   -1    1
    B1g |   1    1   -1   -1    1    1   -1   -1
    B1u |   1    1   -1   -1   -1   -1    1    1
    B2g |   1   -1    1   -1    1   -1    1   -1
    B3g |   1   -1   -1    1    1   -1   -1    1
    Au  |   1    1    1    1   -1   -1   -1   -1

   * Direct product table

        | Ag   B3u  B2u  B1g  B1u  B2g  B3g  Au 
   -----+----------------------------------------
    Ag  | Ag   B3u  B2u  B1g  B1u  B2g  B3g  Au 
    B3u | B3u  Ag   B1g  B2u  B2g  B1u  Au   B3g
    B2u | B2u  B1g  Ag   B3u  B3g  Au   B1u  B2g
    B1g | B1g  B2u  B3u  Ag   Au   B3g  B2g  B1u
    B1u | B1u  B2g  B3g  Au   Ag   B3u  B2u  B1g
    B2g | B2g  B1u  Au   B3g  B3u  Ag   B1g  B2u
    B3g | B3g  Au   B1u  B2g  B2u  B1g  Ag   B3u
    Au  | Au   B3g  B2g  B1u  B1g  B2u  B3u  Ag 


                            **************************
                            *** Output from DBLGRP ***
                            **************************

   * Two fermion irreps:  E1g  E1u
   * Real group. NZ = 1
   * Direct product decomposition:
          E1g x E1g : Ag  + B1g + B2g + B3g
          E1u x E1g : Au  + B1u + B2u + B3u
          E1u x E1u : Ag  + B1g + B2g + B3g


                                 Spinor structure
                                 ----------------


   * Fermion irrep no.: 1            * Fermion irrep no.: 2

      La  |  Ag (1)  B1g(2)  |                La  |  Au (1)  B1u(2)  |
      Sa  |  Au (1)  B1u(2)  |                Sa  |  Ag (1)  B1g(2)  |
      Lb  |  B2g(3)  B3g(4)  |                Lb  |  B2u(3)  B3u(4)  |
      Sb  |  B2u(3)  B3u(4)  |                Sb  |  B2g(3)  B3g(4)  |


                              Quaternion symmetries
                              ---------------------

    Rep  T(+)
    -----------------------------
    Ag   1
    B3u  k
    B2u  j
    B1g  i
    B1u  i
    B2g  j
    B3g  k
    Au   1

  QM-QM nuclear repulsion energy :      0.000000000000



  Atoms and basis sets
  --------------------

  Number of atom types:     1
  Total number of atoms:    1

  label    atoms   charge   prim    cont     basis   
  ----------------------------------------------------------------------
  U           1      92     121     121      L  - [1s40p|1s40p]                                                  
                            283     283      S  - [40s1p40d|40s1p40d]                                            
  ----------------------------------------------------------------------
                            121     121      L  - large components
                            283     283      S  - small components
  ----------------------------------------------------------------------
  total:      1      92     404     404

  Cartesian basis used.
  Threshold for integrals (to be written to file):  1.00D-15


  References for the basis sets
  -----------------------------

  Atom type   1
  Basis set typed explicitly in input file                                        


  Cartesian Coordinates
  ---------------------

  Total number of coordinates:  3


   1   U        x      0.0000000000
   2            y      0.0000000000
   3            z      0.0000000000



  Cartesian coordinates xyz format (angstrom)
  -------------------------------------------

    1

U      0.0000000000   0.0000000000   0.0000000000


  Symmetry Coordinates
  --------------------

  Number of coordinates in each symmetry:   0  1  1  0  1  0  0  0


  Symmetry 2

   1   U     x    1


  Symmetry 3

   2   U     y    2


  Symmetry 5

   3   U     z    3
  Nuclear repulsion energy :    0.000000000000


                                GETLAB: AO-labels
                                -----------------

   * Large components:    4
     1  L U   1 s        2  L U   1 px       3  L U   1 py       4  L U   1 pz  
   * Small components:   10
     5  S U   1 s        6  S U   1 px       7  S U   1 py       8  S U   1 pz       9  S U   1 dxx     10  S U   1 dxy 
    11  S U   1 dxz     12  S U   1 dyy     13  S U   1 dyz     14  S U   1 dzz 


                                GETLAB: SO-labels
                                -----------------

   * Large components:    4
     1  L Ag U  s        2  L B3uU  px       3  L B2uU  py       4  L B1uU  pz  
   * Small components:   10
     5  S Ag U  s        6  S Ag U  dxx      7  S Ag U  dyy      8  S Ag U  dzz      9  S B3uU  px      10  S B2uU  py  
    11  S B1gU  dxy     12  S B1uU  pz      13  S B2gU  dxz     14  S B3gU  dyz 


  Symmetry Orbitals
  -----------------

  Number of orbitals in each symmetry:          161    41    41    40    41    40    40     0
  Number of large orbitals in each symmetry:      1    40    40     0    40     0     0     0
  Number of small orbitals in each symmetry:    160     1     1    40     1    40    40     0

* Large component functions

  Symmetry  Ag ( 1)

        1 functions:    U  s   

  Symmetry  B3u( 2)

       40 functions:    U  px  

  Symmetry  B2u( 3)

       40 functions:    U  py  

  Symmetry  B1u( 5)

       40 functions:    U  pz  

* Small component functions

  Symmetry  Ag ( 1)

       40 functions:    U  s   
       40 functions:    U  dxx 
       40 functions:    U  dyy 
       40 functions:    U  dzz 

  Symmetry  B3u( 2)

        1 functions:    U  px  

  Symmetry  B2u( 3)

        1 functions:    U  py  

  Symmetry  B1g( 4)

       40 functions:    U  dxy 

  Symmetry  B1u( 5)

        1 functions:    U  pz  

  Symmetry  B2g( 6)

       40 functions:    U  dxz 

  Symmetry  B3g( 7)

       40 functions:    U  dyz 


   ***************************************************************************
   *************************** Hamiltonian defined ***************************
   ***************************************************************************

 * Print level:    0
 * Dirac-Coulomb Hamiltonian
   with the following modifications:
 * SS integrals neglected:
   Interatomic Coulombic SS-contributions modelled by
   classical repulsion of small component atomic charges
   using tabulated charges.
 * Default integral flags passed to all modules
   - LL-integrals:     1
   - LS-integrals:     1
   - SS-integrals:     0
   - GT-integrals:     0
 * Basis set:
   - uncontracted large component basis set
   - uncontracted small component basis set


 Information about the restricted kinetic balance scheme:
 * Default RKB projection:
   1: Pre-projection in scalar basis
   2: Removal of unphysical solutions (via diagonalization of free particle Hamiltonian)
   - Two-electron part ignored (one-electron system)


    **************************************************************************
    ************************** Wave function module **************************
    **************************************************************************

 Jobs in this run (in execution order):
 * Hartree-Fock calculation
===========================================================================
 SCFINP: Set-up for Hartree-Fock calculation:
===========================================================================
 * Number of fermion irreps: 2
 * Closed shell SCF calculation with    2 electrons in
       1 orbitals in Fermion irrep 1
       0 orbitals in Fermion irrep 2
 * Bare nucleus screening correction used for start guess
 - INFO: bare nucleus correction disabled becauseabs(molecular charge) .gt. 2
 * General print level   :   0
 ***** TRIAL FUNCTION *****
 * Trial vectors read from file DFCOEF
 ***** CONVERGENCE CRITERIA *****
 * Convergence on norm of error vector (gradient).
   Desired convergence:1.000D-07
   Allowed convergence:1.000D-06

 ***** CONVERGENCE CONTROL *****
 * Fock matrix constructed using differential density matrix
    with optimal parameter.
 * DIIS (in MO basis)
 * DIIS will be activated when convergence reaches : 1.00D+20
   - Maximum size of B-matrix:   10
 * Damping of Fock matrix when DIIS is not activated. 
   Weight of old matrix    : 0.250
 * Maximum number of SCF iterations  :   50
 * No quadratic convergent Hartree-Fock
 * Contributions from 2-electron integrals to Fock matrix:
   LL-integrals.
   SL-integrals from iteration    1
 ***** OUTPUT CONTROL *****
 * Only electron eigenvalues written out.


 ********************************************************************************
 *************************** Input consistency checks ***************************
 ********************************************************************************



    *************************************************************************
    ************************ End of input processing ************************
    *************************************************************************



                      Nuclear contribution to dipole moments
                      --------------------------------------

                     All components zero by symmetry


                       Generating Lowdin canonical matrix:
                       -----------------------------------

   L   Ag    * Deleted:          0(Proj:          0, Lindep:          0)
   S   B3u   * Deleted:          0(Proj:          0, Lindep:          0)
   S   B2u   * Deleted:          0(Proj:          0, Lindep:          0)
   S   B1u   * Deleted:          0(Proj:          0, Lindep:          0)
   L   B3u   * Deleted:          0(Proj:          0, Lindep:          0)
   L   B2u   * Deleted:          0(Proj:          0, Lindep:          0)
   L   B1u   * Deleted:          0(Proj:          0, Lindep:          0)
   S   Ag    * Deleted:         40(Proj:         40, Lindep:          0)
   S   B1g   * Deleted:          0(Proj:          0, Lindep:          0)
   S   B2g   * Deleted:          0(Proj:          0, Lindep:          0)
   S   B3g   * Deleted:          0(Proj:          0, Lindep:          0)


                                Output from MODHAM
                                ------------------

* Applied strict kinetic balance !


      **********************************************************************
      ************************* Orbital dimensions *************************
      **********************************************************************

                                   Irrep 1 Irrep 2   Sum
No. of electronic orbitals (NESH):     1     120     121
No. of positronic orbitals (NPSH):     1     120     121
Total no. of orbitals      (NORB):     2     240     242


     ***********************************************************************
     ************************* One-electron system *************************
     ***********************************************************************

* Total time for one-electron system: 0.00000000s


                                   Eigenvalues
                                   -----------


* Fermion symmetry E1g
  * Closed shell, f = 1.0000
      -4.641063779  ( 2)

* Fermion symmetry E1u
  * Virtual eigenvalues, f = 0.0000
   -1257.388090035  ( 2)      -1089.611415687  ( 4)       -539.090590121  ( 2)       -489.037081928  ( 4)       -295.256616062  ( 2)
    -274.407689267  ( 4)       -185.484042691  ( 2)       -174.944120129  ( 4)       -127.090454331  ( 2)       -121.056112491  ( 4)
     -92.429544550  ( 2)        -88.668370325  ( 4)        -70.176258225  ( 2)        -67.706904253  ( 4)        -54.902280335  ( 2)
     -53.296303673  ( 4)        -43.554352620  ( 2)        -42.584484682  ( 4)        -34.460279009  ( 2)        -33.836452200  ( 4)
     -27.093573522  ( 2)        -26.471320652  ( 4)        -22.096720379  ( 2)        -20.394527733  ( 4)        -19.395026425  ( 2)
     -15.484084869  ( 4)        -15.178170481  ( 2)        -12.252271074  ( 4)        -11.197413962  ( 2)        -11.009668868  ( 4)
     111.517539493  ( 2)        145.831186306  ( 4)        466.843787339  ( 2)        544.655370978  ( 4)       1201.036951934  ( 2)
    1354.362583593  ( 4)       2546.548490385  ( 2)       2826.742490607  ( 4)       4815.616968009  ( 2)       5300.879988891  ( 4)
    8398.476371786  ( 2)       9198.150531989  ( 4)      13759.252210768  ( 2)      15017.597107495  ( 4)      21456.803429175  ( 2)
   23353.715317620  ( 4)      32177.190543841  ( 2)      34945.616062680  ( 4)      46825.554474536  ( 2)      50750.765925663  ( 4)
   66555.963518357  ( 2)      72036.208179180  ( 4)      92991.387945549  ( 2)     100489.534150502  ( 4)     128112.176573715  ( 2)
  138357.568941402  ( 4)     174921.748073302  ( 2)     188628.563580006  ( 4)     236667.755661011  ( 2)     255266.078944648  ( 4)
  319152.275948071  ( 2)     343537.871454879  ( 4)     427140.242196577  ( 2)     460405.826539224  ( 4)     572817.897543657  ( 2)
  615198.020874844  ( 4)     761022.418298667  ( 2)     820118.488627698  ( 4)    1020900.442571823  ( 2)    1092214.741590997  ( 4)
 1347916.125956995  ( 2)    1452615.153154741  ( 4)    1824326.786919833  ( 2)    1937092.121657715  ( 4)    2393150.534423937  ( 2)
 2577761.227556373  ( 4)    3343721.651978973  ( 2)    3497004.002902378  ( 4)    4360507.532882690  ( 2)    4674358.149576687  ( 4)
* HOMO - LUMO gap:

    E(LUMO) : -1257.38809004 au (symmetry E1u)
  - E(HOMO) :    -4.64106378 au (symmetry E1g)
  ------------------------------------------
    gap     : -1252.74702626 au


* INFO: E(LUMO) - E(HOMO) small or negative.

 
     Date and time (Linux)  : Mon Jan 16 13:34:06 2012 
     Host name              : not found                               
>>>> Node 0, utime: 0, stime: 0, minflt: 4824, majflt: 0, nvcsw: 0, nivcsw: 11, maxrss: 17084
>>>> Total WALL time used in DIRAC: 0s
********** E N D   of   D I R A C  output  **********
*****************************************************

  
  Dynamical Memory Usage Summary
  
  Mean allocation size (Mb) :        98.40
  
  Largest                    5  allocations
  
      488.28 Mb at subroutine __allocator_track_if_MOD_allocator_registe for work array at main                        
        1.25 Mb at subroutine __allocator_track_if_MOD_allocator_registe for buf in butobs                             
        1.25 Mb at subroutine __allocator_track_if_MOD_allocator_registe for unnamed variable                          
        0.62 Mb at subroutine __allocator_track_if_MOD_allocator_registe for unnamed variable                          
        0.62 Mb at subroutine __allocator_track_if_MOD_allocator_registe for unnamed variable                          
  
  Peak memory usage    (Mb) :       490.00
       reached at subroutine : __allocator_track_if_MOD_allocator_registe
              for variable   : unnamed variable                          
  
 MEMGET high-water mark:     6.23 MB

*****************************************************
