DIRAC pam run in /home/ilias/qch_work/qch_software/dirac_git/working_trunk/test/open-shells
DIRAC serial starts by allocating 64000000 words (488 MB) of memory
DIRAC serial has no limitations in place for the amount of dynamically allocated memory
 
Note: maximum allocatable memory for serial run can be set by pam --aw
 
 ******************************************************************************
 *                                                                            *
 *                                O U T P U T                                 *
 *                                   from                                     *
 *                                                                            *
 *                   @@@@@    @@   @@@@@     @@@@     @@@@@                   *
 *                   @@  @@        @@  @@   @@  @@   @@                       *
 *                   @@  @@   @@   @@@@@    @@@@@@   @@                       *
 *                   @@  @@   @@   @@ @@    @@  @@   @@                       *
 *                   @@@@@    @@   @@  @@   @@  @@    @@@@@                   *
 *                                                                            *
 *                                                                            *
 %}ZS)S?$=$)]S?$%%>SS$%S$ZZ6cHHMHHHHHHHHMHHM&MHbHH6$L/:<S///</:|/:|:/::!:.::--:
 $?S$$%$$$$?%?$(SSS$SSSHMMMMMMMMMMMMMMMMMM6H&6S&SH&&k?6$r~::://///::::::.:::-::
 (%?)Z??$$$(S%$>$)S6HMMMMMMMMMMMMMMMMMMMMMMR6M]&&$6HR$&6(i::::::|i|:::::::-:-::
 $S?$$)$?$%?))?S/]#MMMMMMMMMMMMMMMMMMMMMMMMMMHM1HRH9R&$$$|):?:/://|:/::/:/.::.:
 SS$%%?$%((S)?Z[6MMMMMMMMMMMMMMMMMMMMMMMMMMMMMMMMM&HF$$&/)S?<~::!!:::::::/:-:|.
 SS%%%%S$%%%$$MMMMMMMMMMMMMMMMMMMMMMMMMMMMMMMMMMMHHHHHHM>?/S/:/:::`:/://:/::-::
 ?$SSSS?%SS$)MMMMMMMMMMMMMMMMMMMMMMMMMMMMMMMMMMMMMMMMMMM/4?:S:/:::/:::/:/:::.::
 S$(S?S$%(?$HMMMMMMMMMMMMMMMMM#&7RH99MMMMMMMMMMMMMMMMMMHHHd$/:::::/::::::-//.:.
 (?SS(%)S&HMMMMMMMMMMMMMMMMM#S|///???$9HHMMMMMMMMMDSZ&1S/?</>?~:///::|/!:/-:-:.
 $S?%?<H(MMMMMMMMMMMMMMMMR?`. :.:`::<>:``?/*?##*)$:/>       `((%://::/:::::/::/
 S$($$)HdMMMMMMMMMMMMMMMP: . `   `  `    `      `-            `Z<:>?::/:::::|:i
 c%%%&HMMMMMMMMMMMMMMMM6:                                      `$%)>%%</>!:::::
 S?%/MMMMMMMMMMMMMMMMMMH-                                        /ZSS>?:?~:;/::
 $SZ?MMMMMMMMMMMMMMMMMH?.                                        \"&((/?//?|:::
 $%$%&MMMMMMMMMMMMMMMMM:.                                          ?%/S:</::/::
 ($?}&HMMMMMMMMMMMMMMMM>:                                          $%%<?/i:|i::
 Z$($&MMMMMMMMMMMMMMMMHk(:.  . -                                   .S/\?\?/!:/:
 (??$<HMMMMMMMMMMMMMMMFk|:   -.-.                                  :%/%/(:/:ii|
 SZ(S?]MMMMMMMMMMMMMMHS?:- -  ::.:                                  |/S:</::?||
 $%)$$(MMMMMMMMMMMMMMR):`:. :.:::`,,/bcokb/_                       :S?%?|~:/:/:
 %$$%$)[[?$?MMMMMMMMMM: :.:-.::::$7?<&7&MMMMMMM#/           _ .. ..:</?:(:/::::
 $$$?Z?HHH~|/MMMMMMMMM/`.-.:.:/:%%%%?dHMMMMMMMMMMH?,-   .,bMMMM6//./i~/~:<:::/:
 $($S$M//::S?ZHMMMMMH/:.`:::.:/%S/&MMHMMMMMMMMRM&><   ,HMMMMMMMF  :::?:///:|:::
 )[$S$S($|_i:#>::*H&?/::.::/:\"://:?>>`:&HMHSMMMM$:`-   MMHMMMMHHT .)i/?////::/
 $$[$$>$}:dHH&$$--?S::-:.:::--/-:``./::>%Zi?)&/?`:.`   `H?$T*\" `  /%?>%:)://ii|
 $&=&/ZS}$RF<:?/-.|%r/:::/:/:`.-.-..|::S//!`\"``          >??:    `SS<S:)!/////|
 Z&]>b[Z(Z?&%:::../S$$:>:::i`.`. `-.`  `                         ,>%%%:>/>/!|:/
 $$&/F&1$c$?>:>?/,>?$$ZS/::/:-: ...                              |S?S)S?<~:::::
 &$&$&$k&>>|?<:<?((/$[/?)i~/:/. - -                              S?:%%%?/:::/::
 =[/Z[[Fp[MMH$>?Z&S$$$/$S///||..-           -.-                  /((S$:%<:///:/
 $&>1MHHMMMM6M9MMMM$Z$}$S%/:::.`.            .:/,,,dcb>/:.       ((SSSS%:)!//i|
 MMMMMMMMMMMR&&RRRHR&&($(?:|i::-             .:%&S&$[&H&``     ../>%;/?>??:<::>
 MMMMMMMMMMMMS/}S$&&H&[$SS//:::.:.   . . .v</Jq1&&D]&M&<,      :/::/?%%)S>?://:
 MMMMMMMMMMMM?}$/$$kMM&&$(%/?//:..`.  .|//1d/`://?*/*/\"` `     .:/(SS$%(S%)):%
 MMMMMMMMMMMM(}$$>&&MMHR#$S%%:?::.:|-.`:;&&b/D/$p=qpv//b/~`   :/~~%%??$=$)Z$S+;
 MMMMMMMMMMMM[|S$$Z1]MMMMD[$?$:>)/::: :/?:``???bD&{b<<-`     .,:/)|SS(}Z/$$?/<S
 MMMMMMMMMMMM||$)&7k&MMMMH9]$$??Z%|!/:i::`  `` .             SS?SS?Z/]1$/&$c/$S
 MMMMMMMMMMMM| -?>[&]HMMMMMMMH1[/7SS(?:/..-` ::/Sc,/_,     _<$?SS%$S/&c&&$&>//<
 MMMMMMMMMMMMR  `$&&&HMM9MMMMMMM&&c$%%:/:/:.:.:/\?\?/\    _MMHk/7S/]dq&1S<&&></
 MMMMMMMMMMMMM?  :&96MHMMMMMMMMMMMHHk[S%(<<:// `         ,MMMMMMM&/Z6H]DkH]1$&&
 MMMMMMMMMMMMMD    99H9HMMMMMMMMMMMMMMMb&%$<:i.:....    .MMMMMMMMM6HHHRH&H&H1SF
 MMMMMMMMMMMMMM|   `?HMMMMMMMMMMMMMMMMMMMHk6k&>$&Z$/?_.bHMMMMMMMMMMM&6HRM9H6]Zk
 MMMMMMMMMMMMMMM/    `TMMMMMMMMMMMMMMMMMMMMMMMMMMMMMMMMMMMMMMMMMMMMMMHMH6RH&R6&
 MMMMMMMMMMMMMMMM    -|?HMMMMMMMMMMMMMMMMMMMMMMMMMMMMMMMMMMMMMMMMMMMMMFHH6HMD&&
 MMMMMMMMMMMMMMMMk  ..:~?9MMMMMMMMMMMMM#`:MMMMMMMMMMMMMMMMMMMMMMMMMMMMM9MHkR6&F
 MMMMMMMMMMMMMMMMM/  .-!:%$ZHMMMMMMMMMR` dMMMMMMMMMMMMMMMMMMMMMMMMMMMMM9MRMHH9&
 MMMMMMMMMMMMMMMMMML,:.-|::/?&&MMMMMM` .MMMMMMMMMMMMMMMMMMMMMMMMMMMMMMMMHRMH&&6
 MMMMMMMMMMMMMMMMMMMc%>/:::i<:SMMMMMMHdMMMMMMMMMMMMMMMMMMMMMMMMMMMMMMMMHHM&969k
 MMMMMMMMMMMMMMMMMMMMSS/$$/(|HMMMMMMMMMMMMMMMMMMMMMMMMMMMMMMMMMMMMMMMMMMMHH&HH&
 MMMMMMMMMMMMMMMMMMMM6S/?/MMMMMMMMMMMMMMMMMMMMMMMMMMMMMMMMMMMMMMMMMMMMMR96H1DR1
 MMMMMMMMMMMMMMMMMMMMM&$MHMMMMMMMMMMMMMMMMMMMMMMMMMMMMMMMMMMMMMMMMMMMMMHMH691&&
 MMMMMMMMMMMMMMMMMMMMMMMMMMMMMMMMMMMMMMMMMMMMMMMMMMMMMMMMMMMMMMMMMMMMMMMMH&R&9Z
 MMMMMMMMMMMMMMMMMMMMMMMMMRHMMMMMMMMMMMMMMMMMMMMMMMMMMMMMMMMMMMMMMMMMMMMH&96][6
 MMMMMMMMMMMMMMMMMMMMMMMMp?:MMMMMMMMMMMMMMMMMMMMMMMMMMMMMMMMMMMMMMMMMMM96HH1][F
 MMMMMMMMMMMMMMMMMMMMMMMM> -HMMMMMMMMMMMMMMMMMMMMMMMMMMMMMMMMMMMMMMMMMMMH&1k&$&
 ******************************************************************************
 *                                                                            *
 *         =========================================================          *
 *                     Program for Atomic and Molecular                       *
 *          Direct Iterative Relativistic All-electron Calculations           *
 *         =========================================================          *
 *                                                                            *
 *                                                                            *
 *    Written by:                                                             *
 *                                                                            *
 *    Radovan Bast             Universite P. Sabatier, Toulouse  France       *
 *    Hans Joergen Aa. Jensen  University of Southern Denmark    Denmark      *
 *    Trond Saue               Universite P. Sabatier, Toulouse  France       *
 *    Lucas Visscher           VU University Amsterdam           Netherlands  *
 *                                                                            *
 *    with contributions from:                                                *
 *                                                                            *
 *    Vebjoern Bakken          University of Oslo                Norway       *
 *    Kenneth G. Dyall         Schrodinger, Inc., Portland       USA          *
 *    Sebastien Dubillard      University of Strasbourg          France       *
 *    Ulf Ekstroem             University of Oslo                Norway       *
 *    Ephraim Eliav            University of Tel Aviv            Israel       *
 *    Thomas Enevoldsen        University of Southern Denmark    Denmark      *
 *    Timo Fleig               Universite P. Sabatier, Toulouse  France       *
 *    Olav Fossgaard           University of Tromsoe             Norway       *
 *    Andre S. P. Gomes        CNRS/Universite Lille 1           France       *
 *    Trygve Helgaker          University of Oslo                Norway       *
 *    Jon K. Laerdahl          University of Oslo                Norway       *
 *    Johan Henriksson         Linkoeping University             Sweden       *
 *    Miroslav Ilias           Matej Bel University              Slovakia     *
 *    Christoph R. Jacob       Karlsruhe Institute of Technology Germany      *
 *    Stefan Knecht            University of Southern Denmark    Denmark      *
 *    Christoffer V. Larsen    University of Southern Denmark    Denmark      *
 *    Huliyar S. Nataraj       BME/Budapest Univ. Tech. & Econ.  Hungary      *
 *    Patrick Norman           Linkoeping University             Sweden       *
 *    Gosia Olejniczak         University of Warsaw              Poland       *
 *    Jeppe Olsen              Aarhus University                 Denmark      *
 *    Jesper K. Pedersen       University of Southern Denmark    Denmark      *
 *    Markus Pernpointner      University of Heidelberg          Germany      *
 *    Kenneth Ruud             University of Tromsoe             Norway       *
 *    Pawel Salek              Stockholm Inst. of Technology     Sweden       *
 *    Bernd Schimmelpfennig    Forschungszentrum Karlsruhe       Germany      *
 *    Jetze Sikkema            VU University Amsterdam           Netherlands  *
 *    Andreas J. Thorvaldsen   University of Tromsoe             Norway       *
 *    Joern Thyssen            University of Southern Denmark    Denmark      *
 *    Joost van Stralen        VU University Amsterdam           Netherlands  *
 *    Sebastien Villaume       Linkoeping University             Sweden       *
 *    Olivier Visser           University of Groningen           Netherlands  *
 *    Toke Winther             University of Southern Denmark    Denmark      *
 *    Shigeyoshi Yamamoto      Chukyo University                 Japan        *
 *                                                                            *
 *    For the complete list of contributors to the DIRAC code see our         *
 *    website http://dirac.chem.vu.nl                                         *
 *                                                                            *
 *    This is an experimental code. The authors accept no responsibility      *
 *    for the performance of the code or for the correctness of the results.  *
 *                                                                            *
 *    The code (in whole or part) is not to be reproduced for further         *
 *    distribution without the written permission of the authors or           *
 *    their representatives.                                                  *
 *                                                                            *
 *    If results obtained with this code are published, an                    *
 *    appropriate citation would be:                                          *
 *                                                                            *
 *    DIRAC, a relativistic ab initio electronic structure program,           *
 *    Release DIRAC11 (2011),                                                 *
 *    written by R. Bast, H. J. Aa. Jensen, T. Saue, and L. Visscher,         *
 *    with contributions from V. Bakken, K. G. Dyall, S. Dubillard,           *
 *    U. Ekstroem, E. Eliav, T. Enevoldsen, T. Fleig, O. Fossgaard,           *
 *    A. S. P. Gomes, T. Helgaker, J. K. Laerdahl, J. Henriksson,             *
 *    M. Ilias, Ch. R. Jacob, S. Knecht, C. V. Larsen, H. S. Nataraj,         *
 *    P. Norman, G. Olejniczak, J. Olsen, J. K. Pedersen, M. Pernpointner,    *
 *    K. Ruud, P. Salek, B. Schimmelpfennig, J. Sikkema, A. J. Thorvaldsen,   *
 *    J. Thyssen, J. van Stralen, S. Villaume, O. Visser, T. Winther,         *
 *    and S. Yamamoto (see http://dirac.chem.vu.nl).                          *
 *                                                                            *
 ******************************************************************************


Binary information
------------------

 Who compiled             | ilias@miro
 System                   | Linux-2.6.30-1-amd64
 Processor                | x86_64
 64-bit integers          | ON
 MPI                      | OFF
 Fortran compiler         | /usr/bin/gfortran
 Fortran compiler version | GNU Fortran (Debian 4.6.2-12) 4.6.2
 Fortran flags            | -g -fcray-pointer -fbacktrace -DVAR_GFORTRAN -DVAR
                          | _MFDS -fno-range-check -fdefault-integer-8 -O0
 C compiler               | /usr/bin/gcc
 C compiler version       | gcc (Debian 4.6.2-12) 4.6.2
 C flags                  | -g -O0
 Static linking           | OFF
 Last Git revision        | 3b2b524
 Configuration time       | 2012-03-06 10:43:54.825298


Execution time and host
-----------------------

 
     Date and time (Linux)  : Tue Mar  6 13:34:41 2012
     Host name              : not found                               


Contents of the input file
--------------------------

INTGRL                                                                                              
 B atom                                                                                             
 smallest basis set                                                                                 
C   1                                                                                               
        5.    1                                                                                     
B      .0000000000        0.0000000000        0.0000000000                                          
LARGE BASIS STO-2G                                                                                  
FINISH                                                                                              
                                                                                                    


Contents of the molecule file
-----------------------------

**DIRAC                                                                                             
.TITLE                                                                                              
 B atom                                                                                             
.WAVE F                                                                                             
.ANALYZE                                                                                            
**INTEGRALS                                                                                         
.PRINT                                                                                              
1                                                                                                   
*READIN                                                                                             
.UNCONTRACTED                                                                                       
**HAMILTONIAN                                                                                       
.X2C                                                                                                
.PRINT                                                                                              
1                                                                                                   
**WAVE FUNCTIONS                                                                                    
.SCF                                                                                                
*SCF                                                                                                
.CLOSED SHELL                                                                                       
4 0                                                                                                 
.OPEN S                                                                                             
1                                                                                                   
1/0,2                                                                                               
.MJSELECTION                                                                                        
2                                                                                                   
2 0                                                                                                 
0 1                                                                                                 
.EVCCNV                                                                                             
1.0D-9  1.0D-7                                                                                      
.PRINT                                                                                              
0                                                                                                   
**ANALYZE                                                                                           
.MULPOP                                                                                             
*MULPOP                                                                                             
# 2 fermion symmetries                                                                              
.VECPOP                                                                                             
 all                                                                                                
 all                                                                                                
.PRINT                                                                                              
0                                                                                                   
*END OF                                                                                             

  --- SEVERE ERROR, PROGRAM WILL BE ABORTED ---                       

 Date and time (Linux) : Tue Mar  6 13:34:41 2012
 no Dirac input found

 Traceback from this point (jobinp_+0x56): 6 frames.

  5   function name:                     jobinp_+0x56
  4   function name:                   paminp_+0x11d2
  3   function name:                     dirctl_+0x4e
  2   function name:                     dirac_+0x2d3
  1   function name:   Unknown
  0   function name:                        main+0x34


 ====  below this line is the stderr stream  ====
  --- SEVERE ERROR, PROGRAM WILL BE ABORTED ---                       
 no Dirac input found

Program received signal 11 (SIGSEGV): Segmentation fault.

Backtrace for this error:
  + /lib/x86_64-linux-gnu/libc.so.6(+0x324f0) [0x7fd1185944f0]
  + function crash_ (0x4C6AAD)
    at line 345 of file gpc.c
  + function quit_ (0x4DCA21)
    at line 323 of file gptrygve.F
  + function jobinp_ (0x114E863)
    at line 695 of file dirrdn.F
  + function paminp_ (0x115168D)
    at line 143 of file dirrdn.F
  + function dirctl_ (0x4E2BFC)
    at line 78 of file dirac.F
  + function dirac_ (0x4E609E)
    at line 25 of file dirac.F
  + function dirprg (0x4C6316)
    at line 159 of file main.F90
  + /lib/x86_64-linux-gnu/libc.so.6(__libc_start_main+0xfd) [0x7fd118580ead]
